<?xml version="1.0" encoding="ISO-8859-1" ?>
<link_info>
   <banner>TMS320C2000 Linker PC v18.12.2.LTS</banner>
   <copyright>Copyright (c) 1996-2018 Texas Instruments Incorporated</copyright>
   <link_time>0x5d9621a4</link_time>
   <link_errors>0x0</link_errors>
   <output_file>OS2.out</output_file>
   <entry_point>
      <name>_BSP_RAM_StartHere</name>
      <address>0x304ed9</address>
   </entry_point>
   <input_file_list>
      <input_file id="fl-2">
         <path>.\APP\</path>
         <kind>object</kind>
         <file>app.obj</file>
         <name>app.obj</name>
      </input_file>
      <input_file id="fl-3">
         <path>.\APP\</path>
         <kind>object</kind>
         <file>md5.obj</file>
         <name>md5.obj</name>
      </input_file>
      <input_file id="fl-4">
         <path>.\APP\</path>
         <kind>object</kind>
         <file>prng.obj</file>
         <name>prng.obj</name>
      </input_file>
      <input_file id="fl-5">
         <path>.\BSP\CCS\</path>
         <kind>object</kind>
         <file>bsp_start.obj</file>
         <name>bsp_start.obj</name>
      </input_file>
      <input_file id="fl-6">
         <path>.\BSP\OS\uCOS-II\</path>
         <kind>object</kind>
         <file>bsp_os.obj</file>
         <name>bsp_os.obj</name>
      </input_file>
      <input_file id="fl-7">
         <path>.\BSP\</path>
         <kind>object</kind>
         <file>bsp.obj</file>
         <name>bsp.obj</name>
      </input_file>
      <input_file id="fl-8">
         <path>.\BSP\</path>
         <kind>object</kind>
         <file>bsp_int.obj</file>
         <name>bsp_int.obj</name>
      </input_file>
      <input_file id="fl-9">
         <path>.\BSP\</path>
         <kind>object</kind>
         <file>bsp_led.obj</file>
         <name>bsp_led.obj</name>
      </input_file>
      <input_file id="fl-a">
         <path>.\BSP\</path>
         <kind>object</kind>
         <file>cpu_bsp.obj</file>
         <name>cpu_bsp.obj</name>
      </input_file>
      <input_file id="fl-b">
         <path>.\uC-CPU\C28x\CCS\</path>
         <kind>object</kind>
         <file>cpu_a.obj</file>
         <name>cpu_a.obj</name>
      </input_file>
      <input_file id="fl-c">
         <path>.\uC-CPU\C28x\CCS\</path>
         <kind>object</kind>
         <file>cpu_c.obj</file>
         <name>cpu_c.obj</name>
      </input_file>
      <input_file id="fl-d">
         <path>.\uC-CPU\</path>
         <kind>object</kind>
         <file>cpu_core.obj</file>
         <name>cpu_core.obj</name>
      </input_file>
      <input_file id="fl-e">
         <path>.\uC-LIB\</path>
         <kind>object</kind>
         <file>lib_ascii.obj</file>
         <name>lib_ascii.obj</name>
      </input_file>
      <input_file id="fl-f">
         <path>.\uC-LIB\</path>
         <kind>object</kind>
         <file>lib_math.obj</file>
         <name>lib_math.obj</name>
      </input_file>
      <input_file id="fl-10">
         <path>.\uC-LIB\</path>
         <kind>object</kind>
         <file>lib_mem.obj</file>
         <name>lib_mem.obj</name>
      </input_file>
      <input_file id="fl-11">
         <path>.\uC-LIB\</path>
         <kind>object</kind>
         <file>lib_str.obj</file>
         <name>lib_str.obj</name>
      </input_file>
      <input_file id="fl-12">
         <path>.\uCOS-II\Ports\C28x\Generic\CCS\</path>
         <kind>object</kind>
         <file>os_cpu_a.obj</file>
         <name>os_cpu_a.obj</name>
      </input_file>
      <input_file id="fl-13">
         <path>.\uCOS-II\Ports\C28x\Generic\CCS\</path>
         <kind>object</kind>
         <file>os_cpu_c.obj</file>
         <name>os_cpu_c.obj</name>
      </input_file>
      <input_file id="fl-14">
         <path>.\uCOS-II\Ports\C28x\Generic\CCS\</path>
         <kind>object</kind>
         <file>os_cpu_i.obj</file>
         <name>os_cpu_i.obj</name>
      </input_file>
      <input_file id="fl-15">
         <path>.\uCOS-II\Ports\C28x\Generic\CCS\</path>
         <kind>object</kind>
         <file>os_dbg.obj</file>
         <name>os_dbg.obj</name>
      </input_file>
      <input_file id="fl-16">
         <path>.\uCOS-II\Source\</path>
         <kind>object</kind>
         <file>os_core.obj</file>
         <name>os_core.obj</name>
      </input_file>
      <input_file id="fl-17">
         <path>.\uCOS-II\Source\</path>
         <kind>object</kind>
         <file>os_flag.obj</file>
         <name>os_flag.obj</name>
      </input_file>
      <input_file id="fl-18">
         <path>.\uCOS-II\Source\</path>
         <kind>object</kind>
         <file>os_mbox.obj</file>
         <name>os_mbox.obj</name>
      </input_file>
      <input_file id="fl-19">
         <path>.\uCOS-II\Source\</path>
         <kind>object</kind>
         <file>os_mem.obj</file>
         <name>os_mem.obj</name>
      </input_file>
      <input_file id="fl-1a">
         <path>.\uCOS-II\Source\</path>
         <kind>object</kind>
         <file>os_mutex.obj</file>
         <name>os_mutex.obj</name>
      </input_file>
      <input_file id="fl-1b">
         <path>.\uCOS-II\Source\</path>
         <kind>object</kind>
         <file>os_q.obj</file>
         <name>os_q.obj</name>
      </input_file>
      <input_file id="fl-1c">
         <path>.\uCOS-II\Source\</path>
         <kind>object</kind>
         <file>os_sem.obj</file>
         <name>os_sem.obj</name>
      </input_file>
      <input_file id="fl-1d">
         <path>.\uCOS-II\Source\</path>
         <kind>object</kind>
         <file>os_task.obj</file>
         <name>os_task.obj</name>
      </input_file>
      <input_file id="fl-1e">
         <path>.\uCOS-II\Source\</path>
         <kind>object</kind>
         <file>os_time.obj</file>
         <name>os_time.obj</name>
      </input_file>
      <input_file id="fl-1f">
         <path>.\uCOS-II\Source\</path>
         <kind>object</kind>
         <file>os_tmr.obj</file>
         <name>os_tmr.obj</name>
      </input_file>
      <input_file id="fl-23">
         <kind>object</kind>
         <file>&lt;internal&gt;</file>
         <name>&lt;internal&gt;</name>
      </input_file>
      <input_file id="fl-2f">
         <path>C:\ti\ccs910\ccs\tools\compiler\ti-cgt-c2000_18.12.2.LTS\lib\</path>
         <kind>archive</kind>
         <file>rts2800_fpu32.lib</file>
         <name>printf.c.obj</name>
      </input_file>
      <input_file id="fl-30">
         <path>C:\ti\ccs910\ccs\tools\compiler\ti-cgt-c2000_18.12.2.LTS\lib\</path>
         <kind>archive</kind>
         <file>rts2800_fpu32.lib</file>
         <name>_printfi.c.obj</name>
      </input_file>
      <input_file id="fl-31">
         <path>C:\ti\ccs910\ccs\tools\compiler\ti-cgt-c2000_18.12.2.LTS\lib\</path>
         <kind>archive</kind>
         <file>rts2800_fpu32.lib</file>
         <name>fputc.c.obj</name>
      </input_file>
      <input_file id="fl-32">
         <path>C:\ti\ccs910\ccs\tools\compiler\ti-cgt-c2000_18.12.2.LTS\lib\</path>
         <kind>archive</kind>
         <file>rts2800_fpu32.lib</file>
         <name>fputs.c.obj</name>
      </input_file>
      <input_file id="fl-33">
         <path>C:\ti\ccs910\ccs\tools\compiler\ti-cgt-c2000_18.12.2.LTS\lib\</path>
         <kind>archive</kind>
         <file>rts2800_fpu32.lib</file>
         <name>_io_perm.c.obj</name>
      </input_file>
      <input_file id="fl-34">
         <path>C:\ti\ccs910\ccs\tools\compiler\ti-cgt-c2000_18.12.2.LTS\lib\</path>
         <kind>archive</kind>
         <file>rts2800_fpu32.lib</file>
         <name>setvbuf.c.obj</name>
      </input_file>
      <input_file id="fl-35">
         <path>C:\ti\ccs910\ccs\tools\compiler\ti-cgt-c2000_18.12.2.LTS\lib\</path>
         <kind>archive</kind>
         <file>rts2800_fpu32.lib</file>
         <name>e_logf.c.obj</name>
      </input_file>
      <input_file id="fl-36">
         <path>C:\ti\ccs910\ccs\tools\compiler\ti-cgt-c2000_18.12.2.LTS\lib\</path>
         <kind>archive</kind>
         <file>rts2800_fpu32.lib</file>
         <name>e_sqrtf.c.obj</name>
      </input_file>
      <input_file id="fl-37">
         <path>C:\ti\ccs910\ccs\tools\compiler\ti-cgt-c2000_18.12.2.LTS\lib\</path>
         <kind>archive</kind>
         <file>rts2800_fpu32.lib</file>
         <name>wcslen.c.obj</name>
      </input_file>
      <input_file id="fl-38">
         <path>C:\ti\ccs910\ccs\tools\compiler\ti-cgt-c2000_18.12.2.LTS\lib\</path>
         <kind>archive</kind>
         <file>rts2800_fpu32.lib</file>
         <name>boot28.asm.obj</name>
      </input_file>
      <input_file id="fl-39">
         <path>C:\ti\ccs910\ccs\tools\compiler\ti-cgt-c2000_18.12.2.LTS\lib\</path>
         <kind>archive</kind>
         <file>rts2800_fpu32.lib</file>
         <name>fd_cmp28.asm.obj</name>
      </input_file>
      <input_file id="fl-3a">
         <path>C:\ti\ccs910\ccs\tools\compiler\ti-cgt-c2000_18.12.2.LTS\lib\</path>
         <kind>archive</kind>
         <file>rts2800_fpu32.lib</file>
         <name>fd_mpy28.asm.obj</name>
      </input_file>
      <input_file id="fl-3b">
         <path>C:\ti\ccs910\ccs\tools\compiler\ti-cgt-c2000_18.12.2.LTS\lib\</path>
         <kind>archive</kind>
         <file>rts2800_fpu32.lib</file>
         <name>fd_neg28.asm.obj</name>
      </input_file>
      <input_file id="fl-3c">
         <path>C:\ti\ccs910\ccs\tools\compiler\ti-cgt-c2000_18.12.2.LTS\lib\</path>
         <kind>archive</kind>
         <file>rts2800_fpu32.lib</file>
         <name>fd_sub28.asm.obj</name>
      </input_file>
      <input_file id="fl-3d">
         <path>C:\ti\ccs910\ccs\tools\compiler\ti-cgt-c2000_18.12.2.LTS\lib\</path>
         <kind>archive</kind>
         <file>rts2800_fpu32.lib</file>
         <name>fd_toi28.asm.obj</name>
      </input_file>
      <input_file id="fl-3e">
         <path>C:\ti\ccs910\ccs\tools\compiler\ti-cgt-c2000_18.12.2.LTS\lib\</path>
         <kind>archive</kind>
         <file>rts2800_fpu32.lib</file>
         <name>fd_tol28.asm.obj</name>
      </input_file>
      <input_file id="fl-3f">
         <path>C:\ti\ccs910\ccs\tools\compiler\ti-cgt-c2000_18.12.2.LTS\lib\</path>
         <kind>archive</kind>
         <file>rts2800_fpu32.lib</file>
         <name>fs_div28.asm.obj</name>
      </input_file>
      <input_file id="fl-40">
         <path>C:\ti\ccs910\ccs\tools\compiler\ti-cgt-c2000_18.12.2.LTS\lib\</path>
         <kind>archive</kind>
         <file>rts2800_fpu32.lib</file>
         <name>ll_aox28.asm.obj</name>
      </input_file>
      <input_file id="fl-41">
         <path>C:\ti\ccs910\ccs\tools\compiler\ti-cgt-c2000_18.12.2.LTS\lib\</path>
         <kind>archive</kind>
         <file>rts2800_fpu32.lib</file>
         <name>ll_cmp28.asm.obj</name>
      </input_file>
      <input_file id="fl-42">
         <path>C:\ti\ccs910\ccs\tools\compiler\ti-cgt-c2000_18.12.2.LTS\lib\</path>
         <kind>archive</kind>
         <file>rts2800_fpu32.lib</file>
         <name>ll_div28.asm.obj</name>
      </input_file>
      <input_file id="fl-43">
         <path>C:\ti\ccs910\ccs\tools\compiler\ti-cgt-c2000_18.12.2.LTS\lib\</path>
         <kind>archive</kind>
         <file>rts2800_fpu32.lib</file>
         <name>i_tofd28.asm.obj</name>
      </input_file>
      <input_file id="fl-44">
         <path>C:\ti\ccs910\ccs\tools\compiler\ti-cgt-c2000_18.12.2.LTS\lib\</path>
         <kind>archive</kind>
         <file>rts2800_fpu32.lib</file>
         <name>l_tofd28.asm.obj</name>
      </input_file>
      <input_file id="fl-45">
         <path>C:\ti\ccs910\ccs\tools\compiler\ti-cgt-c2000_18.12.2.LTS\lib\</path>
         <kind>archive</kind>
         <file>rts2800_fpu32.lib</file>
         <name>fs_tofdfpu32.asm.obj</name>
      </input_file>
      <input_file id="fl-46">
         <path>C:\ti\ccs910\ccs\tools\compiler\ti-cgt-c2000_18.12.2.LTS\lib\</path>
         <kind>archive</kind>
         <file>rts2800_fpu32.lib</file>
         <name>fd_div28.asm.obj</name>
      </input_file>
      <input_file id="fl-47">
         <path>C:\ti\ccs910\ccs\tools\compiler\ti-cgt-c2000_18.12.2.LTS\lib\</path>
         <kind>archive</kind>
         <file>rts2800_fpu32.lib</file>
         <name>cpy_tbl.c.obj</name>
      </input_file>
      <input_file id="fl-48">
         <path>C:\ti\ccs910\ccs\tools\compiler\ti-cgt-c2000_18.12.2.LTS\lib\</path>
         <kind>archive</kind>
         <file>rts2800_fpu32.lib</file>
         <name>memcpy.c.obj</name>
      </input_file>
      <input_file id="fl-49">
         <path>C:\ti\ccs910\ccs\tools\compiler\ti-cgt-c2000_18.12.2.LTS\lib\</path>
         <kind>archive</kind>
         <file>rts2800_fpu32.lib</file>
         <name>pre_init.c.obj</name>
      </input_file>
      <input_file id="fl-4a">
         <path>C:\ti\ccs910\ccs\tools\compiler\ti-cgt-c2000_18.12.2.LTS\lib\</path>
         <kind>archive</kind>
         <file>rts2800_fpu32.lib</file>
         <name>startup.c.obj</name>
      </input_file>
      <input_file id="fl-4b">
         <path>C:\ti\ccs910\ccs\tools\compiler\ti-cgt-c2000_18.12.2.LTS\lib\</path>
         <kind>archive</kind>
         <file>rts2800_fpu32.lib</file>
         <name>exit.c.obj</name>
      </input_file>
      <input_file id="fl-4c">
         <path>C:\ti\ccs910\ccs\tools\compiler\ti-cgt-c2000_18.12.2.LTS\lib\</path>
         <kind>archive</kind>
         <file>rts2800_fpu32.lib</file>
         <name>_lock.c.obj</name>
      </input_file>
      <input_file id="fl-4d">
         <path>C:\ti\ccs910\ccs\tools\compiler\ti-cgt-c2000_18.12.2.LTS\lib\</path>
         <kind>archive</kind>
         <file>rts2800_fpu32.lib</file>
         <name>args_main.c.obj</name>
      </input_file>
      <input_file id="fl-4e">
         <path>C:\ti\ccs910\ccs\tools\compiler\ti-cgt-c2000_18.12.2.LTS\lib\</path>
         <kind>archive</kind>
         <file>rts2800_fpu32.lib</file>
         <name>assert.c.obj</name>
      </input_file>
      <input_file id="fl-4f">
         <path>C:\ti\ccs910\ccs\tools\compiler\ti-cgt-c2000_18.12.2.LTS\lib\</path>
         <kind>archive</kind>
         <file>rts2800_fpu32.lib</file>
         <name>atoi.c.obj</name>
      </input_file>
      <input_file id="fl-50">
         <path>C:\ti\ccs910\ccs\tools\compiler\ti-cgt-c2000_18.12.2.LTS\lib\</path>
         <kind>archive</kind>
         <file>rts2800_fpu32.lib</file>
         <name>ctype.c.obj</name>
      </input_file>
      <input_file id="fl-51">
         <path>C:\ti\ccs910\ccs\tools\compiler\ti-cgt-c2000_18.12.2.LTS\lib\</path>
         <kind>archive</kind>
         <file>rts2800_fpu32.lib</file>
         <name>defs.c.obj</name>
      </input_file>
      <input_file id="fl-52">
         <path>C:\ti\ccs910\ccs\tools\compiler\ti-cgt-c2000_18.12.2.LTS\lib\</path>
         <kind>archive</kind>
         <file>rts2800_fpu32.lib</file>
         <name>ltoa.c.obj</name>
      </input_file>
      <input_file id="fl-53">
         <path>C:\ti\ccs910\ccs\tools\compiler\ti-cgt-c2000_18.12.2.LTS\lib\</path>
         <kind>archive</kind>
         <file>rts2800_fpu32.lib</file>
         <name>memccpy.c.obj</name>
      </input_file>
      <input_file id="fl-54">
         <path>C:\ti\ccs910\ccs\tools\compiler\ti-cgt-c2000_18.12.2.LTS\lib\</path>
         <kind>archive</kind>
         <file>rts2800_fpu32.lib</file>
         <name>memchr.c.obj</name>
      </input_file>
      <input_file id="fl-55">
         <path>C:\ti\ccs910\ccs\tools\compiler\ti-cgt-c2000_18.12.2.LTS\lib\</path>
         <kind>archive</kind>
         <file>rts2800_fpu32.lib</file>
         <name>memory.c.obj</name>
      </input_file>
      <input_file id="fl-56">
         <path>C:\ti\ccs910\ccs\tools\compiler\ti-cgt-c2000_18.12.2.LTS\lib\</path>
         <kind>archive</kind>
         <file>rts2800_fpu32.lib</file>
         <name>memset.c.obj</name>
      </input_file>
      <input_file id="fl-57">
         <path>C:\ti\ccs910\ccs\tools\compiler\ti-cgt-c2000_18.12.2.LTS\lib\</path>
         <kind>archive</kind>
         <file>rts2800_fpu32.lib</file>
         <name>strchr.c.obj</name>
      </input_file>
      <input_file id="fl-58">
         <path>C:\ti\ccs910\ccs\tools\compiler\ti-cgt-c2000_18.12.2.LTS\lib\</path>
         <kind>archive</kind>
         <file>rts2800_fpu32.lib</file>
         <name>strcpy.c.obj</name>
      </input_file>
      <input_file id="fl-59">
         <path>C:\ti\ccs910\ccs\tools\compiler\ti-cgt-c2000_18.12.2.LTS\lib\</path>
         <kind>archive</kind>
         <file>rts2800_fpu32.lib</file>
         <name>strlen.c.obj</name>
      </input_file>
      <input_file id="fl-5a">
         <path>C:\ti\ccs910\ccs\tools\compiler\ti-cgt-c2000_18.12.2.LTS\lib\</path>
         <kind>archive</kind>
         <file>rts2800_fpu32.lib</file>
         <name>errno.c.obj</name>
      </input_file>
      <input_file id="fl-5b">
         <path>C:\ti\ccs910\ccs\tools\compiler\ti-cgt-c2000_18.12.2.LTS\lib\</path>
         <kind>archive</kind>
         <file>rts2800_fpu32.lib</file>
         <name>write.c.obj</name>
      </input_file>
      <input_file id="fl-5c">
         <path>C:\ti\ccs910\ccs\tools\compiler\ti-cgt-c2000_18.12.2.LTS\lib\</path>
         <kind>archive</kind>
         <file>rts2800_fpu32.lib</file>
         <name>host_device.c.obj</name>
      </input_file>
      <input_file id="fl-5d">
         <path>C:\ti\ccs910\ccs\tools\compiler\ti-cgt-c2000_18.12.2.LTS\lib\</path>
         <kind>archive</kind>
         <file>rts2800_fpu32.lib</file>
         <name>time.c.obj</name>
      </input_file>
      <input_file id="fl-5e">
         <path>C:\ti\ccs910\ccs\tools\compiler\ti-cgt-c2000_18.12.2.LTS\lib\</path>
         <kind>archive</kind>
         <file>rts2800_fpu32.lib</file>
         <name>s_frexp.c.obj</name>
      </input_file>
      <input_file id="fl-5f">
         <path>C:\ti\ccs910\ccs\tools\compiler\ti-cgt-c2000_18.12.2.LTS\lib\</path>
         <kind>archive</kind>
         <file>rts2800_fpu32.lib</file>
         <name>s_scalbn.c.obj</name>
      </input_file>
      <input_file id="fl-60">
         <path>C:\ti\ccs910\ccs\tools\compiler\ti-cgt-c2000_18.12.2.LTS\lib\</path>
         <kind>archive</kind>
         <file>rts2800_fpu32.lib</file>
         <name>fflush.c.obj</name>
      </input_file>
      <input_file id="fl-61">
         <path>C:\ti\ccs910\ccs\tools\compiler\ti-cgt-c2000_18.12.2.LTS\lib\</path>
         <kind>archive</kind>
         <file>rts2800_fpu32.lib</file>
         <name>fopen.c.obj</name>
      </input_file>
      <input_file id="fl-62">
         <path>C:\ti\ccs910\ccs\tools\compiler\ti-cgt-c2000_18.12.2.LTS\lib\</path>
         <kind>archive</kind>
         <file>rts2800_fpu32.lib</file>
         <name>fseek.c.obj</name>
      </input_file>
      <input_file id="fl-63">
         <path>C:\ti\ccs910\ccs\tools\compiler\ti-cgt-c2000_18.12.2.LTS\lib\</path>
         <kind>archive</kind>
         <file>rts2800_fpu32.lib</file>
         <name>fd_add28.asm.obj</name>
      </input_file>
      <input_file id="fl-64">
         <path>C:\ti\ccs910\ccs\tools\compiler\ti-cgt-c2000_18.12.2.LTS\lib\</path>
         <kind>archive</kind>
         <file>rts2800_fpu32.lib</file>
         <name>l_div28.asm.obj</name>
      </input_file>
      <input_file id="fl-65">
         <path>C:\ti\ccs910\ccs\tools\compiler\ti-cgt-c2000_18.12.2.LTS\lib\</path>
         <kind>archive</kind>
         <file>rts2800_fpu32.lib</file>
         <name>hostclose.c.obj</name>
      </input_file>
      <input_file id="fl-66">
         <path>C:\ti\ccs910\ccs\tools\compiler\ti-cgt-c2000_18.12.2.LTS\lib\</path>
         <kind>archive</kind>
         <file>rts2800_fpu32.lib</file>
         <name>hostlseek.c.obj</name>
      </input_file>
      <input_file id="fl-67">
         <path>C:\ti\ccs910\ccs\tools\compiler\ti-cgt-c2000_18.12.2.LTS\lib\</path>
         <kind>archive</kind>
         <file>rts2800_fpu32.lib</file>
         <name>hostopen.c.obj</name>
      </input_file>
      <input_file id="fl-68">
         <path>C:\ti\ccs910\ccs\tools\compiler\ti-cgt-c2000_18.12.2.LTS\lib\</path>
         <kind>archive</kind>
         <file>rts2800_fpu32.lib</file>
         <name>hostread.c.obj</name>
      </input_file>
      <input_file id="fl-69">
         <path>C:\ti\ccs910\ccs\tools\compiler\ti-cgt-c2000_18.12.2.LTS\lib\</path>
         <kind>archive</kind>
         <file>rts2800_fpu32.lib</file>
         <name>hostrename.c.obj</name>
      </input_file>
      <input_file id="fl-6a">
         <path>C:\ti\ccs910\ccs\tools\compiler\ti-cgt-c2000_18.12.2.LTS\lib\</path>
         <kind>archive</kind>
         <file>rts2800_fpu32.lib</file>
         <name>hosttime.c.obj</name>
      </input_file>
      <input_file id="fl-6b">
         <path>C:\ti\ccs910\ccs\tools\compiler\ti-cgt-c2000_18.12.2.LTS\lib\</path>
         <kind>archive</kind>
         <file>rts2800_fpu32.lib</file>
         <name>hostunlink.c.obj</name>
      </input_file>
      <input_file id="fl-6c">
         <path>C:\ti\ccs910\ccs\tools\compiler\ti-cgt-c2000_18.12.2.LTS\lib\</path>
         <kind>archive</kind>
         <file>rts2800_fpu32.lib</file>
         <name>hostwrite.c.obj</name>
      </input_file>
      <input_file id="fl-6d">
         <path>C:\ti\ccs910\ccs\tools\compiler\ti-cgt-c2000_18.12.2.LTS\lib\</path>
         <kind>archive</kind>
         <file>rts2800_fpu32.lib</file>
         <name>trgmsg.c.obj</name>
      </input_file>
      <input_file id="fl-6e">
         <path>C:\ti\ccs910\ccs\tools\compiler\ti-cgt-c2000_18.12.2.LTS\lib\</path>
         <kind>archive</kind>
         <file>rts2800_fpu32.lib</file>
         <name>open.c.obj</name>
      </input_file>
      <input_file id="fl-6f">
         <path>C:\ti\ccs910\ccs\tools\compiler\ti-cgt-c2000_18.12.2.LTS\lib\</path>
         <kind>archive</kind>
         <file>rts2800_fpu32.lib</file>
         <name>lseek.c.obj</name>
      </input_file>
      <input_file id="fl-70">
         <path>C:\ti\ccs910\ccs\tools\compiler\ti-cgt-c2000_18.12.2.LTS\lib\</path>
         <kind>archive</kind>
         <file>rts2800_fpu32.lib</file>
         <name>s_copysign.c.obj</name>
      </input_file>
      <input_file id="fl-71">
         <path>C:\ti\ccs910\ccs\tools\compiler\ti-cgt-c2000_18.12.2.LTS\lib\</path>
         <kind>archive</kind>
         <file>rts2800_fpu32.lib</file>
         <name>fclose.c.obj</name>
      </input_file>
      <input_file id="fl-72">
         <path>C:\ti\ccs910\ccs\tools\compiler\ti-cgt-c2000_18.12.2.LTS\lib\</path>
         <kind>archive</kind>
         <file>rts2800_fpu32.lib</file>
         <name>getdevice.c.obj</name>
      </input_file>
      <input_file id="fl-73">
         <path>C:\ti\ccs910\ccs\tools\compiler\ti-cgt-c2000_18.12.2.LTS\lib\</path>
         <kind>archive</kind>
         <file>rts2800_fpu32.lib</file>
         <name>strcmp.c.obj</name>
      </input_file>
      <input_file id="fl-74">
         <path>C:\ti\ccs910\ccs\tools\compiler\ti-cgt-c2000_18.12.2.LTS\lib\</path>
         <kind>archive</kind>
         <file>rts2800_fpu32.lib</file>
         <name>strncpy.c.obj</name>
      </input_file>
      <input_file id="fl-75">
         <path>C:\ti\ccs910\ccs\tools\compiler\ti-cgt-c2000_18.12.2.LTS\lib\</path>
         <kind>archive</kind>
         <file>rts2800_fpu32.lib</file>
         <name>remove.c.obj</name>
      </input_file>
      <input_file id="fl-76">
         <path>C:\ti\ccs910\ccs\tools\compiler\ti-cgt-c2000_18.12.2.LTS\lib\</path>
         <kind>archive</kind>
         <file>rts2800_fpu32.lib</file>
         <name>close.c.obj</name>
      </input_file>
      <input_file id="fl-77">
         <path>C:\ti\ccs910\ccs\tools\compiler\ti-cgt-c2000_18.12.2.LTS\lib\</path>
         <kind>archive</kind>
         <file>rts2800_fpu32.lib</file>
         <name>unlink.c.obj</name>
      </input_file>
   </input_file_list>
   <object_component_list>
      <object_component id="oc-29">
         <name>ram_start</name>
         <load_address>0x33fff6</load_address>
         <run_address>0x33fff6</run_address>
         <size>0x2</size>
         <input_file_ref idref="fl-5"/>
      </object_component>
      <object_component id="oc-1f4">
         <name>.cio</name>
         <uninitialized>true</uninitialized>
         <run_address>0x8000</run_address>
         <size>0x120</size>
         <input_file_ref idref="fl-6d"/>
      </object_component>
      <object_component id="oc-264">
         <name>.text</name>
         <load_address>0x300000</load_address>
         <run_address>0x300000</run_address>
         <size>0xce3</size>
         <input_file_ref idref="fl-30"/>
      </object_component>
      <object_component id="oc-255">
         <name>.text</name>
         <load_address>0x300ce3</load_address>
         <run_address>0x300ce3</run_address>
         <size>0x9c4</size>
         <input_file_ref idref="fl-3"/>
      </object_component>
      <object_component id="oc-22d">
         <name>.text</name>
         <load_address>0x3016a7</load_address>
         <run_address>0x3016a7</run_address>
         <size>0x7a8</size>
         <input_file_ref idref="fl-16"/>
      </object_component>
      <object_component id="oc-241">
         <name>.text</name>
         <load_address>0x301e4f</load_address>
         <run_address>0x301e4f</run_address>
         <size>0x5cc</size>
         <input_file_ref idref="fl-1d"/>
      </object_component>
      <object_component id="oc-237">
         <name>.text</name>
         <load_address>0x30241b</load_address>
         <run_address>0x30241b</run_address>
         <size>0x4f3</size>
         <input_file_ref idref="fl-17"/>
      </object_component>
      <object_component id="oc-239">
         <name>.text</name>
         <load_address>0x30290e</load_address>
         <run_address>0x30290e</run_address>
         <size>0x3fc</size>
         <input_file_ref idref="fl-1b"/>
      </object_component>
      <object_component id="oc-282">
         <name>.text</name>
         <load_address>0x302d0a</load_address>
         <run_address>0x302d0a</run_address>
         <size>0x266</size>
         <input_file_ref idref="fl-55"/>
      </object_component>
      <object_component id="oc-251">
         <name>.text</name>
         <load_address>0x302f70</load_address>
         <run_address>0x302f70</run_address>
         <size>0x21f</size>
         <input_file_ref idref="fl-1c"/>
      </object_component>
      <object_component id="oc-257">
         <name>.text</name>
         <load_address>0x30318f</load_address>
         <run_address>0x30318f</run_address>
         <size>0x1dd</size>
         <input_file_ref idref="fl-4"/>
      </object_component>
      <object_component id="oc-246">
         <name>.text</name>
         <load_address>0x30336c</load_address>
         <run_address>0x30336c</run_address>
         <size>0x197</size>
         <input_file_ref idref="fl-2"/>
      </object_component>
      <object_component id="oc-238">
         <name>.text</name>
         <load_address>0x303503</load_address>
         <run_address>0x303503</run_address>
         <size>0x194</size>
         <input_file_ref idref="fl-19"/>
      </object_component>
      <object_component id="oc-231">
         <name>.text</name>
         <load_address>0x303697</load_address>
         <run_address>0x303697</run_address>
         <size>0x13f</size>
         <input_file_ref idref="fl-13"/>
      </object_component>
      <object_component id="oc-268">
         <name>.text</name>
         <load_address>0x3037d6</load_address>
         <run_address>0x3037d6</run_address>
         <size>0x12b</size>
         <input_file_ref idref="fl-35"/>
      </object_component>
      <object_component id="oc-283">
         <name>.text</name>
         <load_address>0x303901</load_address>
         <run_address>0x303901</run_address>
         <size>0x121</size>
         <input_file_ref idref="fl-61"/>
      </object_component>
      <object_component id="oc-23c">
         <name>.text</name>
         <load_address>0x303a22</load_address>
         <run_address>0x303a22</run_address>
         <size>0x10e</size>
         <input_file_ref idref="fl-1e"/>
      </object_component>
      <object_component id="oc-11b">
         <name>.text</name>
         <load_address>0x303b30</load_address>
         <run_address>0x303b30</run_address>
         <size>0x107</size>
         <input_file_ref idref="fl-42"/>
      </object_component>
      <object_component id="oc-24e">
         <name>.text</name>
         <load_address>0x303c37</load_address>
         <run_address>0x303c37</run_address>
         <size>0xfa</size>
         <input_file_ref idref="fl-7"/>
      </object_component>
      <object_component id="oc-24d">
         <name>.text</name>
         <load_address>0x303d31</load_address>
         <run_address>0x303d31</run_address>
         <size>0xcb</size>
         <input_file_ref idref="fl-d"/>
      </object_component>
      <object_component id="oc-22e">
         <name>.text</name>
         <load_address>0x303dfc</load_address>
         <run_address>0x303dfc</run_address>
         <size>0xb1</size>
         <input_file_ref idref="fl-8"/>
      </object_component>
      <object_component id="oc-272">
         <name>.text</name>
         <load_address>0x303ead</load_address>
         <run_address>0x303ead</run_address>
         <size>0xae</size>
         <input_file_ref idref="fl-5f"/>
      </object_component>
      <object_component id="oc-260">
         <name>.text</name>
         <load_address>0x303f5b</load_address>
         <run_address>0x303f5b</run_address>
         <size>0xa8</size>
         <input_file_ref idref="fl-32"/>
      </object_component>
      <object_component id="oc-6e">
         <name>.text</name>
         <load_address>0x304003</load_address>
         <run_address>0x304003</run_address>
         <size>0xa4</size>
         <input_file_ref idref="fl-12"/>
      </object_component>
      <object_component id="oc-1c1">
         <name>.text</name>
         <load_address>0x3040a7</load_address>
         <run_address>0x3040a7</run_address>
         <size>0x9c</size>
         <input_file_ref idref="fl-63"/>
      </object_component>
      <object_component id="oc-2f">
         <name>.text:retain</name>
         <load_address>0x304143</load_address>
         <run_address>0x304143</run_address>
         <size>0x9b</size>
         <input_file_ref idref="fl-6"/>
      </object_component>
      <object_component id="oc-280">
         <name>.text</name>
         <load_address>0x3041de</load_address>
         <run_address>0x3041de</run_address>
         <size>0x95</size>
         <input_file_ref idref="fl-6d"/>
      </object_component>
      <object_component id="oc-23a">
         <name>.text</name>
         <load_address>0x304273</load_address>
         <run_address>0x304273</run_address>
         <size>0x8d</size>
         <input_file_ref idref="fl-15"/>
      </object_component>
      <object_component id="oc-12f">
         <name>.text</name>
         <load_address>0x304300</load_address>
         <run_address>0x304300</run_address>
         <size>0x8b</size>
         <input_file_ref idref="fl-46"/>
      </object_component>
      <object_component id="oc-10c">
         <name>.text</name>
         <load_address>0x30438b</load_address>
         <run_address>0x30438b</run_address>
         <size>0x88</size>
         <input_file_ref idref="fl-3f"/>
      </object_component>
      <object_component id="oc-f3">
         <name>.text</name>
         <load_address>0x304413</load_address>
         <run_address>0x304413</run_address>
         <size>0x83</size>
         <input_file_ref idref="fl-3a"/>
      </object_component>
      <object_component id="oc-27a">
         <name>.text</name>
         <load_address>0x304496</load_address>
         <run_address>0x304496</run_address>
         <size>0x7d</size>
         <input_file_ref idref="fl-34"/>
      </object_component>
      <object_component id="oc-278">
         <name>.text</name>
         <load_address>0x304513</load_address>
         <run_address>0x304513</run_address>
         <size>0x7b</size>
         <input_file_ref idref="fl-6a"/>
      </object_component>
      <object_component id="oc-244">
         <name>.text</name>
         <load_address>0x30458e</load_address>
         <run_address>0x30458e</run_address>
         <size>0x73</size>
         <input_file_ref idref="fl-c"/>
      </object_component>
      <object_component id="oc-26b">
         <name>.text</name>
         <load_address>0x304601</load_address>
         <run_address>0x304601</run_address>
         <size>0x73</size>
         <input_file_ref idref="fl-60"/>
      </object_component>
      <object_component id="oc-286">
         <name>.text</name>
         <load_address>0x304674</load_address>
         <run_address>0x304674</run_address>
         <size>0x71</size>
         <input_file_ref idref="fl-6e"/>
      </object_component>
      <object_component id="oc-26a">
         <name>.text</name>
         <load_address>0x3046e5</load_address>
         <run_address>0x3046e5</run_address>
         <size>0x67</size>
         <input_file_ref idref="fl-33"/>
      </object_component>
      <object_component id="oc-250">
         <name>.text</name>
         <load_address>0x30474c</load_address>
         <run_address>0x30474c</run_address>
         <size>0x5d</size>
         <input_file_ref idref="fl-9"/>
      </object_component>
      <object_component id="oc-287">
         <name>.text</name>
         <load_address>0x3047a9</load_address>
         <run_address>0x3047a9</run_address>
         <size>0x5d</size>
         <input_file_ref idref="fl-71"/>
      </object_component>
      <object_component id="oc-28c">
         <name>.text</name>
         <load_address>0x304806</load_address>
         <run_address>0x304806</run_address>
         <size>0x5b</size>
         <input_file_ref idref="fl-66"/>
      </object_component>
      <object_component id="oc-271">
         <name>.text</name>
         <load_address>0x304861</load_address>
         <run_address>0x304861</run_address>
         <size>0x5a</size>
         <input_file_ref idref="fl-5e"/>
      </object_component>
      <object_component id="oc-e7">
         <name>.text</name>
         <load_address>0x3048bb</load_address>
         <run_address>0x3048bb</run_address>
         <size>0x56</size>
         <input_file_ref idref="fl-38"/>
      </object_component>
      <object_component id="oc-25f">
         <name>.text</name>
         <load_address>0x304911</load_address>
         <run_address>0x304911</run_address>
         <size>0x53</size>
         <input_file_ref idref="fl-31"/>
      </object_component>
      <object_component id="oc-28f">
         <name>.text</name>
         <load_address>0x304964</load_address>
         <run_address>0x304964</run_address>
         <size>0x51</size>
         <input_file_ref idref="fl-72"/>
      </object_component>
      <object_component id="oc-3b">
         <name>.text:retain</name>
         <load_address>0x3049b5</load_address>
         <run_address>0x3049b5</run_address>
         <size>0x4a</size>
         <input_file_ref idref="fl-8"/>
      </object_component>
      <object_component id="oc-28e">
         <name>.text</name>
         <load_address>0x3049ff</load_address>
         <run_address>0x3049ff</run_address>
         <size>0x3e</size>
         <input_file_ref idref="fl-69"/>
      </object_component>
      <object_component id="oc-279">
         <name>.text</name>
         <load_address>0x304a3d</load_address>
         <run_address>0x304a3d</run_address>
         <size>0x3d</size>
         <input_file_ref idref="fl-62"/>
      </object_component>
      <object_component id="oc-288">
         <name>.text</name>
         <load_address>0x304a7a</load_address>
         <run_address>0x304a7a</run_address>
         <size>0x3c</size>
         <input_file_ref idref="fl-67"/>
      </object_component>
      <object_component id="oc-28b">
         <name>.text</name>
         <load_address>0x304ab6</load_address>
         <run_address>0x304ab6</run_address>
         <size>0x39</size>
         <input_file_ref idref="fl-6c"/>
      </object_component>
      <object_component id="oc-28a">
         <name>.text</name>
         <load_address>0x304aef</load_address>
         <run_address>0x304aef</run_address>
         <size>0x38</size>
         <input_file_ref idref="fl-68"/>
      </object_component>
      <object_component id="oc-256">
         <name>.text</name>
         <load_address>0x304b27</load_address>
         <run_address>0x304b27</run_address>
         <size>0x34</size>
         <input_file_ref idref="fl-2f"/>
      </object_component>
      <object_component id="oc-290">
         <name>.text</name>
         <load_address>0x304b5b</load_address>
         <run_address>0x304b5b</run_address>
         <size>0x33</size>
         <input_file_ref idref="fl-76"/>
      </object_component>
      <object_component id="oc-25c">
         <name>.text</name>
         <load_address>0x304b8e</load_address>
         <run_address>0x304b8e</run_address>
         <size>0x31</size>
         <input_file_ref idref="fl-6"/>
      </object_component>
      <object_component id="oc-26f">
         <name>.text</name>
         <load_address>0x304bbf</load_address>
         <run_address>0x304bbf</run_address>
         <size>0x31</size>
         <input_file_ref idref="fl-4f"/>
      </object_component>
      <object_component id="oc-270">
         <name>.text</name>
         <load_address>0x304bf0</load_address>
         <run_address>0x304bf0</run_address>
         <size>0x30</size>
         <input_file_ref idref="fl-52"/>
      </object_component>
      <object_component id="oc-ee">
         <name>.text</name>
         <load_address>0x304c20</load_address>
         <run_address>0x304c20</run_address>
         <size>0x2a</size>
         <input_file_ref idref="fl-39"/>
      </object_component>
      <object_component id="oc-1c6">
         <name>.text</name>
         <load_address>0x304c4a</load_address>
         <run_address>0x304c4a</run_address>
         <size>0x2a</size>
         <input_file_ref idref="fl-64"/>
      </object_component>
      <object_component id="oc-236">
         <name>.text</name>
         <load_address>0x304c74</load_address>
         <run_address>0x304c74</run_address>
         <size>0x29</size>
         <input_file_ref idref="fl-4b"/>
      </object_component>
      <object_component id="oc-289">
         <name>.text</name>
         <load_address>0x304c9d</load_address>
         <run_address>0x304c9d</run_address>
         <size>0x29</size>
         <input_file_ref idref="fl-65"/>
      </object_component>
      <object_component id="oc-269">
         <name>.text</name>
         <load_address>0x304cc6</load_address>
         <run_address>0x304cc6</run_address>
         <size>0x27</size>
         <input_file_ref idref="fl-36"/>
      </object_component>
      <object_component id="oc-27e">
         <name>.text</name>
         <load_address>0x304ced</load_address>
         <run_address>0x304ced</run_address>
         <size>0x25</size>
         <input_file_ref idref="fl-70"/>
      </object_component>
      <object_component id="oc-233">
         <name>.text</name>
         <load_address>0x304d12</load_address>
         <run_address>0x304d12</run_address>
         <size>0x24</size>
         <input_file_ref idref="fl-47"/>
      </object_component>
      <object_component id="oc-28d">
         <name>.text</name>
         <load_address>0x304d36</load_address>
         <run_address>0x304d36</run_address>
         <size>0x24</size>
         <input_file_ref idref="fl-6b"/>
      </object_component>
      <object_component id="oc-102">
         <name>.text</name>
         <load_address>0x304d5a</load_address>
         <run_address>0x304d5a</run_address>
         <size>0x21</size>
         <input_file_ref idref="fl-3d"/>
      </object_component>
      <object_component id="oc-47">
         <name>.text</name>
         <load_address>0x304d7b</load_address>
         <run_address>0x304d7b</run_address>
         <size>0x1f</size>
         <input_file_ref idref="fl-b"/>
      </object_component>
      <object_component id="oc-107">
         <name>.text</name>
         <load_address>0x304d9a</load_address>
         <run_address>0x304d9a</run_address>
         <size>0x1f</size>
         <input_file_ref idref="fl-3e"/>
      </object_component>
      <object_component id="oc-116">
         <name>.text</name>
         <load_address>0x304db9</load_address>
         <run_address>0x304db9</run_address>
         <size>0x1e</size>
         <input_file_ref idref="fl-41"/>
      </object_component>
      <object_component id="oc-120">
         <name>.text</name>
         <load_address>0x304dd7</load_address>
         <run_address>0x304dd7</run_address>
         <size>0x1d</size>
         <input_file_ref idref="fl-43"/>
      </object_component>
      <object_component id="oc-245">
         <name>.text</name>
         <load_address>0x304df4</load_address>
         <run_address>0x304df4</run_address>
         <size>0x1d</size>
         <input_file_ref idref="fl-48"/>
      </object_component>
      <object_component id="oc-12a">
         <name>.text</name>
         <load_address>0x304e11</load_address>
         <run_address>0x304e11</run_address>
         <size>0x1c</size>
         <input_file_ref idref="fl-45"/>
      </object_component>
      <object_component id="oc-125">
         <name>.text</name>
         <load_address>0x304e2d</load_address>
         <run_address>0x304e2d</run_address>
         <size>0x1c</size>
         <input_file_ref idref="fl-44"/>
      </object_component>
      <object_component id="oc-235">
         <name>.text</name>
         <load_address>0x304e49</load_address>
         <run_address>0x304e49</run_address>
         <size>0x19</size>
         <input_file_ref idref="fl-4d"/>
      </object_component>
      <object_component id="oc-295">
         <name>.text</name>
         <load_address>0x304e62</load_address>
         <run_address>0x304e62</run_address>
         <size>0x19</size>
         <input_file_ref idref="fl-77"/>
      </object_component>
      <object_component id="oc-26c">
         <name>.text</name>
         <load_address>0x304e7b</load_address>
         <run_address>0x304e7b</run_address>
         <size>0x19</size>
         <input_file_ref idref="fl-5b"/>
      </object_component>
      <object_component id="oc-111">
         <name>.text</name>
         <load_address>0x304e94</load_address>
         <run_address>0x304e94</run_address>
         <size>0x18</size>
         <input_file_ref idref="fl-40"/>
      </object_component>
      <object_component id="oc-281">
         <name>.text</name>
         <load_address>0x304eac</load_address>
         <run_address>0x304eac</run_address>
         <size>0x18</size>
         <input_file_ref idref="fl-6f"/>
      </object_component>
      <object_component id="oc-294">
         <name>.text</name>
         <load_address>0x304ec4</load_address>
         <run_address>0x304ec4</run_address>
         <size>0x15</size>
         <input_file_ref idref="fl-74"/>
      </object_component>
      <object_component id="oc-13">
         <name>.text</name>
         <load_address>0x304ed9</load_address>
         <run_address>0x304ed9</run_address>
         <size>0xf</size>
         <input_file_ref idref="fl-5"/>
      </object_component>
      <object_component id="oc-fd">
         <name>.text</name>
         <load_address>0x304ee8</load_address>
         <run_address>0x304ee8</run_address>
         <size>0xe</size>
         <input_file_ref idref="fl-3c"/>
      </object_component>
      <object_component id="oc-266">
         <name>.text</name>
         <load_address>0x304ef6</load_address>
         <run_address>0x304ef6</run_address>
         <size>0xd</size>
         <input_file_ref idref="fl-4e"/>
      </object_component>
      <object_component id="oc-276">
         <name>.text</name>
         <load_address>0x304f03</load_address>
         <run_address>0x304f03</run_address>
         <size>0xd</size>
         <input_file_ref idref="fl-53"/>
      </object_component>
      <object_component id="oc-26e">
         <name>.text</name>
         <load_address>0x304f10</load_address>
         <run_address>0x304f10</run_address>
         <size>0xd</size>
         <input_file_ref idref="fl-54"/>
      </object_component>
      <object_component id="oc-273">
         <name>.text</name>
         <load_address>0x304f1d</load_address>
         <run_address>0x304f1d</run_address>
         <size>0xc</size>
         <input_file_ref idref="fl-57"/>
      </object_component>
      <object_component id="oc-265">
         <name>.text</name>
         <load_address>0x304f29</load_address>
         <run_address>0x304f29</run_address>
         <size>0xb</size>
         <input_file_ref idref="fl-5d"/>
      </object_component>
      <object_component id="oc-293">
         <name>.text</name>
         <load_address>0x304f34</load_address>
         <run_address>0x304f34</run_address>
         <size>0xa</size>
         <input_file_ref idref="fl-73"/>
      </object_component>
      <object_component id="oc-259">
         <name>.text</name>
         <load_address>0x304f3e</load_address>
         <run_address>0x304f3e</run_address>
         <size>0x9</size>
         <input_file_ref idref="fl-4c"/>
      </object_component>
      <object_component id="oc-f8">
         <name>.text</name>
         <load_address>0x304f47</load_address>
         <run_address>0x304f47</run_address>
         <size>0x9</size>
         <input_file_ref idref="fl-3b"/>
      </object_component>
      <object_component id="oc-277">
         <name>.text</name>
         <load_address>0x304f50</load_address>
         <run_address>0x304f50</run_address>
         <size>0x9</size>
         <input_file_ref idref="fl-37"/>
      </object_component>
      <object_component id="oc-26d">
         <name>.text</name>
         <load_address>0x304f59</load_address>
         <run_address>0x304f59</run_address>
         <size>0x8</size>
         <input_file_ref idref="fl-59"/>
      </object_component>
      <object_component id="oc-274">
         <name>.text</name>
         <load_address>0x304f61</load_address>
         <run_address>0x304f61</run_address>
         <size>0x7</size>
         <input_file_ref idref="fl-56"/>
      </object_component>
      <object_component id="oc-275">
         <name>.text</name>
         <load_address>0x304f68</load_address>
         <run_address>0x304f68</run_address>
         <size>0x5</size>
         <input_file_ref idref="fl-58"/>
      </object_component>
      <object_component id="oc-292">
         <name>.text</name>
         <load_address>0x304f6d</load_address>
         <run_address>0x304f6d</run_address>
         <size>0x3</size>
         <input_file_ref idref="fl-75"/>
      </object_component>
      <object_component id="oc-232">
         <name>.text</name>
         <load_address>0x304f70</load_address>
         <run_address>0x304f70</run_address>
         <size>0x2</size>
         <input_file_ref idref="fl-49"/>
      </object_component>
      <object_component id="oc-234">
         <name>.text</name>
         <load_address>0x304f72</load_address>
         <run_address>0x304f72</run_address>
         <size>0x1</size>
         <input_file_ref idref="fl-4a"/>
      </object_component>
      <object_component id="oc-25e">
         <name>.cinit:_PADDING</name>
         <load_address>0x305434</load_address>
         <run_address>0x305434</run_address>
         <size>0x43</size>
         <input_file_ref idref="fl-3"/>
      </object_component>
      <object_component id="oc-262">
         <name>.cinit:__ftable</name>
         <load_address>0x305477</load_address>
         <run_address>0x305477</run_address>
         <size>0x26</size>
         <input_file_ref idref="fl-51"/>
      </object_component>
      <object_component id="oc-285">
         <name>.cinit:__device</name>
         <load_address>0x30549d</load_address>
         <run_address>0x30549d</run_address>
         <size>0x1b</size>
         <input_file_ref idref="fl-5c"/>
      </object_component>
      <object_component id="oc-27c">
         <name>.cinit:__stream</name>
         <load_address>0x3054b8</load_address>
         <run_address>0x3054b8</run_address>
         <size>0xe</size>
         <input_file_ref idref="fl-5c"/>
      </object_component>
      <object_component id="oc-149">
         <name>.cinit</name>
         <load_address>0x3054c6</load_address>
         <run_address>0x3054c6</run_address>
         <size>0xe</size>
         <input_file_ref idref="fl-4b"/>
      </object_component>
      <object_component id="oc-248">
         <name>.cinit:__lock</name>
         <load_address>0x3054d4</load_address>
         <run_address>0x3054d4</run_address>
         <size>0x5</size>
         <input_file_ref idref="fl-4c"/>
      </object_component>
      <object_component id="oc-25a">
         <name>.cinit:__unlock</name>
         <load_address>0x3054d9</load_address>
         <run_address>0x3054d9</run_address>
         <size>0x5</size>
         <input_file_ref idref="fl-4c"/>
      </object_component>
      <object_component id="oc-230">
         <name>.cinit:_DEVICE_OUT</name>
         <load_address>0x3054de</load_address>
         <run_address>0x3054de</run_address>
         <size>0x4</size>
         <input_file_ref idref="fl-2"/>
      </object_component>
      <object_component id="oc-22">
         <name>.cinit</name>
         <load_address>0x3054e2</load_address>
         <run_address>0x3054e2</run_address>
         <size>0x4</size>
         <input_file_ref idref="fl-4"/>
      </object_component>
      <object_component id="oc-166">
         <name>.cinit</name>
         <load_address>0x3054e6</load_address>
         <run_address>0x3054e6</run_address>
         <size>0x4</size>
         <input_file_ref idref="fl-51"/>
      </object_component>
      <object_component id="oc-195">
         <name>.cinit</name>
         <load_address>0x3054ea</load_address>
         <run_address>0x3054ea</run_address>
         <size>0x4</size>
         <input_file_ref idref="fl-5a"/>
      </object_component>
      <object_component id="oc-1b6">
         <name>.cinit</name>
         <load_address>0x3054ee</load_address>
         <run_address>0x3054ee</run_address>
         <size>0x4</size>
         <input_file_ref idref="fl-61"/>
      </object_component>
      <object_component id="oc-179">
         <name>.cinit</name>
         <load_address>0x3054f2</load_address>
         <run_address>0x3054f2</run_address>
         <size>0x4</size>
         <input_file_ref idref="fl-55"/>
      </object_component>
      <object_component id="oc-1fa">
         <name>.cinit</name>
         <load_address>0x3054f6</load_address>
         <run_address>0x3054f6</run_address>
         <size>0x4</size>
         <input_file_ref idref="fl-6e"/>
      </object_component>
      <object_component id="oc-24c">
         <name>.switch:_CPU_IntSrcPendClr</name>
         <load_address>0x3054fc</load_address>
         <run_address>0x3054fc</run_address>
         <size>0x20</size>
         <input_file_ref idref="fl-c"/>
      </object_component>
      <object_component id="oc-e9">
         <name>.reset</name>
         <load_address>0x3fffc0</load_address>
         <run_address>0x3fffc0</run_address>
         <size>0x2</size>
         <input_file_ref idref="fl-38"/>
      </object_component>
      <object_component id="oc-e8">
         <name>.stack</name>
         <uninitialized>true</uninitialized>
         <run_address>0xa000</run_address>
         <size>0x0</size>
         <input_file_ref idref="fl-38"/>
      </object_component>
      <object_component id="oc-2b2">
         <name>.stack</name>
         <uninitialized>true</uninitialized>
         <run_address>0xa000</run_address>
         <size>0x0</size>
      </object_component>
      <object_component id="oc-3a">
         <name>pie_vram</name>
         <uninitialized>true</uninitialized>
         <run_address>0xd00</run_address>
         <size>0x100</size>
         <input_file_ref idref="fl-8"/>
      </object_component>
      <object_component id="oc-15">
         <name>.ebss</name>
         <uninitialized>true</uninitialized>
         <run_address>0xec3c</run_address>
         <size>0x4</size>
         <input_file_ref idref="fl-2"/>
      </object_component>
      <object_component id="oc-22f">
         <name>.ebss:_DEVICE_OUT</name>
         <uninitialized>true</uninitialized>
         <run_address>0xec20</run_address>
         <size>0x10</size>
         <input_file_ref idref="fl-2"/>
      </object_component>
      <object_component id="oc-24f">
         <name>.ebss:_App_TaskStartStk</name>
         <uninitialized>true</uninitialized>
         <run_address>0xef40</run_address>
         <size>0x100</size>
         <input_file_ref idref="fl-2"/>
      </object_component>
      <object_component id="oc-252">
         <name>.ebss:_App_TaskPendStk</name>
         <uninitialized>true</uninitialized>
         <run_address>0xed40</run_address>
         <size>0x100</size>
         <input_file_ref idref="fl-2"/>
      </object_component>
      <object_component id="oc-253">
         <name>.ebss:_App_TaskPostStk</name>
         <uninitialized>true</uninitialized>
         <run_address>0xee40</run_address>
         <size>0x100</size>
         <input_file_ref idref="fl-2"/>
      </object_component>
      <object_component id="oc-254">
         <name>.ebss:_App_TaskCheckeStk</name>
         <uninitialized>true</uninitialized>
         <run_address>0xec40</run_address>
         <size>0x100</size>
         <input_file_ref idref="fl-2"/>
      </object_component>
      <object_component id="oc-258">
         <name>.ebss:_App_TaskAttestationStk</name>
         <uninitialized>true</uninitialized>
         <run_address>0xe000</run_address>
         <size>0x800</size>
         <input_file_ref idref="fl-2"/>
      </object_component>
      <object_component id="oc-25d">
         <name>.ebss:_PADDING</name>
         <uninitialized>true</uninitialized>
         <run_address>0xf640</run_address>
         <size>0x40</size>
         <input_file_ref idref="fl-3"/>
      </object_component>
      <object_component id="oc-23">
         <name>.ebss</name>
         <uninitialized>true</uninitialized>
         <run_address>0xf3e0</run_address>
         <size>0xa</size>
         <input_file_ref idref="fl-4"/>
      </object_component>
      <object_component id="oc-267">
         <name>.ebss:_s</name>
         <uninitialized>true</uninitialized>
         <run_address>0xf240</run_address>
         <size>0x100</size>
         <input_file_ref idref="fl-4"/>
      </object_component>
      <object_component id="oc-5d">
         <name>.ebss</name>
         <uninitialized>true</uninitialized>
         <run_address>0xf4a8</run_address>
         <size>0x2</size>
         <input_file_ref idref="fl-f"/>
      </object_component>
      <object_component id="oc-63">
         <name>.ebss</name>
         <uninitialized>true</uninitialized>
         <run_address>0xec30</run_address>
         <size>0xc</size>
         <input_file_ref idref="fl-10"/>
      </object_component>
      <object_component id="oc-7f">
         <name>.ebss</name>
         <uninitialized>true</uninitialized>
         <run_address>0xf740</run_address>
         <size>0x26</size>
         <input_file_ref idref="fl-16"/>
      </object_component>
      <object_component id="oc-23d">
         <name>.ebss:_OSRdyTbl</name>
         <uninitialized>true</uninitialized>
         <run_address>0xf3ea</run_address>
         <size>0x8</size>
         <input_file_ref idref="fl-16"/>
      </object_component>
      <object_component id="oc-249">
         <name>.ebss:_OSFlagTbl</name>
         <uninitialized>true</uninitialized>
         <run_address>0xf6c0</run_address>
         <size>0x28</size>
         <input_file_ref idref="fl-16"/>
      </object_component>
      <object_component id="oc-24b">
         <name>.ebss:_OSQTbl</name>
         <uninitialized>true</uninitialized>
         <run_address>0xf608</run_address>
         <size>0x30</size>
         <input_file_ref idref="fl-16"/>
      </object_component>
      <object_component id="oc-24a">
         <name>.ebss:_OSMemTbl</name>
         <uninitialized>true</uninitialized>
         <run_address>0xf680</run_address>
         <size>0x3c</size>
         <input_file_ref idref="fl-16"/>
      </object_component>
      <object_component id="oc-23b">
         <name>.ebss:_OSTCBPrioTbl</name>
         <uninitialized>true</uninitialized>
         <run_address>0xf4c0</run_address>
         <size>0x80</size>
         <input_file_ref idref="fl-16"/>
      </object_component>
      <object_component id="oc-23f">
         <name>.ebss:_OSEventTbl</name>
         <uninitialized>true</uninitialized>
         <run_address>0xf340</run_address>
         <size>0xa0</size>
         <input_file_ref idref="fl-16"/>
      </object_component>
      <object_component id="oc-242">
         <name>.ebss:_OSTaskStatStk</name>
         <uninitialized>true</uninitialized>
         <run_address>0xf140</run_address>
         <size>0x100</size>
         <input_file_ref idref="fl-16"/>
      </object_component>
      <object_component id="oc-240">
         <name>.ebss:_OSTaskIdleStk</name>
         <uninitialized>true</uninitialized>
         <run_address>0xf040</run_address>
         <size>0x100</size>
         <input_file_ref idref="fl-16"/>
      </object_component>
      <object_component id="oc-243">
         <name>.ebss:_OSTCBTbl</name>
         <uninitialized>true</uninitialized>
         <run_address>0xe800</run_address>
         <size>0x420</size>
         <input_file_ref idref="fl-16"/>
      </object_component>
      <object_component id="oc-14a">
         <name>.ebss</name>
         <uninitialized>true</uninitialized>
         <run_address>0xf3fa</run_address>
         <size>0x6</size>
         <input_file_ref idref="fl-4b"/>
      </object_component>
      <object_component id="oc-247">
         <name>.ebss:__lock</name>
         <uninitialized>true</uninitialized>
         <run_address>0xf4a4</run_address>
         <size>0x2</size>
         <input_file_ref idref="fl-4c"/>
      </object_component>
      <object_component id="oc-263">
         <name>.ebss:__unlock</name>
         <uninitialized>true</uninitialized>
         <run_address>0xf4a6</run_address>
         <size>0x2</size>
         <input_file_ref idref="fl-4c"/>
      </object_component>
      <object_component id="oc-167">
         <name>.ebss</name>
         <uninitialized>true</uninitialized>
         <run_address>0xf4aa</run_address>
         <size>0x1</size>
         <input_file_ref idref="fl-51"/>
      </object_component>
      <object_component id="oc-261">
         <name>.ebss:__ftable</name>
         <uninitialized>true</uninitialized>
         <run_address>0xf540</run_address>
         <size>0x78</size>
         <input_file_ref idref="fl-51"/>
      </object_component>
      <object_component id="oc-291">
         <name>.ebss:___TI_tmpnams</name>
         <uninitialized>true</uninitialized>
         <run_address>0xf400</run_address>
         <size>0xa0</size>
         <input_file_ref idref="fl-51"/>
      </object_component>
      <object_component id="oc-17a">
         <name>.ebss</name>
         <uninitialized>true</uninitialized>
         <run_address>0xf4a0</run_address>
         <size>0x4</size>
         <input_file_ref idref="fl-55"/>
      </object_component>
      <object_component id="oc-196">
         <name>.ebss</name>
         <uninitialized>true</uninitialized>
         <run_address>0xf4ab</run_address>
         <size>0x1</size>
         <input_file_ref idref="fl-5a"/>
      </object_component>
      <object_component id="oc-27b">
         <name>.ebss:__stream</name>
         <uninitialized>true</uninitialized>
         <run_address>0xf700</run_address>
         <size>0x28</size>
         <input_file_ref idref="fl-5c"/>
      </object_component>
      <object_component id="oc-284">
         <name>.ebss:__device</name>
         <uninitialized>true</uninitialized>
         <run_address>0xf5c0</run_address>
         <size>0x48</size>
         <input_file_ref idref="fl-5c"/>
      </object_component>
      <object_component id="oc-1b7">
         <name>.ebss</name>
         <uninitialized>true</uninitialized>
         <run_address>0xf4ac</run_address>
         <size>0x1</size>
         <input_file_ref idref="fl-61"/>
      </object_component>
      <object_component id="oc-27f">
         <name>.ebss:_parmbuf</name>
         <uninitialized>true</uninitialized>
         <run_address>0xf3f2</run_address>
         <size>0x8</size>
         <input_file_ref idref="fl-67"/>
      </object_component>
      <object_component id="oc-1fb">
         <name>.ebss</name>
         <uninitialized>true</uninitialized>
         <run_address>0xf4ad</run_address>
         <size>0x1</size>
         <input_file_ref idref="fl-6e"/>
      </object_component>
      <object_component id="oc-27d">
         <name>.econst:.string:__ctypes_</name>
         <load_address>0x304f74</load_address>
         <run_address>0x304f74</run_address>
         <size>0x101</size>
         <input_file_ref idref="fl-50"/>
      </object_component>
      <object_component id="oc-25b">
         <name>.econst:.string:_CPU_CntLeadZerosTbl</name>
         <load_address>0x305075</load_address>
         <run_address>0x305075</run_address>
         <size>0x100</size>
         <input_file_ref idref="fl-d"/>
      </object_component>
      <object_component id="oc-23e">
         <name>.econst:.string:_OSUnMapTbl</name>
         <load_address>0x305175</load_address>
         <run_address>0x305175</run_address>
         <size>0x100</size>
         <input_file_ref idref="fl-16"/>
      </object_component>
      <object_component id="oc-24">
         <name>.econst:.string</name>
         <load_address>0x305276</load_address>
         <run_address>0x305276</run_address>
         <size>0x83</size>
         <input_file_ref idref="fl-4"/>
      </object_component>
      <object_component id="oc-64">
         <name>.econst:.string</name>
         <load_address>0x3052fa</load_address>
         <run_address>0x3052fa</run_address>
         <size>0x3b</size>
         <input_file_ref idref="fl-10"/>
      </object_component>
      <object_component id="oc-79">
         <name>.econst</name>
         <load_address>0x305336</load_address>
         <run_address>0x305336</run_address>
         <size>0x3a</size>
         <input_file_ref idref="fl-15"/>
      </object_component>
      <object_component id="oc-bd">
         <name>.econst:.string</name>
         <load_address>0x305370</load_address>
         <run_address>0x305370</run_address>
         <size>0x26</size>
         <input_file_ref idref="fl-30"/>
      </object_component>
      <object_component id="oc-80">
         <name>.econst:.string</name>
         <load_address>0x305396</load_address>
         <run_address>0x305396</run_address>
         <size>0x1e</size>
         <input_file_ref idref="fl-16"/>
      </object_component>
      <object_component id="oc-bc">
         <name>.econst</name>
         <load_address>0x3053b4</load_address>
         <run_address>0x3053b4</run_address>
         <size>0x1c</size>
         <input_file_ref idref="fl-30"/>
      </object_component>
      <object_component id="oc-1ab">
         <name>.econst</name>
         <load_address>0x3053d0</load_address>
         <run_address>0x3053d0</run_address>
         <size>0x1c</size>
         <input_file_ref idref="fl-5f"/>
      </object_component>
      <object_component id="oc-16">
         <name>.econst:.string</name>
         <load_address>0x3053ec</load_address>
         <run_address>0x3053ec</run_address>
         <size>0x16</size>
         <input_file_ref idref="fl-2"/>
      </object_component>
      <object_component id="oc-d8">
         <name>.econst</name>
         <load_address>0x305402</load_address>
         <run_address>0x305402</run_address>
         <size>0x10</size>
         <input_file_ref idref="fl-35"/>
      </object_component>
      <object_component id="oc-1c">
         <name>.econst:.string</name>
         <load_address>0x305412</load_address>
         <run_address>0x305412</run_address>
         <size>0x8</size>
         <input_file_ref idref="fl-3"/>
      </object_component>
      <object_component id="oc-1a5">
         <name>.econst</name>
         <load_address>0x30541a</load_address>
         <run_address>0x30541a</run_address>
         <size>0x8</size>
         <input_file_ref idref="fl-5e"/>
      </object_component>
      <object_component id="oc-86">
         <name>.econst:.string</name>
         <load_address>0x305422</load_address>
         <run_address>0x305422</run_address>
         <size>0x2</size>
         <input_file_ref idref="fl-17"/>
      </object_component>
      <object_component id="oc-8c">
         <name>.econst:.string</name>
         <load_address>0x305424</load_address>
         <run_address>0x305424</run_address>
         <size>0x2</size>
         <input_file_ref idref="fl-18"/>
      </object_component>
      <object_component id="oc-92">
         <name>.econst:.string</name>
         <load_address>0x305426</load_address>
         <run_address>0x305426</run_address>
         <size>0x2</size>
         <input_file_ref idref="fl-19"/>
      </object_component>
      <object_component id="oc-98">
         <name>.econst:.string</name>
         <load_address>0x305428</load_address>
         <run_address>0x305428</run_address>
         <size>0x2</size>
         <input_file_ref idref="fl-1a"/>
      </object_component>
      <object_component id="oc-9e">
         <name>.econst:.string</name>
         <load_address>0x30542a</load_address>
         <run_address>0x30542a</run_address>
         <size>0x2</size>
         <input_file_ref idref="fl-1b"/>
      </object_component>
      <object_component id="oc-a4">
         <name>.econst:.string</name>
         <load_address>0x30542c</load_address>
         <run_address>0x30542c</run_address>
         <size>0x2</size>
         <input_file_ref idref="fl-1c"/>
      </object_component>
      <object_component id="oc-aa">
         <name>.econst:.string</name>
         <load_address>0x30542e</load_address>
         <run_address>0x30542e</run_address>
         <size>0x2</size>
         <input_file_ref idref="fl-1d"/>
      </object_component>
      <object_component id="oc-c8">
         <name>.econst:.string</name>
         <load_address>0x305430</load_address>
         <run_address>0x305430</run_address>
         <size>0x2</size>
         <input_file_ref idref="fl-32"/>
      </object_component>
      <object_component id="oc-52">
         <name>.econst</name>
         <load_address>0x305432</load_address>
         <run_address>0x305432</run_address>
         <size>0x2</size>
         <input_file_ref idref="fl-d"/>
      </object_component>
      <object_component id="oc-17b">
         <name>.esysmem</name>
         <uninitialized>true</uninitialized>
         <run_address>0xc000</run_address>
         <size>0x4</size>
         <input_file_ref idref="fl-55"/>
      </object_component>
      <object_component id="oc-2b3">
         <name>.esysmem</name>
         <uninitialized>true</uninitialized>
         <run_address>0xc000</run_address>
         <size>0x0</size>
      </object_component>
      <object_component id="oc-14">
         <name>.debug_info</name>
         <load_address>0x0</load_address>
         <run_address>0x0</run_address>
         <size>0x13e6</size>
         <input_file_ref idref="fl-2"/>
      </object_component>
      <object_component id="oc-1b">
         <name>.debug_info</name>
         <load_address>0x13e6</load_address>
         <run_address>0x13e6</run_address>
         <size>0xacc</size>
         <input_file_ref idref="fl-3"/>
      </object_component>
      <object_component id="oc-21">
         <name>.debug_info</name>
         <load_address>0x1eb2</load_address>
         <run_address>0x1eb2</run_address>
         <size>0x142d</size>
         <input_file_ref idref="fl-4"/>
      </object_component>
      <object_component id="oc-2b">
         <name>.debug_info</name>
         <load_address>0x32df</load_address>
         <run_address>0x32df</run_address>
         <size>0x1ef</size>
         <input_file_ref idref="fl-5"/>
      </object_component>
      <object_component id="oc-2e">
         <name>.debug_info</name>
         <load_address>0x34ce</load_address>
         <run_address>0x34ce</run_address>
         <size>0x94d</size>
         <input_file_ref idref="fl-6"/>
      </object_component>
      <object_component id="oc-34">
         <name>.debug_info</name>
         <load_address>0x3e1b</load_address>
         <run_address>0x3e1b</run_address>
         <size>0xc3a</size>
         <input_file_ref idref="fl-7"/>
      </object_component>
      <object_component id="oc-39">
         <name>.debug_info</name>
         <load_address>0x4a55</load_address>
         <run_address>0x4a55</run_address>
         <size>0xe34</size>
         <input_file_ref idref="fl-8"/>
      </object_component>
      <object_component id="oc-40">
         <name>.debug_info</name>
         <load_address>0x5889</load_address>
         <run_address>0x5889</run_address>
         <size>0x66a</size>
         <input_file_ref idref="fl-9"/>
      </object_component>
      <object_component id="oc-45">
         <name>.debug_info</name>
         <load_address>0x5ef3</load_address>
         <run_address>0x5ef3</run_address>
         <size>0x1d6</size>
         <input_file_ref idref="fl-a"/>
      </object_component>
      <object_component id="oc-48">
         <name>.debug_info</name>
         <load_address>0x60c9</load_address>
         <run_address>0x60c9</run_address>
         <size>0x36d</size>
         <input_file_ref idref="fl-b"/>
      </object_component>
      <object_component id="oc-4c">
         <name>.debug_info</name>
         <load_address>0x6436</load_address>
         <run_address>0x6436</run_address>
         <size>0x710</size>
         <input_file_ref idref="fl-c"/>
      </object_component>
      <object_component id="oc-51">
         <name>.debug_info</name>
         <load_address>0x6b46</load_address>
         <run_address>0x6b46</run_address>
         <size>0x1020</size>
         <input_file_ref idref="fl-d"/>
      </object_component>
      <object_component id="oc-57">
         <name>.debug_info</name>
         <load_address>0x7b66</load_address>
         <run_address>0x7b66</run_address>
         <size>0x397</size>
         <input_file_ref idref="fl-e"/>
      </object_component>
      <object_component id="oc-5c">
         <name>.debug_info</name>
         <load_address>0x7efd</load_address>
         <run_address>0x7efd</run_address>
         <size>0x41d</size>
         <input_file_ref idref="fl-f"/>
      </object_component>
      <object_component id="oc-62">
         <name>.debug_info</name>
         <load_address>0x831a</load_address>
         <run_address>0x831a</run_address>
         <size>0xb5e</size>
         <input_file_ref idref="fl-10"/>
      </object_component>
      <object_component id="oc-69">
         <name>.debug_info</name>
         <load_address>0x8e78</load_address>
         <run_address>0x8e78</run_address>
         <size>0x588</size>
         <input_file_ref idref="fl-11"/>
      </object_component>
      <object_component id="oc-6f">
         <name>.debug_info</name>
         <load_address>0x9400</load_address>
         <run_address>0x9400</run_address>
         <size>0x46f</size>
         <input_file_ref idref="fl-12"/>
      </object_component>
      <object_component id="oc-73">
         <name>.debug_info</name>
         <load_address>0x986f</load_address>
         <run_address>0x986f</run_address>
         <size>0x1b98</size>
         <input_file_ref idref="fl-13"/>
      </object_component>
      <object_component id="oc-78">
         <name>.debug_info</name>
         <load_address>0xb407</load_address>
         <run_address>0xb407</run_address>
         <size>0xd1f</size>
         <input_file_ref idref="fl-15"/>
      </object_component>
      <object_component id="oc-7e">
         <name>.debug_info</name>
         <load_address>0xc126</load_address>
         <run_address>0xc126</run_address>
         <size>0x4127</size>
         <input_file_ref idref="fl-16"/>
      </object_component>
      <object_component id="oc-85">
         <name>.debug_info</name>
         <load_address>0x1024d</load_address>
         <run_address>0x1024d</run_address>
         <size>0x24d5</size>
         <input_file_ref idref="fl-17"/>
      </object_component>
      <object_component id="oc-8b">
         <name>.debug_info</name>
         <load_address>0x12722</load_address>
         <run_address>0x12722</run_address>
         <size>0xc7f</size>
         <input_file_ref idref="fl-18"/>
      </object_component>
      <object_component id="oc-91">
         <name>.debug_info</name>
         <load_address>0x133a1</load_address>
         <run_address>0x133a1</run_address>
         <size>0x1099</size>
         <input_file_ref idref="fl-19"/>
      </object_component>
      <object_component id="oc-97">
         <name>.debug_info</name>
         <load_address>0x1443a</load_address>
         <run_address>0x1443a</run_address>
         <size>0xd48</size>
         <input_file_ref idref="fl-1a"/>
      </object_component>
      <object_component id="oc-9d">
         <name>.debug_info</name>
         <load_address>0x15182</load_address>
         <run_address>0x15182</run_address>
         <size>0x20eb</size>
         <input_file_ref idref="fl-1b"/>
      </object_component>
      <object_component id="oc-a3">
         <name>.debug_info</name>
         <load_address>0x1726d</load_address>
         <run_address>0x1726d</run_address>
         <size>0x19f4</size>
         <input_file_ref idref="fl-1c"/>
      </object_component>
      <object_component id="oc-a9">
         <name>.debug_info</name>
         <load_address>0x18c61</load_address>
         <run_address>0x18c61</run_address>
         <size>0x2bd3</size>
         <input_file_ref idref="fl-1d"/>
      </object_component>
      <object_component id="oc-af">
         <name>.debug_info</name>
         <load_address>0x1b834</load_address>
         <run_address>0x1b834</run_address>
         <size>0x1240</size>
         <input_file_ref idref="fl-1e"/>
      </object_component>
      <object_component id="oc-b4">
         <name>.debug_info</name>
         <load_address>0x1ca74</load_address>
         <run_address>0x1ca74</run_address>
         <size>0x1cf</size>
         <input_file_ref idref="fl-1f"/>
      </object_component>
      <object_component id="oc-b6">
         <name>.debug_info</name>
         <load_address>0x1cc43</load_address>
         <run_address>0x1cc43</run_address>
         <size>0x715</size>
         <input_file_ref idref="fl-2f"/>
      </object_component>
      <object_component id="oc-bb">
         <name>.debug_info</name>
         <load_address>0x1d358</load_address>
         <run_address>0x1d358</run_address>
         <size>0x26c0</size>
         <input_file_ref idref="fl-30"/>
      </object_component>
      <object_component id="oc-c2">
         <name>.debug_info</name>
         <load_address>0x1fa18</load_address>
         <run_address>0x1fa18</run_address>
         <size>0x642</size>
         <input_file_ref idref="fl-31"/>
      </object_component>
      <object_component id="oc-c7">
         <name>.debug_info</name>
         <load_address>0x2005a</load_address>
         <run_address>0x2005a</run_address>
         <size>0x7f7</size>
         <input_file_ref idref="fl-32"/>
      </object_component>
      <object_component id="oc-cd">
         <name>.debug_info</name>
         <load_address>0x20851</load_address>
         <run_address>0x20851</run_address>
         <size>0x5c1</size>
         <input_file_ref idref="fl-33"/>
      </object_component>
      <object_component id="oc-d2">
         <name>.debug_info</name>
         <load_address>0x20e12</load_address>
         <run_address>0x20e12</run_address>
         <size>0x60a</size>
         <input_file_ref idref="fl-34"/>
      </object_component>
      <object_component id="oc-d7">
         <name>.debug_info</name>
         <load_address>0x2141c</load_address>
         <run_address>0x2141c</run_address>
         <size>0x52f</size>
         <input_file_ref idref="fl-35"/>
      </object_component>
      <object_component id="oc-dd">
         <name>.debug_info</name>
         <load_address>0x2194b</load_address>
         <run_address>0x2194b</run_address>
         <size>0x3dc</size>
         <input_file_ref idref="fl-36"/>
      </object_component>
      <object_component id="oc-e2">
         <name>.debug_info</name>
         <load_address>0x21d27</load_address>
         <run_address>0x21d27</run_address>
         <size>0x40d</size>
         <input_file_ref idref="fl-37"/>
      </object_component>
      <object_component id="oc-ea">
         <name>.debug_info</name>
         <load_address>0x22134</load_address>
         <run_address>0x22134</run_address>
         <size>0x174</size>
         <input_file_ref idref="fl-38"/>
      </object_component>
      <object_component id="oc-ef">
         <name>.debug_info</name>
         <load_address>0x222a8</load_address>
         <run_address>0x222a8</run_address>
         <size>0x121</size>
         <input_file_ref idref="fl-39"/>
      </object_component>
      <object_component id="oc-f4">
         <name>.debug_info</name>
         <load_address>0x223c9</load_address>
         <run_address>0x223c9</run_address>
         <size>0x115</size>
         <input_file_ref idref="fl-3a"/>
      </object_component>
      <object_component id="oc-f9">
         <name>.debug_info</name>
         <load_address>0x224de</load_address>
         <run_address>0x224de</run_address>
         <size>0x115</size>
         <input_file_ref idref="fl-3b"/>
      </object_component>
      <object_component id="oc-fe">
         <name>.debug_info</name>
         <load_address>0x225f3</load_address>
         <run_address>0x225f3</run_address>
         <size>0x123</size>
         <input_file_ref idref="fl-3c"/>
      </object_component>
      <object_component id="oc-103">
         <name>.debug_info</name>
         <load_address>0x22716</load_address>
         <run_address>0x22716</run_address>
         <size>0x115</size>
         <input_file_ref idref="fl-3d"/>
      </object_component>
      <object_component id="oc-108">
         <name>.debug_info</name>
         <load_address>0x2282b</load_address>
         <run_address>0x2282b</run_address>
         <size>0x115</size>
         <input_file_ref idref="fl-3e"/>
      </object_component>
      <object_component id="oc-10d">
         <name>.debug_info</name>
         <load_address>0x22940</load_address>
         <run_address>0x22940</run_address>
         <size>0x115</size>
         <input_file_ref idref="fl-3f"/>
      </object_component>
      <object_component id="oc-112">
         <name>.debug_info</name>
         <load_address>0x22a55</load_address>
         <run_address>0x22a55</run_address>
         <size>0x177</size>
         <input_file_ref idref="fl-40"/>
      </object_component>
      <object_component id="oc-117">
         <name>.debug_info</name>
         <load_address>0x22bcc</load_address>
         <run_address>0x22bcc</run_address>
         <size>0x14f</size>
         <input_file_ref idref="fl-41"/>
      </object_component>
      <object_component id="oc-11c">
         <name>.debug_info</name>
         <load_address>0x22d1b</load_address>
         <run_address>0x22d1b</run_address>
         <size>0x232</size>
         <input_file_ref idref="fl-42"/>
      </object_component>
      <object_component id="oc-121">
         <name>.debug_info</name>
         <load_address>0x22f4d</load_address>
[...]
         <name>_OSTimeSet</name>
         <value>0x303b21</value>
         <object_component_ref idref="oc-23c"/>
      </symbol>
      <symbol id="sm-575">
         <name>_OSTimeDlyResume</name>
         <value>0x303aa7</value>
         <object_component_ref idref="oc-23c"/>
      </symbol>
      <symbol id="sm-576">
         <name>_OSTimeDlyHMSM</name>
         <value>0x303a5f</value>
         <object_component_ref idref="oc-23c"/>
      </symbol>
      <symbol id="sm-577">
         <name>_OSTimeGet</name>
         <value>0x303b12</value>
         <object_component_ref idref="oc-23c"/>
      </symbol>
      <symbol id="sm-578">
         <name>_OSTimeDly</name>
         <value>0x303a22</value>
         <object_component_ref idref="oc-23c"/>
      </symbol>
      <symbol id="sm-58b">
         <name>_printf</name>
         <value>0x304b2d</value>
         <object_component_ref idref="oc-256"/>
      </symbol>
      <symbol id="sm-6eb">
         <name>___TI_printfi</name>
         <value>0x300b52</value>
         <object_component_ref idref="oc-264"/>
      </symbol>
      <symbol id="sm-6fe">
         <name>_putchar</name>
         <value>0x30495f</value>
         <object_component_ref idref="oc-25f"/>
      </symbol>
      <symbol id="sm-6ff">
         <name>_putc</name>
         <value>0x304911</value>
         <object_component_ref idref="oc-25f"/>
      </symbol>
      <symbol id="sm-700">
         <name>_fputc</name>
         <value>0x304911</value>
         <object_component_ref idref="oc-25f"/>
      </symbol>
      <symbol id="sm-71d">
         <name>_puts</name>
         <value>0x303ff0</value>
         <object_component_ref idref="oc-260"/>
      </symbol>
      <symbol id="sm-71e">
         <name>_fputs</name>
         <value>0x303f5b</value>
         <object_component_ref idref="oc-260"/>
      </symbol>
      <symbol id="sm-735">
         <name>___TI_rd_ok</name>
         <value>0x304720</value>
         <object_component_ref idref="oc-26a"/>
      </symbol>
      <symbol id="sm-736">
         <name>___TI_wrt_ok</name>
         <value>0x3046e5</value>
         <object_component_ref idref="oc-26a"/>
      </symbol>
      <symbol id="sm-74d">
         <name>_setvbuf</name>
         <value>0x304496</value>
         <object_component_ref idref="oc-27a"/>
      </symbol>
      <symbol id="sm-773">
         <name>_logf</name>
         <value>0x3037d6</value>
         <object_component_ref idref="oc-268"/>
      </symbol>
      <symbol id="sm-774">
         <name>_log</name>
         <value>0x3037d6</value>
         <object_component_ref idref="oc-268"/>
      </symbol>
      <symbol id="sm-784">
         <name>_sqrtf</name>
         <value>0x304cc6</value>
         <object_component_ref idref="oc-269"/>
      </symbol>
      <symbol id="sm-785">
         <name>_sqrt</name>
         <value>0x304cc6</value>
         <object_component_ref idref="oc-269"/>
      </symbol>
      <symbol id="sm-793">
         <name>_wcslen</name>
         <value>0x304f50</value>
         <object_component_ref idref="oc-277"/>
      </symbol>
      <symbol id="sm-7ae">
         <name>_c_int00</name>
         <value>0x3048bb</value>
         <object_component_ref idref="oc-e7"/>
      </symbol>
      <symbol id="sm-7af">
         <name>__stack</name>
         <value>0xa000</value>
         <object_component_ref idref="oc-e8"/>
      </symbol>
      <symbol id="sm-7bf">
         <name>FD$$CMP</name>
         <value>0x304c20</value>
         <object_component_ref idref="oc-ee"/>
      </symbol>
      <symbol id="sm-7d1">
         <name>FD$$MPY</name>
         <value>0x304413</value>
         <object_component_ref idref="oc-f3"/>
      </symbol>
      <symbol id="sm-7de">
         <name>FD$$NEG</name>
         <value>0x304f47</value>
         <object_component_ref idref="oc-f8"/>
      </symbol>
      <symbol id="sm-7ea">
         <name>FD$$SUB</name>
         <value>0x304ee8</value>
         <object_component_ref idref="oc-fd"/>
      </symbol>
      <symbol id="sm-7f9">
         <name>FD$$TOI</name>
         <value>0x304d5a</value>
         <object_component_ref idref="oc-102"/>
      </symbol>
      <symbol id="sm-808">
         <name>FD$$TOL</name>
         <value>0x304d9a</value>
         <object_component_ref idref="oc-107"/>
      </symbol>
      <symbol id="sm-819">
         <name>FS$$DIV</name>
         <value>0x30438b</value>
         <object_component_ref idref="oc-10c"/>
      </symbol>
      <symbol id="sm-825">
         <name>LL$$AND</name>
         <value>0x304e94</value>
         <object_component_ref idref="oc-111"/>
      </symbol>
      <symbol id="sm-826">
         <name>LL$$OR</name>
         <value>0x304e9c</value>
         <object_component_ref idref="oc-111"/>
      </symbol>
      <symbol id="sm-827">
         <name>LL$$XOR</name>
         <value>0x304ea4</value>
         <object_component_ref idref="oc-111"/>
      </symbol>
      <symbol id="sm-835">
         <name>ULL$$CMP</name>
         <value>0x304dcb</value>
         <object_component_ref idref="oc-116"/>
      </symbol>
      <symbol id="sm-836">
         <name>LL$$CMP</name>
         <value>0x304db9</value>
         <object_component_ref idref="oc-116"/>
      </symbol>
      <symbol id="sm-862">
         <name>ULL$$MOD</name>
         <value>0x303bd5</value>
         <object_component_ref idref="oc-11b"/>
      </symbol>
      <symbol id="sm-863">
         <name>ULL$$DIV</name>
         <value>0x303ba6</value>
         <object_component_ref idref="oc-11b"/>
      </symbol>
      <symbol id="sm-864">
         <name>LL$$MOD</name>
         <value>0x303b6c</value>
         <object_component_ref idref="oc-11b"/>
      </symbol>
      <symbol id="sm-865">
         <name>LL$$DIV</name>
         <value>0x303b30</value>
         <object_component_ref idref="oc-11b"/>
      </symbol>
      <symbol id="sm-875">
         <name>I$$TOFD</name>
         <value>0x304dd7</value>
         <object_component_ref idref="oc-120"/>
      </symbol>
      <symbol id="sm-885">
         <name>L$$TOFD</name>
         <value>0x304e2d</value>
         <object_component_ref idref="oc-125"/>
      </symbol>
      <symbol id="sm-895">
         <name>FS$$TOFD</name>
         <value>0x304e11</value>
         <object_component_ref idref="oc-12a"/>
      </symbol>
      <symbol id="sm-8ac">
         <name>FD$$DIV</name>
         <value>0x304300</value>
         <object_component_ref idref="oc-12f"/>
      </symbol>
      <symbol id="sm-8bb">
         <name>_copy_in</name>
         <value>0x304d12</value>
         <object_component_ref idref="oc-233"/>
      </symbol>
      <symbol id="sm-8cc">
         <name>_memcpy</name>
         <value>0x304df4</value>
         <object_component_ref idref="oc-245"/>
      </symbol>
      <symbol id="sm-8d8">
         <name>__system_pre_init</name>
         <value>0x304f70</value>
         <object_component_ref idref="oc-232"/>
      </symbol>
      <symbol id="sm-8e5">
         <name>__system_post_cinit</name>
         <value>0x304f72</value>
         <object_component_ref idref="oc-234"/>
      </symbol>
      <symbol id="sm-8f9">
         <name>C$$EXIT</name>
         <value>0x304c74</value>
         <object_component_ref idref="oc-236"/>
      </symbol>
      <symbol id="sm-8fa">
         <name>_exit</name>
         <value>0x304c76</value>
         <object_component_ref idref="oc-236"/>
      </symbol>
      <symbol id="sm-8fb">
         <name>___TI_cleanup_ptr</name>
         <value>0xf3fc</value>
         <object_component_ref idref="oc-14a"/>
      </symbol>
      <symbol id="sm-8fc">
         <name>___TI_enable_exit_profile_output</name>
         <value>0xf3fa</value>
         <object_component_ref idref="oc-14a"/>
      </symbol>
      <symbol id="sm-8fd">
         <name>_abort</name>
         <value>0x304c74</value>
         <object_component_ref idref="oc-236"/>
      </symbol>
      <symbol id="sm-8fe">
         <name>___TI_dtors_ptr</name>
         <value>0xf3fe</value>
         <object_component_ref idref="oc-14a"/>
      </symbol>
      <symbol id="sm-912">
         <name>__unlock</name>
         <value>0xf4a6</value>
         <object_component_ref idref="oc-263"/>
      </symbol>
      <symbol id="sm-913">
         <name>__lock</name>
         <value>0xf4a4</value>
         <object_component_ref idref="oc-247"/>
      </symbol>
      <symbol id="sm-914">
         <name>__register_lock</name>
         <value>0x304f42</value>
         <object_component_ref idref="oc-259"/>
      </symbol>
      <symbol id="sm-915">
         <name>__nop</name>
         <value>0x304f46</value>
         <object_component_ref idref="oc-259"/>
      </symbol>
      <symbol id="sm-916">
         <name>__register_unlock</name>
         <value>0x304f3e</value>
         <object_component_ref idref="oc-259"/>
      </symbol>
      <symbol id="sm-925">
         <name>__args_main</name>
         <value>0x304e49</value>
         <object_component_ref idref="oc-235"/>
      </symbol>
      <symbol id="sm-931">
         <name>__abort_msg</name>
         <value>0x304ef6</value>
         <object_component_ref idref="oc-266"/>
      </symbol>
      <symbol id="sm-945">
         <name>_atoi</name>
         <value>0x304bbf</value>
         <object_component_ref idref="oc-26f"/>
      </symbol>
      <symbol id="sm-94d">
         <name>__ctypes_</name>
         <value>0x304f74</value>
         <object_component_ref idref="oc-27d"/>
      </symbol>
      <symbol id="sm-95e">
         <name>___TI_ft_end</name>
         <value>0xf4aa</value>
         <object_component_ref idref="oc-167"/>
      </symbol>
      <symbol id="sm-95f">
         <name>___TI_tmpnams</name>
         <value>0xf400</value>
         <object_component_ref idref="oc-291"/>
      </symbol>
      <symbol id="sm-960">
         <name>__ftable</name>
         <value>0xf540</value>
         <object_component_ref idref="oc-261"/>
      </symbol>
      <symbol id="sm-96e">
         <name>_ltoa</name>
         <value>0x304bf0</value>
         <object_component_ref idref="oc-270"/>
      </symbol>
      <symbol id="sm-97d">
         <name>_memccpy</name>
         <value>0x304f03</value>
         <object_component_ref idref="oc-276"/>
      </symbol>
      <symbol id="sm-98c">
         <name>_memchr</name>
         <value>0x304f10</value>
         <object_component_ref idref="oc-26e"/>
      </symbol>
      <symbol id="sm-9dd">
         <name>__sys_memory</name>
         <value>0xc000</value>
         <object_component_ref idref="oc-17b"/>
      </symbol>
      <symbol id="sm-9de">
         <name>___TI_heap_total_available</name>
         <value>0x302f34</value>
         <object_component_ref idref="oc-282"/>
      </symbol>
      <symbol id="sm-9df">
         <name>_realloc</name>
         <value>0x302dfc</value>
         <object_component_ref idref="oc-282"/>
      </symbol>
      <symbol id="sm-9e0">
         <name>___TI_heap_check</name>
         <value>0x302f6e</value>
         <object_component_ref idref="oc-282"/>
      </symbol>
      <symbol id="sm-9e1">
         <name>_free</name>
         <value>0x302d35</value>
         <object_component_ref idref="oc-282"/>
      </symbol>
      <symbol id="sm-9e2">
         <name>_memalign</name>
         <value>0x302e9f</value>
         <object_component_ref idref="oc-282"/>
      </symbol>
      <symbol id="sm-9e3">
         <name>_calloc</name>
         <value>0x302e78</value>
         <object_component_ref idref="oc-282"/>
      </symbol>
      <symbol id="sm-9e4">
         <name>_malloc</name>
         <value>0x302d0a</value>
         <object_component_ref idref="oc-282"/>
      </symbol>
      <symbol id="sm-9e5">
         <name>_aligned_alloc</name>
         <value>0x302e9f</value>
         <object_component_ref idref="oc-282"/>
      </symbol>
      <symbol id="sm-9e6">
         <name>_minit</name>
         <value>0x302e74</value>
         <object_component_ref idref="oc-282"/>
      </symbol>
      <symbol id="sm-9e7">
         <name>___TI_heap_largest_available</name>
         <value>0x302f51</value>
         <object_component_ref idref="oc-282"/>
      </symbol>
      <symbol id="sm-9f5">
         <name>_memset</name>
         <value>0x304f61</value>
         <object_component_ref idref="oc-274"/>
      </symbol>
      <symbol id="sm-a04">
         <name>_strchr</name>
         <value>0x304f1d</value>
         <object_component_ref idref="oc-273"/>
      </symbol>
      <symbol id="sm-a11">
         <name>_strcpy</name>
         <value>0x304f68</value>
         <object_component_ref idref="oc-275"/>
      </symbol>
      <symbol id="sm-a1e">
         <name>_strlen</name>
         <value>0x304f59</value>
         <object_component_ref idref="oc-26d"/>
      </symbol>
      <symbol id="sm-a28">
         <name>_errno</name>
         <value>0xf4ab</value>
         <object_component_ref idref="oc-196"/>
      </symbol>
      <symbol id="sm-a35">
         <name>_write</name>
         <value>0x304e7b</value>
         <object_component_ref idref="oc-26c"/>
      </symbol>
      <symbol id="sm-a45">
         <name>__device</name>
         <value>0xf5c0</value>
         <object_component_ref idref="oc-284"/>
      </symbol>
      <symbol id="sm-a46">
         <name>__stream</name>
         <value>0xf700</value>
         <object_component_ref idref="oc-27b"/>
      </symbol>
      <symbol id="sm-a53">
         <name>___time32</name>
         <value>0x304f29</value>
         <object_component_ref idref="oc-265"/>
      </symbol>
      <symbol id="sm-a54">
         <name>_time</name>
         <value>0x304f29</value>
         <object_component_ref idref="oc-265"/>
      </symbol>
      <symbol id="sm-a67">
         <name>_frexpl</name>
         <value>0x304861</value>
         <object_component_ref idref="oc-271"/>
      </symbol>
      <symbol id="sm-a85">
         <name>_scalbnl</name>
         <value>0x303ead</value>
         <object_component_ref idref="oc-272"/>
      </symbol>
      <symbol id="sm-a86">
         <name>_ldexpl</name>
         <value>0x303ead</value>
         <object_component_ref idref="oc-272"/>
      </symbol>
      <symbol id="sm-a9c">
         <name>___TI_doflush</name>
         <value>0x304601</value>
         <object_component_ref idref="oc-26b"/>
      </symbol>
      <symbol id="sm-a9d">
         <name>_fflush</name>
         <value>0x304630</value>
         <object_component_ref idref="oc-26b"/>
      </symbol>
      <symbol id="sm-ada">
         <name>_fopen</name>
         <value>0x3039db</value>
         <object_component_ref idref="oc-283"/>
      </symbol>
      <symbol id="sm-adb">
         <name>___TI_cleanup</name>
         <value>0x3039a0</value>
         <object_component_ref idref="oc-283"/>
      </symbol>
      <symbol id="sm-adc">
         <name>_freopen</name>
         <value>0x3039bd</value>
         <object_component_ref idref="oc-283"/>
      </symbol>
      <symbol id="sm-aec">
         <name>_fseek</name>
         <value>0x304a3d</value>
         <object_component_ref idref="oc-279"/>
      </symbol>
      <symbol id="sm-b07">
         <name>FD$$ADD</name>
         <value>0x3040a7</value>
         <object_component_ref idref="oc-1c1"/>
      </symbol>
      <symbol id="sm-b13">
         <name>UL$$MOD</name>
         <value>0x304c6e</value>
         <object_component_ref idref="oc-1c6"/>
      </symbol>
      <symbol id="sm-b14">
         <name>L$$MOD</name>
         <value>0x304c59</value>
         <object_component_ref idref="oc-1c6"/>
      </symbol>
      <symbol id="sm-b15">
         <name>L$$DIV</name>
         <value>0x304c4a</value>
         <object_component_ref idref="oc-1c6"/>
      </symbol>
      <symbol id="sm-b16">
         <name>UL$$DIV</name>
         <value>0x304c67</value>
         <object_component_ref idref="oc-1c6"/>
      </symbol>
      <symbol id="sm-b22">
         <name>_HOSTclose</name>
         <value>0x304c9d</value>
         <object_component_ref idref="oc-289"/>
      </symbol>
      <symbol id="sm-b2e">
         <name>_HOSTlseek</name>
         <value>0x304806</value>
         <object_component_ref idref="oc-28c"/>
      </symbol>
      <symbol id="sm-b3d">
         <name>_parmbuf</name>
         <value>0xf3f2</value>
         <object_component_ref idref="oc-27f"/>
      </symbol>
      <symbol id="sm-b3e">
         <name>_HOSTopen</name>
         <value>0x304a7a</value>
         <object_component_ref idref="oc-288"/>
      </symbol>
      <symbol id="sm-b4b">
         <name>_HOSTread</name>
         <value>0x304aef</value>
         <object_component_ref idref="oc-28a"/>
      </symbol>
      <symbol id="sm-b57">
         <name>_HOSTrename</name>
         <value>0x3049ff</value>
         <object_component_ref idref="oc-28e"/>
      </symbol>
      <symbol id="sm-b63">
         <name>_HOSTtime</name>
         <value>0x304558</value>
         <object_component_ref idref="oc-278"/>
      </symbol>
      <symbol id="sm-b64">
         <name>_HOSTtime64</name>
         <value>0x304513</value>
         <object_component_ref idref="oc-278"/>
      </symbol>
      <symbol id="sm-b70">
         <name>_HOSTunlink</name>
         <value>0x304d36</value>
         <object_component_ref idref="oc-28d"/>
      </symbol>
      <symbol id="sm-b7d">
         <name>_HOSTwrite</name>
         <value>0x304ab6</value>
         <object_component_ref idref="oc-28b"/>
      </symbol>
      <symbol id="sm-b96">
         <name>___TI_readmsg</name>
         <value>0x304236</value>
         <object_component_ref idref="oc-280"/>
      </symbol>
      <symbol id="sm-b97">
         <name>C$$IO$$</name>
         <value>0x304231</value>
         <object_component_ref idref="oc-280"/>
      </symbol>
      <symbol id="sm-b98">
         <name>__CIOBUF_</name>
         <value>0x8000</value>
         <object_component_ref idref="oc-1f4"/>
      </symbol>
      <symbol id="sm-b99">
         <name>___TI_writemsg</name>
         <value>0x3041de</value>
         <object_component_ref idref="oc-280"/>
      </symbol>
      <symbol id="sm-bb4">
         <name>_open</name>
         <value>0x304674</value>
         <object_component_ref idref="oc-286"/>
      </symbol>
      <symbol id="sm-bc1">
         <name>_lseek</name>
         <value>0x304eac</value>
         <object_component_ref idref="oc-281"/>
      </symbol>
      <symbol id="sm-bce">
         <name>_copysignl</name>
         <value>0x304ced</value>
         <object_component_ref idref="oc-27e"/>
      </symbol>
      <symbol id="sm-bdf">
         <name>___TI_closefile</name>
         <value>0x3047a9</value>
         <object_component_ref idref="oc-287"/>
      </symbol>
      <symbol id="sm-be0">
         <name>_fclose</name>
         <value>0x3047ed</value>
         <object_component_ref idref="oc-287"/>
      </symbol>
      <symbol id="sm-bf1">
         <name>_finddevice</name>
         <value>0x304964</value>
         <object_component_ref idref="oc-28f"/>
      </symbol>
      <symbol id="sm-bf2">
         <name>_getdevice</name>
         <value>0x30497f</value>
         <object_component_ref idref="oc-28f"/>
      </symbol>
      <symbol id="sm-c00">
         <name>_strcmp</name>
         <value>0x304f34</value>
         <object_component_ref idref="oc-293"/>
      </symbol>
      <symbol id="sm-c10">
         <name>_strncpy</name>
         <value>0x304ec4</value>
         <object_component_ref idref="oc-294"/>
      </symbol>
      <symbol id="sm-c1c">
         <name>_remove</name>
         <value>0x304f6d</value>
         <object_component_ref idref="oc-292"/>
      </symbol>
      <symbol id="sm-c2c">
         <name>_close</name>
         <value>0x304b5b</value>
         <object_component_ref idref="oc-290"/>
      </symbol>
      <symbol id="sm-c38">
         <name>_unlink</name>
         <value>0x304e62</value>
         <object_component_ref idref="oc-295"/>
      </symbol>
   </symbol_table>
   <title>Link successful</title>
</link_info>
