******************************************************************************
             TMS320C2000 Linker PC v20.2.1                     
******************************************************************************
>> Linked Mon Feb  8 19:03:42 2021

OUTPUT FILE NAME:   <PLC_certificate.out>
ENTRY POINT SYMBOL: "_BSP_RAM_StartHere"  address: 00302b56


MEMORY CONFIGURATION

         name            origin    length      used     unused   attr    fill
----------------------  --------  ---------  --------  --------  ----  --------
PAGE 0:
  BEGIN                 00000000   00000002  00000002  00000000  RWIX
  RAMM0                 00000050   000000b0  00000000  000000b0  RWIX
  RAMLP                 00008000   00005000  00000000  00005000  RWIX
  FLASH                 00300000   0003ff80  000030fe  0003ce82  RWIX
  CSM_RSVD              0033ff80   00000076  00000000  00000076  RWIX
  CSM_PWL               0033fff8   00000008  00000000  00000008  RWIX
  ADC_CAL               00380080   00000009  00000000  00000009  RWIX
  BOOTROM               003ff27c   00000d44  00000000  00000d44  RWIX
  VECTORS               003fffc0   00000040  00000000  00000040  RWIX

PAGE 1:
  BOOT_RSVD             00000002   0000004e  00000000  0000004e  RWIX
  RAMM1                 000000b0   00000750  00000750  00000000  RWIX
  PIE_VRAM              00000d00   00000100  00000100  00000000  RWIX
  RAMLD                 0000d000   00003000  00000c66  0000239a  RWIX


SECTION ALLOCATION MAP

 output                                  attributes/
section   page    origin      length       input sections
--------  ----  ----------  ----------   ----------------
ram_start 
*          0    00000000    00000002     
                  00000000    00000002     bsp_start.obj (ram_start)

.text      0    00300000    00002b71     
                  00300000    000007b9     os_core.obj (.text)
                  003007b9    000005ca     os_task.obj (.text)
                  00300d83    000004f3     os_flag.obj (.text)
                  00301276    000003f9     os_q.obj (.text)
                  0030166f    00000329     app.obj (.text)
                  00301998    00000325     sha1.obj (.text)
                  00301cbd    00000282     aes.obj (.text)
                  00301f3f    0000021f     os_sem.obj (.text)
                  0030215e    00000194     os_mem.obj (.text)
                  003022f2    0000013b     os_cpu_c.obj (.text)
                  0030242d    0000010e     os_time.obj (.text)
                  0030253b    000000fa     bsp.obj (.text)
                  00302635    000000cb     cpu_core.obj (.text)
                  00302700    000000ae     bsp_int.obj (.text)
                  003027ae    0000009d     bsp_os.obj (.text:retain)
                  0030284b    0000008d     os_dbg.obj (.text)
                  003028d8    00000073     cpu_c.obj (.text)
                  0030294b    0000005e     os_cpu_a.obj (.text)
                  003029a9    0000005d     bsp_led.obj (.text)
                  00302a06    00000054     rts2800_ml.lib : boot28.asm.obj (.text)
                  00302a5a    00000031     bsp_os.obj (.text)
                  00302a8b    00000031     bsp_int.obj (.text:retain)
                  00302abc    00000029     rts2800_ml.lib : exit.c.obj (.text)
                  00302ae5    00000024                    : cpy_tbl.c.obj (.text)
                  00302b09    0000001f     cpu_a.obj (.text)
                  00302b28    0000001d     rts2800_ml.lib : memcpy.c.obj (.text)
                  00302b45    00000011                    : args_main.c.obj (.text)
                  00302b56    0000000f     bsp_start.obj (.text)
                  00302b65    00000009     rts2800_ml.lib : _lock.c.obj (.text)
                  00302b6e    00000002                    : pre_init.c.obj (.text)
                  00302b70    00000001                    : startup.c.obj (.text)

.cinit     0    00303054    0000008b     
                  00303054    00000038     app.obj (.cinit)
                  0030308c    0000000e     rts2800_ml.lib : exit.c.obj (.cinit)
                  0030309a    0000000c     os_cpu_c.obj (.cinit)
                  003030a6    00000009     app.obj (.cinit:_User_MAC_Address)
                  003030af    00000008     app.obj (.cinit:_User_ID)
                  003030b7    00000008     app.obj (.cinit:_User_password)
                  003030bf    00000005     rts2800_ml.lib : _lock.c.obj (.cinit:__lock)
                  003030c4    00000005                    : _lock.c.obj (.cinit:__unlock)
                  003030c9    00000004     app.obj (.cinit:_Reply_flag)
                  003030cd    00000004     app.obj (.cinit:_Timer_flag)
                  003030d1    00000004     app.obj (.cinit:_Timer_flag_NoneCrypt)
                  003030d5    00000004     app.obj (.cinit:_hash)
                  003030d9    00000004     bsp_os.obj (.cinit:_scirxBuf)
                  003030dd    00000002     --HOLE-- [fill = 0]

.pinit     0    00300000    00000000     UNINITIALIZED

.switch    0    003030e0    00000020     
                  003030e0    00000020     cpu_c.obj (.switch:_CPU_IntSrcPendClr)

.reset     0    003fffc0    00000002     DSECT
                  003fffc0    00000002     rts2800_ml.lib : boot28.asm.obj (.reset)

.econst    0    00302b72    000004e2     
                  00302b72    00000100     cpu_core.obj (.econst:.string:_CPU_CntLeadZerosTbl)
                  00302c72    00000100     os_core.obj (.econst:.string:_OSUnMapTbl)
                  00302d72    00000100     aes.obj (.econst:.string:_rsbox)
                  00302e72    00000100     aes.obj (.econst:.string:_sbox)
                  00302f72    0000003b     lib_mem.obj (.econst:.string)
                  00302fad    00000001     --HOLE-- [fill = 0]
                  00302fae    0000003a     os_dbg.obj (.econst)
                  00302fe8    0000001e     os_core.obj (.econst:.string)
                  00303006    00000010     app.obj (.econst:.string:_$P$T0$1)
                  00303016    00000010     app.obj (.econst:.string:_$P$T1$2)
                  00303026    00000010     app.obj (.econst:.string:_$P$T2$3)
                  00303036    0000000a     aes.obj (.econst:.string:_Rcon)
                  00303040    00000004     sha1.obj (.econst:_$P$T0$1)
                  00303044    00000002     os_flag.obj (.econst:.string)
                  00303046    00000002     os_mbox.obj (.econst:.string)
                  00303048    00000002     os_mem.obj (.econst:.string)
                  0030304a    00000002     os_mutex.obj (.econst:.string)
                  0030304c    00000002     os_q.obj (.econst:.string)
                  0030304e    00000002     os_sem.obj (.econst:.string)
                  00303050    00000002     os_task.obj (.econst:.string)
                  00303052    00000002     cpu_core.obj (.econst)

.stack     1    000000b0    00000750     UNINITIALIZED
                  000000b0    00000750     --HOLE--

pie_vram   1    00000d00    00000100     UNINITIALIZED
                  00000d00    00000100     bsp_int.obj (pie_vram)

.ebss      1    0000d000    00000c66     UNINITIALIZED
                  0000d000    00000420     os_core.obj (.ebss:_OSTCBTbl)
                  0000d420    00000014     app.obj (.ebss:_hash)
                  0000d434    0000000c     lib_mem.obj (.ebss)
                  0000d440    00000100     os_core.obj (.ebss:_OSTaskIdleStk)
                  0000d540    00000100     os_core.obj (.ebss:_OSTaskStatStk)
                  0000d640    000000a0     os_core.obj (.ebss:_OSEventTbl)
                  0000d6e0    00000010     app.obj (.ebss:_Reply_flag)
                  0000d6f0    00000010     app.obj (.ebss:_Timer_flag)
                  0000d700    00000090     app.obj (.ebss)
                  0000d790    00000030     os_core.obj (.ebss:_OSQTbl)
                  0000d7c0    00000080     os_core.obj (.ebss:_OSTCBPrioTbl)
                  0000d840    00000060     app.obj (.ebss:_Data_SyncStk)
                  0000d8a0    00000010     app.obj (.ebss:_Timer_flag_NoneCrypt)
                  0000d8b0    00000010     bsp_os.obj (.ebss:_scirxBuf)
                  0000d8c0    00000060     app.obj (.ebss:_DiagnosisStk)
                  0000d920    00000008     os_core.obj (.ebss:_OSRdyTbl)
                  0000d928    00000006     app.obj (.ebss:_User_MAC_Address)
                  0000d92e    00000006     rts2800_ml.lib : exit.c.obj (.ebss)
                  0000d934    00000005     app.obj (.ebss:_User_ID)
                  0000d939    00000005     app.obj (.ebss:_User_password)
                  0000d93e    00000002     rts2800_ml.lib : _lock.c.obj (.ebss:__lock)
                  0000d940    00000060     app.obj (.ebss:_Init_UpdateStk)
                  0000d9a0    00000005     os_cpu_c.obj (.ebss)
                  0000d9a5    00000004     app.obj (.ebss:_DEVICE_OUT)
                  0000d9a9    00000001     --HOLE--
                  0000d9aa    00000002     rts2800_ml.lib : _lock.c.obj (.ebss:__unlock)
                  0000d9ac    00000002     lib_math.obj (.ebss)
                  0000d9ae    00000012     --HOLE--
                  0000d9c0    00000060     app.obj (.ebss:_Status_SyncStk)
                  0000da20    00000020     --HOLE--
                  0000da40    00000060     app.obj (.ebss:_UART_ReceptionStk)
                  0000daa0    00000020     --HOLE--
                  0000dac0    00000060     app.obj (.ebss:_UART_TransmissionStk)
                  0000db20    00000020     --HOLE--
                  0000db40    00000060     app.obj (.ebss:_User_certificationStk)
                  0000dba0    00000020     --HOLE--
                  0000dbc0    0000003c     os_core.obj (.ebss:_OSMemTbl)
                  0000dbfc    00000004     --HOLE--
                  0000dc00    00000028     os_core.obj (.ebss:_OSFlagTbl)
                  0000dc28    00000018     --HOLE--
                  0000dc40    00000026     os_core.obj (.ebss)

csm_rsvd   0    0033ff80    00000000     DSECT

csmpasswds 
*          0    0033fff8    00000000     DSECT

MODULE SUMMARY

       Module            code    initialized data   uninitialized data
       ------            ----    ----------------   ------------------
    .\APP\
       app.obj           809     145                904               
       aes.obj           642     522                0                 
       sha1.obj          805     4                  0                 
    +--+-----------------+-------+------------------+--------------------+
       Total:            2256    671                904               
                                                                      
    .\BSP\
       bsp_int.obj       223     0                  256               
       bsp.obj           250     0                  0                 
       bsp_led.obj       93      0                  0                 
    +--+-----------------+-------+------------------+--------------------+
       Total:            566     0                  256               
                                                                      
    .\BSP\CCS\
       bsp_start.obj     17      0                  0                 
    +--+-----------------+-------+------------------+--------------------+
       Total:            17      0                  0                 
                                                                      
    .\BSP\OS\uCOS-II\
       bsp_os.obj        206     4                  16                
    +--+-----------------+-------+------------------+--------------------+
       Total:            206     4                  16                
                                                                      
    .\uC-CPU\
       cpu_core.obj      203     258                0                 
    +--+-----------------+-------+------------------+--------------------+
       Total:            203     258                0                 
                                                                      
    .\uC-CPU\C28x\CCS\
       cpu_c.obj         115     32                 0                 
       cpu_a.obj         31      0                  0                 
    +--+-----------------+-------+------------------+--------------------+
       Total:            146     32                 0                 
                                                                      
    .\uC-LIB\
       lib_mem.obj       0       59                 12                
       lib_math.obj      0       0                  2                 
    +--+-----------------+-------+------------------+--------------------+
       Total:            0       59                 14                
                                                                      
    .\uCOS-II\Ports\C28x\Generic\CCS\
       os_cpu_c.obj      315     12                 5                 
       os_dbg.obj        141     58                 0                 
       os_cpu_a.obj      94      0                  0                 
    +--+-----------------+-------+------------------+--------------------+
       Total:            550     70                 5                 
                                                                      
    .\uCOS-II\Source\
       os_core.obj       1977    286                2050              
       os_task.obj       1482    2                  0                 
       os_flag.obj       1267    2                  0                 
       os_q.obj          1017    2                  0                 
       os_sem.obj        543     2                  0                 
       os_mem.obj        404     2                  0                 
       os_time.obj       270     0                  0                 
       os_mbox.obj       0       2                  0                 
       os_mutex.obj      0       2                  0                 
    +--+-----------------+-------+------------------+--------------------+
       Total:            6960    300                2050              
                                                                      
    C:\ti\ccs1011\ccs\tools\compiler\ti-cgt-c2000_20.2.1.LTS\lib\rts2800_ml.lib
       boot28.asm.obj    84      0                  0                 
       exit.c.obj        41      14                 6                 
       cpy_tbl.c.obj     36      0                  0                 
       memcpy.c.obj      29      0                  0                 
       _lock.c.obj       9       10                 4                 
       args_main.c.obj   17      0                  0                 
       pre_init.c.obj    2       0                  0                 
       startup.c.obj     1       0                  0                 
    +--+-----------------+-------+------------------+--------------------+
       Total:            219     24                 10                
                                                                      
       Stack:            0       0                  1872              
    +--+-----------------+-------+------------------+--------------------+
       Grand Total:      11123   1418               5127              


GLOBAL DATA SYMBOLS: SORTED BY DATA PAGE

address     data page           name
--------    ----------------    ----
000000b0       2 (00000080)     __stack

00000d00      34 (00000d00)     ___BSP_VectorTable

0000d000     340 (0000d000)     _OSTCBTbl

0000d420     350 (0000d400)     _hash
0000d434     350 (0000d400)     _Mem_SegHeadPtr
0000d436     350 (0000d400)     _Mem_SegHeap

0000d440     351 (0000d440)     _OSTaskIdleStk

0000d540     355 (0000d540)     _OSTaskStatStk

0000d640     359 (0000d640)     _OSEventTbl

0000d6e0     35b (0000d6c0)     _Reply_flag
0000d6f0     35b (0000d6c0)     _Timer_flag

0000d700     35c (0000d700)     _Status_Sync_ExTime
0000d701     35c (0000d700)     _Init_Update_EXTime
0000d702     35c (0000d700)     _User_00_ExTime
0000d703     35c (0000d700)     _User_01_ExTime
0000d704     35c (0000d700)     _User_02_ExTime
0000d705     35c (0000d700)     _User_03_ExTime
0000d706     35c (0000d700)     _User_04_ExTime
0000d707     35c (0000d700)     _User_05_ExTime
0000d708     35c (0000d700)     _User_06_ExTime
0000d709     35c (0000d700)     _User_07_ExTime
0000d70a     35c (0000d700)     _User_certification_ExTime
0000d70b     35c (0000d700)     _UART_Reception_ExTime
0000d70c     35c (0000d700)     _UART_Transmission_ExTime
0000d70d     35c (0000d700)     _Diagnosis_ExTime
0000d70e     35c (0000d700)     _Data_Sync_ExTime
0000d70f     35c (0000d700)     _User_Task_Cnt
0000d710     35c (0000d700)     _TaskID
0000d711     35c (0000d700)     _nonce
0000d712     35c (0000d700)     _start
0000d713     35c (0000d700)     _UserCert_flag
0000d714     35c (0000d700)     _certification_flag1
0000d715     35c (0000d700)     _certification_flag2
0000d716     35c (0000d700)     _aes_flag
0000d717     35c (0000d700)     _psh_flag

0000d740     35d (0000d740)     _context

0000d790     35e (0000d780)     _OSQTbl

0000d7c0     35f (0000d7c0)     _OSTCBPrioTbl

0000d840     361 (0000d840)     _Data_SyncStk

0000d8a0     362 (0000d880)     _Timer_flag_NoneCrypt
0000d8b0     362 (0000d880)     _scirxBuf

0000d8c0     363 (0000d8c0)     _DiagnosisStk

0000d920     364 (0000d900)     _OSRdyTbl
0000d928     364 (0000d900)     _User_MAC_Address
0000d92e     364 (0000d900)     ___TI_enable_exit_profile_output
0000d930     364 (0000d900)     ___TI_cleanup_ptr
0000d932     364 (0000d900)     ___TI_dtors_ptr
0000d934     364 (0000d900)     _User_ID
0000d939     364 (0000d900)     _User_password
0000d93e     364 (0000d900)     __lock

0000d940     365 (0000d940)     _Init_UpdateStk

0000d9a0     366 (0000d980)     _cnt0
0000d9a1     366 (0000d980)     _cnt1
0000d9a2     366 (0000d980)     _Time
0000d9a3     366 (0000d980)     _Excute_Time
0000d9a4     366 (0000d980)     _init_flag
0000d9a5     366 (0000d980)     _DEVICE_OUT
0000d9aa     366 (0000d980)     __unlock
0000d9ac     366 (0000d980)     _Math_RandSeedCur

0000d9c0     367 (0000d9c0)     _Status_SyncStk

0000da40     369 (0000da40)     _UART_ReceptionStk

0000dac0     36b (0000dac0)     _UART_TransmissionStk

0000db40     36d (0000db40)     _User_certificationStk

0000dbc0     36f (0000dbc0)     _OSMemTbl

0000dc00     370 (0000dc00)     _OSFlagTbl

0000dc40     371 (0000dc40)     _OSCPUUsage
0000dc41     371 (0000dc40)     _OSStatRdy
0000dc42     371 (0000dc40)     _OSIntNesting
0000dc43     371 (0000dc40)     _OSLockNesting
0000dc44     371 (0000dc40)     _OSPrioCur
0000dc45     371 (0000dc40)     _OSPrioHighRdy
0000dc46     371 (0000dc40)     _OSRdyGrp
0000dc47     371 (0000dc40)     _OSRunning
0000dc48     371 (0000dc40)     _OSTaskCtr
0000dc49     371 (0000dc40)     _OSTickStepState
0000dc4a     371 (0000dc40)     _OSTaskRegNextAvailID
0000dc4c     371 (0000dc40)     _OSCtxSwCtr
0000dc4e     371 (0000dc40)     _OSEventFreeList
0000dc50     371 (0000dc40)     _OSFlagFreeList
0000dc52     371 (0000dc40)     _OSIdleCtrMax
0000dc54     371 (0000dc40)     _OSIdleCtrRun
0000dc56     371 (0000dc40)     _OSIdleCtr
0000dc58     371 (0000dc40)     _OSTCBCur
0000dc5a     371 (0000dc40)     _OSTCBFreeList
0000dc5c     371 (0000dc40)     _OSTCBHighRdy
0000dc5e     371 (0000dc40)     _OSTCBList
0000dc60     371 (0000dc40)     _OSMemFreeList
0000dc62     371 (0000dc40)     _OSQFreeList
0000dc64     371 (0000dc40)     _OSTime

00302c72    c0b1 (00302c40)     _OSUnMapTbl

00302d72    c0b5 (00302d40)     _rsbox

00302e72    c0b9 (00302e40)     _sbox

00302fae    c0be (00302f80)     _OSDebugEn
00302faf    c0be (00302f80)     _OSEventEn
00302fb0    c0be (00302f80)     _OSEventMax
00302fb1    c0be (00302f80)     _OSEventNameEn
00302fb2    c0be (00302f80)     _OSEventSize
00302fb3    c0be (00302f80)     _OSEventTblSize
00302fb4    c0be (00302f80)     _OSEventMultiEn
00302fb5    c0be (00302f80)     _OSFlagEn
00302fb6    c0be (00302f80)     _OSFlagGrpSize
00302fb7    c0be (00302f80)     _OSFlagNodeSize
00302fb8    c0be (00302f80)     _OSFlagWidth
00302fb9    c0be (00302f80)     _OSFlagMax
00302fba    c0be (00302f80)     _OSFlagNameEn
00302fbb    c0be (00302f80)     _OSLowestPrio
00302fbc    c0be (00302f80)     _OSMboxEn
00302fbd    c0be (00302f80)     _OSMemEn
00302fbe    c0be (00302f80)     _OSMemMax
00302fbf    c0be (00302f80)     _OSMemNameEn

00302fc0    c0bf (00302fc0)     _OSMemSize
00302fc1    c0bf (00302fc0)     _OSMemTblSize
00302fc2    c0bf (00302fc0)     _OSMutexEn
00302fc3    c0bf (00302fc0)     _OSPtrSize
00302fc4    c0bf (00302fc0)     _OSQEn
00302fc5    c0bf (00302fc0)     _OSQMax
00302fc6    c0bf (00302fc0)     _OSQSize
00302fc7    c0bf (00302fc0)     _OSRdyTblSize
00302fc8    c0bf (00302fc0)     _OSSemEn
00302fc9    c0bf (00302fc0)     _OSStkWidth
00302fca    c0bf (00302fc0)     _OSTaskCreateEn
00302fcb    c0bf (00302fc0)     _OSTaskCreateExtEn
00302fcc    c0bf (00302fc0)     _OSTaskDelEn
00302fcd    c0bf (00302fc0)     _OSTaskIdleStkSize
00302fce    c0bf (00302fc0)     _OSTaskProfileEn
00302fcf    c0bf (00302fc0)     _OSTaskMax
00302fd0    c0bf (00302fc0)     _OSTaskNameEn
00302fd1    c0bf (00302fc0)     _OSTaskStatEn
00302fd2    c0bf (00302fc0)     _OSTaskStatStkSize
00302fd3    c0bf (00302fc0)     _OSTaskStatStkChkEn
00302fd4    c0bf (00302fc0)     _OSTaskSwHookEn
00302fd5    c0bf (00302fc0)     _OSTaskRegTblSize
00302fd6    c0bf (00302fc0)     _OSTCBPrioTblMax
00302fd7    c0bf (00302fc0)     _OSTCBSize
00302fd8    c0bf (00302fc0)     _OSTicksPerSec
00302fd9    c0bf (00302fc0)     _OSTimeTickHookEn
00302fda    c0bf (00302fc0)     _OSVersionNbr
00302fdb    c0bf (00302fc0)     _OSTmrEn
00302fdc    c0bf (00302fc0)     _OSTmrCfgMax
00302fdd    c0bf (00302fc0)     _OSTmrCfgNameEn
00302fde    c0bf (00302fc0)     _OSTmrCfgWheelSize
00302fdf    c0bf (00302fc0)     _OSTmrCfgTicksPerSec
00302fe0    c0bf (00302fc0)     _OSTmrSize
00302fe1    c0bf (00302fc0)     _OSTmrTblSize
00302fe2    c0bf (00302fc0)     _OSTmrWheelSize
00302fe3    c0bf (00302fc0)     _OSTmrWheelTblSize
00302fe4    c0bf (00302fc0)     _OSDataSize
00302fe6    c0bf (00302fc0)     _OSEndiannessTest

00303036    c0c0 (00303000)     _Rcon

00303052    c0c1 (00303040)     _CPU_EndiannessTest


GLOBAL SYMBOLS: SORTED ALPHABETICALLY BY Name 

page  address   name                            
----  -------   ----                            
0     00300000  .text                           
0     00302abc  C$$EXIT                         
0     0030255f  _BSP_CPU_ClkFreq                
0     00302781  _BSP_ExtIntDis                  
0     0030276d  _BSP_ExtIntEn                   
0     0030253b  _BSP_Init                       
0     00302700  _BSP_IntAck                     
0     00302745  _BSP_IntDis                     
0     0030271e  _BSP_IntEn                      
0     00302a8b  _BSP_IntHandlerDummy            
0     00302795  _BSP_IntVectSet                 
0     003029c8  _BSP_LED_Off                    
0     003029a9  _BSP_LED_On                     
0     003029e7  _BSP_LED_Toggle                 
0     003027ae  _BSP_OS_TIMER2_TickHandler      
0     00302a5a  _BSP_OS_TIMER2_TickInit         
0     00302b56  _BSP_RAM_StartHere              
0     003025d3  _BSP_SCIA_Init                  
0     003027d8  _BSP_SCIA_RX                    
0     00302800  _BSP_SCIA_TX                    
0     0030254e  _BSP_Tick_Init                  
0     00302b1a  _CPU_CntLeadZeros               
0     00302637  _CPU_CntLeadZeros08             
0     00302641  _CPU_CntLeadZeros16             
0     00302648  _CPU_CntLeadZeros32             
0     00302680  _CPU_CntTrailZeros              
0     00302692  _CPU_CntTrailZeros08            
0     003026a4  _CPU_CntTrailZeros16            
0     003026b6  _CPU_CntTrailZeros32            
0     00303052  _CPU_EndiannessTest             
0     00302635  _CPU_Init                       
0     00302b09  _CPU_IntDis                     
0     00302b0b  _CPU_IntEn                      
0     003028d8  _CPU_IntSrcDis                  
0     003028ee  _CPU_IntSrcEn                   
0     00302903  _CPU_IntSrcPendClr              
0     003026ca  _CPU_PopCnt32                   
0     00302b26  _CPU_RevBits                    
0     00302b12  _CPU_SR_Restore                 
0     00302b0d  _CPU_SR_Save                    
0     00302636  _CPU_SW_Exception               
1     0000d9a5  _DEVICE_OUT                     
1     0000d840  _Data_SyncStk                   
1     0000d70e  _Data_Sync_ExTime               
1     0000d8c0  _DiagnosisStk                   
1     0000d70d  _Diagnosis_ExTime               
1     0000d9a3  _Excute_Time                    
1     0000d940  _Init_UpdateStk                 
1     0000d701  _Init_Update_EXTime             
1     0000d9ac  _Math_RandSeedCur               
1     0000d434  _Mem_SegHeadPtr                 
1     0000d436  _Mem_SegHeap                    
1     0000dc40  _OSCPUUsage                     
1     0000dc4c  _OSCtxSwCtr                     
0     00302fe4  _OSDataSize                     
0     00302fae  _OSDebugEn                      
0     0030284b  _OSDebugInit                    
0     00302fe6  _OSEndiannessTest               
0     00302faf  _OSEventEn                      
1     0000dc4e  _OSEventFreeList                
0     00302fb0  _OSEventMax                     
0     00302fb4  _OSEventMultiEn                 
0     00302fb1  _OSEventNameEn                  
0     00300000  _OSEventNameGet                 
0     0030003f  _OSEventNameSet                 
0     00300073  _OSEventPendMulti               
0     00302fb2  _OSEventSize                    
1     0000d640  _OSEventTbl                     
0     00302fb3  _OSEventTblSize                 
0     00300d83  _OSFlagAccept                   
0     00300e0e  _OSFlagCreate                   
0     00300e41  _OSFlagDel                      
0     00302fb5  _OSFlagEn                       
1     0000dc50  _OSFlagFreeList                 
0     00302fb6  _OSFlagGrpSize                  
0     00302fb9  _OSFlagMax                      
0     00302fba  _OSFlagNameEn                   
0     00300ec6  _OSFlagNameGet                  
0     00300f00  _OSFlagNameSet                  
0     00302fb7  _OSFlagNodeSize                 
0     00300f2f  _OSFlagPend                     
0     00301088  _OSFlagPendGetFlagsRdy          
0     0030109a  _OSFlagPost                     
0     0030115a  _OSFlagQuery                    
1     0000dc00  _OSFlagTbl                      
0     00302fb8  _OSFlagWidth                    
1     0000dc56  _OSIdleCtr                      
1     0000dc52  _OSIdleCtrMax                   
1     0000dc54  _OSIdleCtrRun                   
0     0030022d  _OSInit                         
0     003022f2  _OSInitHookBegin                
0     0030233c  _OSInitHookEnd                  
0     00300246  _OSIntEnter                     
0     00300250  _OSIntExit                      
1     0000dc42  _OSIntNesting                   
1     0000dc43  _OSLockNesting                  
0     00302fbb  _OSLowestPrio                   
0     00302fbc  _OSMboxEn                       
0     0030215e  _OSMemCreate                    
0     00302fbd  _OSMemEn                        
1     0000dc60  _OSMemFreeList                  
0     003021c7  _OSMemGet                       
0     00302fbe  _OSMemMax                       
0     00302fbf  _OSMemNameEn                    
0     003021f7  _OSMemNameGet                   
0     00302228  _OSMemNameSet                   
0     0030224f  _OSMemPut                       
0     0030227e  _OSMemQuery                     
0     00302fc0  _OSMemSize                      
1     0000dbc0  _OSMemTbl                       
0     00302fc1  _OSMemTblSize                   
0     00302fc2  _OSMutexEn                      
1     0000dc44  _OSPrioCur                      
1     0000dc45  _OSPrioHighRdy                  
0     00302fc3  _OSPtrSize                      
0     00301276  _OSQAccept                      
0     003012be  _OSQCreate                      
0     00301323  _OSQDel                         
0     00302fc4  _OSQEn                          
0     003013bc  _OSQFlush                       
1     0000dc62  _OSQFreeList                    
0     00302fc5  _OSQMax                         
0     003013e1  _OSQPend                        
0     00301496  _OSQPendAbort                   
0     003014da  _OSQPost                        
0     00301521  _OSQPostFront                   
0     00301575  _OSQPostOpt                     
0     003015e8  _OSQQuery                       
0     00302fc6  _OSQSize                        
1     0000d790  _OSQTbl                         
1     0000dc46  _OSRdyGrp                       
1     0000d920  _OSRdyTbl                       
0     00302fc7  _OSRdyTblSize                   
1     0000dc47  _OSRunning                      
0     00300283  _OSSchedLock                    
0     0030029a  _OSSchedUnlock                  
0     00301f3f  _OSSemAccept                    
0     00301f59  _OSSemCreate                    
0     00301f88  _OSSemDel                       
0     00302fc8  _OSSemEn                        
0     0030200b  _OSSemPend                      
0     00302089  _OSSemPendAbort                 
0     003020cd  _OSSemPost                      
0     003020fa  _OSSemQuery                     
0     00302134  _OSSemSet                       
0     003002c0  _OSStart                        
0     0030295e  _OSStartHighRdy                 
0     003002d7  _OSStatInit                     
1     0000dc41  _OSStatRdy                      
0     00302fc9  _OSStkWidth                     
1     0000dc58  _OSTCBCur                       
1     0000dc5a  _OSTCBFreeList                  
1     0000dc5c  _OSTCBHighRdy                   
0     00302428  _OSTCBInitHook                  
1     0000dc5e  _OSTCBList                      
1     0000d7c0  _OSTCBPrioTbl                   
0     00302fd6  _OSTCBPrioTblMax                
0     00302fd7  _OSTCBSize                      
1     0000d000  _OSTCBTbl                       
0     003007b9  _OSTaskChangePrio               
0     003008c2  _OSTaskCreate                   
0     00302fca  _OSTaskCreateEn                 
0     0030091f  _OSTaskCreateExt                
0     00302fcb  _OSTaskCreateExtEn              
0     0030233d  _OSTaskCreateHook               
1     0000dc48  _OSTaskCtr                      
0     00300985  _OSTaskDel                      
0     00302fcc  _OSTaskDelEn                    
0     00302341  _OSTaskDelHook                  
0     00300a7b  _OSTaskDelReq                   
0     00302345  _OSTaskIdleHook                 
1     0000d440  _OSTaskIdleStk                  
0     00302fcd  _OSTaskIdleStkSize              
0     00302fcf  _OSTaskMax                      
0     00302fd0  _OSTaskNameEn                   
0     00300abf  _OSTaskNameGet                  
0     00300b1b  _OSTaskNameSet                  
0     00302fce  _OSTaskProfileEn                
0     00300c9e  _OSTaskQuery                    
0     00300cdc  _OSTaskRegGet                   
0     00300d13  _OSTaskRegGetID                 
1     0000dc4a  _OSTaskRegNextAvailID           
0     00300d2f  _OSTaskRegSet                   
0     00302fd5  _OSTaskRegTblSize               
0     00300b6b  _OSTaskResume                   
0     00302346  _OSTaskReturnHook               
0     00302fd1  _OSTaskStatEn                   
0     0030234a  _OSTaskStatHook                 
1     0000d540  _OSTaskStatStk                  
0     00302fd3  _OSTaskStatStkChkEn             
0     00302fd2  _OSTaskStatStkSize              
0     00300bd0  _OSTaskStkChk                   
0     0030234b  _OSTaskStkInit                  
0     00300c2f  _OSTaskSuspend                  
0     003023db  _OSTaskSwHook                   
0     00302fd4  _OSTaskSwHookEn                 
1     0000dc49  _OSTickStepState                
0     00302fd8  _OSTicksPerSec                  
1     0000dc64  _OSTime                         
0     0030242d  _OSTimeDly                      
0     0030246a  _OSTimeDlyHMSM                  
0     003024b2  _OSTimeDlyResume                
0     0030251d  _OSTimeGet                      
0     0030252c  _OSTimeSet                      
0     003002f7  _OSTimeTick                     
0     0030242c  _OSTimeTickHook                 
0     00302fd9  _OSTimeTickHookEn               
0     00302fdc  _OSTmrCfgMax                    
0     00302fdd  _OSTmrCfgNameEn                 
0     00302fdf  _OSTmrCfgTicksPerSec            
0     00302fde  _OSTmrCfgWheelSize              
0     00302fdb  _OSTmrEn                        
0     00302fe0  _OSTmrSize                      
0     00302fe1  _OSTmrTblSize                   
0     00302fe2  _OSTmrWheelSize                 
0     00302fe3  _OSTmrWheelTblSize              
0     00302c72  _OSUnMapTbl                     
0     00300377  _OSVersion                      
0     00302fda  _OSVersionNbr                   
0     0030294b  _OS_CPU_GetST0                  
0     0030294e  _OS_CPU_GetST1                  
0     00302979  _OS_CPU_RTOSINT_Handler         
0     00302956  _OS_CPU_SR_Restore              
0     00302951  _OS_CPU_SR_Save                 
0     0030037a  _OS_Dummy                       
0     0030037b  _OS_EventTaskRdy                
0     00300462  _OS_EventTaskRemove             
0     00300488  _OS_EventTaskRemoveMulti        
0     003003de  _OS_EventTaskWait               
0     00300416  _OS_EventTaskWaitMulti          
0     003004bc  _OS_EventWaitListInit           
0     003011d5  _OS_FlagInit                    
0     00301251  _OS_FlagUnlink                  
0     003005c6  _OS_MemClr                      
0     003005d5  _OS_MemCopy                     
0     003022b6  _OS_MemInit                     
0     0030163d  _OS_QInit                       
0     003005e8  _OS_Sched                       
0     00300627  _OS_StrLen                      
0     003006d1  _OS_TCBInit                     
0     00300639  _OS_TaskIdle                    
0     00300d64  _OS_TaskReturn                  
0     0030064e  _OS_TaskStat                    
0     003006a2  _OS_TaskStatStkChk              
0     00300d6d  _OS_TaskStkClr                  
0     00303036  _Rcon                           
1     0000d6e0  _Reply_flag                     
0     003019e9  _SHA1Input                      
0     00301c29  _SHA1PadMessage                 
0     00301a46  _SHA1ProcessMessageBlock        
0     00301998  _SHA1Reset                      
0     003019d0  _SHA1Result                     
1     0000d9c0  _Status_SyncStk                 
1     0000d700  _Status_Sync_ExTime             
1     0000d710  _TaskID                         
1     0000d9a2  _Time                           
1     0000d6f0  _Timer_flag                     
1     0000d8a0  _Timer_flag_NoneCrypt           
1     0000da40  _UART_ReceptionStk              
1     0000d70b  _UART_Reception_ExTime          
1     0000dac0  _UART_TransmissionStk           
1     0000d70c  _UART_Transmission_ExTime       
1     0000d713  _UserCert_flag                  
1     0000d702  _User_00_ExTime                 
1     0000d703  _User_01_ExTime                 
1     0000d704  _User_02_ExTime                 
1     0000d705  _User_03_ExTime                 
1     0000d706  _User_04_ExTime                 
1     0000d707  _User_05_ExTime                 
1     0000d708  _User_06_ExTime                 
1     0000d709  _User_07_ExTime                 
1     0000d934  _User_ID                        
1     0000d928  _User_MAC_Address               
1     0000d70f  _User_Task_Cnt                  
1     0000db40  _User_certificationStk          
1     0000d70a  _User_certification_ExTime      
1     0000d939  _User_password                  
1     00000800  __STACK_END                     
abs   00000750  __STACK_SIZE                    
1     00000d00  ___BSP_VectorTable              
1     0000d930  ___TI_cleanup_ptr               
1     0000d932  ___TI_dtors_ptr                 
1     0000d92e  ___TI_enable_exit_profile_output
abs   ffffffff  ___TI_pprof_out_hndl            
abs   ffffffff  ___TI_prof_data_size            
abs   ffffffff  ___TI_prof_data_start           
abs   ffffffff  ___binit__                      
abs   ffffffff  ___c_args__                     
0     00303054  ___cinit__                      
0     00302b71  ___etext__                      
abs   ffffffff  ___pinit__                      
0     00300000  ___text__                       
0     00302b45  __args_main                     
1     0000d93e  __lock                          
0     00302b6d  __nop                           
0     00302b69  __register_lock                 
0     00302b65  __register_unlock               
1     000000b0  __stack                         
0     00302b70  __system_post_cinit             
0     00302b6e  __system_pre_init               
1     0000d9aa  __unlock                        
0     00302abc  _abort                          
0     00301ccb  _aes_enc_dec                    
1     0000d716  _aes_flag                       
0     00302a06  _c_int00                        
1     0000d714  _certification_flag1            
1     0000d715  _certification_flag2            
1     0000d9a0  _cnt0                           
1     0000d9a1  _cnt1                           
1     0000d740  _context                        
0     00302ae5  _copy_in                        
0     00302abe  _exit                           
0     00301cbd  _galois_mul2                    
1     0000d420  _hash                           
1     0000d9a4  _init_flag                      
0     0030166f  _main                           
0     00302b28  _memcpy                         
1     0000d711  _nonce                          
1     0000d717  _psh_flag                       
0     00302d72  _rsbox                          
0     00302e72  _sbox                           
1     0000d8b0  _scirxBuf                       
1     0000d712  _start                          
abs   ffffffff  binit                           
0     00303054  cinit                           
0     00302b71  etext                           
abs   ffffffff  pinit                           


GLOBAL SYMBOLS: SORTED BY Symbol Address 

page  address   name                            
----  -------   ----                            
0     00300000  .text                           
0     00300000  _OSEventNameGet                 
0     00300000  ___text__                       
0     0030003f  _OSEventNameSet                 
0     00300073  _OSEventPendMulti               
0     0030022d  _OSInit                         
0     00300246  _OSIntEnter                     
0     00300250  _OSIntExit                      
0     00300283  _OSSchedLock                    
0     0030029a  _OSSchedUnlock                  
0     003002c0  _OSStart                        
0     003002d7  _OSStatInit                     
0     003002f7  _OSTimeTick                     
0     00300377  _OSVersion                      
0     0030037a  _OS_Dummy                       
0     0030037b  _OS_EventTaskRdy                
0     003003de  _OS_EventTaskWait               
0     00300416  _OS_EventTaskWaitMulti          
0     00300462  _OS_EventTaskRemove             
0     00300488  _OS_EventTaskRemoveMulti        
0     003004bc  _OS_EventWaitListInit           
0     003005c6  _OS_MemClr                      
0     003005d5  _OS_MemCopy                     
0     003005e8  _OS_Sched                       
0     00300627  _OS_StrLen                      
0     00300639  _OS_TaskIdle                    
0     0030064e  _OS_TaskStat                    
0     003006a2  _OS_TaskStatStkChk              
0     003006d1  _OS_TCBInit                     
0     003007b9  _OSTaskChangePrio               
0     003008c2  _OSTaskCreate                   
0     0030091f  _OSTaskCreateExt                
0     00300985  _OSTaskDel                      
0     00300a7b  _OSTaskDelReq                   
0     00300abf  _OSTaskNameGet                  
0     00300b1b  _OSTaskNameSet                  
0     00300b6b  _OSTaskResume                   
0     00300bd0  _OSTaskStkChk                   
0     00300c2f  _OSTaskSuspend                  
0     00300c9e  _OSTaskQuery                    
0     00300cdc  _OSTaskRegGet                   
0     00300d13  _OSTaskRegGetID                 
0     00300d2f  _OSTaskRegSet                   
0     00300d64  _OS_TaskReturn                  
0     00300d6d  _OS_TaskStkClr                  
0     00300d83  _OSFlagAccept                   
0     00300e0e  _OSFlagCreate                   
0     00300e41  _OSFlagDel                      
0     00300ec6  _OSFlagNameGet                  
0     00300f00  _OSFlagNameSet                  
0     00300f2f  _OSFlagPend                     
0     00301088  _OSFlagPendGetFlagsRdy          
0     0030109a  _OSFlagPost                     
0     0030115a  _OSFlagQuery                    
0     003011d5  _OS_FlagInit                    
0     00301251  _OS_FlagUnlink                  
0     00301276  _OSQAccept                      
0     003012be  _OSQCreate                      
0     00301323  _OSQDel                         
0     003013bc  _OSQFlush                       
0     003013e1  _OSQPend                        
0     00301496  _OSQPendAbort                   
0     003014da  _OSQPost                        
0     00301521  _OSQPostFront                   
0     00301575  _OSQPostOpt                     
0     003015e8  _OSQQuery                       
0     0030163d  _OS_QInit                       
0     0030166f  _main                           
0     00301998  _SHA1Reset                      
0     003019d0  _SHA1Result                     
0     003019e9  _SHA1Input                      
0     00301a46  _SHA1ProcessMessageBlock        
0     00301c29  _SHA1PadMessage                 
0     00301cbd  _galois_mul2                    
0     00301ccb  _aes_enc_dec                    
0     00301f3f  _OSSemAccept                    
0     00301f59  _OSSemCreate                    
0     00301f88  _OSSemDel                       
0     0030200b  _OSSemPend                      
0     00302089  _OSSemPendAbort                 
0     003020cd  _OSSemPost                      
0     003020fa  _OSSemQuery                     
0     00302134  _OSSemSet                       
0     0030215e  _OSMemCreate                    
0     003021c7  _OSMemGet                       
0     003021f7  _OSMemNameGet                   
0     00302228  _OSMemNameSet                   
0     0030224f  _OSMemPut                       
0     0030227e  _OSMemQuery                     
0     003022b6  _OS_MemInit                     
0     003022f2  _OSInitHookBegin                
0     0030233c  _OSInitHookEnd                  
0     0030233d  _OSTaskCreateHook               
0     00302341  _OSTaskDelHook                  
0     00302345  _OSTaskIdleHook                 
0     00302346  _OSTaskReturnHook               
0     0030234a  _OSTaskStatHook                 
0     0030234b  _OSTaskStkInit                  
0     003023db  _OSTaskSwHook                   
0     00302428  _OSTCBInitHook                  
0     0030242c  _OSTimeTickHook                 
0     0030242d  _OSTimeDly                      
0     0030246a  _OSTimeDlyHMSM                  
0     003024b2  _OSTimeDlyResume                
0     0030251d  _OSTimeGet                      
0     0030252c  _OSTimeSet                      
0     0030253b  _BSP_Init                       
0     0030254e  _BSP_Tick_Init                  
0     0030255f  _BSP_CPU_ClkFreq                
0     003025d3  _BSP_SCIA_Init                  
0     00302635  _CPU_Init                       
0     00302636  _CPU_SW_Exception               
0     00302637  _CPU_CntLeadZeros08             
0     00302641  _CPU_CntLeadZeros16             
0     00302648  _CPU_CntLeadZeros32             
0     00302680  _CPU_CntTrailZeros              
0     00302692  _CPU_CntTrailZeros08            
0     003026a4  _CPU_CntTrailZeros16            
0     003026b6  _CPU_CntTrailZeros32            
0     003026ca  _CPU_PopCnt32                   
0     00302700  _BSP_IntAck                     
0     0030271e  _BSP_IntEn                      
0     00302745  _BSP_IntDis                     
0     0030276d  _BSP_ExtIntEn                   
0     00302781  _BSP_ExtIntDis                  
0     00302795  _BSP_IntVectSet                 
0     003027ae  _BSP_OS_TIMER2_TickHandler      
0     003027d8  _BSP_SCIA_RX                    
0     00302800  _BSP_SCIA_TX                    
0     0030284b  _OSDebugInit                    
0     003028d8  _CPU_IntSrcDis                  
0     003028ee  _CPU_IntSrcEn                   
0     00302903  _CPU_IntSrcPendClr              
0     0030294b  _OS_CPU_GetST0                  
0     0030294e  _OS_CPU_GetST1                  
0     00302951  _OS_CPU_SR_Save                 
0     00302956  _OS_CPU_SR_Restore              
0     0030295e  _OSStartHighRdy                 
0     00302979  _OS_CPU_RTOSINT_Handler         
0     003029a9  _BSP_LED_On                     
0     003029c8  _BSP_LED_Off                    
0     003029e7  _BSP_LED_Toggle                 
0     00302a06  _c_int00                        
0     00302a5a  _BSP_OS_TIMER2_TickInit         
0     00302a8b  _BSP_IntHandlerDummy            
0     00302abc  C$$EXIT                         
0     00302abc  _abort                          
0     00302abe  _exit                           
0     00302ae5  _copy_in                        
0     00302b09  _CPU_IntDis                     
0     00302b0b  _CPU_IntEn                      
0     00302b0d  _CPU_SR_Save                    
0     00302b12  _CPU_SR_Restore                 
0     00302b1a  _CPU_CntLeadZeros               
0     00302b26  _CPU_RevBits                    
0     00302b28  _memcpy                         
0     00302b45  __args_main                     
0     00302b56  _BSP_RAM_StartHere              
0     00302b65  __register_unlock               
0     00302b69  __register_lock                 
0     00302b6d  __nop                           
0     00302b6e  __system_pre_init               
0     00302b70  __system_post_cinit             
0     00302b71  ___etext__                      
0     00302b71  etext                           
0     00302c72  _OSUnMapTbl                     
0     00302d72  _rsbox                          
0     00302e72  _sbox                           
0     00302fae  _OSDebugEn                      
0     00302faf  _OSEventEn                      
0     00302fb0  _OSEventMax                     
0     00302fb1  _OSEventNameEn                  
0     00302fb2  _OSEventSize                    
0     00302fb3  _OSEventTblSize                 
0     00302fb4  _OSEventMultiEn                 
0     00302fb5  _OSFlagEn                       
0     00302fb6  _OSFlagGrpSize                  
0     00302fb7  _OSFlagNodeSize                 
0     00302fb8  _OSFlagWidth                    
0     00302fb9  _OSFlagMax                      
0     00302fba  _OSFlagNameEn                   
0     00302fbb  _OSLowestPrio                   
0     00302fbc  _OSMboxEn                       
0     00302fbd  _OSMemEn                        
0     00302fbe  _OSMemMax                       
0     00302fbf  _OSMemNameEn                    
0     00302fc0  _OSMemSize                      
0     00302fc1  _OSMemTblSize                   
0     00302fc2  _OSMutexEn                      
0     00302fc3  _OSPtrSize                      
0     00302fc4  _OSQEn                          
0     00302fc5  _OSQMax                         
0     00302fc6  _OSQSize                        
0     00302fc7  _OSRdyTblSize                   
0     00302fc8  _OSSemEn                        
0     00302fc9  _OSStkWidth                     
0     00302fca  _OSTaskCreateEn                 
0     00302fcb  _OSTaskCreateExtEn              
0     00302fcc  _OSTaskDelEn                    
0     00302fcd  _OSTaskIdleStkSize              
0     00302fce  _OSTaskProfileEn                
0     00302fcf  _OSTaskMax                      
0     00302fd0  _OSTaskNameEn                   
0     00302fd1  _OSTaskStatEn                   
0     00302fd2  _OSTaskStatStkSize              
0     00302fd3  _OSTaskStatStkChkEn             
0     00302fd4  _OSTaskSwHookEn                 
0     00302fd5  _OSTaskRegTblSize               
0     00302fd6  _OSTCBPrioTblMax                
0     00302fd7  _OSTCBSize                      
0     00302fd8  _OSTicksPerSec                  
0     00302fd9  _OSTimeTickHookEn               
0     00302fda  _OSVersionNbr                   
0     00302fdb  _OSTmrEn                        
0     00302fdc  _OSTmrCfgMax                    
0     00302fdd  _OSTmrCfgNameEn                 
0     00302fde  _OSTmrCfgWheelSize              
0     00302fdf  _OSTmrCfgTicksPerSec            
0     00302fe0  _OSTmrSize                      
0     00302fe1  _OSTmrTblSize                   
0     00302fe2  _OSTmrWheelSize                 
0     00302fe3  _OSTmrWheelTblSize              
0     00302fe4  _OSDataSize                     
0     00302fe6  _OSEndiannessTest               
0     00303036  _Rcon                           
0     00303052  _CPU_EndiannessTest             
0     00303054  ___cinit__                      
0     00303054  cinit                           
1     000000b0  __stack                         
1     00000800  __STACK_END                     
1     00000d00  ___BSP_VectorTable              
1     0000d000  _OSTCBTbl                       
1     0000d420  _hash                           
1     0000d434  _Mem_SegHeadPtr                 
1     0000d436  _Mem_SegHeap                    
1     0000d440  _OSTaskIdleStk                  
1     0000d540  _OSTaskStatStk                  
1     0000d640  _OSEventTbl                     
1     0000d6e0  _Reply_flag                     
1     0000d6f0  _Timer_flag                     
1     0000d700  _Status_Sync_ExTime             
1     0000d701  _Init_Update_EXTime             
1     0000d702  _User_00_ExTime                 
1     0000d703  _User_01_ExTime                 
1     0000d704  _User_02_ExTime                 
1     0000d705  _User_03_ExTime                 
1     0000d706  _User_04_ExTime                 
1     0000d707  _User_05_ExTime                 
1     0000d708  _User_06_ExTime                 
1     0000d709  _User_07_ExTime                 
1     0000d70a  _User_certification_ExTime      
1     0000d70b  _UART_Reception_ExTime          
1     0000d70c  _UART_Transmission_ExTime       
1     0000d70d  _Diagnosis_ExTime               
1     0000d70e  _Data_Sync_ExTime               
1     0000d70f  _User_Task_Cnt                  
1     0000d710  _TaskID                         
1     0000d711  _nonce                          
1     0000d712  _start                          
1     0000d713  _UserCert_flag                  
1     0000d714  _certification_flag1            
1     0000d715  _certification_flag2            
1     0000d716  _aes_flag                       
1     0000d717  _psh_flag                       
1     0000d740  _context                        
1     0000d790  _OSQTbl                         
1     0000d7c0  _OSTCBPrioTbl                   
1     0000d840  _Data_SyncStk                   
1     0000d8a0  _Timer_flag_NoneCrypt           
1     0000d8b0  _scirxBuf                       
1     0000d8c0  _DiagnosisStk                   
1     0000d920  _OSRdyTbl                       
1     0000d928  _User_MAC_Address               
1     0000d92e  ___TI_enable_exit_profile_output
1     0000d930  ___TI_cleanup_ptr               
1     0000d932  ___TI_dtors_ptr                 
1     0000d934  _User_ID                        
1     0000d939  _User_password                  
1     0000d93e  __lock                          
1     0000d940  _Init_UpdateStk                 
1     0000d9a0  _cnt0                           
1     0000d9a1  _cnt1                           
1     0000d9a2  _Time                           
1     0000d9a3  _Excute_Time                    
1     0000d9a4  _init_flag                      
1     0000d9a5  _DEVICE_OUT                     
1     0000d9aa  __unlock                        
1     0000d9ac  _Math_RandSeedCur               
1     0000d9c0  _Status_SyncStk                 
1     0000da40  _UART_ReceptionStk              
1     0000dac0  _UART_TransmissionStk           
1     0000db40  _User_certificationStk          
1     0000dbc0  _OSMemTbl                       
1     0000dc00  _OSFlagTbl                      
1     0000dc40  _OSCPUUsage                     
1     0000dc41  _OSStatRdy                      
1     0000dc42  _OSIntNesting                   
1     0000dc43  _OSLockNesting                  
1     0000dc44  _OSPrioCur                      
1     0000dc45  _OSPrioHighRdy                  
1     0000dc46  _OSRdyGrp                       
1     0000dc47  _OSRunning                      
1     0000dc48  _OSTaskCtr                      
1     0000dc49  _OSTickStepState                
1     0000dc4a  _OSTaskRegNextAvailID           
1     0000dc4c  _OSCtxSwCtr                     
1     0000dc4e  _OSEventFreeList                
1     0000dc50  _OSFlagFreeList                 
1     0000dc52  _OSIdleCtrMax                   
1     0000dc54  _OSIdleCtrRun                   
1     0000dc56  _OSIdleCtr                      
1     0000dc58  _OSTCBCur                       
1     0000dc5a  _OSTCBFreeList                  
1     0000dc5c  _OSTCBHighRdy                   
1     0000dc5e  _OSTCBList                      
1     0000dc60  _OSMemFreeList                  
1     0000dc62  _OSQFreeList                    
1     0000dc64  _OSTime                         
abs   00000750  __STACK_SIZE                    
abs   ffffffff  ___TI_pprof_out_hndl            
abs   ffffffff  ___TI_prof_data_size            
abs   ffffffff  ___TI_prof_data_start           
abs   ffffffff  ___binit__                      
abs   ffffffff  ___c_args__                     
abs   ffffffff  ___pinit__                      
abs   ffffffff  binit                           
abs   ffffffff  pinit                           

[327 symbols]
