******************************************************************************
             TMS320C2000 Linker PC v20.2.1                     
******************************************************************************
>> Linked Wed Jan 13 16:03:49 2021

OUTPUT FILE NAME:   <PLC_certificate.out>
ENTRY POINT SYMBOL: "_BSP_RAM_StartHere"  address: 00304e0c


MEMORY CONFIGURATION

         name            origin    length      used     unused   attr    fill
----------------------  --------  ---------  --------  --------  ----  --------
PAGE 0:
  BEGIN                 00000000   00000002  00000002  00000000  RWIX
  RAMM0                 00000050   000000b0  00000000  000000b0  RWIX
  RAMLP                 00008000   00005000  00000120  00004ee0  RWIX
  FLASH                 00300000   0003ff80  00005620  0003a960  RWIX
  CSM_RSVD              0033ff80   00000076  00000000  00000076  RWIX
  CSM_PWL               0033fff8   00000008  00000000  00000008  RWIX
  ADC_CAL               00380080   00000009  00000000  00000009  RWIX
  BOOTROM               003ff27c   00000d44  00000000  00000d44  RWIX
  VECTORS               003fffc0   00000040  00000000  00000040  RWIX

PAGE 1:
  BOOT_RSVD             00000002   0000004e  00000000  0000004e  RWIX
  RAMM1                 000000b0   00000750  00000750  00000000  RWIX
  PIE_VRAM              00000d00   00000100  00000100  00000000  RWIX
  RAMLD                 0000d000   00003000  000012a6  00001d5a  RWIX


SECTION ALLOCATION MAP

 output                                  attributes/
section   page    origin      length       input sections
--------  ----  ----------  ----------   ----------------
ram_start 
*          0    00000000    00000002     
                  00000000    00000002     bsp_start.obj (ram_start)

.cio       0    00008000    00000120     UNINITIALIZED
                  00008000    00000120     rts2800_ml.lib : trgmsg.c.obj (.cio)

.text      0    00300000    00004e7f     
                  00300000    00000c98     rts2800_ml.lib : _printfi.c.obj (.text)
                  00300c98    000009c2     md5.obj (.text)
                  0030165a    000007b9     os_core.obj (.text)
                  00301e13    000005ca     os_task.obj (.text)
                  003023dd    000004f3     os_flag.obj (.text)
                  003028d0    000003f9     os_q.obj (.text)
                  00302cc9    0000031a     app.obj (.text)
                  00302fe3    00000289     rts2800_ml.lib : memory.c.obj (.text)
                  0030326c    00000282     aes.obj (.text)
                  003034ee    0000021f     os_sem.obj (.text)
                  0030370d    00000194     os_mem.obj (.text)
                  003038a1    0000013b     os_cpu_c.obj (.text)
                  003039dc    0000011f     rts2800_ml.lib : fopen.c.obj (.text)
                  00303afb    0000010e     os_time.obj (.text)
                  00303c09    00000107     rts2800_ml.lib : ll_div28.asm.obj (.text)
                  00303d10    000000fa     bsp.obj (.text)
                  00303e0a    000000cb     cpu_core.obj (.text)
                  00303ed5    000000ae     bsp_int.obj (.text)
                  00303f83    000000ac     rts2800_ml.lib : s_scalbn.c.obj (.text)
                  0030402f    000000a3                    : fputs.c.obj (.text)
                  003040d2    0000009d     bsp_os.obj (.text:retain)
                  0030416f    0000009c     rts2800_ml.lib : fd_add28.asm.obj (.text)
                  0030420b    00000094                    : trgmsg.c.obj (.text)
                  0030429f    0000008d     os_dbg.obj (.text)
                  0030432c    0000008b     rts2800_ml.lib : fd_div28.asm.obj (.text)
                  003043b7    00000083                    : fd_mpy28.asm.obj (.text)
                  0030443a    00000079                    : setvbuf.c.obj (.text)
                  003044b3    00000073     cpu_c.obj (.text)
                  00304526    0000006f     rts2800_ml.lib : open.c.obj (.text)
                  00304595    0000006b                    : fflush.c.obj (.text)
                  00304600    00000067                    : _io_perm.c.obj (.text)
                  00304667    0000005e     os_cpu_a.obj (.text)
                  003046c5    0000005d     bsp_led.obj (.text)
                  00304722    0000005d     rts2800_ml.lib : hostlseek.c.obj (.text)
                  0030477f    0000005c                    : s_frexp.c.obj (.text)
                  003047db    0000005b                    : fclose.c.obj (.text)
                  00304836    00000054                    : boot28.asm.obj (.text)
                  0030488a    00000050                    : getdevice.c.obj (.text)
                  003048da    0000004f                    : fputc.c.obj (.text)
                  00304929    0000003f                    : hostrename.c.obj (.text)
                  00304968    0000003d                    : fseek.c.obj (.text)
                  003049a5    00000039                    : hostopen.c.obj (.text)
                  003049de    00000038                    : hostread.c.obj (.text)
                  00304a16    00000038                    : hostwrite.c.obj (.text)
                  00304a4e    00000034                    : printf.c.obj (.text)
                  00304a82    00000033                    : close.c.obj (.text)
                  00304ab5    00000031     bsp_os.obj (.text)
                  00304ae6    00000031     bsp_int.obj (.text:retain)
                  00304b17    00000031     rts2800_ml.lib : atoi.c.obj (.text)
                  00304b48    0000002e                    : _ltoa.c.obj (.text)
                  00304b76    0000002a                    : fd_cmp28.asm.obj (.text)
                  00304ba0    0000002a                    : l_div28.asm.obj (.text)
                  00304bca    00000029                    : exit.c.obj (.text)
                  00304bf3    00000027                    : hostclose.c.obj (.text)
                  00304c1a    00000025                    : hostunlink.c.obj (.text)
                  00304c3f    00000024                    : cpy_tbl.c.obj (.text)
                  00304c63    00000023                    : s_copysign.c.obj (.text)
                  00304c86    00000021                    : fd_toi28.asm.obj (.text)
                  00304ca7    0000001f     cpu_a.obj (.text)
                  00304cc6    0000001f     rts2800_ml.lib : fd_tol28.asm.obj (.text)
                  00304ce5    0000001e                    : ll_cmp28.asm.obj (.text)
                  00304d03    0000001d                    : i_tofd28.asm.obj (.text)
                  00304d20    0000001d                    : memcpy.c.obj (.text)
                  00304d3d    0000001c                    : fs_tofd28.asm.obj (.text)
                  00304d59    0000001c                    : l_tofd28.asm.obj (.text)
                  00304d75    00000019                    : unlink.c.obj (.text)
                  00304d8e    00000018                    : ll_aox28.asm.obj (.text)
                  00304da6    00000018                    : lseek.c.obj (.text)
                  00304dbe    00000018                    : write.c.obj (.text)
                  00304dd6    00000015                    : strncpy.c.obj (.text)
                  00304deb    00000011                    : args_main.c.obj (.text)
                  00304dfc    00000010                    : memccpy.c.obj (.text)
                  00304e0c    0000000f     bsp_start.obj (.text)
                  00304e1b    0000000e     rts2800_ml.lib : fd_sub28.asm.obj (.text)
                  00304e29    0000000d                    : memchr.c.obj (.text)
                  00304e36    0000000b                    : strchr.c.obj (.text)
                  00304e41    0000000a                    : strcmp.c.obj (.text)
                  00304e4b    00000009                    : _lock.c.obj (.text)
                  00304e54    00000009                    : fd_neg28.asm.obj (.text)
                  00304e5d    00000008                    : strlen.c.obj (.text)
                  00304e65    00000008                    : wcslen.c.obj (.text)
                  00304e6d    00000007                    : memset.c.obj (.text)
                  00304e74    00000005                    : strcpy.c.obj (.text)
                  00304e79    00000003                    : remove.c.obj (.text)
                  00304e7c    00000002                    : pre_init.c.obj (.text)
                  00304e7e    00000001                    : startup.c.obj (.text)

.cinit     0    003054d0    00000131     
                  003054d0    00000043     md5.obj (.cinit:_PADDING)
                  00305513    00000038     app.obj (.cinit)
                  0030554b    00000026     rts2800_ml.lib : defs.c.obj (.cinit:__ftable)
                  00305571    0000001b                    : host_device.c.obj (.cinit:__device)
                  0030558c    0000000e                    : host_device.c.obj (.cinit:__stream)
                  0030559a    0000000e                    : exit.c.obj (.cinit)
                  003055a8    0000000c     os_cpu_c.obj (.cinit)
                  003055b4    00000009     app.obj (.cinit:_User_MAC_Address)
                  003055bd    00000008     app.obj (.cinit:_User_ID)
                  003055c5    00000008     app.obj (.cinit:_User_password)
                  003055cd    00000005     rts2800_ml.lib : _lock.c.obj (.cinit:__lock)
                  003055d2    00000005                    : _lock.c.obj (.cinit:__unlock)
                  003055d7    00000004     app.obj (.cinit:_Reply_flag)
                  003055db    00000004     app.obj (.cinit:_Timer_flag)
                  003055df    00000004     app.obj (.cinit:_Timer_flag_NoneCrypt)
                  003055e3    00000004     app.obj (.cinit:_hash)
                  003055e7    00000004     bsp_os.obj (.cinit:_scirxBuf)
                  003055eb    00000004     rts2800_ml.lib : defs.c.obj (.cinit)
                  003055ef    00000004                    : errno.c.obj (.cinit)
                  003055f3    00000004                    : fopen.c.obj (.cinit)
                  003055f7    00000004                    : memory.c.obj (.cinit)
                  003055fb    00000004                    : open.c.obj (.cinit)
                  003055ff    00000002     --HOLE-- [fill = 0]

.pinit     0    00300000    00000000     UNINITIALIZED

.switch    0    00305602    00000020     
                  00305602    00000020     cpu_c.obj (.switch:_CPU_IntSrcPendClr)

.reset     0    003fffc0    00000002     DSECT
                  003fffc0    00000002     rts2800_ml.lib : boot28.asm.obj (.reset)

.econst    0    00304e80    00000650     
                  00304e80    00000101     rts2800_ml.lib : ctype.c.obj (.econst:.string:__ctypes_)
                  00304f81    00000100     cpu_core.obj (.econst:.string:_CPU_CntLeadZerosTbl)
                  00305081    00000100     os_core.obj (.econst:.string:_OSUnMapTbl)
                  00305181    00000100     aes.obj (.econst:.string:_rsbox)
                  00305281    00000100     aes.obj (.econst:.string:_sbox)
                  00305381    00000001     --HOLE-- [fill = 0]
                  00305382    0000003b     lib_mem.obj (.econst:.string)
                  003053bd    00000001     --HOLE-- [fill = 0]
                  003053be    0000003a     os_dbg.obj (.econst)
                  003053f8    00000026     rts2800_ml.lib : _printfi.c.obj (.econst:.string)
                  0030541e    0000001e     os_core.obj (.econst:.string)
                  0030543c    0000001c     rts2800_ml.lib : _printfi.c.obj (.econst)
                  00305458    0000001c                    : s_scalbn.c.obj (.econst)
                  00305474    00000010     app.obj (.econst:.string:_$P$T0$1)
                  00305484    00000010     app.obj (.econst:.string:_$P$T1$2)
                  00305494    00000010     app.obj (.econst:.string:_$P$T2$3)
                  003054a4    0000000a     aes.obj (.econst:.string:_Rcon)
                  003054ae    00000008     md5.obj (.econst:.string)
                  003054b6    00000008     rts2800_ml.lib : s_frexp.c.obj (.econst)
                  003054be    00000002     os_flag.obj (.econst:.string)
                  003054c0    00000002     os_mbox.obj (.econst:.string)
                  003054c2    00000002     os_mem.obj (.econst:.string)
                  003054c4    00000002     os_mutex.obj (.econst:.string)
                  003054c6    00000002     os_q.obj (.econst:.string)
                  003054c8    00000002     os_sem.obj (.econst:.string)
                  003054ca    00000002     os_task.obj (.econst:.string)
                  003054cc    00000002     rts2800_ml.lib : fputs.c.obj (.econst:.string)
                  003054ce    00000002     cpu_core.obj (.econst)

.stack     1    000000b0    00000750     UNINITIALIZED
                  000000b0    00000750     --HOLE--

pie_vram   1    00000d00    00000100     UNINITIALIZED
                  00000d00    00000100     bsp_int.obj (pie_vram)

.ebss      1    0000d000    00000ea6     UNINITIALIZED
                  0000d000    00000420     os_core.obj (.ebss:_OSTCBTbl)
                  0000d420    00000010     app.obj (.ebss:_Reply_flag)
                  0000d430    00000010     app.obj (.ebss:_Timer_flag)
                  0000d440    00000100     os_core.obj (.ebss:_OSTaskIdleStk)
                  0000d540    00000100     os_core.obj (.ebss:_OSTaskStatStk)
                  0000d640    000000a0     os_core.obj (.ebss:_OSEventTbl)
                  0000d6e0    00000010     app.obj (.ebss:_Timer_flag_NoneCrypt)
                  0000d6f0    00000010     app.obj (.ebss:_hash)
                  0000d700    000000a0     rts2800_ml.lib : defs.c.obj (.ebss:___TI_tmpnams)
                  0000d7a0    00000010     bsp_os.obj (.ebss:_scirxBuf)
                  0000d7b0    0000000c     lib_mem.obj (.ebss)
                  0000d7bc    00000004     app.obj (.ebss:_DEVICE_OUT)
                  0000d7c0    0000009c     app.obj (.ebss)
                  0000d85c    00000008     os_core.obj (.ebss:_OSRdyTbl)
                  0000d864    00000008     rts2800_ml.lib : hostopen.c.obj (.ebss:_parmbuf)
                  0000d86c    00000006     app.obj (.ebss:_User_MAC_Address)
                  0000d872    00000006     rts2800_ml.lib : exit.c.obj (.ebss)
                  0000d878    00000005     app.obj (.ebss:_User_ID)
                  0000d87d    00000001     rts2800_ml.lib : defs.c.obj (.ebss)
                  0000d87e    00000002                    : _lock.c.obj (.ebss:__lock)
                  0000d880    00000080     os_core.obj (.ebss:_OSTCBPrioTbl)
                  0000d900    00000078     rts2800_ml.lib : defs.c.obj (.ebss:__ftable)
                  0000d978    00000005     app.obj (.ebss:_User_password)
                  0000d97d    00000001     rts2800_ml.lib : errno.c.obj (.ebss)
                  0000d97e    00000002                    : _lock.c.obj (.ebss:__unlock)
                  0000d980    00000060     app.obj (.ebss:_Data_SyncStk)
                  0000d9e0    00000005     os_cpu_c.obj (.ebss)
                  0000d9e5    00000001     rts2800_ml.lib : fopen.c.obj (.ebss)
                  0000d9e6    00000004                    : memory.c.obj (.ebss)
                  0000d9ea    00000002     lib_math.obj (.ebss)
                  0000d9ec    00000001     rts2800_ml.lib : open.c.obj (.ebss)
                  0000d9ed    00000013     --HOLE--
                  0000da00    00000060     app.obj (.ebss:_DiagnosisStk)
                  0000da60    00000020     --HOLE--
                  0000da80    00000060     app.obj (.ebss:_Init_UpdateStk)
                  0000dae0    00000020     --HOLE--
                  0000db00    00000060     app.obj (.ebss:_Status_SyncStk)
                  0000db60    00000020     --HOLE--
                  0000db80    00000060     app.obj (.ebss:_UART_ReceptionStk)
                  0000dbe0    00000020     --HOLE--
                  0000dc00    00000060     app.obj (.ebss:_UART_TransmissionStk)
                  0000dc60    00000020     --HOLE--
                  0000dc80    00000060     app.obj (.ebss:_User_certificationStk)
                  0000dce0    00000020     --HOLE--
                  0000dd00    00000048     rts2800_ml.lib : host_device.c.obj (.ebss:__device)
                  0000dd48    00000030     os_core.obj (.ebss:_OSQTbl)
                  0000dd78    00000008     --HOLE--
                  0000dd80    00000040     md5.obj (.ebss:_PADDING)
                  0000ddc0    0000003c     os_core.obj (.ebss:_OSMemTbl)
                  0000ddfc    00000004     --HOLE--
                  0000de00    00000028     os_core.obj (.ebss:_OSFlagTbl)
                  0000de28    00000018     --HOLE--
                  0000de40    00000028     rts2800_ml.lib : host_device.c.obj (.ebss:__stream)
                  0000de68    00000018     --HOLE--
                  0000de80    00000026     os_core.obj (.ebss)

.esysmem   1    0000dea6    00000400     UNINITIALIZED
                  0000dea6    00000004     rts2800_ml.lib : memory.c.obj (.esysmem)
                  0000deaa    000003fc     --HOLE--

csm_rsvd   0    0033ff80    00000000     DSECT

csmpasswds 
*          0    0033fff8    00000000     DSECT

MODULE SUMMARY

       Module              code    initialized data   uninitialized data
       ------              ----    ----------------   ------------------
    .\APP\
       md5.obj             2498    75                 64                
       app.obj             794     145                912               
       aes.obj             642     522                0                 
    +--+-------------------+-------+------------------+--------------------+
       Total:              3934    742                976               
                                                                        
    .\BSP\
       bsp_int.obj         223     0                  256               
       bsp.obj             250     0                  0                 
       bsp_led.obj         93      0                  0                 
    +--+-------------------+-------+------------------+--------------------+
       Total:              566     0                  256               
                                                                        
    .\BSP\CCS\
       bsp_start.obj       17      0                  0                 
    +--+-------------------+-------+------------------+--------------------+
       Total:              17      0                  0                 
                                                                        
    .\BSP\OS\uCOS-II\
       bsp_os.obj          206     4                  16                
    +--+-------------------+-------+------------------+--------------------+
       Total:              206     4                  16                
                                                                        
    .\uC-CPU\
       cpu_core.obj        203     258                0                 
    +--+-------------------+-------+------------------+--------------------+
       Total:              203     258                0                 
                                                                        
    .\uC-CPU\C28x\CCS\
       cpu_c.obj           115     32                 0                 
       cpu_a.obj           31      0                  0                 
    +--+-------------------+-------+------------------+--------------------+
       Total:              146     32                 0                 
                                                                        
    .\uC-LIB\
       lib_mem.obj         0       59                 12                
       lib_math.obj        0       0                  2                 
    +--+-------------------+-------+------------------+--------------------+
       Total:              0       59                 14                
                                                                        
    .\uCOS-II\Ports\C28x\Generic\CCS\
       os_cpu_c.obj        315     12                 5                 
       os_dbg.obj          141     58                 0                 
       os_cpu_a.obj        94      0                  0                 
    +--+-------------------+-------+------------------+--------------------+
       Total:              550     70                 5                 
                                                                        
    .\uCOS-II\Source\
       os_core.obj         1977    286                2050              
       os_task.obj         1482    2                  0                 
       os_flag.obj         1267    2                  0                 
       os_q.obj            1017    2                  0                 
       os_sem.obj          543     2                  0                 
       os_mem.obj          404     2                  0                 
       os_time.obj         270     0                  0                 
       os_mbox.obj         0       2                  0                 
       os_mutex.obj        0       2                  0                 
    +--+-------------------+-------+------------------+--------------------+
       Total:              6960    300                2050              
                                                                        
    C:\ti\ccs1011\ccs\tools\compiler\ti-cgt-c2000_20.2.1.LTS\lib\rts2800_ml.lib
       _printfi.c.obj      3224    66                 0                 
       memory.c.obj        649     4                  4                 
       trgmsg.c.obj        148     0                  288               
       defs.c.obj          0       42                 281               
       fopen.c.obj         287     4                  1                 
       ll_div28.asm.obj    263     0                  0                 
       ctype.c.obj         0       257                0                 
       s_scalbn.c.obj      172     28                 0                 
       fputs.c.obj         163     2                  0                 
       fd_add28.asm.obj    156     0                  0                 
       host_device.c.obj   0       41                 112               
       fd_div28.asm.obj    139     0                  0                 
       fd_mpy28.asm.obj    131     0                  0                 
       setvbuf.c.obj       121     0                  0                 
       open.c.obj          111     4                  1                 
       fflush.c.obj        107     0                  0                 
       _io_perm.c.obj      103     0                  0                 
       s_frexp.c.obj       92      8                  0                 
       hostlseek.c.obj     93      0                  0                 
       fclose.c.obj        91      0                  0                 
       boot28.asm.obj      84      0                  0                 
       getdevice.c.obj     80      0                  0                 
       fputc.c.obj         79      0                  0                 
       hostopen.c.obj      57      0                  8                 
       hostrename.c.obj    63      0                  0                 
       exit.c.obj          41      14                 6                 
       fseek.c.obj         61      0                  0                 
       hostread.c.obj      56      0                  0                 
       hostwrite.c.obj     56      0                  0                 
       printf.c.obj        52      0                  0                 
       close.c.obj         51      0                  0                 
       atoi.c.obj          49      0                  0                 
       _ltoa.c.obj         46      0                  0                 
       fd_cmp28.asm.obj    42      0                  0                 
       l_div28.asm.obj     42      0                  0                 
       hostclose.c.obj     39      0                  0                 
       hostunlink.c.obj    37      0                  0                 
       cpy_tbl.c.obj       36      0                  0                 
       s_copysign.c.obj    35      0                  0                 
       fd_toi28.asm.obj    33      0                  0                 
       fd_tol28.asm.obj    31      0                  0                 
       ll_cmp28.asm.obj    30      0                  0                 
       i_tofd28.asm.obj    29      0                  0                 
       memcpy.c.obj        29      0                  0                 
       fs_tofd28.asm.obj   28      0                  0                 
       l_tofd28.asm.obj    28      0                  0                 
       unlink.c.obj        25      0                  0                 
       ll_aox28.asm.obj    24      0                  0                 
       lseek.c.obj         24      0                  0                 
       write.c.obj         24      0                  0                 
       _lock.c.obj         9       10                 4                 
       strncpy.c.obj       21      0                  0                 
       args_main.c.obj     17      0                  0                 
       memccpy.c.obj       16      0                  0                 
       fd_sub28.asm.obj    14      0                  0                 
       memchr.c.obj        13      0                  0                 
       strchr.c.obj        11      0                  0                 
       strcmp.c.obj        10      0                  0                 
       fd_neg28.asm.obj    9       0                  0                 
       strlen.c.obj        8       0                  0                 
       wcslen.c.obj        8       0                  0                 
       memset.c.obj        7       0                  0                 
       errno.c.obj         0       4                  1                 
       strcpy.c.obj        5       0                  0                 
       remove.c.obj        3       0                  0                 
       pre_init.c.obj      2       0                  0                 
       startup.c.obj       1       0                  0                 
    +--+-------------------+-------+------------------+--------------------+
       Total:              7515    484                706               
                                                                        
       Heap:               0       0                  1024              
       Stack:              0       0                  1872              
    +--+-------------------+-------+------------------+--------------------+
       Grand Total:        20097   1949               6919              


GLOBAL DATA SYMBOLS: SORTED BY DATA PAGE

address     data page           name
--------    ----------------    ----
000000b0       2 (00000080)     __stack

00000d00      34 (00000d00)     ___BSP_VectorTable

00008000     200 (00008000)     __CIOBUF_

0000d000     340 (0000d000)     _OSTCBTbl

0000d420     350 (0000d400)     _Reply_flag
0000d430     350 (0000d400)     _Timer_flag

0000d440     351 (0000d440)     _OSTaskIdleStk

0000d540     355 (0000d540)     _OSTaskStatStk

0000d640     359 (0000d640)     _OSEventTbl

0000d6e0     35b (0000d6c0)     _Timer_flag_NoneCrypt
0000d6f0     35b (0000d6c0)     _hash

0000d700     35c (0000d700)     ___TI_tmpnams

0000d7a0     35e (0000d780)     _scirxBuf
0000d7b0     35e (0000d780)     _Mem_SegHeadPtr
0000d7b2     35e (0000d780)     _Mem_SegHeap
0000d7bc     35e (0000d780)     _DEVICE_OUT

0000d7c0     35f (0000d7c0)     _Status_Sync_ExTime
0000d7c1     35f (0000d7c0)     _Init_Update_EXTime
0000d7c2     35f (0000d7c0)     _User_00_ExTime
0000d7c3     35f (0000d7c0)     _User_01_ExTime
0000d7c4     35f (0000d7c0)     _User_02_ExTime
0000d7c5     35f (0000d7c0)     _User_03_ExTime
0000d7c6     35f (0000d7c0)     _User_04_ExTime
0000d7c7     35f (0000d7c0)     _User_05_ExTime
0000d7c8     35f (0000d7c0)     _User_06_ExTime
0000d7c9     35f (0000d7c0)     _User_07_ExTime
0000d7ca     35f (0000d7c0)     _User_certification_ExTime
0000d7cb     35f (0000d7c0)     _UART_Reception_ExTime
0000d7cc     35f (0000d7c0)     _UART_Transmission_ExTime
0000d7cd     35f (0000d7c0)     _Diagnosis_ExTime
0000d7ce     35f (0000d7c0)     _Data_Sync_ExTime
0000d7cf     35f (0000d7c0)     _User_Task_Cnt
0000d7d0     35f (0000d7c0)     _TaskID
0000d7d1     35f (0000d7c0)     _nonce
0000d7d2     35f (0000d7c0)     _start
0000d7d3     35f (0000d7c0)     _UserCert_flag
0000d7d4     35f (0000d7c0)     _certification_flag1
0000d7d5     35f (0000d7c0)     _certification_flag2
0000d7d6     35f (0000d7c0)     _aes_flag
0000d7d7     35f (0000d7c0)     _psh_flag

0000d800     360 (0000d800)     _context

0000d85c     361 (0000d840)     _OSRdyTbl
0000d864     361 (0000d840)     _parmbuf
0000d86c     361 (0000d840)     _User_MAC_Address
0000d872     361 (0000d840)     ___TI_enable_exit_profile_output
0000d874     361 (0000d840)     ___TI_cleanup_ptr
0000d876     361 (0000d840)     ___TI_dtors_ptr
0000d878     361 (0000d840)     _User_ID
0000d87d     361 (0000d840)     ___TI_ft_end
0000d87e     361 (0000d840)     __lock

0000d880     362 (0000d880)     _OSTCBPrioTbl

0000d900     364 (0000d900)     __ftable

0000d978     365 (0000d940)     _User_password
0000d97d     365 (0000d940)     _errno
0000d97e     365 (0000d940)     __unlock

0000d980     366 (0000d980)     _Data_SyncStk

0000d9e0     367 (0000d9c0)     _cnt0
0000d9e1     367 (0000d9c0)     _cnt1
0000d9e2     367 (0000d9c0)     _Time
0000d9e3     367 (0000d9c0)     _Excute_Time
0000d9e4     367 (0000d9c0)     _init_flag
0000d9ea     367 (0000d9c0)     _Math_RandSeedCur

0000da00     368 (0000da00)     _DiagnosisStk

0000da80     36a (0000da80)     _Init_UpdateStk

0000db00     36c (0000db00)     _Status_SyncStk

0000db80     36e (0000db80)     _UART_ReceptionStk

0000dc00     370 (0000dc00)     _UART_TransmissionStk

0000dc80     372 (0000dc80)     _User_certificationStk

0000dd00     374 (0000dd00)     __device

0000dd48     375 (0000dd40)     _OSQTbl

0000ddc0     377 (0000ddc0)     _OSMemTbl

0000de00     378 (0000de00)     _OSFlagTbl

0000de40     379 (0000de40)     __stream

0000de80     37a (0000de80)     _OSCPUUsage
0000de81     37a (0000de80)     _OSStatRdy
0000de82     37a (0000de80)     _OSIntNesting
0000de83     37a (0000de80)     _OSLockNesting
0000de84     37a (0000de80)     _OSPrioCur
0000de85     37a (0000de80)     _OSPrioHighRdy
0000de86     37a (0000de80)     _OSRdyGrp
0000de87     37a (0000de80)     _OSRunning
0000de88     37a (0000de80)     _OSTaskCtr
0000de89     37a (0000de80)     _OSTickStepState
0000de8a     37a (0000de80)     _OSTaskRegNextAvailID
0000de8c     37a (0000de80)     _OSCtxSwCtr
0000de8e     37a (0000de80)     _OSEventFreeList
0000de90     37a (0000de80)     _OSFlagFreeList
0000de92     37a (0000de80)     _OSIdleCtrMax
0000de94     37a (0000de80)     _OSIdleCtrRun
0000de96     37a (0000de80)     _OSIdleCtr
0000de98     37a (0000de80)     _OSTCBCur
0000de9a     37a (0000de80)     _OSTCBFreeList
0000de9c     37a (0000de80)     _OSTCBHighRdy
0000de9e     37a (0000de80)     _OSTCBList
0000dea0     37a (0000de80)     _OSMemFreeList
0000dea2     37a (0000de80)     _OSQFreeList
0000dea4     37a (0000de80)     _OSTime
0000dea6     37a (0000de80)     __sys_memory

00304e80    c13a (00304e80)     __ctypes_

00305081    c142 (00305080)     _OSUnMapTbl

00305181    c146 (00305180)     _rsbox

00305281    c14a (00305280)     _sbox

003053be    c14e (00305380)     _OSDebugEn
003053bf    c14e (00305380)     _OSEventEn

003053c0    c14f (003053c0)     _OSEventMax
003053c1    c14f (003053c0)     _OSEventNameEn
003053c2    c14f (003053c0)     _OSEventSize
003053c3    c14f (003053c0)     _OSEventTblSize
003053c4    c14f (003053c0)     _OSEventMultiEn
003053c5    c14f (003053c0)     _OSFlagEn
003053c6    c14f (003053c0)     _OSFlagGrpSize
003053c7    c14f (003053c0)     _OSFlagNodeSize
003053c8    c14f (003053c0)     _OSFlagWidth
003053c9    c14f (003053c0)     _OSFlagMax
003053ca    c14f (003053c0)     _OSFlagNameEn
003053cb    c14f (003053c0)     _OSLowestPrio
003053cc    c14f (003053c0)     _OSMboxEn
003053cd    c14f (003053c0)     _OSMemEn
003053ce    c14f (003053c0)     _OSMemMax
003053cf    c14f (003053c0)     _OSMemNameEn
003053d0    c14f (003053c0)     _OSMemSize
003053d1    c14f (003053c0)     _OSMemTblSize
003053d2    c14f (003053c0)     _OSMutexEn
003053d3    c14f (003053c0)     _OSPtrSize
003053d4    c14f (003053c0)     _OSQEn
003053d5    c14f (003053c0)     _OSQMax
003053d6    c14f (003053c0)     _OSQSize
003053d7    c14f (003053c0)     _OSRdyTblSize
003053d8    c14f (003053c0)     _OSSemEn
003053d9    c14f (003053c0)     _OSStkWidth
003053da    c14f (003053c0)     _OSTaskCreateEn
003053db    c14f (003053c0)     _OSTaskCreateExtEn
003053dc    c14f (003053c0)     _OSTaskDelEn
003053dd    c14f (003053c0)     _OSTaskIdleStkSize
003053de    c14f (003053c0)     _OSTaskProfileEn
003053df    c14f (003053c0)     _OSTaskMax
003053e0    c14f (003053c0)     _OSTaskNameEn
003053e1    c14f (003053c0)     _OSTaskStatEn
003053e2    c14f (003053c0)     _OSTaskStatStkSize
003053e3    c14f (003053c0)     _OSTaskStatStkChkEn
003053e4    c14f (003053c0)     _OSTaskSwHookEn
003053e5    c14f (003053c0)     _OSTaskRegTblSize
003053e6    c14f (003053c0)     _OSTCBPrioTblMax
003053e7    c14f (003053c0)     _OSTCBSize
003053e8    c14f (003053c0)     _OSTicksPerSec
003053e9    c14f (003053c0)     _OSTimeTickHookEn
003053ea    c14f (003053c0)     _OSVersionNbr
003053eb    c14f (003053c0)     _OSTmrEn
003053ec    c14f (003053c0)     _OSTmrCfgMax
003053ed    c14f (003053c0)     _OSTmrCfgNameEn
003053ee    c14f (003053c0)     _OSTmrCfgWheelSize
003053ef    c14f (003053c0)     _OSTmrCfgTicksPerSec
003053f0    c14f (003053c0)     _OSTmrSize
003053f1    c14f (003053c0)     _OSTmrTblSize
003053f2    c14f (003053c0)     _OSTmrWheelSize
003053f3    c14f (003053c0)     _OSTmrWheelTblSize
003053f4    c14f (003053c0)     _OSDataSize
003053f6    c14f (003053c0)     _OSEndiannessTest

003054a4    c152 (00305480)     _Rcon

003054ce    c153 (003054c0)     _CPU_EndiannessTest


GLOBAL SYMBOLS: SORTED ALPHABETICALLY BY Name 

page  address   name                            
----  -------   ----                            
0     00300000  .text                           
0     00304bca  C$$EXIT                         
0     0030425e  C$$IO$$                         
0     0030416f  FD$$ADD                         
0     00304b76  FD$$CMP                         
0     0030432c  FD$$DIV                         
0     003043b7  FD$$MPY                         
0     00304e54  FD$$NEG                         
0     00304e1b  FD$$SUB                         
0     00304c86  FD$$TOI                         
0     00304cc6  FD$$TOL                         
0     00304d3d  FS$$TOFD                        
0     00304d03  I$$TOFD                         
0     00304ba0  L$$DIV                          
0     00304baf  L$$MOD                          
0     00304d59  L$$TOFD                         
0     00304d8e  LL$$AND                         
0     00304ce5  LL$$CMP                         
0     00303c09  LL$$DIV                         
0     00303c45  LL$$MOD                         
0     00304d96  LL$$OR                          
0     00304d9e  LL$$XOR                         
0     00304bbd  UL$$DIV                         
0     00304bc4  UL$$MOD                         
0     00304cf7  ULL$$CMP                        
0     00303c7f  ULL$$DIV                        
0     00303cae  ULL$$MOD                        
0     00303d34  _BSP_CPU_ClkFreq                
0     00303f56  _BSP_ExtIntDis                  
0     00303f42  _BSP_ExtIntEn                   
0     00303d10  _BSP_Init                       
0     00303ed5  _BSP_IntAck                     
0     00303f1a  _BSP_IntDis                     
0     00303ef3  _BSP_IntEn                      
0     00304ae6  _BSP_IntHandlerDummy            
0     00303f6a  _BSP_IntVectSet                 
0     003046e4  _BSP_LED_Off                    
0     003046c5  _BSP_LED_On                     
0     00304703  _BSP_LED_Toggle                 
0     003040d2  _BSP_OS_TIMER2_TickHandler      
0     00304ab5  _BSP_OS_TIMER2_TickInit         
0     00304e0c  _BSP_RAM_StartHere              
0     00303da8  _BSP_SCIA_Init                  
0     003040fc  _BSP_SCIA_RX                    
0     00304124  _BSP_SCIA_TX                    
0     00303d23  _BSP_Tick_Init                  
0     00304cb8  _CPU_CntLeadZeros               
0     00303e0c  _CPU_CntLeadZeros08             
0     00303e16  _CPU_CntLeadZeros16             
0     00303e1d  _CPU_CntLeadZeros32             
0     00303e55  _CPU_CntTrailZeros              
0     00303e67  _CPU_CntTrailZeros08            
0     00303e79  _CPU_CntTrailZeros16            
0     00303e8b  _CPU_CntTrailZeros32            
0     003054ce  _CPU_EndiannessTest             
0     00303e0a  _CPU_Init                       
0     00304ca7  _CPU_IntDis                     
0     00304ca9  _CPU_IntEn                      
0     003044b3  _CPU_IntSrcDis                  
0     003044c9  _CPU_IntSrcEn                   
0     003044de  _CPU_IntSrcPendClr              
0     00303e9f  _CPU_PopCnt32                   
0     00304cc4  _CPU_RevBits                    
0     00304cb0  _CPU_SR_Restore                 
0     00304cab  _CPU_SR_Save                    
0     00303e0b  _CPU_SW_Exception               
1     0000d7bc  _DEVICE_OUT                     
1     0000d980  _Data_SyncStk                   
1     0000d7ce  _Data_Sync_ExTime               
1     0000da00  _DiagnosisStk                   
1     0000d7cd  _Diagnosis_ExTime               
1     0000d9e3  _Excute_Time                    
0     00304bf3  _HOSTclose                      
0     00304722  _HOSTlseek                      
0     003049a5  _HOSTopen                       
0     003049de  _HOSTread                       
0     00304929  _HOSTrename                     
0     00304c1a  _HOSTunlink                     
0     00304a16  _HOSTwrite                      
1     0000da80  _Init_UpdateStk                 
1     0000d7c1  _Init_Update_EXTime             
0     00300d3c  _MD5Final                       
0     00300c98  _MD5Init                        
0     00300cbc  _MD5Update                      
0     00301643  _MDPrint                        
1     0000d9ea  _Math_RandSeedCur               
1     0000d7b0  _Mem_SegHeadPtr                 
1     0000d7b2  _Mem_SegHeap                    
1     0000de80  _OSCPUUsage                     
1     0000de8c  _OSCtxSwCtr                     
0     003053f4  _OSDataSize                     
0     003053be  _OSDebugEn                      
0     0030429f  _OSDebugInit                    
0     003053f6  _OSEndiannessTest               
0     003053bf  _OSEventEn                      
1     0000de8e  _OSEventFreeList                
0     003053c0  _OSEventMax                     
0     003053c4  _OSEventMultiEn                 
0     003053c1  _OSEventNameEn                  
0     0030165a  _OSEventNameGet                 
0     00301699  _OSEventNameSet                 
0     003016cd  _OSEventPendMulti               
0     003053c2  _OSEventSize                    
1     0000d640  _OSEventTbl                     
0     003053c3  _OSEventTblSize                 
0     003023dd  _OSFlagAccept                   
0     00302468  _OSFlagCreate                   
0     0030249b  _OSFlagDel                      
0     003053c5  _OSFlagEn                       
1     0000de90  _OSFlagFreeList                 
0     003053c6  _OSFlagGrpSize                  
0     003053c9  _OSFlagMax                      
0     003053ca  _OSFlagNameEn                   
0     00302520  _OSFlagNameGet                  
0     0030255a  _OSFlagNameSet                  
0     003053c7  _OSFlagNodeSize                 
0     00302589  _OSFlagPend                     
0     003026e2  _OSFlagPendGetFlagsRdy          
0     003026f4  _OSFlagPost                     
0     003027b4  _OSFlagQuery                    
1     0000de00  _OSFlagTbl                      
0     003053c8  _OSFlagWidth                    
1     0000de96  _OSIdleCtr                      
1     0000de92  _OSIdleCtrMax                   
1     0000de94  _OSIdleCtrRun                   
0     00301887  _OSInit                         
0     003038a1  _OSInitHookBegin                
0     003038eb  _OSInitHookEnd                  
0     003018a0  _OSIntEnter                     
0     003018aa  _OSIntExit                      
1     0000de82  _OSIntNesting                   
1     0000de83  _OSLockNesting                  
0     003053cb  _OSLowestPrio                   
0     003053cc  _OSMboxEn                       
0     0030370d  _OSMemCreate                    
0     003053cd  _OSMemEn                        
1     0000dea0  _OSMemFreeList                  
0     00303776  _OSMemGet                       
0     003053ce  _OSMemMax                       
0     003053cf  _OSMemNameEn                    
0     003037a6  _OSMemNameGet                   
0     003037d7  _OSMemNameSet                   
0     003037fe  _OSMemPut                       
0     0030382d  _OSMemQuery                     
0     003053d0  _OSMemSize                      
1     0000ddc0  _OSMemTbl                       
0     003053d1  _OSMemTblSize                   
0     003053d2  _OSMutexEn                      
1     0000de84  _OSPrioCur                      
1     0000de85  _OSPrioHighRdy                  
0     003053d3  _OSPtrSize                      
0     003028d0  _OSQAccept                      
0     00302918  _OSQCreate                      
0     0030297d  _OSQDel                         
0     003053d4  _OSQEn                          
0     00302a16  _OSQFlush                       
1     0000dea2  _OSQFreeList                    
0     003053d5  _OSQMax                         
0     00302a3b  _OSQPend                        
0     00302af0  _OSQPendAbort                   
0     00302b34  _OSQPost                        
0     00302b7b  _OSQPostFront                   
0     00302bcf  _OSQPostOpt                     
0     00302c42  _OSQQuery                       
0     003053d6  _OSQSize                        
1     0000dd48  _OSQTbl                         
1     0000de86  _OSRdyGrp                       
1     0000d85c  _OSRdyTbl                       
0     003053d7  _OSRdyTblSize                   
1     0000de87  _OSRunning                      
0     003018dd  _OSSchedLock                    
0     003018f4  _OSSchedUnlock                  
0     003034ee  _OSSemAccept                    
0     00303508  _OSSemCreate                    
0     00303537  _OSSemDel                       
0     003053d8  _OSSemEn                        
0     003035ba  _OSSemPend                      
0     00303638  _OSSemPendAbort                 
0     0030367c  _OSSemPost                      
0     003036a9  _OSSemQuery                     
0     003036e3  _OSSemSet                       
0     0030191a  _OSStart                        
0     0030467a  _OSStartHighRdy                 
0     00301931  _OSStatInit                     
1     0000de81  _OSStatRdy                      
0     003053d9  _OSStkWidth                     
1     0000de98  _OSTCBCur                       
1     0000de9a  _OSTCBFreeList                  
1     0000de9c  _OSTCBHighRdy                   
0     003039d7  _OSTCBInitHook                  
1     0000de9e  _OSTCBList                      
1     0000d880  _OSTCBPrioTbl                   
0     003053e6  _OSTCBPrioTblMax                
0     003053e7  _OSTCBSize                      
1     0000d000  _OSTCBTbl                       
0     00301e13  _OSTaskChangePrio               
0     00301f1c  _OSTaskCreate                   
0     003053da  _OSTaskCreateEn                 
0     00301f79  _OSTaskCreateExt                
0     003053db  _OSTaskCreateExtEn              
0     003038ec  _OSTaskCreateHook               
1     0000de88  _OSTaskCtr                      
0     00301fdf  _OSTaskDel                      
0     003053dc  _OSTaskDelEn                    
0     003038f0  _OSTaskDelHook                  
0     003020d5  _OSTaskDelReq                   
0     003038f4  _OSTaskIdleHook                 
1     0000d440  _OSTaskIdleStk                  
0     003053dd  _OSTaskIdleStkSize              
0     003053df  _OSTaskMax                      
0     003053e0  _OSTaskNameEn                   
0     00302119  _OSTaskNameGet                  
0     00302175  _OSTaskNameSet                  
0     003053de  _OSTaskProfileEn                
0     003022f8  _OSTaskQuery                    
0     00302336  _OSTaskRegGet                   
0     0030236d  _OSTaskRegGetID                 
1     0000de8a  _OSTaskRegNextAvailID           
0     00302389  _OSTaskRegSet                   
0     003053e5  _OSTaskRegTblSize               
0     003021c5  _OSTaskResume                   
0     003038f5  _OSTaskReturnHook               
0     003053e1  _OSTaskStatEn                   
0     003038f9  _OSTaskStatHook                 
1     0000d540  _OSTaskStatStk                  
0     003053e3  _OSTaskStatStkChkEn             
0     003053e2  _OSTaskStatStkSize              
0     0030222a  _OSTaskStkChk                   
0     003038fa  _OSTaskStkInit                  
0     00302289  _OSTaskSuspend                  
0     0030398a  _OSTaskSwHook                   
0     003053e4  _OSTaskSwHookEn                 
1     0000de89  _OSTickStepState                
0     003053e8  _OSTicksPerSec                  
1     0000dea4  _OSTime                         
0     00303afb  _OSTimeDly                      
0     00303b38  _OSTimeDlyHMSM                  
0     00303b80  _OSTimeDlyResume                
0     00303beb  _OSTimeGet                      
0     00303bfa  _OSTimeSet                      
0     00301951  _OSTimeTick                     
0     003039db  _OSTimeTickHook                 
0     003053e9  _OSTimeTickHookEn               
0     003053ec  _OSTmrCfgMax                    
0     003053ed  _OSTmrCfgNameEn                 
0     003053ef  _OSTmrCfgTicksPerSec            
0     003053ee  _OSTmrCfgWheelSize              
0     003053eb  _OSTmrEn                        
0     003053f0  _OSTmrSize                      
0     003053f1  _OSTmrTblSize                   
0     003053f2  _OSTmrWheelSize                 
0     003053f3  _OSTmrWheelTblSize              
0     00305081  _OSUnMapTbl                     
0     003019d1  _OSVersion                      
0     003053ea  _OSVersionNbr                   
0     00304667  _OS_CPU_GetST0                  
0     0030466a  _OS_CPU_GetST1                  
0     00304695  _OS_CPU_RTOSINT_Handler         
0     00304672  _OS_CPU_SR_Restore              
0     0030466d  _OS_CPU_SR_Save                 
0     003019d4  _OS_Dummy                       
0     003019d5  _OS_EventTaskRdy                
0     00301abc  _OS_EventTaskRemove             
0     00301ae2  _OS_EventTaskRemoveMulti        
0     00301a38  _OS_EventTaskWait               
0     00301a70  _OS_EventTaskWaitMulti          
0     00301b16  _OS_EventWaitListInit           
0     0030282f  _OS_FlagInit                    
0     003028ab  _OS_FlagUnlink                  
0     00301c20  _OS_MemClr                      
0     00301c2f  _OS_MemCopy                     
0     00303865  _OS_MemInit                     
0     00302c97  _OS_QInit                       
0     00301c42  _OS_Sched                       
0     00301c81  _OS_StrLen                      
0     00301d2b  _OS_TCBInit                     
0     00301c93  _OS_TaskIdle                    
0     003023be  _OS_TaskReturn                  
0     00301ca8  _OS_TaskStat                    
0     00301cfc  _OS_TaskStatStkChk              
0     003023c7  _OS_TaskStkClr                  
0     003054a4  _Rcon                           
1     0000d420  _Reply_flag                     
1     0000db00  _Status_SyncStk                 
1     0000d7c0  _Status_Sync_ExTime             
1     0000d7d0  _TaskID                         
1     0000d9e2  _Time                           
1     0000d430  _Timer_flag                     
1     0000d6e0  _Timer_flag_NoneCrypt           
1     0000db80  _UART_ReceptionStk              
1     0000d7cb  _UART_Reception_ExTime          
1     0000dc00  _UART_TransmissionStk           
1     0000d7cc  _UART_Transmission_ExTime       
1     0000d7d3  _UserCert_flag                  
1     0000d7c2  _User_00_ExTime                 
1     0000d7c3  _User_01_ExTime                 
1     0000d7c4  _User_02_ExTime                 
1     0000d7c5  _User_03_ExTime                 
1     0000d7c6  _User_04_ExTime                 
1     0000d7c7  _User_05_ExTime                 
1     0000d7c8  _User_06_ExTime                 
1     0000d7c9  _User_07_ExTime                 
1     0000d878  _User_ID                        
1     0000d86c  _User_MAC_Address               
1     0000d7cf  _User_Task_Cnt                  
1     0000dc80  _User_certificationStk          
1     0000d7ca  _User_certification_ExTime      
1     0000d978  _User_password                  
0     00008000  __CIOBUF_                       
1     00000800  __STACK_END                     
abs   00000750  __STACK_SIZE                    
abs   00000400  __SYSMEM_SIZE                   
1     00000d00  ___BSP_VectorTable              
0     00303a7a  ___TI_cleanup                   
1     0000d874  ___TI_cleanup_ptr               
0     003047db  ___TI_closefile                 
0     00304595  ___TI_doflush                   
1     0000d876  ___TI_dtors_ptr                 
1     0000d872  ___TI_enable_exit_profile_output
1     0000d87d  ___TI_ft_end                    
0     0030326a  ___TI_heap_check                
0     0030324d  ___TI_heap_largest_available    
0     00303230  ___TI_heap_total_available      
0     00304b48  ___TI_ltoa                      
abs   ffffffff  ___TI_pprof_out_hndl            
0     00300b12  ___TI_printfi                   
abs   ffffffff  ___TI_prof_data_size            
abs   ffffffff  ___TI_prof_data_start           
0     0030463b  ___TI_rd_ok                     
0     00304263  ___TI_readmsg                   
1     0000d700  ___TI_tmpnams                   
0     0030420b  ___TI_writemsg                  
0     00304600  ___TI_wrt_ok                    
abs   ffffffff  ___binit__                      
abs   ffffffff  ___c_args__                     
0     003054d0  ___cinit__                      
0     00304e7f  ___etext__                      
abs   ffffffff  ___pinit__                      
0     00300000  ___text__                       
0     00304deb  __args_main                     
0     00304e80  __ctypes_                       
1     0000dd00  __device                        
1     0000d900  __ftable                        
1     0000d87e  __lock                          
0     00304e53  __nop                           
0     00304e4f  __register_lock                 
0     00304e4b  __register_unlock               
1     000000b0  __stack                         
1     0000de40  __stream                        
1     0000dea6  __sys_memory                    
0     00304e7e  __system_post_cinit             
0     00304e7c  __system_pre_init               
1     0000d97e  __unlock                        
0     00304bca  _abort                          
0     0030327a  _aes_enc_dec                    
1     0000d7d6  _aes_flag                       
0     0030318a  _aligned_alloc                  
0     00304b17  _atoi                           
0     00304836  _c_int00                        
0     0030315d  _calloc                         
1     0000d7d4  _certification_flag1            
1     0000d7d5  _certification_flag2            
0     00304a82  _close                          
1     0000d9e0  _cnt0                           
1     0000d9e1  _cnt1                           
1     0000d800  _context                        
0     00304c3f  _copy_in                        
0     00304c63  _copysignl                      
1     0000d97d  _errno                          
0     00304bcc  _exit                           
0     0030481d  _fclose                         
0     003045c4  _fflush                         
0     0030488a  _finddevice                     
0     00303ab5  _fopen                          
0     003048da  _fputc                          
0     0030402f  _fputs                          
0     0030300e  _free                           
0     00303a97  _freopen                        
0     0030477f  _frexpl                         
0     00304968  _fseek                          
0     0030326c  _galois_mul2                    
0     003048a5  _getdevice                      
1     0000d6f0  _hash                           
1     0000d9e4  _init_flag                      
0     00303f83  _ldexpl                         
0     00304da6  _lseek                          
0     00302cc9  _main                           
0     00302fe3  _malloc                         
0     0030318a  _memalign                       
0     00304dfc  _memccpy                        
0     00304e29  _memchr                         
0     00304d20  _memcpy                         
0     00304e6d  _memset                         
0     00303159  _minit                          
1     0000d7d1  _nonce                          
0     00304526  _open                           
1     0000d864  _parmbuf                        
0     00304a54  _printf                         
1     0000d7d7  _psh_flag                       
0     003048da  _putc                           
0     00304924  _putchar                        
0     003040bf  _puts                           
0     003030d6  _realloc                        
0     00304e79  _remove                         
0     00305181  _rsbox                          
0     00305281  _sbox                           
0     00303f83  _scalbnl                        
1     0000d7a0  _scirxBuf                       
0     0030443a  _setvbuf                        
1     0000d7d2  _start                          
0     00304e36  _strchr                         
0     00304e41  _strcmp                         
0     00304e74  _strcpy                         
0     00304e5d  _strlen                         
0     00304dd6  _strncpy                        
0     00304d75  _unlink                         
0     00304e65  _wcslen                         
0     00304dbe  _write                          
abs   ffffffff  binit                           
0     003054d0  cinit                           
0     00304e7f  etext                           
abs   ffffffff  pinit                           


GLOBAL SYMBOLS: SORTED BY Symbol Address 

page  address   name                            
----  -------   ----                            
0     00008000  __CIOBUF_                       
0     00300000  .text                           
0     00300000  ___text__                       
0     00300b12  ___TI_printfi                   
0     00300c98  _MD5Init                        
0     00300cbc  _MD5Update                      
0     00300d3c  _MD5Final                       
0     00301643  _MDPrint                        
0     0030165a  _OSEventNameGet                 
0     00301699  _OSEventNameSet                 
0     003016cd  _OSEventPendMulti               
0     00301887  _OSInit                         
0     003018a0  _OSIntEnter                     
0     003018aa  _OSIntExit                      
0     003018dd  _OSSchedLock                    
0     003018f4  _OSSchedUnlock                  
0     0030191a  _OSStart                        
0     00301931  _OSStatInit                     
0     00301951  _OSTimeTick                     
0     003019d1  _OSVersion                      
0     003019d4  _OS_Dummy                       
0     003019d5  _OS_EventTaskRdy                
0     00301a38  _OS_EventTaskWait               
0     00301a70  _OS_EventTaskWaitMulti          
0     00301abc  _OS_EventTaskRemove             
0     00301ae2  _OS_EventTaskRemoveMulti        
0     00301b16  _OS_EventWaitListInit           
0     00301c20  _OS_MemClr                      
0     00301c2f  _OS_MemCopy                     
0     00301c42  _OS_Sched                       
0     00301c81  _OS_StrLen                      
0     00301c93  _OS_TaskIdle                    
0     00301ca8  _OS_TaskStat                    
0     00301cfc  _OS_TaskStatStkChk              
0     00301d2b  _OS_TCBInit                     
0     00301e13  _OSTaskChangePrio               
0     00301f1c  _OSTaskCreate                   
0     00301f79  _OSTaskCreateExt                
0     00301fdf  _OSTaskDel                      
0     003020d5  _OSTaskDelReq                   
0     00302119  _OSTaskNameGet                  
0     00302175  _OSTaskNameSet                  
0     003021c5  _OSTaskResume                   
0     0030222a  _OSTaskStkChk                   
0     00302289  _OSTaskSuspend                  
0     003022f8  _OSTaskQuery                    
0     00302336  _OSTaskRegGet                   
0     0030236d  _OSTaskRegGetID                 
0     00302389  _OSTaskRegSet                   
0     003023be  _OS_TaskReturn                  
0     003023c7  _OS_TaskStkClr                  
0     003023dd  _OSFlagAccept                   
0     00302468  _OSFlagCreate                   
0     0030249b  _OSFlagDel                      
0     00302520  _OSFlagNameGet                  
0     0030255a  _OSFlagNameSet                  
0     00302589  _OSFlagPend                     
0     003026e2  _OSFlagPendGetFlagsRdy          
0     003026f4  _OSFlagPost                     
0     003027b4  _OSFlagQuery                    
0     0030282f  _OS_FlagInit                    
0     003028ab  _OS_FlagUnlink                  
0     003028d0  _OSQAccept                      
0     00302918  _OSQCreate                      
0     0030297d  _OSQDel                         
0     00302a16  _OSQFlush                       
0     00302a3b  _OSQPend                        
0     00302af0  _OSQPendAbort                   
0     00302b34  _OSQPost                        
0     00302b7b  _OSQPostFront                   
0     00302bcf  _OSQPostOpt                     
0     00302c42  _OSQQuery                       
0     00302c97  _OS_QInit                       
0     00302cc9  _main                           
0     00302fe3  _malloc                         
0     0030300e  _free                           
0     003030d6  _realloc                        
0     00303159  _minit                          
0     0030315d  _calloc                         
0     0030318a  _aligned_alloc                  
0     0030318a  _memalign                       
0     00303230  ___TI_heap_total_available      
0     0030324d  ___TI_heap_largest_available    
0     0030326a  ___TI_heap_check                
0     0030326c  _galois_mul2                    
0     0030327a  _aes_enc_dec                    
0     003034ee  _OSSemAccept                    
0     00303508  _OSSemCreate                    
0     00303537  _OSSemDel                       
0     003035ba  _OSSemPend                      
0     00303638  _OSSemPendAbort                 
0     0030367c  _OSSemPost                      
0     003036a9  _OSSemQuery                     
0     003036e3  _OSSemSet                       
0     0030370d  _OSMemCreate                    
0     00303776  _OSMemGet                       
0     003037a6  _OSMemNameGet                   
0     003037d7  _OSMemNameSet                   
0     003037fe  _OSMemPut                       
0     0030382d  _OSMemQuery                     
0     00303865  _OS_MemInit                     
0     003038a1  _OSInitHookBegin                
0     003038eb  _OSInitHookEnd                  
0     003038ec  _OSTaskCreateHook               
0     003038f0  _OSTaskDelHook                  
0     003038f4  _OSTaskIdleHook                 
0     003038f5  _OSTaskReturnHook               
0     003038f9  _OSTaskStatHook                 
0     003038fa  _OSTaskStkInit                  
0     0030398a  _OSTaskSwHook                   
0     003039d7  _OSTCBInitHook                  
0     003039db  _OSTimeTickHook                 
0     00303a7a  ___TI_cleanup                   
0     00303a97  _freopen                        
0     00303ab5  _fopen                          
0     00303afb  _OSTimeDly                      
0     00303b38  _OSTimeDlyHMSM                  
0     00303b80  _OSTimeDlyResume                
0     00303beb  _OSTimeGet                      
0     00303bfa  _OSTimeSet                      
0     00303c09  LL$$DIV                         
0     00303c45  LL$$MOD                         
0     00303c7f  ULL$$DIV                        
0     00303cae  ULL$$MOD                        
0     00303d10  _BSP_Init                       
0     00303d23  _BSP_Tick_Init                  
0     00303d34  _BSP_CPU_ClkFreq                
0     00303da8  _BSP_SCIA_Init                  
0     00303e0a  _CPU_Init                       
0     00303e0b  _CPU_SW_Exception               
0     00303e0c  _CPU_CntLeadZeros08             
0     00303e16  _CPU_CntLeadZeros16             
0     00303e1d  _CPU_CntLeadZeros32             
0     00303e55  _CPU_CntTrailZeros              
0     00303e67  _CPU_CntTrailZeros08            
0     00303e79  _CPU_CntTrailZeros16            
0     00303e8b  _CPU_CntTrailZeros32            
0     00303e9f  _CPU_PopCnt32                   
0     00303ed5  _BSP_IntAck                     
0     00303ef3  _BSP_IntEn                      
0     00303f1a  _BSP_IntDis                     
0     00303f42  _BSP_ExtIntEn                   
0     00303f56  _BSP_ExtIntDis                  
0     00303f6a  _BSP_IntVectSet                 
0     00303f83  _ldexpl                         
0     00303f83  _scalbnl                        
0     0030402f  _fputs                          
0     003040bf  _puts                           
0     003040d2  _BSP_OS_TIMER2_TickHandler      
0     003040fc  _BSP_SCIA_RX                    
0     00304124  _BSP_SCIA_TX                    
0     0030416f  FD$$ADD                         
0     0030420b  ___TI_writemsg                  
0     0030425e  C$$IO$$                         
0     00304263  ___TI_readmsg                   
0     0030429f  _OSDebugInit                    
0     0030432c  FD$$DIV                         
0     003043b7  FD$$MPY                         
0     0030443a  _setvbuf                        
0     003044b3  _CPU_IntSrcDis                  
0     003044c9  _CPU_IntSrcEn                   
0     003044de  _CPU_IntSrcPendClr              
0     00304526  _open                           
0     00304595  ___TI_doflush                   
0     003045c4  _fflush                         
0     00304600  ___TI_wrt_ok                    
0     0030463b  ___TI_rd_ok                     
0     00304667  _OS_CPU_GetST0                  
0     0030466a  _OS_CPU_GetST1                  
0     0030466d  _OS_CPU_SR_Save                 
0     00304672  _OS_CPU_SR_Restore              
0     0030467a  _OSStartHighRdy                 
0     00304695  _OS_CPU_RTOSINT_Handler         
0     003046c5  _BSP_LED_On                     
0     003046e4  _BSP_LED_Off                    
0     00304703  _BSP_LED_Toggle                 
0     00304722  _HOSTlseek                      
0     0030477f  _frexpl                         
0     003047db  ___TI_closefile                 
0     0030481d  _fclose                         
0     00304836  _c_int00                        
0     0030488a  _finddevice                     
0     003048a5  _getdevice                      
0     003048da  _fputc                          
0     003048da  _putc                           
0     00304924  _putchar                        
0     00304929  _HOSTrename                     
0     00304968  _fseek                          
0     003049a5  _HOSTopen                       
0     003049de  _HOSTread                       
0     00304a16  _HOSTwrite                      
0     00304a54  _printf                         
0     00304a82  _close                          
0     00304ab5  _BSP_OS_TIMER2_TickInit         
0     00304ae6  _BSP_IntHandlerDummy            
0     00304b17  _atoi                           
0     00304b48  ___TI_ltoa                      
0     00304b76  FD$$CMP                         
0     00304ba0  L$$DIV                          
0     00304baf  L$$MOD                          
0     00304bbd  UL$$DIV                         
0     00304bc4  UL$$MOD                         
0     00304bca  C$$EXIT                         
0     00304bca  _abort                          
0     00304bcc  _exit                           
0     00304bf3  _HOSTclose                      
0     00304c1a  _HOSTunlink                     
0     00304c3f  _copy_in                        
0     00304c63  _copysignl                      
0     00304c86  FD$$TOI                         
0     00304ca7  _CPU_IntDis                     
0     00304ca9  _CPU_IntEn                      
0     00304cab  _CPU_SR_Save                    
0     00304cb0  _CPU_SR_Restore                 
0     00304cb8  _CPU_CntLeadZeros               
0     00304cc4  _CPU_RevBits                    
0     00304cc6  FD$$TOL                         
0     00304ce5  LL$$CMP                         
0     00304cf7  ULL$$CMP                        
0     00304d03  I$$TOFD                         
0     00304d20  _memcpy                         
0     00304d3d  FS$$TOFD                        
0     00304d59  L$$TOFD                         
0     00304d75  _unlink                         
0     00304d8e  LL$$AND                         
0     00304d96  LL$$OR                          
0     00304d9e  LL$$XOR                         
0     00304da6  _lseek                          
0     00304dbe  _write                          
0     00304dd6  _strncpy                        
0     00304deb  __args_main                     
0     00304dfc  _memccpy                        
0     00304e0c  _BSP_RAM_StartHere              
0     00304e1b  FD$$SUB                         
0     00304e29  _memchr                         
0     00304e36  _strchr                         
0     00304e41  _strcmp                         
0     00304e4b  __register_unlock               
0     00304e4f  __register_lock                 
0     00304e53  __nop                           
0     00304e54  FD$$NEG                         
0     00304e5d  _strlen                         
0     00304e65  _wcslen                         
0     00304e6d  _memset                         
0     00304e74  _strcpy                         
0     00304e79  _remove                         
0     00304e7c  __system_pre_init               
0     00304e7e  __system_post_cinit             
0     00304e7f  ___etext__                      
0     00304e7f  etext                           
0     00304e80  __ctypes_                       
0     00305081  _OSUnMapTbl                     
0     00305181  _rsbox                          
0     00305281  _sbox                           
0     003053be  _OSDebugEn                      
0     003053bf  _OSEventEn                      
0     003053c0  _OSEventMax                     
0     003053c1  _OSEventNameEn                  
0     003053c2  _OSEventSize                    
0     003053c3  _OSEventTblSize                 
0     003053c4  _OSEventMultiEn                 
0     003053c5  _OSFlagEn                       
0     003053c6  _OSFlagGrpSize                  
0     003053c7  _OSFlagNodeSize                 
0     003053c8  _OSFlagWidth                    
0     003053c9  _OSFlagMax                      
0     003053ca  _OSFlagNameEn                   
0     003053cb  _OSLowestPrio                   
0     003053cc  _OSMboxEn                       
0     003053cd  _OSMemEn                        
0     003053ce  _OSMemMax                       
0     003053cf  _OSMemNameEn                    
0     003053d0  _OSMemSize                      
0     003053d1  _OSMemTblSize                   
0     003053d2  _OSMutexEn                      
0     003053d3  _OSPtrSize                      
0     003053d4  _OSQEn                          
0     003053d5  _OSQMax                         
0     003053d6  _OSQSize                        
0     003053d7  _OSRdyTblSize                   
0     003053d8  _OSSemEn                        
0     003053d9  _OSStkWidth                     
0     003053da  _OSTaskCreateEn                 
0     003053db  _OSTaskCreateExtEn              
0     003053dc  _OSTaskDelEn                    
0     003053dd  _OSTaskIdleStkSize              
0     003053de  _OSTaskProfileEn                
0     003053df  _OSTaskMax                      
0     003053e0  _OSTaskNameEn                   
0     003053e1  _OSTaskStatEn                   
0     003053e2  _OSTaskStatStkSize              
0     003053e3  _OSTaskStatStkChkEn             
0     003053e4  _OSTaskSwHookEn                 
0     003053e5  _OSTaskRegTblSize               
0     003053e6  _OSTCBPrioTblMax                
0     003053e7  _OSTCBSize                      
0     003053e8  _OSTicksPerSec                  
0     003053e9  _OSTimeTickHookEn               
0     003053ea  _OSVersionNbr                   
0     003053eb  _OSTmrEn                        
0     003053ec  _OSTmrCfgMax                    
0     003053ed  _OSTmrCfgNameEn                 
0     003053ee  _OSTmrCfgWheelSize              
0     003053ef  _OSTmrCfgTicksPerSec            
0     003053f0  _OSTmrSize                      
0     003053f1  _OSTmrTblSize                   
0     003053f2  _OSTmrWheelSize                 
0     003053f3  _OSTmrWheelTblSize              
0     003053f4  _OSDataSize                     
0     003053f6  _OSEndiannessTest               
0     003054a4  _Rcon                           
0     003054ce  _CPU_EndiannessTest             
0     003054d0  ___cinit__                      
0     003054d0  cinit                           
1     000000b0  __stack                         
1     00000800  __STACK_END                     
1     00000d00  ___BSP_VectorTable              
1     0000d000  _OSTCBTbl                       
1     0000d420  _Reply_flag                     
1     0000d430  _Timer_flag                     
1     0000d440  _OSTaskIdleStk                  
1     0000d540  _OSTaskStatStk                  
1     0000d640  _OSEventTbl                     
1     0000d6e0  _Timer_flag_NoneCrypt           
1     0000d6f0  _hash                           
1     0000d700  ___TI_tmpnams                   
1     0000d7a0  _scirxBuf                       
1     0000d7b0  _Mem_SegHeadPtr                 
1     0000d7b2  _Mem_SegHeap                    
1     0000d7bc  _DEVICE_OUT                     
1     0000d7c0  _Status_Sync_ExTime             
1     0000d7c1  _Init_Update_EXTime             
1     0000d7c2  _User_00_ExTime                 
1     0000d7c3  _User_01_ExTime                 
1     0000d7c4  _User_02_ExTime                 
1     0000d7c5  _User_03_ExTime                 
1     0000d7c6  _User_04_ExTime                 
1     0000d7c7  _User_05_ExTime                 
1     0000d7c8  _User_06_ExTime                 
1     0000d7c9  _User_07_ExTime                 
1     0000d7ca  _User_certification_ExTime      
1     0000d7cb  _UART_Reception_ExTime          
1     0000d7cc  _UART_Transmission_ExTime       
1     0000d7cd  _Diagnosis_ExTime               
1     0000d7ce  _Data_Sync_ExTime               
1     0000d7cf  _User_Task_Cnt                  
1     0000d7d0  _TaskID                         
1     0000d7d1  _nonce                          
1     0000d7d2  _start                          
1     0000d7d3  _UserCert_flag                  
1     0000d7d4  _certification_flag1            
1     0000d7d5  _certification_flag2            
1     0000d7d6  _aes_flag                       
1     0000d7d7  _psh_flag                       
1     0000d800  _context                        
1     0000d85c  _OSRdyTbl                       
1     0000d864  _parmbuf                        
1     0000d86c  _User_MAC_Address               
1     0000d872  ___TI_enable_exit_profile_output
1     0000d874  ___TI_cleanup_ptr               
1     0000d876  ___TI_dtors_ptr                 
1     0000d878  _User_ID                        
1     0000d87d  ___TI_ft_end                    
1     0000d87e  __lock                          
1     0000d880  _OSTCBPrioTbl                   
1     0000d900  __ftable                        
1     0000d978  _User_password                  
1     0000d97d  _errno                          
1     0000d97e  __unlock                        
1     0000d980  _Data_SyncStk                   
1     0000d9e0  _cnt0                           
1     0000d9e1  _cnt1                           
1     0000d9e2  _Time                           
1     0000d9e3  _Excute_Time                    
1     0000d9e4  _init_flag                      
1     0000d9ea  _Math_RandSeedCur               
1     0000da00  _DiagnosisStk                   
1     0000da80  _Init_UpdateStk                 
1     0000db00  _Status_SyncStk                 
1     0000db80  _UART_ReceptionStk              
1     0000dc00  _UART_TransmissionStk           
1     0000dc80  _User_certificationStk          
1     0000dd00  __device                        
1     0000dd48  _OSQTbl                         
1     0000ddc0  _OSMemTbl                       
1     0000de00  _OSFlagTbl                      
1     0000de40  __stream                        
1     0000de80  _OSCPUUsage                     
1     0000de81  _OSStatRdy                      
1     0000de82  _OSIntNesting                   
1     0000de83  _OSLockNesting                  
1     0000de84  _OSPrioCur                      
1     0000de85  _OSPrioHighRdy                  
1     0000de86  _OSRdyGrp                       
1     0000de87  _OSRunning                      
1     0000de88  _OSTaskCtr                      
1     0000de89  _OSTickStepState                
1     0000de8a  _OSTaskRegNextAvailID           
1     0000de8c  _OSCtxSwCtr                     
1     0000de8e  _OSEventFreeList                
1     0000de90  _OSFlagFreeList                 
1     0000de92  _OSIdleCtrMax                   
1     0000de94  _OSIdleCtrRun                   
1     0000de96  _OSIdleCtr                      
1     0000de98  _OSTCBCur                       
1     0000de9a  _OSTCBFreeList                  
1     0000de9c  _OSTCBHighRdy                   
1     0000de9e  _OSTCBList                      
1     0000dea0  _OSMemFreeList                  
1     0000dea2  _OSQFreeList                    
1     0000dea4  _OSTime                         
1     0000dea6  __sys_memory                    
abs   00000400  __SYSMEM_SIZE                   
abs   00000750  __STACK_SIZE                    
abs   ffffffff  ___TI_pprof_out_hndl            
abs   ffffffff  ___TI_prof_data_size            
abs   ffffffff  ___TI_prof_data_start           
abs   ffffffff  ___binit__                      
abs   ffffffff  ___c_args__                     
abs   ffffffff  ___pinit__                      
abs   ffffffff  binit                           
abs   ffffffff  pinit                           

[422 symbols]
