<?xml version="1.0" encoding="ISO-8859-1" ?>
<link_info>
   <banner>TMS320C2000 Linker PC v20.2.1.LTS</banner>
   <copyright>Copyright (c) 1996-2018 Texas Instruments Incorporated</copyright>
   <link_time>0x5ffe9b55</link_time>
   <link_errors>0x0</link_errors>
   <output_file>PLC_certificate.out</output_file>
   <entry_point>
      <name>_BSP_RAM_StartHere</name>
      <address>0x304e0c</address>
   </entry_point>
   <input_file_list>
      <input_file id="fl-2">
         <path>.\APP\</path>
         <kind>object</kind>
         <file>aes.obj</file>
         <name>aes.obj</name>
      </input_file>
      <input_file id="fl-3">
         <path>.\APP\</path>
         <kind>object</kind>
         <file>app.obj</file>
         <name>app.obj</name>
      </input_file>
      <input_file id="fl-4">
         <path>.\APP\</path>
         <kind>object</kind>
         <file>md5.obj</file>
         <name>md5.obj</name>
      </input_file>
      <input_file id="fl-5">
         <path>.\BSP\CCS\</path>
         <kind>object</kind>
         <file>bsp_start.obj</file>
         <name>bsp_start.obj</name>
      </input_file>
      <input_file id="fl-6">
         <path>.\BSP\OS\uCOS-II\</path>
         <kind>object</kind>
         <file>bsp_os.obj</file>
         <name>bsp_os.obj</name>
      </input_file>
      <input_file id="fl-7">
         <path>.\BSP\</path>
         <kind>object</kind>
         <file>bsp.obj</file>
         <name>bsp.obj</name>
      </input_file>
      <input_file id="fl-8">
         <path>.\BSP\</path>
         <kind>object</kind>
         <file>bsp_int.obj</file>
         <name>bsp_int.obj</name>
      </input_file>
      <input_file id="fl-9">
         <path>.\BSP\</path>
         <kind>object</kind>
         <file>bsp_led.obj</file>
         <name>bsp_led.obj</name>
      </input_file>
      <input_file id="fl-a">
         <path>.\BSP\</path>
         <kind>object</kind>
         <file>cpu_bsp.obj</file>
         <name>cpu_bsp.obj</name>
      </input_file>
      <input_file id="fl-b">
         <path>.\uC-CPU\C28x\CCS\</path>
         <kind>object</kind>
         <file>cpu_a.obj</file>
         <name>cpu_a.obj</name>
      </input_file>
      <input_file id="fl-c">
         <path>.\uC-CPU\C28x\CCS\</path>
         <kind>object</kind>
         <file>cpu_c.obj</file>
         <name>cpu_c.obj</name>
      </input_file>
      <input_file id="fl-d">
         <path>.\uC-CPU\</path>
         <kind>object</kind>
         <file>cpu_core.obj</file>
         <name>cpu_core.obj</name>
      </input_file>
      <input_file id="fl-e">
         <path>.\uC-LIB\</path>
         <kind>object</kind>
         <file>lib_ascii.obj</file>
         <name>lib_ascii.obj</name>
      </input_file>
      <input_file id="fl-f">
         <path>.\uC-LIB\</path>
         <kind>object</kind>
         <file>lib_math.obj</file>
         <name>lib_math.obj</name>
      </input_file>
      <input_file id="fl-10">
         <path>.\uC-LIB\</path>
         <kind>object</kind>
         <file>lib_mem.obj</file>
         <name>lib_mem.obj</name>
      </input_file>
      <input_file id="fl-11">
         <path>.\uC-LIB\</path>
         <kind>object</kind>
         <file>lib_str.obj</file>
         <name>lib_str.obj</name>
      </input_file>
      <input_file id="fl-12">
         <path>.\uCOS-II\Ports\C28x\Generic\CCS\</path>
         <kind>object</kind>
         <file>os_cpu_a.obj</file>
         <name>os_cpu_a.obj</name>
      </input_file>
      <input_file id="fl-13">
         <path>.\uCOS-II\Ports\C28x\Generic\CCS\</path>
         <kind>object</kind>
         <file>os_cpu_c.obj</file>
         <name>os_cpu_c.obj</name>
      </input_file>
      <input_file id="fl-14">
         <path>.\uCOS-II\Ports\C28x\Generic\CCS\</path>
         <kind>object</kind>
         <file>os_cpu_i.obj</file>
         <name>os_cpu_i.obj</name>
      </input_file>
      <input_file id="fl-15">
         <path>.\uCOS-II\Ports\C28x\Generic\CCS\</path>
         <kind>object</kind>
         <file>os_dbg.obj</file>
         <name>os_dbg.obj</name>
      </input_file>
      <input_file id="fl-16">
         <path>.\uCOS-II\Source\</path>
         <kind>object</kind>
         <file>os_core.obj</file>
         <name>os_core.obj</name>
      </input_file>
      <input_file id="fl-17">
         <path>.\uCOS-II\Source\</path>
         <kind>object</kind>
         <file>os_flag.obj</file>
         <name>os_flag.obj</name>
      </input_file>
      <input_file id="fl-18">
         <path>.\uCOS-II\Source\</path>
         <kind>object</kind>
         <file>os_mbox.obj</file>
         <name>os_mbox.obj</name>
      </input_file>
      <input_file id="fl-19">
         <path>.\uCOS-II\Source\</path>
         <kind>object</kind>
         <file>os_mem.obj</file>
         <name>os_mem.obj</name>
      </input_file>
      <input_file id="fl-1a">
         <path>.\uCOS-II\Source\</path>
         <kind>object</kind>
         <file>os_mutex.obj</file>
         <name>os_mutex.obj</name>
      </input_file>
      <input_file id="fl-1b">
         <path>.\uCOS-II\Source\</path>
         <kind>object</kind>
         <file>os_q.obj</file>
         <name>os_q.obj</name>
      </input_file>
      <input_file id="fl-1c">
         <path>.\uCOS-II\Source\</path>
         <kind>object</kind>
         <file>os_sem.obj</file>
         <name>os_sem.obj</name>
      </input_file>
      <input_file id="fl-1d">
         <path>.\uCOS-II\Source\</path>
         <kind>object</kind>
         <file>os_task.obj</file>
         <name>os_task.obj</name>
      </input_file>
      <input_file id="fl-1e">
         <path>.\uCOS-II\Source\</path>
         <kind>object</kind>
         <file>os_time.obj</file>
         <name>os_time.obj</name>
      </input_file>
      <input_file id="fl-1f">
         <path>.\uCOS-II\Source\</path>
         <kind>object</kind>
         <file>os_tmr.obj</file>
         <name>os_tmr.obj</name>
      </input_file>
      <input_file id="fl-23">
         <kind>object</kind>
         <file>&lt;internal&gt;</file>
         <name>&lt;internal&gt;</name>
      </input_file>
      <input_file id="fl-2f">
         <path>C:\ti\ccs1011\ccs\tools\compiler\ti-cgt-c2000_20.2.1.LTS\lib\</path>
         <kind>archive</kind>
         <file>rts2800_ml.lib</file>
         <name>printf.c.obj</name>
      </input_file>
      <input_file id="fl-30">
         <path>C:\ti\ccs1011\ccs\tools\compiler\ti-cgt-c2000_20.2.1.LTS\lib\</path>
         <kind>archive</kind>
         <file>rts2800_ml.lib</file>
         <name>_printfi.c.obj</name>
      </input_file>
      <input_file id="fl-31">
         <path>C:\ti\ccs1011\ccs\tools\compiler\ti-cgt-c2000_20.2.1.LTS\lib\</path>
         <kind>archive</kind>
         <file>rts2800_ml.lib</file>
         <name>fputc.c.obj</name>
      </input_file>
      <input_file id="fl-32">
         <path>C:\ti\ccs1011\ccs\tools\compiler\ti-cgt-c2000_20.2.1.LTS\lib\</path>
         <kind>archive</kind>
         <file>rts2800_ml.lib</file>
         <name>fputs.c.obj</name>
      </input_file>
      <input_file id="fl-33">
         <path>C:\ti\ccs1011\ccs\tools\compiler\ti-cgt-c2000_20.2.1.LTS\lib\</path>
         <kind>archive</kind>
         <file>rts2800_ml.lib</file>
         <name>_io_perm.c.obj</name>
      </input_file>
      <input_file id="fl-34">
         <path>C:\ti\ccs1011\ccs\tools\compiler\ti-cgt-c2000_20.2.1.LTS\lib\</path>
         <kind>archive</kind>
         <file>rts2800_ml.lib</file>
         <name>setvbuf.c.obj</name>
      </input_file>
      <input_file id="fl-35">
         <path>C:\ti\ccs1011\ccs\tools\compiler\ti-cgt-c2000_20.2.1.LTS\lib\</path>
         <kind>archive</kind>
         <file>rts2800_ml.lib</file>
         <name>boot28.asm.obj</name>
      </input_file>
      <input_file id="fl-36">
         <path>C:\ti\ccs1011\ccs\tools\compiler\ti-cgt-c2000_20.2.1.LTS\lib\</path>
         <kind>archive</kind>
         <file>rts2800_ml.lib</file>
         <name>fd_cmp28.asm.obj</name>
      </input_file>
      <input_file id="fl-37">
         <path>C:\ti\ccs1011\ccs\tools\compiler\ti-cgt-c2000_20.2.1.LTS\lib\</path>
         <kind>archive</kind>
         <file>rts2800_ml.lib</file>
         <name>fd_mpy28.asm.obj</name>
      </input_file>
      <input_file id="fl-38">
         <path>C:\ti\ccs1011\ccs\tools\compiler\ti-cgt-c2000_20.2.1.LTS\lib\</path>
         <kind>archive</kind>
         <file>rts2800_ml.lib</file>
         <name>fd_neg28.asm.obj</name>
      </input_file>
      <input_file id="fl-39">
         <path>C:\ti\ccs1011\ccs\tools\compiler\ti-cgt-c2000_20.2.1.LTS\lib\</path>
         <kind>archive</kind>
         <file>rts2800_ml.lib</file>
         <name>fd_sub28.asm.obj</name>
      </input_file>
      <input_file id="fl-3a">
         <path>C:\ti\ccs1011\ccs\tools\compiler\ti-cgt-c2000_20.2.1.LTS\lib\</path>
         <kind>archive</kind>
         <file>rts2800_ml.lib</file>
         <name>fd_toi28.asm.obj</name>
      </input_file>
      <input_file id="fl-3b">
         <path>C:\ti\ccs1011\ccs\tools\compiler\ti-cgt-c2000_20.2.1.LTS\lib\</path>
         <kind>archive</kind>
         <file>rts2800_ml.lib</file>
         <name>fd_tol28.asm.obj</name>
      </input_file>
      <input_file id="fl-3c">
         <path>C:\ti\ccs1011\ccs\tools\compiler\ti-cgt-c2000_20.2.1.LTS\lib\</path>
         <kind>archive</kind>
         <file>rts2800_ml.lib</file>
         <name>ll_aox28.asm.obj</name>
      </input_file>
      <input_file id="fl-3d">
         <path>C:\ti\ccs1011\ccs\tools\compiler\ti-cgt-c2000_20.2.1.LTS\lib\</path>
         <kind>archive</kind>
         <file>rts2800_ml.lib</file>
         <name>ll_cmp28.asm.obj</name>
      </input_file>
      <input_file id="fl-3e">
         <path>C:\ti\ccs1011\ccs\tools\compiler\ti-cgt-c2000_20.2.1.LTS\lib\</path>
         <kind>archive</kind>
         <file>rts2800_ml.lib</file>
         <name>ll_div28.asm.obj</name>
      </input_file>
      <input_file id="fl-3f">
         <path>C:\ti\ccs1011\ccs\tools\compiler\ti-cgt-c2000_20.2.1.LTS\lib\</path>
         <kind>archive</kind>
         <file>rts2800_ml.lib</file>
         <name>i_tofd28.asm.obj</name>
      </input_file>
      <input_file id="fl-40">
         <path>C:\ti\ccs1011\ccs\tools\compiler\ti-cgt-c2000_20.2.1.LTS\lib\</path>
         <kind>archive</kind>
         <file>rts2800_ml.lib</file>
         <name>l_tofd28.asm.obj</name>
      </input_file>
      <input_file id="fl-41">
         <path>C:\ti\ccs1011\ccs\tools\compiler\ti-cgt-c2000_20.2.1.LTS\lib\</path>
         <kind>archive</kind>
         <file>rts2800_ml.lib</file>
         <name>fs_tofd28.asm.obj</name>
      </input_file>
      <input_file id="fl-42">
         <path>C:\ti\ccs1011\ccs\tools\compiler\ti-cgt-c2000_20.2.1.LTS\lib\</path>
         <kind>archive</kind>
         <file>rts2800_ml.lib</file>
         <name>fd_div28.asm.obj</name>
      </input_file>
      <input_file id="fl-43">
         <path>C:\ti\ccs1011\ccs\tools\compiler\ti-cgt-c2000_20.2.1.LTS\lib\</path>
         <kind>archive</kind>
         <file>rts2800_ml.lib</file>
         <name>cpy_tbl.c.obj</name>
      </input_file>
      <input_file id="fl-44">
         <path>C:\ti\ccs1011\ccs\tools\compiler\ti-cgt-c2000_20.2.1.LTS\lib\</path>
         <kind>archive</kind>
         <file>rts2800_ml.lib</file>
         <name>memcpy.c.obj</name>
      </input_file>
      <input_file id="fl-45">
         <path>C:\ti\ccs1011\ccs\tools\compiler\ti-cgt-c2000_20.2.1.LTS\lib\</path>
         <kind>archive</kind>
         <file>rts2800_ml.lib</file>
         <name>pre_init.c.obj</name>
      </input_file>
      <input_file id="fl-46">
         <path>C:\ti\ccs1011\ccs\tools\compiler\ti-cgt-c2000_20.2.1.LTS\lib\</path>
         <kind>archive</kind>
         <file>rts2800_ml.lib</file>
         <name>startup.c.obj</name>
      </input_file>
      <input_file id="fl-47">
         <path>C:\ti\ccs1011\ccs\tools\compiler\ti-cgt-c2000_20.2.1.LTS\lib\</path>
         <kind>archive</kind>
         <file>rts2800_ml.lib</file>
         <name>exit.c.obj</name>
      </input_file>
      <input_file id="fl-48">
         <path>C:\ti\ccs1011\ccs\tools\compiler\ti-cgt-c2000_20.2.1.LTS\lib\</path>
         <kind>archive</kind>
         <file>rts2800_ml.lib</file>
         <name>_lock.c.obj</name>
      </input_file>
      <input_file id="fl-49">
         <path>C:\ti\ccs1011\ccs\tools\compiler\ti-cgt-c2000_20.2.1.LTS\lib\</path>
         <kind>archive</kind>
         <file>rts2800_ml.lib</file>
         <name>_ltoa.c.obj</name>
      </input_file>
      <input_file id="fl-4a">
         <path>C:\ti\ccs1011\ccs\tools\compiler\ti-cgt-c2000_20.2.1.LTS\lib\</path>
         <kind>archive</kind>
         <file>rts2800_ml.lib</file>
         <name>args_main.c.obj</name>
      </input_file>
      <input_file id="fl-4b">
         <path>C:\ti\ccs1011\ccs\tools\compiler\ti-cgt-c2000_20.2.1.LTS\lib\</path>
         <kind>archive</kind>
         <file>rts2800_ml.lib</file>
         <name>atoi.c.obj</name>
      </input_file>
      <input_file id="fl-4c">
         <path>C:\ti\ccs1011\ccs\tools\compiler\ti-cgt-c2000_20.2.1.LTS\lib\</path>
         <kind>archive</kind>
         <file>rts2800_ml.lib</file>
         <name>ctype.c.obj</name>
      </input_file>
      <input_file id="fl-4d">
         <path>C:\ti\ccs1011\ccs\tools\compiler\ti-cgt-c2000_20.2.1.LTS\lib\</path>
         <kind>archive</kind>
         <file>rts2800_ml.lib</file>
         <name>defs.c.obj</name>
      </input_file>
      <input_file id="fl-4e">
         <path>C:\ti\ccs1011\ccs\tools\compiler\ti-cgt-c2000_20.2.1.LTS\lib\</path>
         <kind>archive</kind>
         <file>rts2800_ml.lib</file>
         <name>memccpy.c.obj</name>
      </input_file>
      <input_file id="fl-4f">
         <path>C:\ti\ccs1011\ccs\tools\compiler\ti-cgt-c2000_20.2.1.LTS\lib\</path>
         <kind>archive</kind>
         <file>rts2800_ml.lib</file>
         <name>memchr.c.obj</name>
      </input_file>
      <input_file id="fl-50">
         <path>C:\ti\ccs1011\ccs\tools\compiler\ti-cgt-c2000_20.2.1.LTS\lib\</path>
         <kind>archive</kind>
         <file>rts2800_ml.lib</file>
         <name>memory.c.obj</name>
      </input_file>
      <input_file id="fl-51">
         <path>C:\ti\ccs1011\ccs\tools\compiler\ti-cgt-c2000_20.2.1.LTS\lib\</path>
         <kind>archive</kind>
         <file>rts2800_ml.lib</file>
         <name>memset.c.obj</name>
      </input_file>
      <input_file id="fl-52">
         <path>C:\ti\ccs1011\ccs\tools\compiler\ti-cgt-c2000_20.2.1.LTS\lib\</path>
         <kind>archive</kind>
         <file>rts2800_ml.lib</file>
         <name>strchr.c.obj</name>
      </input_file>
      <input_file id="fl-53">
         <path>C:\ti\ccs1011\ccs\tools\compiler\ti-cgt-c2000_20.2.1.LTS\lib\</path>
         <kind>archive</kind>
         <file>rts2800_ml.lib</file>
         <name>strcpy.c.obj</name>
      </input_file>
      <input_file id="fl-54">
         <path>C:\ti\ccs1011\ccs\tools\compiler\ti-cgt-c2000_20.2.1.LTS\lib\</path>
         <kind>archive</kind>
         <file>rts2800_ml.lib</file>
         <name>strlen.c.obj</name>
      </input_file>
      <input_file id="fl-55">
         <path>C:\ti\ccs1011\ccs\tools\compiler\ti-cgt-c2000_20.2.1.LTS\lib\</path>
         <kind>archive</kind>
         <file>rts2800_ml.lib</file>
         <name>write.c.obj</name>
      </input_file>
      <input_file id="fl-56">
         <path>C:\ti\ccs1011\ccs\tools\compiler\ti-cgt-c2000_20.2.1.LTS\lib\</path>
         <kind>archive</kind>
         <file>rts2800_ml.lib</file>
         <name>host_device.c.obj</name>
      </input_file>
      <input_file id="fl-57">
         <path>C:\ti\ccs1011\ccs\tools\compiler\ti-cgt-c2000_20.2.1.LTS\lib\</path>
         <kind>archive</kind>
         <file>rts2800_ml.lib</file>
         <name>s_frexp.c.obj</name>
      </input_file>
      <input_file id="fl-58">
         <path>C:\ti\ccs1011\ccs\tools\compiler\ti-cgt-c2000_20.2.1.LTS\lib\</path>
         <kind>archive</kind>
         <file>rts2800_ml.lib</file>
         <name>s_scalbn.c.obj</name>
      </input_file>
      <input_file id="fl-59">
         <path>C:\ti\ccs1011\ccs\tools\compiler\ti-cgt-c2000_20.2.1.LTS\lib\</path>
         <kind>archive</kind>
         <file>rts2800_ml.lib</file>
         <name>wcslen.c.obj</name>
      </input_file>
      <input_file id="fl-5a">
         <path>C:\ti\ccs1011\ccs\tools\compiler\ti-cgt-c2000_20.2.1.LTS\lib\</path>
         <kind>archive</kind>
         <file>rts2800_ml.lib</file>
         <name>fflush.c.obj</name>
      </input_file>
      <input_file id="fl-5b">
         <path>C:\ti\ccs1011\ccs\tools\compiler\ti-cgt-c2000_20.2.1.LTS\lib\</path>
         <kind>archive</kind>
         <file>rts2800_ml.lib</file>
         <name>fopen.c.obj</name>
      </input_file>
      <input_file id="fl-5c">
         <path>C:\ti\ccs1011\ccs\tools\compiler\ti-cgt-c2000_20.2.1.LTS\lib\</path>
         <kind>archive</kind>
         <file>rts2800_ml.lib</file>
         <name>fseek.c.obj</name>
      </input_file>
      <input_file id="fl-5d">
         <path>C:\ti\ccs1011\ccs\tools\compiler\ti-cgt-c2000_20.2.1.LTS\lib\</path>
         <kind>archive</kind>
         <file>rts2800_ml.lib</file>
         <name>fd_add28.asm.obj</name>
      </input_file>
      <input_file id="fl-5e">
         <path>C:\ti\ccs1011\ccs\tools\compiler\ti-cgt-c2000_20.2.1.LTS\lib\</path>
         <kind>archive</kind>
         <file>rts2800_ml.lib</file>
         <name>l_div28.asm.obj</name>
      </input_file>
      <input_file id="fl-5f">
         <path>C:\ti\ccs1011\ccs\tools\compiler\ti-cgt-c2000_20.2.1.LTS\lib\</path>
         <kind>archive</kind>
         <file>rts2800_ml.lib</file>
         <name>hostclose.c.obj</name>
      </input_file>
      <input_file id="fl-60">
         <path>C:\ti\ccs1011\ccs\tools\compiler\ti-cgt-c2000_20.2.1.LTS\lib\</path>
         <kind>archive</kind>
         <file>rts2800_ml.lib</file>
         <name>hostlseek.c.obj</name>
      </input_file>
      <input_file id="fl-61">
         <path>C:\ti\ccs1011\ccs\tools\compiler\ti-cgt-c2000_20.2.1.LTS\lib\</path>
         <kind>archive</kind>
         <file>rts2800_ml.lib</file>
         <name>hostopen.c.obj</name>
      </input_file>
      <input_file id="fl-62">
         <path>C:\ti\ccs1011\ccs\tools\compiler\ti-cgt-c2000_20.2.1.LTS\lib\</path>
         <kind>archive</kind>
         <file>rts2800_ml.lib</file>
         <name>hostread.c.obj</name>
      </input_file>
      <input_file id="fl-63">
         <path>C:\ti\ccs1011\ccs\tools\compiler\ti-cgt-c2000_20.2.1.LTS\lib\</path>
         <kind>archive</kind>
         <file>rts2800_ml.lib</file>
         <name>hostrename.c.obj</name>
      </input_file>
      <input_file id="fl-64">
         <path>C:\ti\ccs1011\ccs\tools\compiler\ti-cgt-c2000_20.2.1.LTS\lib\</path>
         <kind>archive</kind>
         <file>rts2800_ml.lib</file>
         <name>hostunlink.c.obj</name>
      </input_file>
      <input_file id="fl-65">
         <path>C:\ti\ccs1011\ccs\tools\compiler\ti-cgt-c2000_20.2.1.LTS\lib\</path>
         <kind>archive</kind>
         <file>rts2800_ml.lib</file>
         <name>hostwrite.c.obj</name>
      </input_file>
      <input_file id="fl-66">
         <path>C:\ti\ccs1011\ccs\tools\compiler\ti-cgt-c2000_20.2.1.LTS\lib\</path>
         <kind>archive</kind>
         <file>rts2800_ml.lib</file>
         <name>trgmsg.c.obj</name>
      </input_file>
      <input_file id="fl-67">
         <path>C:\ti\ccs1011\ccs\tools\compiler\ti-cgt-c2000_20.2.1.LTS\lib\</path>
         <kind>archive</kind>
         <file>rts2800_ml.lib</file>
         <name>open.c.obj</name>
      </input_file>
      <input_file id="fl-68">
         <path>C:\ti\ccs1011\ccs\tools\compiler\ti-cgt-c2000_20.2.1.LTS\lib\</path>
         <kind>archive</kind>
         <file>rts2800_ml.lib</file>
         <name>lseek.c.obj</name>
      </input_file>
      <input_file id="fl-69">
         <path>C:\ti\ccs1011\ccs\tools\compiler\ti-cgt-c2000_20.2.1.LTS\lib\</path>
         <kind>archive</kind>
         <file>rts2800_ml.lib</file>
         <name>errno.c.obj</name>
      </input_file>
      <input_file id="fl-6a">
         <path>C:\ti\ccs1011\ccs\tools\compiler\ti-cgt-c2000_20.2.1.LTS\lib\</path>
         <kind>archive</kind>
         <file>rts2800_ml.lib</file>
         <name>s_copysign.c.obj</name>
      </input_file>
      <input_file id="fl-6b">
         <path>C:\ti\ccs1011\ccs\tools\compiler\ti-cgt-c2000_20.2.1.LTS\lib\</path>
         <kind>archive</kind>
         <file>rts2800_ml.lib</file>
         <name>fclose.c.obj</name>
      </input_file>
      <input_file id="fl-6c">
         <path>C:\ti\ccs1011\ccs\tools\compiler\ti-cgt-c2000_20.2.1.LTS\lib\</path>
         <kind>archive</kind>
         <file>rts2800_ml.lib</file>
         <name>getdevice.c.obj</name>
      </input_file>
      <input_file id="fl-6d">
         <path>C:\ti\ccs1011\ccs\tools\compiler\ti-cgt-c2000_20.2.1.LTS\lib\</path>
         <kind>archive</kind>
         <file>rts2800_ml.lib</file>
         <name>strcmp.c.obj</name>
      </input_file>
      <input_file id="fl-6e">
         <path>C:\ti\ccs1011\ccs\tools\compiler\ti-cgt-c2000_20.2.1.LTS\lib\</path>
         <kind>archive</kind>
         <file>rts2800_ml.lib</file>
         <name>strncpy.c.obj</name>
      </input_file>
      <input_file id="fl-6f">
         <path>C:\ti\ccs1011\ccs\tools\compiler\ti-cgt-c2000_20.2.1.LTS\lib\</path>
         <kind>archive</kind>
         <file>rts2800_ml.lib</file>
         <name>remove.c.obj</name>
      </input_file>
      <input_file id="fl-70">
         <path>C:\ti\ccs1011\ccs\tools\compiler\ti-cgt-c2000_20.2.1.LTS\lib\</path>
         <kind>archive</kind>
         <file>rts2800_ml.lib</file>
         <name>close.c.obj</name>
      </input_file>
      <input_file id="fl-71">
         <path>C:\ti\ccs1011\ccs\tools\compiler\ti-cgt-c2000_20.2.1.LTS\lib\</path>
         <kind>archive</kind>
         <file>rts2800_ml.lib</file>
         <name>unlink.c.obj</name>
      </input_file>
   </input_file_list>
   <object_component_list>
      <object_component id="oc-26">
         <name>ram_start</name>
         <load_address>0x0</load_address>
         <run_address>0x0</run_address>
         <size>0x2</size>
         <input_file_ref idref="fl-5"/>
      </object_component>
      <object_component id="oc-1d0">
         <name>.cio</name>
         <uninitialized>true</uninitialized>
         <run_address>0x8000</run_address>
         <size>0x120</size>
         <input_file_ref idref="fl-66"/>
      </object_component>
      <object_component id="oc-25b">
         <name>.text</name>
         <load_address>0x300000</load_address>
         <run_address>0x300000</run_address>
         <size>0xc98</size>
         <input_file_ref idref="fl-30"/>
      </object_component>
      <object_component id="oc-246">
         <name>.text</name>
         <load_address>0x300c98</load_address>
         <run_address>0x300c98</run_address>
         <size>0x9c2</size>
         <input_file_ref idref="fl-4"/>
      </object_component>
      <object_component id="oc-20d">
         <name>.text</name>
         <load_address>0x30165a</load_address>
         <run_address>0x30165a</run_address>
         <size>0x7b9</size>
         <input_file_ref idref="fl-16"/>
      </object_component>
      <object_component id="oc-225">
         <name>.text</name>
         <load_address>0x301e13</load_address>
         <run_address>0x301e13</run_address>
         <size>0x5ca</size>
         <input_file_ref idref="fl-1d"/>
      </object_component>
      <object_component id="oc-21b">
         <name>.text</name>
         <load_address>0x3023dd</load_address>
         <run_address>0x3023dd</run_address>
         <size>0x4f3</size>
         <input_file_ref idref="fl-17"/>
      </object_component>
      <object_component id="oc-21d">
         <name>.text</name>
         <load_address>0x3028d0</load_address>
         <run_address>0x3028d0</run_address>
         <size>0x3f9</size>
         <input_file_ref idref="fl-1b"/>
      </object_component>
      <object_component id="oc-22a">
         <name>.text</name>
         <load_address>0x302cc9</load_address>
         <run_address>0x302cc9</run_address>
         <size>0x31a</size>
         <input_file_ref idref="fl-3"/>
      </object_component>
      <object_component id="oc-271">
         <name>.text</name>
         <load_address>0x302fe3</load_address>
         <run_address>0x302fe3</run_address>
         <size>0x289</size>
         <input_file_ref idref="fl-50"/>
      </object_component>
      <object_component id="oc-24a">
         <name>.text</name>
         <load_address>0x30326c</load_address>
         <run_address>0x30326c</run_address>
         <size>0x282</size>
         <input_file_ref idref="fl-2"/>
      </object_component>
      <object_component id="oc-236">
         <name>.text</name>
         <load_address>0x3034ee</load_address>
         <run_address>0x3034ee</run_address>
         <size>0x21f</size>
         <input_file_ref idref="fl-1c"/>
      </object_component>
      <object_component id="oc-21c">
         <name>.text</name>
         <load_address>0x30370d</load_address>
         <run_address>0x30370d</run_address>
         <size>0x194</size>
         <input_file_ref idref="fl-19"/>
      </object_component>
      <object_component id="oc-21a">
         <name>.text</name>
         <load_address>0x3038a1</load_address>
         <run_address>0x3038a1</run_address>
         <size>0x13b</size>
         <input_file_ref idref="fl-13"/>
      </object_component>
      <object_component id="oc-272">
         <name>.text</name>
         <load_address>0x3039dc</load_address>
         <run_address>0x3039dc</run_address>
         <size>0x11f</size>
         <input_file_ref idref="fl-5b"/>
      </object_component>
      <object_component id="oc-220">
         <name>.text</name>
         <load_address>0x303afb</load_address>
         <run_address>0x303afb</run_address>
         <size>0x10e</size>
         <input_file_ref idref="fl-1e"/>
      </object_component>
      <object_component id="oc-105">
         <name>.text</name>
         <load_address>0x303c09</load_address>
         <run_address>0x303c09</run_address>
         <size>0x107</size>
         <input_file_ref idref="fl-3e"/>
      </object_component>
      <object_component id="oc-233">
         <name>.text</name>
         <load_address>0x303d10</load_address>
         <run_address>0x303d10</run_address>
         <size>0xfa</size>
         <input_file_ref idref="fl-7"/>
      </object_component>
      <object_component id="oc-232">
         <name>.text</name>
         <load_address>0x303e0a</load_address>
         <run_address>0x303e0a</run_address>
         <size>0xcb</size>
         <input_file_ref idref="fl-d"/>
      </object_component>
      <object_component id="oc-20e">
         <name>.text</name>
         <load_address>0x303ed5</load_address>
         <run_address>0x303ed5</run_address>
         <size>0xae</size>
         <input_file_ref idref="fl-8"/>
      </object_component>
      <object_component id="oc-264">
         <name>.text</name>
         <load_address>0x303f83</load_address>
         <run_address>0x303f83</run_address>
         <size>0xac</size>
         <input_file_ref idref="fl-58"/>
      </object_component>
      <object_component id="oc-258">
         <name>.text</name>
         <load_address>0x30402f</load_address>
         <run_address>0x30402f</run_address>
         <size>0xa3</size>
         <input_file_ref idref="fl-32"/>
      </object_component>
      <object_component id="oc-2c">
         <name>.text:retain</name>
         <load_address>0x3040d2</load_address>
         <run_address>0x3040d2</run_address>
         <size>0x9d</size>
         <input_file_ref idref="fl-6"/>
      </object_component>
      <object_component id="oc-1a2">
         <name>.text</name>
         <load_address>0x30416f</load_address>
         <run_address>0x30416f</run_address>
         <size>0x9c</size>
         <input_file_ref idref="fl-5d"/>
      </object_component>
      <object_component id="oc-283">
         <name>.text</name>
         <load_address>0x30420b</load_address>
         <run_address>0x30420b</run_address>
         <size>0x94</size>
         <input_file_ref idref="fl-66"/>
      </object_component>
      <object_component id="oc-21e">
         <name>.text</name>
         <load_address>0x30429f</load_address>
         <run_address>0x30429f</run_address>
         <size>0x8d</size>
         <input_file_ref idref="fl-15"/>
      </object_component>
      <object_component id="oc-119">
         <name>.text</name>
         <load_address>0x30432c</load_address>
         <run_address>0x30432c</run_address>
         <size>0x8b</size>
         <input_file_ref idref="fl-42"/>
      </object_component>
      <object_component id="oc-e2">
         <name>.text</name>
         <load_address>0x3043b7</load_address>
         <run_address>0x3043b7</run_address>
         <size>0x83</size>
         <input_file_ref idref="fl-37"/>
      </object_component>
      <object_component id="oc-26b">
         <name>.text</name>
         <load_address>0x30443a</load_address>
         <run_address>0x30443a</run_address>
         <size>0x79</size>
         <input_file_ref idref="fl-34"/>
      </object_component>
      <object_component id="oc-228">
         <name>.text</name>
         <load_address>0x3044b3</load_address>
         <run_address>0x3044b3</run_address>
         <size>0x73</size>
         <input_file_ref idref="fl-c"/>
      </object_component>
      <object_component id="oc-275">
         <name>.text</name>
         <load_address>0x304526</load_address>
         <run_address>0x304526</run_address>
         <size>0x6f</size>
         <input_file_ref idref="fl-67"/>
      </object_component>
      <object_component id="oc-25d">
         <name>.text</name>
         <load_address>0x304595</load_address>
         <run_address>0x304595</run_address>
         <size>0x6b</size>
         <input_file_ref idref="fl-5a"/>
      </object_component>
      <object_component id="oc-25c">
         <name>.text</name>
         <load_address>0x304600</load_address>
         <run_address>0x304600</run_address>
         <size>0x67</size>
         <input_file_ref idref="fl-33"/>
      </object_component>
      <object_component id="oc-6b">
         <name>.text</name>
         <load_address>0x304667</load_address>
         <run_address>0x304667</run_address>
         <size>0x5e</size>
         <input_file_ref idref="fl-12"/>
      </object_component>
      <object_component id="oc-235">
         <name>.text</name>
         <load_address>0x3046c5</load_address>
         <run_address>0x3046c5</run_address>
         <size>0x5d</size>
         <input_file_ref idref="fl-9"/>
      </object_component>
      <object_component id="oc-27b">
         <name>.text</name>
         <load_address>0x304722</load_address>
         <run_address>0x304722</run_address>
         <size>0x5d</size>
         <input_file_ref idref="fl-60"/>
      </object_component>
      <object_component id="oc-263">
         <name>.text</name>
         <load_address>0x30477f</load_address>
         <run_address>0x30477f</run_address>
         <size>0x5c</size>
         <input_file_ref idref="fl-57"/>
      </object_component>
      <object_component id="oc-276">
         <name>.text</name>
         <load_address>0x3047db</load_address>
         <run_address>0x3047db</run_address>
         <size>0x5b</size>
         <input_file_ref idref="fl-6b"/>
      </object_component>
      <object_component id="oc-d6">
         <name>.text</name>
         <load_address>0x304836</load_address>
         <run_address>0x304836</run_address>
         <size>0x54</size>
         <input_file_ref idref="fl-35"/>
      </object_component>
      <object_component id="oc-27e">
         <name>.text</name>
         <load_address>0x30488a</load_address>
         <run_address>0x30488a</run_address>
         <size>0x50</size>
         <input_file_ref idref="fl-6c"/>
      </object_component>
      <object_component id="oc-257">
         <name>.text</name>
         <load_address>0x3048da</load_address>
         <run_address>0x3048da</run_address>
         <size>0x4f</size>
         <input_file_ref idref="fl-31"/>
      </object_component>
      <object_component id="oc-27d">
         <name>.text</name>
         <load_address>0x304929</load_address>
         <run_address>0x304929</run_address>
         <size>0x3f</size>
         <input_file_ref idref="fl-63"/>
      </object_component>
      <object_component id="oc-26a">
         <name>.text</name>
         <load_address>0x304968</load_address>
         <run_address>0x304968</run_address>
         <size>0x3d</size>
         <input_file_ref idref="fl-5c"/>
      </object_component>
      <object_component id="oc-277">
         <name>.text</name>
         <load_address>0x3049a5</load_address>
         <run_address>0x3049a5</run_address>
         <size>0x39</size>
         <input_file_ref idref="fl-61"/>
      </object_component>
      <object_component id="oc-279">
         <name>.text</name>
         <load_address>0x3049de</load_address>
         <run_address>0x3049de</run_address>
         <size>0x38</size>
         <input_file_ref idref="fl-62"/>
      </object_component>
      <object_component id="oc-27a">
         <name>.text</name>
         <load_address>0x304a16</load_address>
         <run_address>0x304a16</run_address>
         <size>0x38</size>
         <input_file_ref idref="fl-65"/>
      </object_component>
      <object_component id="oc-252">
         <name>.text</name>
         <load_address>0x304a4e</load_address>
         <run_address>0x304a4e</run_address>
         <size>0x34</size>
         <input_file_ref idref="fl-2f"/>
      </object_component>
      <object_component id="oc-27f">
         <name>.text</name>
         <load_address>0x304a82</load_address>
         <run_address>0x304a82</run_address>
         <size>0x33</size>
         <input_file_ref idref="fl-70"/>
      </object_component>
      <object_component id="oc-24f">
         <name>.text</name>
         <load_address>0x304ab5</load_address>
         <run_address>0x304ab5</run_address>
         <size>0x31</size>
         <input_file_ref idref="fl-6"/>
      </object_component>
      <object_component id="oc-38">
         <name>.text:retain</name>
         <load_address>0x304ae6</load_address>
         <run_address>0x304ae6</run_address>
         <size>0x31</size>
         <input_file_ref idref="fl-8"/>
      </object_component>
      <object_component id="oc-261">
         <name>.text</name>
         <load_address>0x304b17</load_address>
         <run_address>0x304b17</run_address>
         <size>0x31</size>
         <input_file_ref idref="fl-4b"/>
      </object_component>
      <object_component id="oc-262">
         <name>.text</name>
         <load_address>0x304b48</load_address>
         <run_address>0x304b48</run_address>
         <size>0x2e</size>
         <input_file_ref idref="fl-49"/>
      </object_component>
      <object_component id="oc-dd">
         <name>.text</name>
         <load_address>0x304b76</load_address>
         <run_address>0x304b76</run_address>
         <size>0x2a</size>
         <input_file_ref idref="fl-36"/>
      </object_component>
      <object_component id="oc-1a7">
         <name>.text</name>
         <load_address>0x304ba0</load_address>
         <run_address>0x304ba0</run_address>
         <size>0x2a</size>
         <input_file_ref idref="fl-5e"/>
      </object_component>
      <object_component id="oc-219">
         <name>.text</name>
         <load_address>0x304bca</load_address>
         <run_address>0x304bca</run_address>
         <size>0x29</size>
         <input_file_ref idref="fl-47"/>
      </object_component>
      <object_component id="oc-278">
         <name>.text</name>
         <load_address>0x304bf3</load_address>
         <run_address>0x304bf3</run_address>
         <size>0x27</size>
         <input_file_ref idref="fl-5f"/>
      </object_component>
      <object_component id="oc-27c">
         <name>.text</name>
         <load_address>0x304c1a</load_address>
         <run_address>0x304c1a</run_address>
         <size>0x25</size>
         <input_file_ref idref="fl-64"/>
      </object_component>
      <object_component id="oc-216">
         <name>.text</name>
         <load_address>0x304c3f</load_address>
         <run_address>0x304c3f</run_address>
         <size>0x24</size>
         <input_file_ref idref="fl-43"/>
      </object_component>
      <object_component id="oc-26f">
         <name>.text</name>
         <load_address>0x304c63</load_address>
         <run_address>0x304c63</run_address>
         <size>0x23</size>
         <input_file_ref idref="fl-6a"/>
      </object_component>
      <object_component id="oc-f1">
         <name>.text</name>
         <load_address>0x304c86</load_address>
         <run_address>0x304c86</run_address>
         <size>0x21</size>
         <input_file_ref idref="fl-3a"/>
      </object_component>
      <object_component id="oc-44">
         <name>.text</name>
         <load_address>0x304ca7</load_address>
         <run_address>0x304ca7</run_address>
         <size>0x1f</size>
         <input_file_ref idref="fl-b"/>
      </object_component>
      <object_component id="oc-f6">
         <name>.text</name>
         <load_address>0x304cc6</load_address>
         <run_address>0x304cc6</run_address>
         <size>0x1f</size>
         <input_file_ref idref="fl-3b"/>
      </object_component>
      <object_component id="oc-100">
         <name>.text</name>
         <load_address>0x304ce5</load_address>
         <run_address>0x304ce5</run_address>
         <size>0x1e</size>
         <input_file_ref idref="fl-3d"/>
      </object_component>
      <object_component id="oc-10a">
         <name>.text</name>
         <load_address>0x304d03</load_address>
         <run_address>0x304d03</run_address>
         <size>0x1d</size>
         <input_file_ref idref="fl-3f"/>
      </object_component>
      <object_component id="oc-229">
         <name>.text</name>
         <load_address>0x304d20</load_address>
         <run_address>0x304d20</run_address>
         <size>0x1d</size>
         <input_file_ref idref="fl-44"/>
      </object_component>
      <object_component id="oc-114">
         <name>.text</name>
         <load_address>0x304d3d</load_address>
         <run_address>0x304d3d</run_address>
         <size>0x1c</size>
         <input_file_ref idref="fl-41"/>
      </object_component>
      <object_component id="oc-10f">
         <name>.text</name>
         <load_address>0x304d59</load_address>
         <run_address>0x304d59</run_address>
         <size>0x1c</size>
         <input_file_ref idref="fl-40"/>
      </object_component>
      <object_component id="oc-286">
         <name>.text</name>
         <load_address>0x304d75</load_address>
         <run_address>0x304d75</run_address>
         <size>0x19</size>
         <input_file_ref idref="fl-71"/>
      </object_component>
      <object_component id="oc-fb">
         <name>.text</name>
         <load_address>0x304d8e</load_address>
         <run_address>0x304d8e</run_address>
         <size>0x18</size>
         <input_file_ref idref="fl-3c"/>
      </object_component>
      <object_component id="oc-270">
         <name>.text</name>
         <load_address>0x304da6</load_address>
         <run_address>0x304da6</run_address>
         <size>0x18</size>
         <input_file_ref idref="fl-68"/>
      </object_component>
      <object_component id="oc-25e">
         <name>.text</name>
         <load_address>0x304dbe</load_address>
         <run_address>0x304dbe</run_address>
         <size>0x18</size>
         <input_file_ref idref="fl-55"/>
      </object_component>
      <object_component id="oc-285">
         <name>.text</name>
         <load_address>0x304dd6</load_address>
         <run_address>0x304dd6</run_address>
         <size>0x15</size>
         <input_file_ref idref="fl-6e"/>
      </object_component>
      <object_component id="oc-218">
         <name>.text</name>
         <load_address>0x304deb</load_address>
         <run_address>0x304deb</run_address>
         <size>0x11</size>
         <input_file_ref idref="fl-4a"/>
      </object_component>
      <object_component id="oc-268">
         <name>.text</name>
         <load_address>0x304dfc</load_address>
         <run_address>0x304dfc</run_address>
         <size>0x10</size>
         <input_file_ref idref="fl-4e"/>
      </object_component>
      <object_component id="oc-13">
         <name>.text</name>
         <load_address>0x304e0c</load_address>
         <run_address>0x304e0c</run_address>
         <size>0xf</size>
         <input_file_ref idref="fl-5"/>
      </object_component>
      <object_component id="oc-ec">
         <name>.text</name>
         <load_address>0x304e1b</load_address>
         <run_address>0x304e1b</run_address>
         <size>0xe</size>
         <input_file_ref idref="fl-39"/>
      </object_component>
      <object_component id="oc-260">
         <name>.text</name>
         <load_address>0x304e29</load_address>
         <run_address>0x304e29</run_address>
         <size>0xd</size>
         <input_file_ref idref="fl-4f"/>
      </object_component>
      <object_component id="oc-265">
         <name>.text</name>
         <load_address>0x304e36</load_address>
         <run_address>0x304e36</run_address>
         <size>0xb</size>
         <input_file_ref idref="fl-52"/>
      </object_component>
      <object_component id="oc-284">
         <name>.text</name>
         <load_address>0x304e41</load_address>
         <run_address>0x304e41</run_address>
         <size>0xa</size>
         <input_file_ref idref="fl-6d"/>
      </object_component>
      <object_component id="oc-24c">
         <name>.text</name>
         <load_address>0x304e4b</load_address>
         <run_address>0x304e4b</run_address>
         <size>0x9</size>
         <input_file_ref idref="fl-48"/>
      </object_component>
      <object_component id="oc-e7">
         <name>.text</name>
         <load_address>0x304e54</load_address>
         <run_address>0x304e54</run_address>
         <size>0x9</size>
         <input_file_ref idref="fl-38"/>
      </object_component>
      <object_component id="oc-25f">
         <name>.text</name>
         <load_address>0x304e5d</load_address>
         <run_address>0x304e5d</run_address>
         <size>0x8</size>
         <input_file_ref idref="fl-54"/>
      </object_component>
      <object_component id="oc-269">
         <name>.text</name>
         <load_address>0x304e65</load_address>
         <run_address>0x304e65</run_address>
         <size>0x8</size>
         <input_file_ref idref="fl-59"/>
      </object_component>
      <object_component id="oc-266">
         <name>.text</name>
         <load_address>0x304e6d</load_address>
         <run_address>0x304e6d</run_address>
         <size>0x7</size>
         <input_file_ref idref="fl-51"/>
      </object_component>
      <object_component id="oc-267">
         <name>.text</name>
         <load_address>0x304e74</load_address>
         <run_address>0x304e74</run_address>
         <size>0x5</size>
         <input_file_ref idref="fl-53"/>
      </object_component>
      <object_component id="oc-281">
         <name>.text</name>
         <load_address>0x304e79</load_address>
         <run_address>0x304e79</run_address>
         <size>0x3</size>
         <input_file_ref idref="fl-6f"/>
      </object_component>
      <object_component id="oc-215">
         <name>.text</name>
         <load_address>0x304e7c</load_address>
         <run_address>0x304e7c</run_address>
         <size>0x2</size>
         <input_file_ref idref="fl-45"/>
      </object_component>
      <object_component id="oc-217">
         <name>.text</name>
         <load_address>0x304e7e</load_address>
         <run_address>0x304e7e</run_address>
         <size>0x1</size>
         <input_file_ref idref="fl-46"/>
      </object_component>
      <object_component id="oc-251">
         <name>.cinit:_PADDING</name>
         <load_address>0x3054d0</load_address>
         <run_address>0x3054d0</run_address>
         <size>0x43</size>
         <input_file_ref idref="fl-4"/>
      </object_component>
      <object_component id="oc-1a">
         <name>.cinit</name>
         <load_address>0x305513</load_address>
         <run_address>0x305513</run_address>
         <size>0x38</size>
         <input_file_ref idref="fl-3"/>
      </object_component>
      <object_component id="oc-25a">
         <name>.cinit:__ftable</name>
         <load_address>0x30554b</load_address>
         <run_address>0x30554b</run_address>
         <size>0x26</size>
         <input_file_ref idref="fl-4d"/>
      </object_component>
      <object_component id="oc-274">
         <name>.cinit:__device</name>
         <load_address>0x305571</load_address>
         <run_address>0x305571</run_address>
         <size>0x1b</size>
         <input_file_ref idref="fl-56"/>
      </object_component>
      <object_component id="oc-26d">
         <name>.cinit:__stream</name>
         <load_address>0x30558c</load_address>
         <run_address>0x30558c</run_address>
         <size>0xe</size>
         <input_file_ref idref="fl-56"/>
      </object_component>
      <object_component id="oc-133">
         <name>.cinit</name>
         <load_address>0x30559a</load_address>
         <run_address>0x30559a</run_address>
         <size>0xe</size>
         <input_file_ref idref="fl-47"/>
      </object_component>
      <object_component id="oc-71">
         <name>.cinit</name>
         <load_address>0x3055a8</load_address>
         <run_address>0x3055a8</run_address>
         <size>0xc</size>
         <input_file_ref idref="fl-13"/>
      </object_component>
      <object_component id="oc-23f">
         <name>.cinit:_User_MAC_Address</name>
         <load_address>0x3055b4</load_address>
         <run_address>0x3055b4</run_address>
         <size>0x9</size>
         <input_file_ref idref="fl-3"/>
      </object_component>
      <object_component id="oc-241">
         <name>.cinit:_User_ID</name>
         <load_address>0x3055bd</load_address>
         <run_address>0x3055bd</run_address>
         <size>0x8</size>
         <input_file_ref idref="fl-3"/>
      </object_component>
      <object_component id="oc-243">
         <name>.cinit:_User_password</name>
         <load_address>0x3055c5</load_address>
         <run_address>0x3055c5</run_address>
         <size>0x8</size>
         <input_file_ref idref="fl-3"/>
      </object_component>
      <object_component id="oc-22c">
         <name>.cinit:__lock</name>
         <load_address>0x3055cd</load_address>
         <run_address>0x3055cd</run_address>
         <size>0x5</size>
         <input_file_ref idref="fl-48"/>
      </object_component>
      <object_component id="oc-24d">
         <name>.cinit:__unlock</name>
         <load_address>0x3055d2</load_address>
         <run_address>0x3055d2</run_address>
         <size>0x5</size>
         <input_file_ref idref="fl-48"/>
      </object_component>
      <object_component id="oc-214">
         <name>.cinit:_Reply_flag</name>
         <load_address>0x3055d7</load_address>
         <run_address>0x3055d7</run_address>
         <size>0x4</size>
         <input_file_ref idref="fl-3"/>
      </object_component>
      <object_component id="oc-212">
         <name>.cinit:_Timer_flag</name>
         <load_address>0x3055db</load_address>
         <run_address>0x3055db</run_address>
         <size>0x4</size>
         <input_file_ref idref="fl-3"/>
      </object_component>
      <object_component id="oc-245">
         <name>.cinit:_Timer_flag_NoneCrypt</name>
         <load_address>0x3055df</load_address>
         <run_address>0x3055df</run_address>
         <size>0x4</size>
         <input_file_ref idref="fl-3"/>
      </object_component>
      <object_component id="oc-248">
         <name>.cinit:_hash</name>
         <load_address>0x3055e3</load_address>
         <run_address>0x3055e3</run_address>
         <size>0x4</size>
         <input_file_ref idref="fl-3"/>
      </object_component>
      <object_component id="oc-210">
         <name>.cinit:_scirxBuf</name>
         <load_address>0x3055e7</load_address>
         <run_address>0x3055e7</run_address>
         <size>0x4</size>
         <input_file_ref idref="fl-6"/>
      </object_component>
      <object_component id="oc-150">
         <name>.cinit</name>
         <load_address>0x3055eb</load_address>
         <run_address>0x3055eb</run_address>
         <size>0x4</size>
         <input_file_ref idref="fl-4d"/>
      </object_component>
      <object_component id="oc-1e2">
         <name>.cinit</name>
         <load_address>0x3055ef</load_address>
         <run_address>0x3055ef</run_address>
         <size>0x4</size>
         <input_file_ref idref="fl-69"/>
      </object_component>
      <object_component id="oc-197">
         <name>.cinit</name>
         <load_address>0x3055f3</load_address>
         <run_address>0x3055f3</run_address>
         <size>0x4</size>
         <input_file_ref idref="fl-5b"/>
      </object_component>
      <object_component id="oc-15e">
         <name>.cinit</name>
         <load_address>0x3055f7</load_address>
         <run_address>0x3055f7</run_address>
         <size>0x4</size>
         <input_file_ref idref="fl-50"/>
      </object_component>
      <object_component id="oc-1d6">
         <name>.cinit</name>
         <load_address>0x3055fb</load_address>
         <run_address>0x3055fb</run_address>
         <size>0x4</size>
         <input_file_ref idref="fl-67"/>
      </object_component>
      <object_component id="oc-231">
         <name>.switch:_CPU_IntSrcPendClr</name>
         <load_address>0x305602</load_address>
         <run_address>0x305602</run_address>
         <size>0x20</size>
         <input_file_ref idref="fl-c"/>
      </object_component>
      <object_component id="oc-d8">
         <name>.reset</name>
         <load_address>0x3fffc0</load_address>
         <run_address>0x3fffc0</run_address>
         <size>0x2</size>
         <input_file_ref idref="fl-35"/>
      </object_component>
      <object_component id="oc-d7">
         <name>.stack</name>
         <uninitialized>true</uninitialized>
         <run_address>0xb0</run_address>
         <size>0x0</size>
         <input_file_ref idref="fl-35"/>
      </object_component>
      <object_component id="oc-2a3">
         <name>.stack</name>
         <uninitialized>true</uninitialized>
         <run_address>0xb0</run_address>
         <size>0x0</size>
      </object_component>
      <object_component id="oc-37">
         <name>pie_vram</name>
         <uninitialized>true</uninitialized>
         <run_address>0xd00</run_address>
         <size>0x100</size>
         <input_file_ref idref="fl-8"/>
      </object_component>
      <object_component id="oc-1b">
         <name>.ebss</name>
         <uninitialized>true</uninitialized>
         <run_address>0xd7c0</run_address>
         <size>0x9c</size>
         <input_file_ref idref="fl-3"/>
      </object_component>
      <object_component id="oc-22d">
         <name>.ebss:_DEVICE_OUT</name>
         <uninitialized>true</uninitialized>
         <run_address>0xd7bc</run_address>
         <size>0x4</size>
         <input_file_ref idref="fl-3"/>
      </object_component>
      <object_component id="oc-240">
         <name>.ebss:_User_ID</name>
         <uninitialized>true</uninitialized>
         <run_address>0xd878</run_address>
         <size>0x5</size>
         <input_file_ref idref="fl-3"/>
      </object_component>
      <object_component id="oc-242">
         <name>.ebss:_User_password</name>
         <uninitialized>true</uninitialized>
         <run_address>0xd978</run_address>
         <size>0x5</size>
         <input_file_ref idref="fl-3"/>
      </object_component>
      <object_component id="oc-23e">
         <name>.ebss:_User_MAC_Address</name>
         <uninitialized>true</uninitialized>
         <run_address>0xd86c</run_address>
         <size>0x6</size>
         <input_file_ref idref="fl-3"/>
      </object_component>
      <object_component id="oc-211">
         <name>.ebss:_Timer_flag</name>
         <uninitialized>true</uninitialized>
         <run_address>0xd430</run_address>
         <size>0x10</size>
         <input_file_ref idref="fl-3"/>
      </object_component>
      <object_component id="oc-244">
         <name>.ebss:_Timer_flag_NoneCrypt</name>
         <uninitialized>true</uninitialized>
         <run_address>0xd6e0</run_address>
         <size>0x10</size>
         <input_file_ref idref="fl-3"/>
      </object_component>
      <object_component id="oc-247">
         <name>.ebss:_hash</name>
         <uninitialized>true</uninitialized>
         <run_address>0xd6f0</run_address>
         <size>0x10</size>
         <input_file_ref idref="fl-3"/>
      </object_component>
      <object_component id="oc-213">
         <name>.ebss:_Reply_flag</name>
         <uninitialized>true</uninitialized>
         <run_address>0xd420</run_address>
         <size>0x10</size>
         <input_file_ref idref="fl-3"/>
      </object_component>
      <object_component id="oc-234">
         <name>.ebss:_Status_SyncStk</name>
         <uninitialized>true</uninitialized>
         <run_address>0xdb00</run_address>
         <size>0x60</size>
         <input_file_ref idref="fl-3"/>
      </object_component>
      <object_component id="oc-237">
         <name>.ebss:_Init_UpdateStk</name>
         <uninitialized>true</uninitialized>
         <run_address>0xda80</run_address>
         <size>0x60</size>
         <input_file_ref idref="fl-3"/>
      </object_component>
      <object_component id="oc-23c">
         <name>.ebss:_User_certificationStk</name>
         <uninitialized>true</uninitialized>
         <run_address>0xdc80</run_address>
         <size>0x60</size>
         <input_file_ref idref="fl-3"/>
      </object_component>
      <object_component id="oc-238">
         <name>.ebss:_UART_ReceptionStk</name>
         <uninitialized>true</uninitialized>
         <run_address>0xdb80</run_address>
         <size>0x60</size>
         <input_file_ref idref="fl-3"/>
      </object_component>
      <object_component id="oc-239">
         <name>.ebss:_UART_TransmissionStk</name>
         <uninitialized>true</uninitialized>
         <run_address>0xdc00</run_address>
         <size>0x60</size>
         <input_file_ref idref="fl-3"/>
      </object_component>
      <object_component id="oc-23a">
         <name>.ebss:_DiagnosisStk</name>
         <uninitialized>true</uninitialized>
         <run_address>0xda00</run_address>
         <size>0x60</size>
         <input_file_ref idref="fl-3"/>
      </object_component>
      <object_component id="oc-23b">
         <name>.ebss:_Data_SyncStk</name>
         <uninitialized>true</uninitialized>
         <run_address>0xd980</run_address>
         <size>0x60</size>
         <input_file_ref idref="fl-3"/>
      </object_component>
      <object_component id="oc-250">
         <name>.ebss:_PADDING</name>
         <uninitialized>true</uninitialized>
         <run_address>0xdd80</run_address>
         <size>0x40</size>
         <input_file_ref idref="fl-4"/>
      </object_component>
      <object_component id="oc-20f">
         <name>.ebss:_scirxBuf</name>
         <uninitialized>true</uninitialized>
         <run_address>0xd7a0</run_address>
         <size>0x10</size>
         <input_file_ref idref="fl-6"/>
      </object_component>
      <object_component id="oc-5a">
         <name>.ebss</name>
         <uninitialized>true</uninitialized>
         <run_address>0xd9ea</run_address>
         <size>0x2</size>
         <input_file_ref idref="fl-f"/>
      </object_component>
      <object_component id="oc-60">
         <name>.ebss</name>
         <uninitialized>true</uninitialized>
         <run_address>0xd7b0</run_address>
         <size>0xc</size>
         <input_file_ref idref="fl-10"/>
      </object_component>
      <object_component id="oc-72">
         <name>.ebss</name>
         <uninitialized>true</uninitialized>
         <run_address>0xd9e0</run_address>
         <size>0x5</size>
         <input_file_ref idref="fl-13"/>
      </object_component>
      <object_component id="oc-7e">
         <name>.ebss</name>
         <uninitialized>true</uninitialized>
         <run_address>0xde80</run_address>
         <size>0x26</size>
         <input_file_ref idref="fl-16"/>
      </object_component>
      <object_component id="oc-221">
         <name>.ebss:_OSRdyTbl</name>
         <uninitialized>true</uninitialized>
         <run_address>0xd85c</run_address>
         <size>0x8</size>
         <input_file_ref idref="fl-16"/>
      </object_component>
      <object_component id="oc-22e">
         <name>.ebss:_OSFlagTbl</name>
         <uninitialized>true</uninitialized>
         <run_address>0xde00</run_address>
         <size>0x28</size>
         <input_file_ref idref="fl-16"/>
      </object_component>
      <object_component id="oc-230">
         <name>.ebss:_OSQTbl</name>
         <uninitialized>true</uninitialized>
         <run_address>0xdd48</run_address>
         <size>0x30</size>
         <input_file_ref idref="fl-16"/>
      </object_component>
      <object_component id="oc-22f">
         <name>.ebss:_OSMemTbl</name>
         <uninitialized>true</uninitialized>
         <run_address>0xddc0</run_address>
         <size>0x3c</size>
         <input_file_ref idref="fl-16"/>
      </object_component>
      <object_component id="oc-21f">
         <name>.ebss:_OSTCBPrioTbl</name>
         <uninitialized>true</uninitialized>
         <run_address>0xd880</run_address>
         <size>0x80</size>
         <input_file_ref idref="fl-16"/>
      </object_component>
      <object_component id="oc-223">
         <name>.ebss:_OSEventTbl</name>
         <uninitialized>true</uninitialized>
         <run_address>0xd640</run_address>
         <size>0xa0</size>
         <input_file_ref idref="fl-16"/>
      </object_component>
      <object_component id="oc-226">
         <name>.ebss:_OSTaskStatStk</name>
         <uninitialized>true</uninitialized>
         <run_address>0xd540</run_address>
         <size>0x100</size>
         <input_file_ref idref="fl-16"/>
      </object_component>
      <object_component id="oc-224">
         <name>.ebss:_OSTaskIdleStk</name>
         <uninitialized>true</uninitialized>
         <run_address>0xd440</run_address>
         <size>0x100</size>
         <input_file_ref idref="fl-16"/>
      </object_component>
      <object_component id="oc-227">
         <name>.ebss:_OSTCBTbl</name>
         <uninitialized>true</uninitialized>
         <run_address>0xd000</run_address>
         <size>0x420</size>
         <input_file_ref idref="fl-16"/>
      </object_component>
      <object_component id="oc-134">
         <name>.ebss</name>
         <uninitialized>true</uninitialized>
         <run_address>0xd872</run_address>
         <size>0x6</size>
         <input_file_ref idref="fl-47"/>
      </object_component>
      <object_component id="oc-22b">
         <name>.ebss:__lock</name>
         <uninitialized>true</uninitialized>
         <run_address>0xd87e</run_address>
         <size>0x2</size>
         <input_file_ref idref="fl-48"/>
      </object_component>
      <object_component id="oc-256">
         <name>.ebss:__unlock</name>
         <uninitialized>true</uninitialized>
         <run_address>0xd97e</run_address>
         <size>0x2</size>
         <input_file_ref idref="fl-48"/>
      </object_component>
      <object_component id="oc-151">
         <name>.ebss</name>
         <uninitialized>true</uninitialized>
         <run_address>0xd87d</run_address>
         <size>0x1</size>
         <input_file_ref idref="fl-4d"/>
      </object_component>
      <object_component id="oc-259">
         <name>.ebss:__ftable</name>
         <uninitialized>true</uninitialized>
         <run_address>0xd900</run_address>
         <size>0x78</size>
         <input_file_ref idref="fl-4d"/>
      </object_component>
      <object_component id="oc-280">
         <name>.ebss:___TI_tmpnams</name>
         <uninitialized>true</uninitialized>
         <run_address>0xd700</run_address>
         <size>0xa0</size>
         <input_file_ref idref="fl-4d"/>
      </object_component>
      <object_component id="oc-15f">
         <name>.ebss</name>
         <uninitialized>true</uninitialized>
         <run_address>0xd9e6</run_address>
         <size>0x4</size>
         <input_file_ref idref="fl-50"/>
      </object_component>
      <object_component id="oc-26c">
         <name>.ebss:__stream</name>
         <uninitialized>true</uninitialized>
         <run_address>0xde40</run_address>
         <size>0x28</size>
         <input_file_ref idref="fl-56"/>
      </object_component>
      <object_component id="oc-273">
         <name>.ebss:__device</name>
         <uninitialized>true</uninitialized>
         <run_address>0xdd00</run_address>
         <size>0x48</size>
         <input_file_ref idref="fl-56"/>
      </object_component>
      <object_component id="oc-198">
         <name>.ebss</name>
         <uninitialized>true</uninitialized>
         <run_address>0xd9e5</run_address>
         <size>0x1</size>
         <input_file_ref idref="fl-5b"/>
      </object_component>
      <object_component id="oc-282">
         <name>.ebss:_parmbuf</name>
         <uninitialized>true</uninitialized>
         <run_address>0xd864</run_address>
         <size>0x8</size>
         <input_file_ref idref="fl-61"/>
      </object_component>
      <object_component id="oc-1d7">
         <name>.ebss</name>
         <uninitialized>true</uninitialized>
         <run_address>0xd9ec</run_address>
         <size>0x1</size>
         <input_file_ref idref="fl-67"/>
      </object_component>
      <object_component id="oc-1e3">
         <name>.ebss</name>
         <uninitialized>true</uninitialized>
         <run_address>0xd97d</run_address>
         <size>0x1</size>
         <input_file_ref idref="fl-69"/>
      </object_component>
      <object_component id="oc-26e">
         <name>.econst:.string:__ctypes_</name>
         <load_address>0x304e80</load_address>
         <run_address>0x304e80</run_address>
         <size>0x101</size>
         <input_file_ref idref="fl-4c"/>
      </object_component>
      <object_component id="oc-24e">
         <name>.econst:.string:_CPU_CntLeadZerosTbl</name>
         <load_address>0x304f81</load_address>
         <run_address>0x304f81</run_address>
         <size>0x100</size>
         <input_file_ref idref="fl-d"/>
      </object_component>
      <object_component id="oc-222">
         <name>.econst:.string:_OSUnMapTbl</name>
         <load_address>0x305081</load_address>
         <run_address>0x305081</run_address>
         <size>0x100</size>
         <input_file_ref idref="fl-16"/>
      </object_component>
      <object_component id="oc-255">
         <name>.econst:.string:_rsbox</name>
         <load_address>0x305181</load_address>
         <run_address>0x305181</run_address>
         <size>0x100</size>
         <input_file_ref idref="fl-2"/>
      </object_component>
      <object_component id="oc-253">
         <name>.econst:.string:_sbox</name>
         <load_address>0x305281</load_address>
         <run_address>0x305281</run_address>
         <size>0x100</size>
         <input_file_ref idref="fl-2"/>
      </object_component>
      <object_component id="oc-61">
         <name>.econst:.string</name>
         <load_address>0x305382</load_address>
         <run_address>0x305382</run_address>
         <size>0x3b</size>
         <input_file_ref idref="fl-10"/>
      </object_component>
      <object_component id="oc-78">
         <name>.econst</name>
         <load_address>0x3053be</load_address>
         <run_address>0x3053be</run_address>
         <size>0x3a</size>
         <input_file_ref idref="fl-15"/>
      </object_component>
      <object_component id="oc-bc">
         <name>.econst:.string</name>
         <load_address>0x3053f8</load_address>
         <run_address>0x3053f8</run_address>
         <size>0x26</size>
         <input_file_ref idref="fl-30"/>
      </object_component>
      <object_component id="oc-7f">
         <name>.econst:.string</name>
         <load_address>0x30541e</load_address>
         <run_address>0x30541e</run_address>
         <size>0x1e</size>
         <input_file_ref idref="fl-16"/>
      </object_component>
      <object_component id="oc-bb">
         <name>.econst</name>
         <load_address>0x30543c</load_address>
         <run_address>0x30543c</run_address>
         <size>0x1c</size>
         <input_file_ref idref="fl-30"/>
      </object_component>
      <object_component id="oc-187">
         <name>.econst</name>
         <load_address>0x305458</load_address>
         <run_address>0x305458</run_address>
         <size>0x1c</size>
         <input_file_ref idref="fl-58"/>
      </object_component>
      <object_component id="oc-23d">
         <name>.econst:.string:_$P$T0$1</name>
         <load_address>0x305474</load_address>
         <run_address>0x305474</run_address>
         <size>0x10</size>
         <input_file_ref idref="fl-3"/>
      </object_component>
      <object_component id="oc-249">
         <name>.econst:.string:_$P$T1$2</name>
         <load_address>0x305484</load_address>
         <run_address>0x305484</run_address>
         <size>0x10</size>
         <input_file_ref idref="fl-3"/>
      </object_component>
      <object_component id="oc-24b">
         <name>.econst:.string:_$P$T2$3</name>
         <load_address>0x305494</load_address>
         <run_address>0x305494</run_address>
         <size>0x10</size>
         <input_file_ref idref="fl-3"/>
      </object_component>
      <object_component id="oc-254">
         <name>.econst:.string:_Rcon</name>
         <load_address>0x3054a4</load_address>
         <run_address>0x3054a4</run_address>
         <size>0xa</size>
         <input_file_ref idref="fl-2"/>
      </object_component>
      <object_component id="oc-21">
         <name>.econst:.string</name>
         <load_address>0x3054ae</load_address>
         <run_address>0x3054ae</run_address>
         <size>0x8</size>
         <input_file_ref idref="fl-4"/>
      </object_component>
      <object_component id="oc-181">
         <name>.econst</name>
         <load_address>0x3054b6</load_address>
         <run_address>0x3054b6</run_address>
         <size>0x8</size>
         <input_file_ref idref="fl-57"/>
      </object_component>
      <object_component id="oc-85">
         <name>.econst:.string</name>
         <load_address>0x3054be</load_address>
         <run_address>0x3054be</run_address>
         <size>0x2</size>
         <input_file_ref idref="fl-17"/>
      </object_component>
      <object_component id="oc-8b">
         <name>.econst:.string</name>
         <load_address>0x3054c0</load_address>
         <run_address>0x3054c0</run_address>
         <size>0x2</size>
         <input_file_ref idref="fl-18"/>
      </object_component>
      <object_component id="oc-91">
         <name>.econst:.string</name>
         <load_address>0x3054c2</load_address>
         <run_address>0x3054c2</run_address>
         <size>0x2</size>
         <input_file_ref idref="fl-19"/>
      </object_component>
      <object_component id="oc-97">
         <name>.econst:.string</name>
         <load_address>0x3054c4</load_address>
         <run_address>0x3054c4</run_address>
         <size>0x2</size>
         <input_file_ref idref="fl-1a"/>
      </object_component>
      <object_component id="oc-9d">
         <name>.econst:.string</name>
         <load_address>0x3054c6</load_address>
         <run_address>0x3054c6</run_address>
         <size>0x2</size>
         <input_file_ref idref="fl-1b"/>
      </object_component>
      <object_component id="oc-a3">
         <name>.econst:.string</name>
         <load_address>0x3054c8</load_address>
         <run_address>0x3054c8</run_address>
         <size>0x2</size>
         <input_file_ref idref="fl-1c"/>
      </object_component>
      <object_component id="oc-a9">
         <name>.econst:.string</name>
         <load_address>0x3054ca</load_address>
         <run_address>0x3054ca</run_address>
         <size>0x2</size>
         <input_file_ref idref="fl-1d"/>
      </object_component>
      <object_component id="oc-c7">
         <name>.econst:.string</name>
         <load_address>0x3054cc</load_address>
         <run_address>0x3054cc</run_address>
         <size>0x2</size>
         <input_file_ref idref="fl-32"/>
      </object_component>
      <object_component id="oc-4f">
         <name>.econst</name>
         <load_address>0x3054ce</load_address>
         <run_address>0x3054ce</run_address>
         <size>0x2</size>
         <input_file_ref idref="fl-d"/>
      </object_component>
      <object_component id="oc-160">
         <name>.esysmem</name>
         <uninitialized>true</uninitialized>
         <run_address>0xdea6</run_address>
         <size>0x4</size>
         <input_file_ref idref="fl-50"/>
      </object_component>
      <object_component id="oc-2a4">
         <name>.esysmem</name>
         <uninitialized>true</uninitialized>
         <run_address>0xdea6</run_address>
         <size>0x0</size>
      </object_component>
      <object_component id="oc-14">
         <name>.debug_info</name>
         <load_address>0x0</load_address>
         <run_address>0x0</run_address>
         <size>0x685</size>
         <input_file_ref idref="fl-2"/>
      </object_component>
      <object_component id="oc-19">
         <name>.debug_info</name>
         <load_address>0x685</load_address>
         <run_address>0x685</run_address>
         <size>0x1bd7</size>
         <input_file_ref idref="fl-3"/>
      </object_component>
      <object_component id="oc-20">
         <name>.debug_info</name>
         <load_address>0x225c</load_address>
         <run_address>0x225c</run_address>
         <size>0xa34</size>
         <input_file_ref idref="fl-4"/>
      </object_component>
      <object_component id="oc-28">
         <name>.debug_info</name>
         <load_address>0x2c90</load_address>
         <run_address>0x2c90</run_address>
         <size>0x1de</size>
         <input_file_ref idref="fl-5"/>
      </object_component>
      <object_component id="oc-2b">
         <name>.debug_info</name>
         <load_address>0x2e6e</load_address>
         <run_address>0x2e6e</run_address>
         <size>0x973</size>
         <input_file_ref idref="fl-6"/>
      </object_component>
      <object_component id="oc-31">
         <name>.debug_info</name>
         <load_address>0x37e1</load_address>
         <run_address>0x37e1</run_address>
         <size>0xb92</size>
         <input_file_ref idref="fl-7"/>
      </object_component>
      <object_component id="oc-36">
         <name>.debug_info</name>
         <load_address>0x4373</load_address>
         <run_address>0x4373</run_address>
         <size>0xd8c</size>
         <input_file_ref idref="fl-8"/>
      </object_component>
      <object_component id="oc-3d">
         <name>.debug_info</name>
         <load_address>0x50ff</load_address>
         <run_address>0x50ff</run_address>
         <size>0x5e2</size>
         <input_file_ref idref="fl-9"/>
      </object_component>
      <object_component id="oc-42">
         <name>.debug_info</name>
         <load_address>0x56e1</load_address>
         <run_address>0x56e1</run_address>
         <size>0x1cd</size>
         <input_file_ref idref="fl-a"/>
      </object_component>
      <object_component id="oc-45">
         <name>.debug_info</name>
         <load_address>0x58ae</load_address>
         <run_address>0x58ae</run_address>
         <size>0x34c</size>
         <input_file_ref idref="fl-b"/>
      </object_component>
      <object_component id="oc-49">
         <name>.debug_info</name>
         <load_address>0x5bfa</load_address>
         <run_address>0x5bfa</run_address>
         <size>0x688</size>
         <input_file_ref idref="fl-c"/>
      </object_component>
      <object_component id="oc-4e">
         <name>.debug_info</name>
         <load_address>0x6282</load_address>
         <run_address>0x6282</run_address>
         <size>0xf60</size>
         <input_file_ref idref="fl-d"/>
      </object_component>
      <object_component id="oc-54">
         <name>.debug_info</name>
         <load_address>0x71e2</load_address>
         <run_address>0x71e2</run_address>
         <size>0x327</size>
         <input_file_ref idref="fl-e"/>
      </object_component>
      <object_component id="oc-59">
         <name>.debug_info</name>
         <load_address>0x7509</load_address>
         <run_address>0x7509</run_address>
         <size>0x3ad</size>
         <input_file_ref idref="fl-f"/>
      </object_component>
      <object_component id="oc-5f">
         <name>.debug_info</name>
         <load_address>0x78b6</load_address>
         <run_address>0x78b6</run_address>
         <size>0xaee</size>
         <input_file_ref idref="fl-10"/>
      </object_component>
      <object_component id="oc-66">
         <name>.debug_info</name>
         <load_address>0x83a4</load_address>
         <run_address>0x83a4</run_address>
         <size>0x518</size>
         <input_file_ref idref="fl-11"/>
      </object_component>
      <object_component id="oc-6c">
         <name>.debug_info</name>
         <load_address>0x88bc</load_address>
         <run_address>0x88bc</run_address>
         <size>0x418</size>
         <input_file_ref idref="fl-12"/>
      </object_component>
      <object_component id="oc-70">
         <name>.debug_info</name>
         <load_address>0x8cd4</load_address>
         <run_address>0x8cd4</run_address>
         <size>0x1bad</size>
         <input_file_ref idref="fl-13"/>
      </object_component>
      <object_component id="oc-77">
         <name>.debug_info</name>
         <load_address>0xa881</load_address>
         <run_address>0xa881</run_address>
         <size>0xca7</size>
         <input_file_ref idref="fl-15"/>
      </object_component>
      <object_component id="oc-7d">
         <name>.debug_info</name>
         <load_address>0xb528</load_address>
         <run_address>0xb528</run_address>
         <size>0x3ffe</size>
         <input_file_ref idref="fl-16"/>
      </object_component>
      <object_component id="oc-84">
         <name>.debug_info</name>
         <load_address>0xf526</load_address>
         <run_address>0xf526</run_address>
         <size>0x23fd</size>
         <input_file_ref idref="fl-17"/>
      </object_component>
      <object_component id="oc-8a">
         <name>.debug_info</name>
         <load_address>0x11923</load_address>
         <run_address>0x11923</run_address>
         <size>0xc0f</size>
         <input_file_ref idref="fl-18"/>
      </object_component>
      <object_component id="oc-90">
         <name>.debug_info</name>
         <load_address>0x12532</load_address>
         <run_address>0x12532</run_address>
         <size>0xff1</size>
         <input_file_ref idref="fl-19"/>
      </object_component>
      <object_component id="oc-96">
         <name>.debug_info</name>
         <load_address>0x13523</load_address>
         <run_address>0x13523</run_address>
         <size>0xcd8</size>
         <input_file_ref idref="fl-1a"/>
      </object_component>
      <object_component id="oc-9c">
         <name>.debug_info</name>
         <load_address>0x141fb</load_address>
         <run_address>0x141fb</run_address>
         <size>0x2023</size>
         <input_file_ref idref="fl-1b"/>
      </object_component>
      <object_component id="oc-a2">
         <name>.debug_info</name>
         <load_address>0x1621e</load_address>
         <run_address>0x1621e</run_address>
         <size>0x1944</size>
         <input_file_ref idref="fl-1c"/>
      </object_component>
      <object_component id="oc-a8">
         <name>.debug_info</name>
         <load_address>0x17b62</load_address>
         <run_address>0x17b62</run_address>
         <size>0x2ae3</size>
         <input_file_ref idref="fl-1d"/>
      </object_component>
      <object_component id="oc-ae">
         <name>.debug_info</name>
         <load_address>0x1a645</load_address>
         <run_address>0x1a645</run_address>
         <size>0x11a8</size>
         <input_file_ref idref="fl-1e"/>
      </object_component>
      <object_component id="oc-b3">
         <name>.debug_info</name>
         <load_address>0x1b7ed</load_address>
         <run_address>0x1b7ed</run_address>
         <size>0x1c6</size>
         <input_file_ref idref="fl-1f"/>
      </object_component>
      <object_component id="oc-b5">
         <name>.debug_info</name>
         <load_address>0x1b9b3</load_address>
         <run_address>0x1b9b3</run_address>
         <size>0x6ad</size>
         <input_file_ref idref="fl-2f"/>
      </object_component>
      <object_component id="oc-ba">
         <name>.debug_info</name>
         <load_address>0x1c060</load_address>
         <run_address>0x1c060</run_address>
         <size>0x2652</size>
         <input_file_ref idref="fl-30"/>
      </object_component>
      <object_component id="oc-c1">
         <name>.debug_info</name>
         <load_address>0x1e6b2</load_address>
         <run_address>0x1e6b2</run_address>
         <size>0x5da</size>
         <input_file_ref idref="fl-31"/>
      </object_component>
      <object_component id="oc-c6">
         <name>.debug_info</name>
         <load_address>0x1ec8c</load_address>
         <run_address>0x1ec8c</run_address>
         <size>0x790</size>
         <input_file_ref idref="fl-32"/>
      </object_component>
      <object_component id="oc-cc">
         <name>.debug_info</name>
         <load_address>0x1f41c</load_address>
         <run_address>0x1f41c</run_address>
         <size>0x559</size>
         <input_file_ref idref="fl-33"/>
      </object_component>
      <object_component id="oc-d1">
         <name>.debug_info</name>
         <load_address>0x1f975</load_address>
         <run_address>0x1f975</run_address>
         <size>0x5a2</size>
         <input_file_ref idref="fl-34"/>
      </object_component>
      <object_component id="oc-d9">
         <name>.debug_info</name>
         <load_address>0x1ff17</load_address>
         <run_address>0x1ff17</run_address>
         <size>0x173</size>
         <input_file_ref idref="fl-35"/>
      </object_component>
      <object_component id="oc-de">
         <name>.debug_info</name>
         <load_address>0x2008a</load_address>
         <run_address>0x2008a</run_address>
         <size>0x120</size>
         <input_file_ref idref="fl-36"/>
      </object_component>
      <object_component id="oc-e3">
         <name>.debug_info</name>
         <load_address>0x201aa</load_address>
         <run_address>0x201aa</run_address>
         <size>0x114</size>
         <input_file_ref idref="fl-37"/>
      </object_component>
      <object_component id="oc-e8">
         <name>.debug_info</name>
         <load_address>0x202be</load_address>
         <run_address>0x202be</run_address>
         <size>0x114</size>
         <input_file_ref idref="fl-38"/>
      </object_component>
      <object_component id="oc-ed">
         <name>.debug_info</name>
         <load_address>0x203d2</load_address>
         <run_address>0x203d2</run_address>
         <size>0x122</size>
         <input_file_ref idref="fl-39"/>
      </object_component>
      <object_component id="oc-f2">
         <name>.debug_info</name>
         <load_address>0x204f4</load_address>
         <run_address>0x204f4</run_address>
         <size>0x114</size>
         <input_file_ref idref="fl-3a"/>
      </object_component>
      <object_component id="oc-f7">
         <name>.debug_info</name>
[...]
         <value>0x302389</value>
         <object_component_ref idref="oc-225"/>
      </symbol>
      <symbol id="sm-5ce">
         <name>_OS_TaskReturn</name>
         <value>0x3023be</value>
         <object_component_ref idref="oc-225"/>
      </symbol>
      <symbol id="sm-5cf">
         <name>_OS_TaskStkClr</name>
         <value>0x3023c7</value>
         <object_component_ref idref="oc-225"/>
      </symbol>
      <symbol id="sm-5d0">
         <name>_OSTaskQuery</name>
         <value>0x3022f8</value>
         <object_component_ref idref="oc-225"/>
      </symbol>
      <symbol id="sm-5d1">
         <name>_OSTaskNameSet</name>
         <value>0x302175</value>
         <object_component_ref idref="oc-225"/>
      </symbol>
      <symbol id="sm-5d2">
         <name>_OSTaskDel</name>
         <value>0x301fdf</value>
         <object_component_ref idref="oc-225"/>
      </symbol>
      <symbol id="sm-5d3">
         <name>_OSTaskStkChk</name>
         <value>0x30222a</value>
         <object_component_ref idref="oc-225"/>
      </symbol>
      <symbol id="sm-5d4">
         <name>_OSTaskRegGet</name>
         <value>0x302336</value>
         <object_component_ref idref="oc-225"/>
      </symbol>
      <symbol id="sm-5d5">
         <name>_OSTaskCreateExt</name>
         <value>0x301f79</value>
         <object_component_ref idref="oc-225"/>
      </symbol>
      <symbol id="sm-5d6">
         <name>_OSTaskRegGetID</name>
         <value>0x30236d</value>
         <object_component_ref idref="oc-225"/>
      </symbol>
      <symbol id="sm-5f4">
         <name>_OSTimeSet</name>
         <value>0x303bfa</value>
         <object_component_ref idref="oc-220"/>
      </symbol>
      <symbol id="sm-5f5">
         <name>_OSTimeDlyResume</name>
         <value>0x303b80</value>
         <object_component_ref idref="oc-220"/>
      </symbol>
      <symbol id="sm-5f6">
         <name>_OSTimeDlyHMSM</name>
         <value>0x303b38</value>
         <object_component_ref idref="oc-220"/>
      </symbol>
      <symbol id="sm-5f7">
         <name>_OSTimeGet</name>
         <value>0x303beb</value>
         <object_component_ref idref="oc-220"/>
      </symbol>
      <symbol id="sm-5f8">
         <name>_OSTimeDly</name>
         <value>0x303afb</value>
         <object_component_ref idref="oc-220"/>
      </symbol>
      <symbol id="sm-60b">
         <name>_printf</name>
         <value>0x304a54</value>
         <object_component_ref idref="oc-252"/>
      </symbol>
      <symbol id="sm-76c">
         <name>___TI_printfi</name>
         <value>0x300b12</value>
         <object_component_ref idref="oc-25b"/>
      </symbol>
      <symbol id="sm-77e">
         <name>_putchar</name>
         <value>0x304924</value>
         <object_component_ref idref="oc-257"/>
      </symbol>
      <symbol id="sm-77f">
         <name>_putc</name>
         <value>0x3048da</value>
         <object_component_ref idref="oc-257"/>
      </symbol>
      <symbol id="sm-780">
         <name>_fputc</name>
         <value>0x3048da</value>
         <object_component_ref idref="oc-257"/>
      </symbol>
      <symbol id="sm-79c">
         <name>_puts</name>
         <value>0x3040bf</value>
         <object_component_ref idref="oc-258"/>
      </symbol>
      <symbol id="sm-79d">
         <name>_fputs</name>
         <value>0x30402f</value>
         <object_component_ref idref="oc-258"/>
      </symbol>
      <symbol id="sm-7b4">
         <name>___TI_rd_ok</name>
         <value>0x30463b</value>
         <object_component_ref idref="oc-25c"/>
      </symbol>
      <symbol id="sm-7b5">
         <name>___TI_wrt_ok</name>
         <value>0x304600</value>
         <object_component_ref idref="oc-25c"/>
      </symbol>
      <symbol id="sm-7cc">
         <name>_setvbuf</name>
         <value>0x30443a</value>
         <object_component_ref idref="oc-26b"/>
      </symbol>
      <symbol id="sm-7e7">
         <name>_c_int00</name>
         <value>0x304836</value>
         <object_component_ref idref="oc-d6"/>
      </symbol>
      <symbol id="sm-7e8">
         <name>__stack</name>
         <value>0xb0</value>
         <object_component_ref idref="oc-d7"/>
      </symbol>
      <symbol id="sm-7f8">
         <name>FD$$CMP</name>
         <value>0x304b76</value>
         <object_component_ref idref="oc-dd"/>
      </symbol>
      <symbol id="sm-80a">
         <name>FD$$MPY</name>
         <value>0x3043b7</value>
         <object_component_ref idref="oc-e2"/>
      </symbol>
      <symbol id="sm-817">
         <name>FD$$NEG</name>
         <value>0x304e54</value>
         <object_component_ref idref="oc-e7"/>
      </symbol>
      <symbol id="sm-823">
         <name>FD$$SUB</name>
         <value>0x304e1b</value>
         <object_component_ref idref="oc-ec"/>
      </symbol>
      <symbol id="sm-832">
         <name>FD$$TOI</name>
         <value>0x304c86</value>
         <object_component_ref idref="oc-f1"/>
      </symbol>
      <symbol id="sm-841">
         <name>FD$$TOL</name>
         <value>0x304cc6</value>
         <object_component_ref idref="oc-f6"/>
      </symbol>
      <symbol id="sm-84d">
         <name>LL$$AND</name>
         <value>0x304d8e</value>
         <object_component_ref idref="oc-fb"/>
      </symbol>
      <symbol id="sm-84e">
         <name>LL$$OR</name>
         <value>0x304d96</value>
         <object_component_ref idref="oc-fb"/>
      </symbol>
      <symbol id="sm-84f">
         <name>LL$$XOR</name>
         <value>0x304d9e</value>
         <object_component_ref idref="oc-fb"/>
      </symbol>
      <symbol id="sm-85d">
         <name>ULL$$CMP</name>
         <value>0x304cf7</value>
         <object_component_ref idref="oc-100"/>
      </symbol>
      <symbol id="sm-85e">
         <name>LL$$CMP</name>
         <value>0x304ce5</value>
         <object_component_ref idref="oc-100"/>
      </symbol>
      <symbol id="sm-88a">
         <name>ULL$$MOD</name>
         <value>0x303cae</value>
         <object_component_ref idref="oc-105"/>
      </symbol>
      <symbol id="sm-88b">
         <name>ULL$$DIV</name>
         <value>0x303c7f</value>
         <object_component_ref idref="oc-105"/>
      </symbol>
      <symbol id="sm-88c">
         <name>LL$$MOD</name>
         <value>0x303c45</value>
         <object_component_ref idref="oc-105"/>
      </symbol>
      <symbol id="sm-88d">
         <name>LL$$DIV</name>
         <value>0x303c09</value>
         <object_component_ref idref="oc-105"/>
      </symbol>
      <symbol id="sm-89d">
         <name>I$$TOFD</name>
         <value>0x304d03</value>
         <object_component_ref idref="oc-10a"/>
      </symbol>
      <symbol id="sm-8ad">
         <name>L$$TOFD</name>
         <value>0x304d59</value>
         <object_component_ref idref="oc-10f"/>
      </symbol>
      <symbol id="sm-8bd">
         <name>FS$$TOFD</name>
         <value>0x304d3d</value>
         <object_component_ref idref="oc-114"/>
      </symbol>
      <symbol id="sm-8d4">
         <name>FD$$DIV</name>
         <value>0x30432c</value>
         <object_component_ref idref="oc-119"/>
      </symbol>
      <symbol id="sm-8e3">
         <name>_copy_in</name>
         <value>0x304c3f</value>
         <object_component_ref idref="oc-216"/>
      </symbol>
      <symbol id="sm-8f4">
         <name>_memcpy</name>
         <value>0x304d20</value>
         <object_component_ref idref="oc-229"/>
      </symbol>
      <symbol id="sm-900">
         <name>__system_pre_init</name>
         <value>0x304e7c</value>
         <object_component_ref idref="oc-215"/>
      </symbol>
      <symbol id="sm-90d">
         <name>__system_post_cinit</name>
         <value>0x304e7e</value>
         <object_component_ref idref="oc-217"/>
      </symbol>
      <symbol id="sm-921">
         <name>C$$EXIT</name>
         <value>0x304bca</value>
         <object_component_ref idref="oc-219"/>
      </symbol>
      <symbol id="sm-922">
         <name>_exit</name>
         <value>0x304bcc</value>
         <object_component_ref idref="oc-219"/>
      </symbol>
      <symbol id="sm-923">
         <name>___TI_cleanup_ptr</name>
         <value>0xd874</value>
         <object_component_ref idref="oc-134"/>
      </symbol>
      <symbol id="sm-924">
         <name>___TI_enable_exit_profile_output</name>
         <value>0xd872</value>
         <object_component_ref idref="oc-134"/>
      </symbol>
      <symbol id="sm-925">
         <name>_abort</name>
         <value>0x304bca</value>
         <object_component_ref idref="oc-219"/>
      </symbol>
      <symbol id="sm-926">
         <name>___TI_dtors_ptr</name>
         <value>0xd876</value>
         <object_component_ref idref="oc-134"/>
      </symbol>
      <symbol id="sm-93a">
         <name>__unlock</name>
         <value>0xd97e</value>
         <object_component_ref idref="oc-256"/>
      </symbol>
      <symbol id="sm-93b">
         <name>__lock</name>
         <value>0xd87e</value>
         <object_component_ref idref="oc-22b"/>
      </symbol>
      <symbol id="sm-93c">
         <name>__register_lock</name>
         <value>0x304e4f</value>
         <object_component_ref idref="oc-24c"/>
      </symbol>
      <symbol id="sm-93d">
         <name>__nop</name>
         <value>0x304e53</value>
         <object_component_ref idref="oc-24c"/>
      </symbol>
      <symbol id="sm-93e">
         <name>__register_unlock</name>
         <value>0x304e4b</value>
         <object_component_ref idref="oc-24c"/>
      </symbol>
      <symbol id="sm-94c">
         <name>___TI_ltoa</name>
         <value>0x304b48</value>
         <object_component_ref idref="oc-262"/>
      </symbol>
      <symbol id="sm-95b">
         <name>__args_main</name>
         <value>0x304deb</value>
         <object_component_ref idref="oc-218"/>
      </symbol>
      <symbol id="sm-96f">
         <name>_atoi</name>
         <value>0x304b17</value>
         <object_component_ref idref="oc-261"/>
      </symbol>
      <symbol id="sm-977">
         <name>__ctypes_</name>
         <value>0x304e80</value>
         <object_component_ref idref="oc-26e"/>
      </symbol>
      <symbol id="sm-988">
         <name>___TI_ft_end</name>
         <value>0xd87d</value>
         <object_component_ref idref="oc-151"/>
      </symbol>
      <symbol id="sm-989">
         <name>___TI_tmpnams</name>
         <value>0xd700</value>
         <object_component_ref idref="oc-280"/>
      </symbol>
      <symbol id="sm-98a">
         <name>__ftable</name>
         <value>0xd900</value>
         <object_component_ref idref="oc-259"/>
      </symbol>
      <symbol id="sm-999">
         <name>_memccpy</name>
         <value>0x304dfc</value>
         <object_component_ref idref="oc-268"/>
      </symbol>
      <symbol id="sm-9a8">
         <name>_memchr</name>
         <value>0x304e29</value>
         <object_component_ref idref="oc-260"/>
      </symbol>
      <symbol id="sm-a06">
         <name>__sys_memory</name>
         <value>0xdea6</value>
         <object_component_ref idref="oc-160"/>
      </symbol>
      <symbol id="sm-a07">
         <name>___TI_heap_total_available</name>
         <value>0x303230</value>
         <object_component_ref idref="oc-271"/>
      </symbol>
      <symbol id="sm-a08">
         <name>_realloc</name>
         <value>0x3030d6</value>
         <object_component_ref idref="oc-271"/>
      </symbol>
      <symbol id="sm-a09">
         <name>___TI_heap_check</name>
         <value>0x30326a</value>
         <object_component_ref idref="oc-271"/>
      </symbol>
      <symbol id="sm-a0a">
         <name>_free</name>
         <value>0x30300e</value>
         <object_component_ref idref="oc-271"/>
      </symbol>
      <symbol id="sm-a0b">
         <name>_memalign</name>
         <value>0x30318a</value>
         <object_component_ref idref="oc-271"/>
      </symbol>
      <symbol id="sm-a0c">
         <name>_calloc</name>
         <value>0x30315d</value>
         <object_component_ref idref="oc-271"/>
      </symbol>
      <symbol id="sm-a0d">
         <name>_malloc</name>
         <value>0x302fe3</value>
         <object_component_ref idref="oc-271"/>
      </symbol>
      <symbol id="sm-a0e">
         <name>_aligned_alloc</name>
         <value>0x30318a</value>
         <object_component_ref idref="oc-271"/>
      </symbol>
      <symbol id="sm-a0f">
         <name>_minit</name>
         <value>0x303159</value>
         <object_component_ref idref="oc-271"/>
      </symbol>
      <symbol id="sm-a10">
         <name>___TI_heap_largest_available</name>
         <value>0x30324d</value>
         <object_component_ref idref="oc-271"/>
      </symbol>
      <symbol id="sm-a1e">
         <name>_memset</name>
         <value>0x304e6d</value>
         <object_component_ref idref="oc-266"/>
      </symbol>
      <symbol id="sm-a2d">
         <name>_strchr</name>
         <value>0x304e36</value>
         <object_component_ref idref="oc-265"/>
      </symbol>
      <symbol id="sm-a3a">
         <name>_strcpy</name>
         <value>0x304e74</value>
         <object_component_ref idref="oc-267"/>
      </symbol>
      <symbol id="sm-a47">
         <name>_strlen</name>
         <value>0x304e5d</value>
         <object_component_ref idref="oc-25f"/>
      </symbol>
      <symbol id="sm-a54">
         <name>_write</name>
         <value>0x304dbe</value>
         <object_component_ref idref="oc-25e"/>
      </symbol>
      <symbol id="sm-a64">
         <name>__device</name>
         <value>0xdd00</value>
         <object_component_ref idref="oc-273"/>
      </symbol>
      <symbol id="sm-a65">
         <name>__stream</name>
         <value>0xde40</value>
         <object_component_ref idref="oc-26c"/>
      </symbol>
      <symbol id="sm-a78">
         <name>_frexpl</name>
         <value>0x30477f</value>
         <object_component_ref idref="oc-263"/>
      </symbol>
      <symbol id="sm-a96">
         <name>_scalbnl</name>
         <value>0x303f83</value>
         <object_component_ref idref="oc-264"/>
      </symbol>
      <symbol id="sm-a97">
         <name>_ldexpl</name>
         <value>0x303f83</value>
         <object_component_ref idref="oc-264"/>
      </symbol>
      <symbol id="sm-aa5">
         <name>_wcslen</name>
         <value>0x304e65</value>
         <object_component_ref idref="oc-269"/>
      </symbol>
      <symbol id="sm-aba">
         <name>___TI_doflush</name>
         <value>0x304595</value>
         <object_component_ref idref="oc-25d"/>
      </symbol>
      <symbol id="sm-abb">
         <name>_fflush</name>
         <value>0x3045c4</value>
         <object_component_ref idref="oc-25d"/>
      </symbol>
      <symbol id="sm-af7">
         <name>_fopen</name>
         <value>0x303ab5</value>
         <object_component_ref idref="oc-272"/>
      </symbol>
      <symbol id="sm-af8">
         <name>___TI_cleanup</name>
         <value>0x303a7a</value>
         <object_component_ref idref="oc-272"/>
      </symbol>
      <symbol id="sm-af9">
         <name>_freopen</name>
         <value>0x303a97</value>
         <object_component_ref idref="oc-272"/>
      </symbol>
      <symbol id="sm-b09">
         <name>_fseek</name>
         <value>0x304968</value>
         <object_component_ref idref="oc-26a"/>
      </symbol>
      <symbol id="sm-b24">
         <name>FD$$ADD</name>
         <value>0x30416f</value>
         <object_component_ref idref="oc-1a2"/>
      </symbol>
      <symbol id="sm-b30">
         <name>UL$$MOD</name>
         <value>0x304bc4</value>
         <object_component_ref idref="oc-1a7"/>
      </symbol>
      <symbol id="sm-b31">
         <name>L$$MOD</name>
         <value>0x304baf</value>
         <object_component_ref idref="oc-1a7"/>
      </symbol>
      <symbol id="sm-b32">
         <name>L$$DIV</name>
         <value>0x304ba0</value>
         <object_component_ref idref="oc-1a7"/>
      </symbol>
      <symbol id="sm-b33">
         <name>UL$$DIV</name>
         <value>0x304bbd</value>
         <object_component_ref idref="oc-1a7"/>
      </symbol>
      <symbol id="sm-b3f">
         <name>_HOSTclose</name>
         <value>0x304bf3</value>
         <object_component_ref idref="oc-278"/>
      </symbol>
      <symbol id="sm-b4b">
         <name>_HOSTlseek</name>
         <value>0x304722</value>
         <object_component_ref idref="oc-27b"/>
      </symbol>
      <symbol id="sm-b5a">
         <name>_parmbuf</name>
         <value>0xd864</value>
         <object_component_ref idref="oc-282"/>
      </symbol>
      <symbol id="sm-b5b">
         <name>_HOSTopen</name>
         <value>0x3049a5</value>
         <object_component_ref idref="oc-277"/>
      </symbol>
      <symbol id="sm-b68">
         <name>_HOSTread</name>
         <value>0x3049de</value>
         <object_component_ref idref="oc-279"/>
      </symbol>
      <symbol id="sm-b74">
         <name>_HOSTrename</name>
         <value>0x304929</value>
         <object_component_ref idref="oc-27d"/>
      </symbol>
      <symbol id="sm-b80">
         <name>_HOSTunlink</name>
         <value>0x304c1a</value>
         <object_component_ref idref="oc-27c"/>
      </symbol>
      <symbol id="sm-b8d">
         <name>_HOSTwrite</name>
         <value>0x304a16</value>
         <object_component_ref idref="oc-27a"/>
      </symbol>
      <symbol id="sm-ba5">
         <name>___TI_readmsg</name>
         <value>0x304263</value>
         <object_component_ref idref="oc-283"/>
      </symbol>
      <symbol id="sm-ba6">
         <name>C$$IO$$</name>
         <value>0x30425e</value>
         <object_component_ref idref="oc-283"/>
      </symbol>
      <symbol id="sm-ba7">
         <name>__CIOBUF_</name>
         <value>0x8000</value>
         <object_component_ref idref="oc-1d0"/>
      </symbol>
      <symbol id="sm-ba8">
         <name>___TI_writemsg</name>
         <value>0x30420b</value>
         <object_component_ref idref="oc-283"/>
      </symbol>
      <symbol id="sm-bc3">
         <name>_open</name>
         <value>0x304526</value>
         <object_component_ref idref="oc-275"/>
      </symbol>
      <symbol id="sm-bd0">
         <name>_lseek</name>
         <value>0x304da6</value>
         <object_component_ref idref="oc-270"/>
      </symbol>
      <symbol id="sm-bda">
         <name>_errno</name>
         <value>0xd97d</value>
         <object_component_ref idref="oc-1e3"/>
      </symbol>
      <symbol id="sm-be7">
         <name>_copysignl</name>
         <value>0x304c63</value>
         <object_component_ref idref="oc-26f"/>
      </symbol>
      <symbol id="sm-bf8">
         <name>___TI_closefile</name>
         <value>0x3047db</value>
         <object_component_ref idref="oc-276"/>
      </symbol>
      <symbol id="sm-bf9">
         <name>_fclose</name>
         <value>0x30481d</value>
         <object_component_ref idref="oc-276"/>
      </symbol>
      <symbol id="sm-c0a">
         <name>_finddevice</name>
         <value>0x30488a</value>
         <object_component_ref idref="oc-27e"/>
      </symbol>
      <symbol id="sm-c0b">
         <name>_getdevice</name>
         <value>0x3048a5</value>
         <object_component_ref idref="oc-27e"/>
      </symbol>
      <symbol id="sm-c19">
         <name>_strcmp</name>
         <value>0x304e41</value>
         <object_component_ref idref="oc-284"/>
      </symbol>
      <symbol id="sm-c29">
         <name>_strncpy</name>
         <value>0x304dd6</value>
         <object_component_ref idref="oc-285"/>
      </symbol>
      <symbol id="sm-c35">
         <name>_remove</name>
         <value>0x304e79</value>
         <object_component_ref idref="oc-281"/>
      </symbol>
      <symbol id="sm-c45">
         <name>_close</name>
         <value>0x304a82</value>
         <object_component_ref idref="oc-27f"/>
      </symbol>
      <symbol id="sm-c51">
         <name>_unlink</name>
         <value>0x304d75</value>
         <object_component_ref idref="oc-286"/>
      </symbol>
   </symbol_table>
   <title>Link successful</title>
</link_info>
