******************************************************************************
             TMS320C2000 Linker PC v20.2.1                     
******************************************************************************
>> Linked Mon Jan  4 16:08:40 2021

OUTPUT FILE NAME:   <PLC_certificate.out>
ENTRY POINT SYMBOL: "_BSP_RAM_StartHere"  address: 0000cc54


MEMORY CONFIGURATION

         name            origin    length      used     unused   attr    fill
----------------------  --------  ---------  --------  --------  ----  --------
PAGE 0:
  BEGIN                 00000000   00000002  00000002  00000000  RWIX
  RAMM0                 00000050   000000b0  00000000  000000b0  RWIX
  RAMLP                 00008000   00005000  00004e0d  000001f3  RWIX
  CSM_RSVD              0033ff80   00000076  00000000  00000076  RWIX
  CSM_PWL               0033fff8   00000008  00000000  00000008  RWIX
  ADC_CAL               00380080   00000009  00000000  00000009  RWIX
  BOOTROM               003ff27c   00000d44  00000000  00000d44  RWIX
  VECTORS               003fffc0   00000040  00000000  00000040  RWIX

PAGE 1:
  BOOT_RSVD             00000002   0000004e  00000000  0000004e  RWIX
  RAMM1                 000000b0   00000750  00000750  00000000  RWIX
  PIE_VRAM              00000d00   00000100  00000100  00000000  RWIX
  RAMLD                 0000d000   00003000  000017dc  00001824  RWIX


SECTION ALLOCATION MAP

 output                                  attributes/
section   page    origin      length       input sections
--------  ----  ----------  ----------   ----------------
ram_start 
*          0    00000000    00000002     
                  00000000    00000002     bsp_start.obj (ram_start)

.text      0    00008000    00004cc8     
                  00008000    00000ce4     rts2800_fpu32.lib : _printfi.c.obj (.text)
                  00008ce4    000009c4     md5.obj (.text)
                  000096a8    000007b9     os_core.obj (.text)
                  00009e61    000005cc     os_task.obj (.text)
                  0000a42d    000004f3     os_flag.obj (.text)
                  0000a920    000003fc     os_q.obj (.text)
                  0000ad1c    0000029e     app.obj (.text)
                  0000afba    0000028c     rts2800_fpu32.lib : memory.c.obj (.text)
                  0000b246    0000021f     os_sem.obj (.text)
                  0000b465    00000194     os_mem.obj (.text)
                  0000b5f9    0000018b     os_cpu_c.obj (.text)
                  0000b784    00000121     rts2800_fpu32.lib : fopen.c.obj (.text)
                  0000b8a5    0000010e     os_time.obj (.text)
                  0000b9b3    00000107     rts2800_fpu32.lib : ll_div28.asm.obj (.text)
                  0000baba    000000fa     bsp.obj (.text)
                  0000bbb4    000000cb     cpu_core.obj (.text)
                  0000bc7f    000000ba     bsp_os.obj (.text:retain)
                  0000bd39    000000ae     bsp_int.obj (.text)
                  0000bde7    000000ae     rts2800_fpu32.lib : s_scalbn.c.obj (.text)
                  0000be95    000000a8                       : fputs.c.obj (.text)
                  0000bf3d    000000a0     os_cpu_a.obj (.text)
                  0000bfdd    0000009c     rts2800_fpu32.lib : fd_add28.asm.obj (.text)
                  0000c079    00000001                       : startup.c.obj (.text)
                  0000c07a    00000095                       : trgmsg.c.obj (.text)
                  0000c10f    0000008d     os_dbg.obj (.text)
                  0000c19c    0000008b     rts2800_fpu32.lib : fd_div28.asm.obj (.text)
                  0000c227    00000083                       : fd_mpy28.asm.obj (.text)
                  0000c2aa    0000007d                       : setvbuf.c.obj (.text)
                  0000c327    00000073     cpu_c.obj (.text)
                  0000c39a    00000073     rts2800_fpu32.lib : fflush.c.obj (.text)
                  0000c40d    00000071                       : open.c.obj (.text)
                  0000c47e    00000067                       : _io_perm.c.obj (.text)
                  0000c4e5    0000005d     bsp_led.obj (.text)
                  0000c542    0000005d     rts2800_fpu32.lib : fclose.c.obj (.text)
                  0000c59f    0000005b                       : hostlseek.c.obj (.text)
                  0000c5fa    0000005a                       : s_frexp.c.obj (.text)
                  0000c654    00000056                       : boot28.asm.obj (.text)
                  0000c6aa    00000053                       : fputc.c.obj (.text)
                  0000c6fd    00000051                       : getdevice.c.obj (.text)
                  0000c74e    0000004a     bsp_int.obj (.text:retain)
                  0000c798    0000003e     rts2800_fpu32.lib : hostrename.c.obj (.text)
                  0000c7d6    0000003d                       : fseek.c.obj (.text)
                  0000c813    0000003c                       : hostopen.c.obj (.text)
                  0000c84f    00000039                       : hostwrite.c.obj (.text)
                  0000c888    00000038                       : hostread.c.obj (.text)
                  0000c8c0    00000034                       : printf.c.obj (.text)
                  0000c8f4    00000033                       : close.c.obj (.text)
                  0000c927    00000031     bsp_os.obj (.text)
                  0000c958    00000031     rts2800_fpu32.lib : atoi.c.obj (.text)
                  0000c989    00000030                       : _ltoa.c.obj (.text)
                  0000c9b9    0000002a                       : fd_cmp28.asm.obj (.text)
                  0000c9e3    0000002a                       : l_div28.asm.obj (.text)
                  0000ca0d    00000029                       : exit.c.obj (.text)
                  0000ca36    00000029                       : hostclose.c.obj (.text)
                  0000ca5f    00000025                       : s_copysign.c.obj (.text)
                  0000ca84    00000024                       : cpy_tbl.c.obj (.text)
                  0000caa8    00000024                       : hostunlink.c.obj (.text)
                  0000cacc    00000021                       : fd_toi28.asm.obj (.text)
                  0000caed    0000001f     cpu_a.obj (.text)
                  0000cb0c    0000001f     rts2800_fpu32.lib : fd_tol28.asm.obj (.text)
                  0000cb2b    0000001e                       : ll_cmp28.asm.obj (.text)
                  0000cb49    0000001d                       : i_tofd28.asm.obj (.text)
                  0000cb66    0000001d                       : memcpy.c.obj (.text)
                  0000cb83    0000001c                       : fs_tofdfpu32.asm.obj (.text)
                  0000cb9f    0000001c                       : l_tofd28.asm.obj (.text)
                  0000cbbb    00000019                       : unlink.c.obj (.text)
                  0000cbd4    00000019                       : write.c.obj (.text)
                  0000cbed    00000018                       : ll_aox28.asm.obj (.text)
                  0000cc05    00000018                       : lseek.c.obj (.text)
                  0000cc1d    00000015                       : strncpy.c.obj (.text)
                  0000cc32    00000012                       : args_main.c.obj (.text)
                  0000cc44    00000010                       : memccpy.c.obj (.text)
                  0000cc54    0000000f     bsp_start.obj (.text)
                  0000cc63    0000000e     rts2800_fpu32.lib : fd_sub28.asm.obj (.text)
                  0000cc71    0000000d                       : memchr.c.obj (.text)
                  0000cc7e    0000000c                       : strchr.c.obj (.text)
                  0000cc8a    0000000a                       : strcmp.c.obj (.text)
                  0000cc94    00000009                       : _lock.c.obj (.text)
                  0000cc9d    00000009                       : fd_neg28.asm.obj (.text)
                  0000cca6    00000009                       : wcslen.c.obj (.text)
                  0000ccaf    00000008                       : strlen.c.obj (.text)
                  0000ccb7    00000007                       : memset.c.obj (.text)
                  0000ccbe    00000005                       : strcpy.c.obj (.text)
                  0000ccc3    00000003                       : remove.c.obj (.text)
                  0000ccc6    00000002                       : pre_init.c.obj (.text)

.cinit     0    0000ccc8    00000125     
                  0000ccc8    00000043     md5.obj (.cinit:_PADDING)
                  0000cd0b    00000034     app.obj (.cinit)
                  0000cd3f    00000026     rts2800_fpu32.lib : defs.c.obj (.cinit:__ftable)
                  0000cd65    0000001b                       : host_device.c.obj (.cinit:__device)
                  0000cd80    0000000e                       : host_device.c.obj (.cinit:__stream)
                  0000cd8e    0000000e                       : exit.c.obj (.cinit)
                  0000cd9c    0000000c     os_cpu_c.obj (.cinit)
                  0000cda8    00000009     app.obj (.cinit:_User_MAC_Address)
                  0000cdb1    00000008     app.obj (.cinit:_User_ID)
                  0000cdb9    00000008     app.obj (.cinit:_User_password)
                  0000cdc1    00000005     rts2800_fpu32.lib : _lock.c.obj (.cinit:__lock)
                  0000cdc6    00000005                       : _lock.c.obj (.cinit:__unlock)
                  0000cdcb    00000004     app.obj (.cinit:_Timer_flag)
                  0000cdcf    00000004     app.obj (.cinit:_hash)
                  0000cdd3    00000004     bsp_os.obj (.cinit:_scirxBuf)
                  0000cdd7    00000004     rts2800_fpu32.lib : defs.c.obj (.cinit)
                  0000cddb    00000004                       : errno.c.obj (.cinit)
                  0000cddf    00000004                       : fopen.c.obj (.cinit)
                  0000cde3    00000004                       : memory.c.obj (.cinit)
                  0000cde7    00000004                       : open.c.obj (.cinit)
                  0000cdeb    00000002     --HOLE-- [fill = 0]

.pinit     0    00008000    00000000     UNINITIALIZED

.switch    0    0000cdee    00000020     
                  0000cdee    00000020     cpu_c.obj (.switch:_CPU_IntSrcPendClr)

.reset     0    003fffc0    00000002     DSECT
                  003fffc0    00000002     rts2800_fpu32.lib : boot28.asm.obj (.reset)

.stack     1    000000b0    00000750     UNINITIALIZED
                  000000b0    00000750     --HOLE--

pie_vram   1    00000d00    00000100     UNINITIALIZED
                  00000d00    00000100     bsp_int.obj (pie_vram)

.ebss      1    0000d000    00000ea6     UNINITIALIZED
                  0000d000    00000420     os_core.obj (.ebss:_OSTCBTbl)
                  0000d420    00000010     app.obj (.ebss:_hash)
                  0000d430    00000010     bsp_os.obj (.ebss:_scirxBuf)
                  0000d440    00000100     os_core.obj (.ebss:_OSTaskIdleStk)
                  0000d540    00000100     os_core.obj (.ebss:_OSTaskStatStk)
                  0000d640    000000a0     os_core.obj (.ebss:_OSEventTbl)
                  0000d6e0    0000000c     lib_mem.obj (.ebss)
                  0000d6ec    00000008     os_core.obj (.ebss:_OSRdyTbl)
                  0000d6f4    00000008     rts2800_fpu32.lib : hostopen.c.obj (.ebss:_parmbuf)
                  0000d6fc    00000004     app.obj (.ebss:_DEVICE_OUT)
                  0000d700    000000a0     rts2800_fpu32.lib : defs.c.obj (.ebss:___TI_tmpnams)
                  0000d7a0    00000006     app.obj (.ebss:_User_MAC_Address)
                  0000d7a6    00000006     rts2800_fpu32.lib : exit.c.obj (.ebss)
                  0000d7ac    00000005     app.obj (.ebss:_User_ID)
                  0000d7b1    00000005     app.obj (.ebss:_User_password)
                  0000d7b6    00000005     os_cpu_c.obj (.ebss)
                  0000d7bb    00000004     app.obj (.ebss:_Timer_flag)
                  0000d7bf    00000001     rts2800_fpu32.lib : defs.c.obj (.ebss)
                  0000d7c0    0000009c     app.obj (.ebss)
                  0000d85c    00000004     rts2800_fpu32.lib : memory.c.obj (.ebss)
                  0000d860    00000002                       : _lock.c.obj (.ebss:__lock)
                  0000d862    00000002                       : _lock.c.obj (.ebss:__unlock)
                  0000d864    00000002     lib_math.obj (.ebss)
                  0000d866    00000001     rts2800_fpu32.lib : errno.c.obj (.ebss)
                  0000d867    00000001                       : fopen.c.obj (.ebss)
                  0000d868    00000001                       : open.c.obj (.ebss)
                  0000d869    00000017     --HOLE--
                  0000d880    00000080     os_core.obj (.ebss:_OSTCBPrioTbl)
                  0000d900    00000078     rts2800_fpu32.lib : defs.c.obj (.ebss:__ftable)
                  0000d978    00000008     --HOLE--
                  0000d980    00000060     app.obj (.ebss:_Data_SyncStk)
                  0000d9e0    00000020     --HOLE--
                  0000da00    00000060     app.obj (.ebss:_DiagnosisStk)
                  0000da60    00000020     --HOLE--
                  0000da80    00000060     app.obj (.ebss:_Init_UpdateStk)
                  0000dae0    00000020     --HOLE--
                  0000db00    00000060     app.obj (.ebss:_Status_SyncStk)
                  0000db60    00000020     --HOLE--
                  0000db80    00000060     app.obj (.ebss:_UART_ReceptionStk)
                  0000dbe0    00000020     --HOLE--
                  0000dc00    00000060     app.obj (.ebss:_UART_TransmissionStk)
                  0000dc60    00000020     --HOLE--
                  0000dc80    00000060     app.obj (.ebss:_User_certificationStk)
                  0000dce0    00000020     --HOLE--
                  0000dd00    00000048     rts2800_fpu32.lib : host_device.c.obj (.ebss:__device)
                  0000dd48    00000030     os_core.obj (.ebss:_OSQTbl)
                  0000dd78    00000008     --HOLE--
                  0000dd80    00000040     md5.obj (.ebss:_PADDING)
                  0000ddc0    0000003c     os_core.obj (.ebss:_OSMemTbl)
                  0000ddfc    00000004     --HOLE--
                  0000de00    00000028     os_core.obj (.ebss:_OSFlagTbl)
                  0000de28    00000018     --HOLE--
                  0000de40    00000028     rts2800_fpu32.lib : host_device.c.obj (.ebss:__stream)
                  0000de68    00000018     --HOLE--
                  0000de80    00000026     os_core.obj (.ebss)

.econst    1    0000dea6    00000416     
                  0000dea6    00000101     rts2800_fpu32.lib : ctype.c.obj (.econst:.string:__ctypes_)
                  0000dfa7    00000100     cpu_core.obj (.econst:.string:_CPU_CntLeadZerosTbl)
                  0000e0a7    00000100     os_core.obj (.econst:.string:_OSUnMapTbl)
                  0000e1a7    00000001     --HOLE-- [fill = 0]
                  0000e1a8    0000003b     lib_mem.obj (.econst:.string)
                  0000e1e3    00000001     --HOLE-- [fill = 0]
                  0000e1e4    0000003a     os_dbg.obj (.econst)
                  0000e21e    00000026     rts2800_fpu32.lib : _printfi.c.obj (.econst:.string)
                  0000e244    0000001e     os_core.obj (.econst:.string)
                  0000e262    0000001c     rts2800_fpu32.lib : _printfi.c.obj (.econst)
                  0000e27e    0000001c                       : s_scalbn.c.obj (.econst)
                  0000e29a    00000008     md5.obj (.econst:.string)
                  0000e2a2    00000008     rts2800_fpu32.lib : s_frexp.c.obj (.econst)
                  0000e2aa    00000002     os_flag.obj (.econst:.string)
                  0000e2ac    00000002     os_mbox.obj (.econst:.string)
                  0000e2ae    00000002     os_mem.obj (.econst:.string)
                  0000e2b0    00000002     os_mutex.obj (.econst:.string)
                  0000e2b2    00000002     os_q.obj (.econst:.string)
                  0000e2b4    00000002     os_sem.obj (.econst:.string)
                  0000e2b6    00000002     os_task.obj (.econst:.string)
                  0000e2b8    00000002     rts2800_fpu32.lib : fputs.c.obj (.econst:.string)
                  0000e2ba    00000002     cpu_core.obj (.econst)

.esysmem   1    0000e2bc    00000400     UNINITIALIZED
                  0000e2bc    00000004     rts2800_fpu32.lib : memory.c.obj (.esysmem)
                  0000e2c0    000003fc     --HOLE--

csm_rsvd   0    0033ff80    00000000     DSECT

csmpasswds 
*          0    0033fff8    00000000     DSECT

.cio       1    0000e6c0    00000120     UNINITIALIZED
                  0000e6c0    00000120     rts2800_fpu32.lib : trgmsg.c.obj (.cio)

MODULE SUMMARY

       Module                 code    initialized data   uninitialized data
       ------                 ----    ----------------   ------------------
    .\APP\
       md5.obj                2500    75                 64                
       app.obj                670     85                 868               
    +--+----------------------+-------+------------------+--------------------+
       Total:                 3170    160                932               
                                                                           
    .\BSP\
       bsp_int.obj            248     0                  256               
       bsp.obj                250     0                  0                 
       bsp_led.obj            93      0                  0                 
    +--+----------------------+-------+------------------+--------------------+
       Total:                 591     0                  256               
                                                                           
    .\BSP\CCS\
       bsp_start.obj          17      0                  0                 
    +--+----------------------+-------+------------------+--------------------+
       Total:                 17      0                  0                 
                                                                           
    .\BSP\OS\uCOS-II\
       bsp_os.obj             235     4                  16                
    +--+----------------------+-------+------------------+--------------------+
       Total:                 235     4                  16                
                                                                           
    .\uC-CPU\
       cpu_core.obj           203     258                0                 
    +--+----------------------+-------+------------------+--------------------+
       Total:                 203     258                0                 
                                                                           
    .\uC-CPU\C28x\CCS\
       cpu_c.obj              115     32                 0                 
       cpu_a.obj              31      0                  0                 
    +--+----------------------+-------+------------------+--------------------+
       Total:                 146     32                 0                 
                                                                           
    .\uC-LIB\
       lib_mem.obj            0       59                 12                
       lib_math.obj           0       0                  2                 
    +--+----------------------+-------+------------------+--------------------+
       Total:                 0       59                 14                
                                                                           
    .\uCOS-II\Ports\C28x\Generic\CCS\
       os_cpu_c.obj           395     12                 5                 
       os_dbg.obj             141     58                 0                 
       os_cpu_a.obj           160     0                  0                 
    +--+----------------------+-------+------------------+--------------------+
       Total:                 696     70                 5                 
                                                                           
    .\uCOS-II\Source\
       os_core.obj            1977    286                2050              
       os_task.obj            1484    2                  0                 
       os_flag.obj            1267    2                  0                 
       os_q.obj               1020    2                  0                 
       os_sem.obj             543     2                  0                 
       os_mem.obj             404     2                  0                 
       os_time.obj            270     0                  0                 
       os_mbox.obj            0       2                  0                 
       os_mutex.obj           0       2                  0                 
    +--+----------------------+-------+------------------+--------------------+
       Total:                 6965    300                2050              
                                                                           
    C:\ti\ccs1011\ccs\tools\compiler\ti-cgt-c2000_20.2.1.LTS\lib\rts2800_fpu32.lib
       _printfi.c.obj         3300    66                 0                 
       memory.c.obj           652     4                  4                 
       trgmsg.c.obj           149     0                  288               
       defs.c.obj             0       42                 281               
       fopen.c.obj            289     4                  1                 
       ll_div28.asm.obj       263     0                  0                 
       ctype.c.obj            0       257                0                 
       s_scalbn.c.obj         174     28                 0                 
       fputs.c.obj            168     2                  0                 
       fd_add28.asm.obj       156     0                  0                 
       host_device.c.obj      0       41                 112               
       fd_div28.asm.obj       139     0                  0                 
       fd_mpy28.asm.obj       131     0                  0                 
       setvbuf.c.obj          125     0                  0                 
       open.c.obj             113     4                  1                 
       fflush.c.obj           115     0                  0                 
       _io_perm.c.obj         103     0                  0                 
       s_frexp.c.obj          90      8                  0                 
       fclose.c.obj           93      0                  0                 
       hostlseek.c.obj        91      0                  0                 
       boot28.asm.obj         86      0                  0                 
       fputc.c.obj            83      0                  0                 
       getdevice.c.obj        81      0                  0                 
       hostopen.c.obj         60      0                  8                 
       hostrename.c.obj       62      0                  0                 
       exit.c.obj             41      14                 6                 
       fseek.c.obj            61      0                  0                 
       hostwrite.c.obj        57      0                  0                 
       hostread.c.obj         56      0                  0                 
       printf.c.obj           52      0                  0                 
       close.c.obj            51      0                  0                 
       atoi.c.obj             49      0                  0                 
       _ltoa.c.obj            48      0                  0                 
       fd_cmp28.asm.obj       42      0                  0                 
       l_div28.asm.obj        42      0                  0                 
       hostclose.c.obj        41      0                  0                 
       s_copysign.c.obj       37      0                  0                 
       cpy_tbl.c.obj          36      0                  0                 
       hostunlink.c.obj       36      0                  0                 
       fd_toi28.asm.obj       33      0                  0                 
       fd_tol28.asm.obj       31      0                  0                 
       ll_cmp28.asm.obj       30      0                  0                 
       i_tofd28.asm.obj       29      0                  0                 
       memcpy.c.obj           29      0                  0                 
       fs_tofdfpu32.asm.obj   28      0                  0                 
       l_tofd28.asm.obj       28      0                  0                 
       unlink.c.obj           25      0                  0                 
       write.c.obj            25      0                  0                 
       ll_aox28.asm.obj       24      0                  0                 
       lseek.c.obj            24      0                  0                 
       _lock.c.obj            9       10                 4                 
       strncpy.c.obj          21      0                  0                 
       args_main.c.obj        18      0                  0                 
       memccpy.c.obj          16      0                  0                 
       fd_sub28.asm.obj       14      0                  0                 
       memchr.c.obj           13      0                  0                 
       strchr.c.obj           12      0                  0                 
       strcmp.c.obj           10      0                  0                 
       fd_neg28.asm.obj       9       0                  0                 
       wcslen.c.obj           9       0                  0                 
       strlen.c.obj           8       0                  0                 
       memset.c.obj           7       0                  0                 
       errno.c.obj            0       4                  1                 
       strcpy.c.obj           5       0                  0                 
       remove.c.obj           3       0                  0                 
       pre_init.c.obj         2       0                  0                 
       startup.c.obj          1       0                  0                 
    +--+----------------------+-------+------------------+--------------------+
       Total:                 7635    484                706               
                                                                           
       Heap:                  0       0                  1024              
       Stack:                 0       0                  1872              
    +--+----------------------+-------+------------------+--------------------+
       Grand Total:           19658   1367               6875              


GLOBAL DATA SYMBOLS: SORTED BY DATA PAGE

address     data page           name
--------    ----------------    ----
000000b0       2 (00000080)     __stack

00000d00      34 (00000d00)     ___BSP_VectorTable

0000d000     340 (0000d000)     _OSTCBTbl

0000d420     350 (0000d400)     _hash
0000d430     350 (0000d400)     _scirxBuf

0000d440     351 (0000d440)     _OSTaskIdleStk

0000d540     355 (0000d540)     _OSTaskStatStk

0000d640     359 (0000d640)     _OSEventTbl

0000d6e0     35b (0000d6c0)     _Mem_SegHeadPtr
0000d6e2     35b (0000d6c0)     _Mem_SegHeap
0000d6ec     35b (0000d6c0)     _OSRdyTbl
0000d6f4     35b (0000d6c0)     _parmbuf
0000d6fc     35b (0000d6c0)     _DEVICE_OUT

0000d700     35c (0000d700)     ___TI_tmpnams

0000d7a0     35e (0000d780)     _User_MAC_Address
0000d7a6     35e (0000d780)     ___TI_enable_exit_profile_output
0000d7a8     35e (0000d780)     ___TI_cleanup_ptr
0000d7aa     35e (0000d780)     ___TI_dtors_ptr
0000d7ac     35e (0000d780)     _User_ID
0000d7b1     35e (0000d780)     _User_password
0000d7b6     35e (0000d780)     _cnt0
0000d7b7     35e (0000d780)     _cnt1
0000d7b8     35e (0000d780)     _Time
0000d7b9     35e (0000d780)     _Excute_Time
0000d7ba     35e (0000d780)     _init_flag
0000d7bb     35e (0000d780)     _Timer_flag
0000d7bf     35e (0000d780)     ___TI_ft_end

0000d7c0     35f (0000d7c0)     _Status_Sync_ExTime
0000d7c1     35f (0000d7c0)     _Init_Update_EXTime
0000d7c2     35f (0000d7c0)     _User_00_ExTime
0000d7c3     35f (0000d7c0)     _User_01_ExTime
0000d7c4     35f (0000d7c0)     _User_02_ExTime
0000d7c5     35f (0000d7c0)     _User_03_ExTime
0000d7c6     35f (0000d7c0)     _User_04_ExTime
0000d7c7     35f (0000d7c0)     _User_05_ExTime
0000d7c8     35f (0000d7c0)     _User_06_ExTime
0000d7c9     35f (0000d7c0)     _User_07_ExTime
0000d7ca     35f (0000d7c0)     _User_certification_ExTime
0000d7cb     35f (0000d7c0)     _UART_Reception_ExTime
0000d7cc     35f (0000d7c0)     _UART_Transmission_ExTime
0000d7cd     35f (0000d7c0)     _Diagnosis_ExTime
0000d7ce     35f (0000d7c0)     _Data_Sync_ExTime
0000d7cf     35f (0000d7c0)     _User_Task_Cnt
0000d7d0     35f (0000d7c0)     _TaskID
0000d7d1     35f (0000d7c0)     _nonce
0000d7d2     35f (0000d7c0)     _start
0000d7d3     35f (0000d7c0)     _UserCert_flag
0000d7d4     35f (0000d7c0)     _certification_flag1
0000d7d5     35f (0000d7c0)     _certification_flag2
0000d7d6     35f (0000d7c0)     _Reply_flag

0000d800     360 (0000d800)     _context

0000d860     361 (0000d840)     __lock
0000d862     361 (0000d840)     __unlock
0000d864     361 (0000d840)     _Math_RandSeedCur
0000d866     361 (0000d840)     _errno

0000d880     362 (0000d880)     _OSTCBPrioTbl

0000d900     364 (0000d900)     __ftable

0000d980     366 (0000d980)     _Data_SyncStk

0000da00     368 (0000da00)     _DiagnosisStk

0000da80     36a (0000da80)     _Init_UpdateStk

0000db00     36c (0000db00)     _Status_SyncStk

0000db80     36e (0000db80)     _UART_ReceptionStk

0000dc00     370 (0000dc00)     _UART_TransmissionStk

0000dc80     372 (0000dc80)     _User_certificationStk

0000dd00     374 (0000dd00)     __device

0000dd48     375 (0000dd40)     _OSQTbl

0000ddc0     377 (0000ddc0)     _OSMemTbl

0000de00     378 (0000de00)     _OSFlagTbl

0000de40     379 (0000de40)     __stream

0000de80     37a (0000de80)     _OSCPUUsage
0000de81     37a (0000de80)     _OSStatRdy
0000de82     37a (0000de80)     _OSIntNesting
0000de83     37a (0000de80)     _OSLockNesting
0000de84     37a (0000de80)     _OSPrioCur
0000de85     37a (0000de80)     _OSPrioHighRdy
0000de86     37a (0000de80)     _OSRdyGrp
0000de87     37a (0000de80)     _OSRunning
0000de88     37a (0000de80)     _OSTaskCtr
0000de89     37a (0000de80)     _OSTickStepState
0000de8a     37a (0000de80)     _OSTaskRegNextAvailID
0000de8c     37a (0000de80)     _OSCtxSwCtr
0000de8e     37a (0000de80)     _OSEventFreeList
0000de90     37a (0000de80)     _OSFlagFreeList
0000de92     37a (0000de80)     _OSIdleCtrMax
0000de94     37a (0000de80)     _OSIdleCtrRun
0000de96     37a (0000de80)     _OSIdleCtr
0000de98     37a (0000de80)     _OSTCBCur
0000de9a     37a (0000de80)     _OSTCBFreeList
0000de9c     37a (0000de80)     _OSTCBHighRdy
0000de9e     37a (0000de80)     _OSTCBList
0000dea0     37a (0000de80)     _OSMemFreeList
0000dea2     37a (0000de80)     _OSQFreeList
0000dea4     37a (0000de80)     _OSTime
0000dea6     37a (0000de80)     __ctypes_

0000e0a7     382 (0000e080)     _OSUnMapTbl

0000e1e4     387 (0000e1c0)     _OSDebugEn
0000e1e5     387 (0000e1c0)     _OSEventEn
0000e1e6     387 (0000e1c0)     _OSEventMax
0000e1e7     387 (0000e1c0)     _OSEventNameEn
0000e1e8     387 (0000e1c0)     _OSEventSize
0000e1e9     387 (0000e1c0)     _OSEventTblSize
0000e1ea     387 (0000e1c0)     _OSEventMultiEn
0000e1eb     387 (0000e1c0)     _OSFlagEn
0000e1ec     387 (0000e1c0)     _OSFlagGrpSize
0000e1ed     387 (0000e1c0)     _OSFlagNodeSize
0000e1ee     387 (0000e1c0)     _OSFlagWidth
0000e1ef     387 (0000e1c0)     _OSFlagMax
0000e1f0     387 (0000e1c0)     _OSFlagNameEn
0000e1f1     387 (0000e1c0)     _OSLowestPrio
0000e1f2     387 (0000e1c0)     _OSMboxEn
0000e1f3     387 (0000e1c0)     _OSMemEn
0000e1f4     387 (0000e1c0)     _OSMemMax
0000e1f5     387 (0000e1c0)     _OSMemNameEn
0000e1f6     387 (0000e1c0)     _OSMemSize
0000e1f7     387 (0000e1c0)     _OSMemTblSize
0000e1f8     387 (0000e1c0)     _OSMutexEn
0000e1f9     387 (0000e1c0)     _OSPtrSize
0000e1fa     387 (0000e1c0)     _OSQEn
0000e1fb     387 (0000e1c0)     _OSQMax
0000e1fc     387 (0000e1c0)     _OSQSize
0000e1fd     387 (0000e1c0)     _OSRdyTblSize
0000e1fe     387 (0000e1c0)     _OSSemEn
0000e1ff     387 (0000e1c0)     _OSStkWidth

0000e200     388 (0000e200)     _OSTaskCreateEn
0000e201     388 (0000e200)     _OSTaskCreateExtEn
0000e202     388 (0000e200)     _OSTaskDelEn
0000e203     388 (0000e200)     _OSTaskIdleStkSize
0000e204     388 (0000e200)     _OSTaskProfileEn
0000e205     388 (0000e200)     _OSTaskMax
0000e206     388 (0000e200)     _OSTaskNameEn
0000e207     388 (0000e200)     _OSTaskStatEn
0000e208     388 (0000e200)     _OSTaskStatStkSize
0000e209     388 (0000e200)     _OSTaskStatStkChkEn
0000e20a     388 (0000e200)     _OSTaskSwHookEn
0000e20b     388 (0000e200)     _OSTaskRegTblSize
0000e20c     388 (0000e200)     _OSTCBPrioTblMax
0000e20d     388 (0000e200)     _OSTCBSize
0000e20e     388 (0000e200)     _OSTicksPerSec
0000e20f     388 (0000e200)     _OSTimeTickHookEn
0000e210     388 (0000e200)     _OSVersionNbr
0000e211     388 (0000e200)     _OSTmrEn
0000e212     388 (0000e200)     _OSTmrCfgMax
0000e213     388 (0000e200)     _OSTmrCfgNameEn
0000e214     388 (0000e200)     _OSTmrCfgWheelSize
0000e215     388 (0000e200)     _OSTmrCfgTicksPerSec
0000e216     388 (0000e200)     _OSTmrSize
0000e217     388 (0000e200)     _OSTmrTblSize
0000e218     388 (0000e200)     _OSTmrWheelSize
0000e219     388 (0000e200)     _OSTmrWheelTblSize
0000e21a     388 (0000e200)     _OSDataSize
0000e21c     388 (0000e200)     _OSEndiannessTest

0000e2ba     38a (0000e280)     _CPU_EndiannessTest
0000e2bc     38a (0000e280)     __sys_memory

0000e6c0     39b (0000e6c0)     __CIOBUF_


GLOBAL SYMBOLS: SORTED ALPHABETICALLY BY Name 

page  address   name                            
----  -------   ----                            
0     00008000  .text                           
0     0000ca0d  C$$EXIT                         
0     0000c0cd  C$$IO$$                         
0     0000bfdd  FD$$ADD                         
0     0000c9b9  FD$$CMP                         
0     0000c19c  FD$$DIV                         
0     0000c227  FD$$MPY                         
0     0000cc9d  FD$$NEG                         
0     0000cc63  FD$$SUB                         
0     0000cacc  FD$$TOI                         
0     0000cb0c  FD$$TOL                         
0     0000cb83  FS$$TOFD                        
0     0000cb49  I$$TOFD                         
0     0000c9e3  L$$DIV                          
0     0000c9f2  L$$MOD                          
0     0000cb9f  L$$TOFD                         
0     0000cbed  LL$$AND                         
0     0000cb2b  LL$$CMP                         
0     0000b9b3  LL$$DIV                         
0     0000b9ef  LL$$MOD                         
0     0000cbf5  LL$$OR                          
0     0000cbfd  LL$$XOR                         
0     0000ca00  UL$$DIV                         
0     0000ca07  UL$$MOD                         
0     0000cb3d  ULL$$CMP                        
0     0000ba29  ULL$$DIV                        
0     0000ba58  ULL$$MOD                        
0     0000bade  _BSP_CPU_ClkFreq                
0     0000bdba  _BSP_ExtIntDis                  
0     0000bda6  _BSP_ExtIntEn                   
0     0000baba  _BSP_Init                       
0     0000bd39  _BSP_IntAck                     
0     0000bd7e  _BSP_IntDis                     
0     0000bd57  _BSP_IntEn                      
0     0000c74e  _BSP_IntHandlerDummy            
0     0000bdce  _BSP_IntVectSet                 
0     0000c504  _BSP_LED_Off                    
0     0000c4e5  _BSP_LED_On                     
0     0000c523  _BSP_LED_Toggle                 
0     0000bc7f  _BSP_OS_TIMER2_TickHandler      
0     0000c927  _BSP_OS_TIMER2_TickInit         
0     0000cc54  _BSP_RAM_StartHere              
0     0000bb52  _BSP_SCIA_Init                  
0     0000bcc2  _BSP_SCIA_RX                    
0     0000bcf2  _BSP_SCIA_TX                    
0     0000bacd  _BSP_Tick_Init                  
0     0000cafe  _CPU_CntLeadZeros               
0     0000bbb6  _CPU_CntLeadZeros08             
0     0000bbc0  _CPU_CntLeadZeros16             
0     0000bbc7  _CPU_CntLeadZeros32             
0     0000bbff  _CPU_CntTrailZeros              
0     0000bc11  _CPU_CntTrailZeros08            
0     0000bc23  _CPU_CntTrailZeros16            
0     0000bc35  _CPU_CntTrailZeros32            
1     0000e2ba  _CPU_EndiannessTest             
0     0000bbb4  _CPU_Init                       
0     0000caed  _CPU_IntDis                     
0     0000caef  _CPU_IntEn                      
0     0000c327  _CPU_IntSrcDis                  
0     0000c33d  _CPU_IntSrcEn                   
0     0000c352  _CPU_IntSrcPendClr              
0     0000bc49  _CPU_PopCnt32                   
0     0000cb0a  _CPU_RevBits                    
0     0000caf6  _CPU_SR_Restore                 
0     0000caf1  _CPU_SR_Save                    
0     0000bbb5  _CPU_SW_Exception               
1     0000d6fc  _DEVICE_OUT                     
1     0000d980  _Data_SyncStk                   
1     0000d7ce  _Data_Sync_ExTime               
1     0000da00  _DiagnosisStk                   
1     0000d7cd  _Diagnosis_ExTime               
1     0000d7b9  _Excute_Time                    
0     0000ca36  _HOSTclose                      
0     0000c59f  _HOSTlseek                      
0     0000c813  _HOSTopen                       
0     0000c888  _HOSTread                       
0     0000c798  _HOSTrename                     
0     0000caa8  _HOSTunlink                     
0     0000c84f  _HOSTwrite                      
1     0000da80  _Init_UpdateStk                 
1     0000d7c1  _Init_Update_EXTime             
0     00008d8c  _MD5Final                       
0     00008ce4  _MD5Init                        
0     00008d08  _MD5Update                      
0     00009691  _MDPrint                        
1     0000d864  _Math_RandSeedCur               
1     0000d6e0  _Mem_SegHeadPtr                 
1     0000d6e2  _Mem_SegHeap                    
1     0000de80  _OSCPUUsage                     
1     0000de8c  _OSCtxSwCtr                     
1     0000e21a  _OSDataSize                     
1     0000e1e4  _OSDebugEn                      
0     0000c10f  _OSDebugInit                    
1     0000e21c  _OSEndiannessTest               
1     0000e1e5  _OSEventEn                      
1     0000de8e  _OSEventFreeList                
1     0000e1e6  _OSEventMax                     
1     0000e1ea  _OSEventMultiEn                 
1     0000e1e7  _OSEventNameEn                  
0     000096a8  _OSEventNameGet                 
0     000096e7  _OSEventNameSet                 
0     0000971b  _OSEventPendMulti               
1     0000e1e8  _OSEventSize                    
1     0000d640  _OSEventTbl                     
1     0000e1e9  _OSEventTblSize                 
0     0000a42d  _OSFlagAccept                   
0     0000a4b8  _OSFlagCreate                   
0     0000a4eb  _OSFlagDel                      
1     0000e1eb  _OSFlagEn                       
1     0000de90  _OSFlagFreeList                 
1     0000e1ec  _OSFlagGrpSize                  
1     0000e1ef  _OSFlagMax                      
1     0000e1f0  _OSFlagNameEn                   
0     0000a570  _OSFlagNameGet                  
0     0000a5aa  _OSFlagNameSet                  
1     0000e1ed  _OSFlagNodeSize                 
0     0000a5d9  _OSFlagPend                     
0     0000a732  _OSFlagPendGetFlagsRdy          
0     0000a744  _OSFlagPost                     
0     0000a804  _OSFlagQuery                    
1     0000de00  _OSFlagTbl                      
1     0000e1ee  _OSFlagWidth                    
1     0000de96  _OSIdleCtr                      
1     0000de92  _OSIdleCtrMax                   
1     0000de94  _OSIdleCtrRun                   
0     000098d5  _OSInit                         
0     0000b5f9  _OSInitHookBegin                
0     0000b643  _OSInitHookEnd                  
0     000098ee  _OSIntEnter                     
0     000098f8  _OSIntExit                      
1     0000de82  _OSIntNesting                   
1     0000de83  _OSLockNesting                  
1     0000e1f1  _OSLowestPrio                   
1     0000e1f2  _OSMboxEn                       
0     0000b465  _OSMemCreate                    
1     0000e1f3  _OSMemEn                        
1     0000dea0  _OSMemFreeList                  
0     0000b4ce  _OSMemGet                       
1     0000e1f4  _OSMemMax                       
1     0000e1f5  _OSMemNameEn                    
0     0000b4fe  _OSMemNameGet                   
0     0000b52f  _OSMemNameSet                   
0     0000b556  _OSMemPut                       
0     0000b585  _OSMemQuery                     
1     0000e1f6  _OSMemSize                      
1     0000ddc0  _OSMemTbl                       
1     0000e1f7  _OSMemTblSize                   
1     0000e1f8  _OSMutexEn                      
1     0000de84  _OSPrioCur                      
1     0000de85  _OSPrioHighRdy                  
1     0000e1f9  _OSPtrSize                      
0     0000a920  _OSQAccept                      
0     0000a968  _OSQCreate                      
0     0000a9cd  _OSQDel                         
1     0000e1fa  _OSQEn                          
0     0000aa66  _OSQFlush                       
1     0000dea2  _OSQFreeList                    
1     0000e1fb  _OSQMax                         
0     0000aa8c  _OSQPend                        
0     0000ab41  _OSQPendAbort                   
0     0000ab85  _OSQPost                        
0     0000abcd  _OSQPostFront                   
0     0000ac21  _OSQPostOpt                     
0     0000ac95  _OSQQuery                       
1     0000e1fc  _OSQSize                        
1     0000dd48  _OSQTbl                         
1     0000de86  _OSRdyGrp                       
1     0000d6ec  _OSRdyTbl                       
1     0000e1fd  _OSRdyTblSize                   
1     0000de87  _OSRunning                      
0     0000992b  _OSSchedLock                    
0     00009942  _OSSchedUnlock                  
0     0000b246  _OSSemAccept                    
0     0000b260  _OSSemCreate                    
0     0000b28f  _OSSemDel                       
1     0000e1fe  _OSSemEn                        
0     0000b312  _OSSemPend                      
0     0000b390  _OSSemPendAbort                 
0     0000b3d4  _OSSemPost                      
0     0000b401  _OSSemQuery                     
0     0000b43b  _OSSemSet                       
0     00009968  _OSStart                        
0     0000bf50  _OSStartHighRdy                 
0     0000997f  _OSStatInit                     
1     0000de81  _OSStatRdy                      
1     0000e1ff  _OSStkWidth                     
1     0000de98  _OSTCBCur                       
1     0000de9a  _OSTCBFreeList                  
1     0000de9c  _OSTCBHighRdy                   
0     0000b77f  _OSTCBInitHook                  
1     0000de9e  _OSTCBList                      
1     0000d880  _OSTCBPrioTbl                   
1     0000e20c  _OSTCBPrioTblMax                
1     0000e20d  _OSTCBSize                      
1     0000d000  _OSTCBTbl                       
0     00009e61  _OSTaskChangePrio               
0     00009f6a  _OSTaskCreate                   
1     0000e200  _OSTaskCreateEn                 
0     00009fc8  _OSTaskCreateExt                
1     0000e201  _OSTaskCreateExtEn              
0     0000b644  _OSTaskCreateHook               
1     0000de88  _OSTaskCtr                      
0     0000a030  _OSTaskDel                      
1     0000e202  _OSTaskDelEn                    
0     0000b648  _OSTaskDelHook                  
0     0000a125  _OSTaskDelReq                   
0     0000b64c  _OSTaskIdleHook                 
1     0000d440  _OSTaskIdleStk                  
1     0000e203  _OSTaskIdleStkSize              
1     0000e205  _OSTaskMax                      
1     0000e206  _OSTaskNameEn                   
0     0000a169  _OSTaskNameGet                  
0     0000a1c5  _OSTaskNameSet                  
1     0000e204  _OSTaskProfileEn                
0     0000a348  _OSTaskQuery                    
0     0000a386  _OSTaskRegGet                   
0     0000a3bd  _OSTaskRegGetID                 
1     0000de8a  _OSTaskRegNextAvailID           
0     0000a3d9  _OSTaskRegSet                   
1     0000e20b  _OSTaskRegTblSize               
0     0000a215  _OSTaskResume                   
0     0000b64d  _OSTaskReturnHook               
1     0000e207  _OSTaskStatEn                   
0     0000b651  _OSTaskStatHook                 
1     0000d540  _OSTaskStatStk                  
1     0000e209  _OSTaskStatStkChkEn             
1     0000e208  _OSTaskStatStkSize              
0     0000a27a  _OSTaskStkChk                   
0     0000b652  _OSTaskStkInit                  
0     0000a2d9  _OSTaskSuspend                  
0     0000b732  _OSTaskSwHook                   
1     0000e20a  _OSTaskSwHookEn                 
1     0000de89  _OSTickStepState                
1     0000e20e  _OSTicksPerSec                  
1     0000dea4  _OSTime                         
0     0000b8a5  _OSTimeDly                      
0     0000b8e2  _OSTimeDlyHMSM                  
0     0000b92a  _OSTimeDlyResume                
0     0000b995  _OSTimeGet                      
0     0000b9a4  _OSTimeSet                      
0     0000999f  _OSTimeTick                     
0     0000b783  _OSTimeTickHook                 
1     0000e20f  _OSTimeTickHookEn               
1     0000e212  _OSTmrCfgMax                    
1     0000e213  _OSTmrCfgNameEn                 
1     0000e215  _OSTmrCfgTicksPerSec            
1     0000e214  _OSTmrCfgWheelSize              
1     0000e211  _OSTmrEn                        
1     0000e216  _OSTmrSize                      
1     0000e217  _OSTmrTblSize                   
1     0000e218  _OSTmrWheelSize                 
1     0000e219  _OSTmrWheelTblSize              
1     0000e0a7  _OSUnMapTbl                     
0     00009a1f  _OSVersion                      
1     0000e210  _OSVersionNbr                   
0     0000bf3d  _OS_CPU_GetST0                  
0     0000bf40  _OS_CPU_GetST1                  
0     0000bf81  _OS_CPU_RTOSINT_Handler         
0     0000bf48  _OS_CPU_SR_Restore              
0     0000bf43  _OS_CPU_SR_Save                 
0     00009a22  _OS_Dummy                       
0     00009a23  _OS_EventTaskRdy                
0     00009b0a  _OS_EventTaskRemove             
0     00009b30  _OS_EventTaskRemoveMulti        
0     00009a86  _OS_EventTaskWait               
0     00009abe  _OS_EventTaskWaitMulti          
0     00009b64  _OS_EventWaitListInit           
0     0000a87f  _OS_FlagInit                    
0     0000a8fb  _OS_FlagUnlink                  
0     00009c6e  _OS_MemClr                      
0     00009c7d  _OS_MemCopy                     
0     0000b5bd  _OS_MemInit                     
0     0000acea  _OS_QInit                       
0     00009c90  _OS_Sched                       
0     00009ccf  _OS_StrLen                      
0     00009d79  _OS_TCBInit                     
0     00009ce1  _OS_TaskIdle                    
0     0000a40e  _OS_TaskReturn                  
0     00009cf6  _OS_TaskStat                    
0     00009d4a  _OS_TaskStatStkChk              
0     0000a417  _OS_TaskStkClr                  
1     0000d7d6  _Reply_flag                     
1     0000db00  _Status_SyncStk                 
1     0000d7c0  _Status_Sync_ExTime             
1     0000d7d0  _TaskID                         
1     0000d7b8  _Time                           
1     0000d7bb  _Timer_flag                     
1     0000db80  _UART_ReceptionStk              
1     0000d7cb  _UART_Reception_ExTime          
1     0000dc00  _UART_TransmissionStk           
1     0000d7cc  _UART_Transmission_ExTime       
1     0000d7d3  _UserCert_flag                  
1     0000d7c2  _User_00_ExTime                 
1     0000d7c3  _User_01_ExTime                 
1     0000d7c4  _User_02_ExTime                 
1     0000d7c5  _User_03_ExTime                 
1     0000d7c6  _User_04_ExTime                 
1     0000d7c7  _User_05_ExTime                 
1     0000d7c8  _User_06_ExTime                 
1     0000d7c9  _User_07_ExTime                 
1     0000d7ac  _User_ID                        
1     0000d7a0  _User_MAC_Address               
1     0000d7cf  _User_Task_Cnt                  
1     0000dc80  _User_certificationStk          
1     0000d7ca  _User_certification_ExTime      
1     0000d7b1  _User_password                  
1     0000e6c0  __CIOBUF_                       
1     00000800  __STACK_END                     
abs   00000750  __STACK_SIZE                    
abs   00000400  __SYSMEM_SIZE                   
1     00000d00  ___BSP_VectorTable              
0     0000b823  ___TI_cleanup                   
1     0000d7a8  ___TI_cleanup_ptr               
0     0000c542  ___TI_closefile                 
0     0000c39a  ___TI_doflush                   
1     0000d7aa  ___TI_dtors_ptr                 
1     0000d7a6  ___TI_enable_exit_profile_output
1     0000d7bf  ___TI_ft_end                    
0     0000b244  ___TI_heap_check                
0     0000b227  ___TI_heap_largest_available    
0     0000b20a  ___TI_heap_total_available      
0     0000c989  ___TI_ltoa                      
abs   ffffffff  ___TI_pprof_out_hndl            
0     00008b53  ___TI_printfi                   
abs   ffffffff  ___TI_prof_data_size            
abs   ffffffff  ___TI_prof_data_start           
0     0000c4b9  ___TI_rd_ok                     
0     0000c0d2  ___TI_readmsg                   
1     0000d700  ___TI_tmpnams                   
0     0000c07a  ___TI_writemsg                  
0     0000c47e  ___TI_wrt_ok                    
abs   ffffffff  ___binit__                      
abs   ffffffff  ___c_args__                     
0     0000ccc8  ___cinit__                      
0     0000ccc8  ___etext__                      
abs   ffffffff  ___pinit__                      
0     00008000  ___text__                       
0     0000cc32  __args_main                     
1     0000dea6  __ctypes_                       
1     0000dd00  __device                        
1     0000d900  __ftable                        
1     0000d860  __lock                          
0     0000cc9c  __nop                           
0     0000cc98  __register_lock                 
0     0000cc94  __register_unlock               
1     000000b0  __stack                         
1     0000de40  __stream                        
1     0000e2bc  __sys_memory                    
0     0000c079  __system_post_cinit             
0     0000ccc6  __system_pre_init               
1     0000d862  __unlock                        
0     0000ca0d  _abort                          
0     0000b164  _aligned_alloc                  
0     0000c958  _atoi                           
0     0000c654  _c_int00                        
0     0000b137  _calloc                         
1     0000d7d4  _certification_flag1            
1     0000d7d5  _certification_flag2            
0     0000c8f4  _close                          
1     0000d7b6  _cnt0                           
1     0000d7b7  _cnt1                           
1     0000d800  _context                        
0     0000ca84  _copy_in                        
0     0000ca5f  _copysignl                      
1     0000d866  _errno                          
0     0000ca0f  _exit                           
0     0000c586  _fclose                         
0     0000c3c9  _fflush                         
0     0000c6fd  _finddevice                     
0     0000b85e  _fopen                          
0     0000c6aa  _fputc                          
0     0000be95  _fputs                          
0     0000afe5  _free                           
0     0000b840  _freopen                        
0     0000c5fa  _frexpl                         
0     0000c7d6  _fseek                          
0     0000c718  _getdevice                      
1     0000d420  _hash                           
1     0000d7ba  _init_flag                      
0     0000bde7  _ldexpl                         
0     0000cc05  _lseek                          
0     0000ad1c  _main                           
0     0000afba  _malloc                         
0     0000b164  _memalign                       
0     0000cc44  _memccpy                        
0     0000cc71  _memchr                         
0     0000cb66  _memcpy                         
0     0000ccb7  _memset                         
0     0000b133  _minit                          
1     0000d7d1  _nonce                          
0     0000c40d  _open                           
1     0000d6f4  _parmbuf                        
0     0000c8c6  _printf                         
0     0000c6aa  _putc                           
0     0000c6f8  _putchar                        
0     0000bf2a  _puts                           
0     0000b0af  _realloc                        
0     0000ccc3  _remove                         
0     0000bde7  _scalbnl                        
1     0000d430  _scirxBuf                       
0     0000c2aa  _setvbuf                        
1     0000d7d2  _start                          
0     0000cc7e  _strchr                         
0     0000cc8a  _strcmp                         
0     0000ccbe  _strcpy                         
0     0000ccaf  _strlen                         
0     0000cc1d  _strncpy                        
0     0000cbbb  _unlink                         
0     0000cca6  _wcslen                         
0     0000cbd4  _write                          
abs   ffffffff  binit                           
0     0000ccc8  cinit                           
0     0000ccc8  etext                           
abs   ffffffff  pinit                           


GLOBAL SYMBOLS: SORTED BY Symbol Address 

page  address   name                            
----  -------   ----                            
0     00008000  .text                           
0     00008000  ___text__                       
0     00008b53  ___TI_printfi                   
0     00008ce4  _MD5Init                        
0     00008d08  _MD5Update                      
0     00008d8c  _MD5Final                       
0     00009691  _MDPrint                        
0     000096a8  _OSEventNameGet                 
0     000096e7  _OSEventNameSet                 
0     0000971b  _OSEventPendMulti               
0     000098d5  _OSInit                         
0     000098ee  _OSIntEnter                     
0     000098f8  _OSIntExit                      
0     0000992b  _OSSchedLock                    
0     00009942  _OSSchedUnlock                  
0     00009968  _OSStart                        
0     0000997f  _OSStatInit                     
0     0000999f  _OSTimeTick                     
0     00009a1f  _OSVersion                      
0     00009a22  _OS_Dummy                       
0     00009a23  _OS_EventTaskRdy                
0     00009a86  _OS_EventTaskWait               
0     00009abe  _OS_EventTaskWaitMulti          
0     00009b0a  _OS_EventTaskRemove             
0     00009b30  _OS_EventTaskRemoveMulti        
0     00009b64  _OS_EventWaitListInit           
0     00009c6e  _OS_MemClr                      
0     00009c7d  _OS_MemCopy                     
0     00009c90  _OS_Sched                       
0     00009ccf  _OS_StrLen                      
0     00009ce1  _OS_TaskIdle                    
0     00009cf6  _OS_TaskStat                    
0     00009d4a  _OS_TaskStatStkChk              
0     00009d79  _OS_TCBInit                     
0     00009e61  _OSTaskChangePrio               
0     00009f6a  _OSTaskCreate                   
0     00009fc8  _OSTaskCreateExt                
0     0000a030  _OSTaskDel                      
0     0000a125  _OSTaskDelReq                   
0     0000a169  _OSTaskNameGet                  
0     0000a1c5  _OSTaskNameSet                  
0     0000a215  _OSTaskResume                   
0     0000a27a  _OSTaskStkChk                   
0     0000a2d9  _OSTaskSuspend                  
0     0000a348  _OSTaskQuery                    
0     0000a386  _OSTaskRegGet                   
0     0000a3bd  _OSTaskRegGetID                 
0     0000a3d9  _OSTaskRegSet                   
0     0000a40e  _OS_TaskReturn                  
0     0000a417  _OS_TaskStkClr                  
0     0000a42d  _OSFlagAccept                   
0     0000a4b8  _OSFlagCreate                   
0     0000a4eb  _OSFlagDel                      
0     0000a570  _OSFlagNameGet                  
0     0000a5aa  _OSFlagNameSet                  
0     0000a5d9  _OSFlagPend                     
0     0000a732  _OSFlagPendGetFlagsRdy          
0     0000a744  _OSFlagPost                     
0     0000a804  _OSFlagQuery                    
0     0000a87f  _OS_FlagInit                    
0     0000a8fb  _OS_FlagUnlink                  
0     0000a920  _OSQAccept                      
0     0000a968  _OSQCreate                      
0     0000a9cd  _OSQDel                         
0     0000aa66  _OSQFlush                       
0     0000aa8c  _OSQPend                        
0     0000ab41  _OSQPendAbort                   
0     0000ab85  _OSQPost                        
0     0000abcd  _OSQPostFront                   
0     0000ac21  _OSQPostOpt                     
0     0000ac95  _OSQQuery                       
0     0000acea  _OS_QInit                       
0     0000ad1c  _main                           
0     0000afba  _malloc                         
0     0000afe5  _free                           
0     0000b0af  _realloc                        
0     0000b133  _minit                          
0     0000b137  _calloc                         
0     0000b164  _aligned_alloc                  
0     0000b164  _memalign                       
0     0000b20a  ___TI_heap_total_available      
0     0000b227  ___TI_heap_largest_available    
0     0000b244  ___TI_heap_check                
0     0000b246  _OSSemAccept                    
0     0000b260  _OSSemCreate                    
0     0000b28f  _OSSemDel                       
0     0000b312  _OSSemPend                      
0     0000b390  _OSSemPendAbort                 
0     0000b3d4  _OSSemPost                      
0     0000b401  _OSSemQuery                     
0     0000b43b  _OSSemSet                       
0     0000b465  _OSMemCreate                    
0     0000b4ce  _OSMemGet                       
0     0000b4fe  _OSMemNameGet                   
0     0000b52f  _OSMemNameSet                   
0     0000b556  _OSMemPut                       
0     0000b585  _OSMemQuery                     
0     0000b5bd  _OS_MemInit                     
0     0000b5f9  _OSInitHookBegin                
0     0000b643  _OSInitHookEnd                  
0     0000b644  _OSTaskCreateHook               
0     0000b648  _OSTaskDelHook                  
0     0000b64c  _OSTaskIdleHook                 
0     0000b64d  _OSTaskReturnHook               
0     0000b651  _OSTaskStatHook                 
0     0000b652  _OSTaskStkInit                  
0     0000b732  _OSTaskSwHook                   
0     0000b77f  _OSTCBInitHook                  
0     0000b783  _OSTimeTickHook                 
0     0000b823  ___TI_cleanup                   
0     0000b840  _freopen                        
0     0000b85e  _fopen                          
0     0000b8a5  _OSTimeDly                      
0     0000b8e2  _OSTimeDlyHMSM                  
0     0000b92a  _OSTimeDlyResume                
0     0000b995  _OSTimeGet                      
0     0000b9a4  _OSTimeSet                      
0     0000b9b3  LL$$DIV                         
0     0000b9ef  LL$$MOD                         
0     0000ba29  ULL$$DIV                        
0     0000ba58  ULL$$MOD                        
0     0000baba  _BSP_Init                       
0     0000bacd  _BSP_Tick_Init                  
0     0000bade  _BSP_CPU_ClkFreq                
0     0000bb52  _BSP_SCIA_Init                  
0     0000bbb4  _CPU_Init                       
0     0000bbb5  _CPU_SW_Exception               
0     0000bbb6  _CPU_CntLeadZeros08             
0     0000bbc0  _CPU_CntLeadZeros16             
0     0000bbc7  _CPU_CntLeadZeros32             
0     0000bbff  _CPU_CntTrailZeros              
0     0000bc11  _CPU_CntTrailZeros08            
0     0000bc23  _CPU_CntTrailZeros16            
0     0000bc35  _CPU_CntTrailZeros32            
0     0000bc49  _CPU_PopCnt32                   
0     0000bc7f  _BSP_OS_TIMER2_TickHandler      
0     0000bcc2  _BSP_SCIA_RX                    
0     0000bcf2  _BSP_SCIA_TX                    
0     0000bd39  _BSP_IntAck                     
0     0000bd57  _BSP_IntEn                      
0     0000bd7e  _BSP_IntDis                     
0     0000bda6  _BSP_ExtIntEn                   
0     0000bdba  _BSP_ExtIntDis                  
0     0000bdce  _BSP_IntVectSet                 
0     0000bde7  _ldexpl                         
0     0000bde7  _scalbnl                        
0     0000be95  _fputs                          
0     0000bf2a  _puts                           
0     0000bf3d  _OS_CPU_GetST0                  
0     0000bf40  _OS_CPU_GetST1                  
0     0000bf43  _OS_CPU_SR_Save                 
0     0000bf48  _OS_CPU_SR_Restore              
0     0000bf50  _OSStartHighRdy                 
0     0000bf81  _OS_CPU_RTOSINT_Handler         
0     0000bfdd  FD$$ADD                         
0     0000c079  __system_post_cinit             
0     0000c07a  ___TI_writemsg                  
0     0000c0cd  C$$IO$$                         
0     0000c0d2  ___TI_readmsg                   
0     0000c10f  _OSDebugInit                    
0     0000c19c  FD$$DIV                         
0     0000c227  FD$$MPY                         
0     0000c2aa  _setvbuf                        
0     0000c327  _CPU_IntSrcDis                  
0     0000c33d  _CPU_IntSrcEn                   
0     0000c352  _CPU_IntSrcPendClr              
0     0000c39a  ___TI_doflush                   
0     0000c3c9  _fflush                         
0     0000c40d  _open                           
0     0000c47e  ___TI_wrt_ok                    
0     0000c4b9  ___TI_rd_ok                     
0     0000c4e5  _BSP_LED_On                     
0     0000c504  _BSP_LED_Off                    
0     0000c523  _BSP_LED_Toggle                 
0     0000c542  ___TI_closefile                 
0     0000c586  _fclose                         
0     0000c59f  _HOSTlseek                      
0     0000c5fa  _frexpl                         
0     0000c654  _c_int00                        
0     0000c6aa  _fputc                          
0     0000c6aa  _putc                           
0     0000c6f8  _putchar                        
0     0000c6fd  _finddevice                     
0     0000c718  _getdevice                      
0     0000c74e  _BSP_IntHandlerDummy            
0     0000c798  _HOSTrename                     
0     0000c7d6  _fseek                          
0     0000c813  _HOSTopen                       
0     0000c84f  _HOSTwrite                      
0     0000c888  _HOSTread                       
0     0000c8c6  _printf                         
0     0000c8f4  _close                          
0     0000c927  _BSP_OS_TIMER2_TickInit         
0     0000c958  _atoi                           
0     0000c989  ___TI_ltoa                      
0     0000c9b9  FD$$CMP                         
0     0000c9e3  L$$DIV                          
0     0000c9f2  L$$MOD                          
0     0000ca00  UL$$DIV                         
0     0000ca07  UL$$MOD                         
0     0000ca0d  C$$EXIT                         
0     0000ca0d  _abort                          
0     0000ca0f  _exit                           
0     0000ca36  _HOSTclose                      
0     0000ca5f  _copysignl                      
0     0000ca84  _copy_in                        
0     0000caa8  _HOSTunlink                     
0     0000cacc  FD$$TOI                         
0     0000caed  _CPU_IntDis                     
0     0000caef  _CPU_IntEn                      
0     0000caf1  _CPU_SR_Save                    
0     0000caf6  _CPU_SR_Restore                 
0     0000cafe  _CPU_CntLeadZeros               
0     0000cb0a  _CPU_RevBits                    
0     0000cb0c  FD$$TOL                         
0     0000cb2b  LL$$CMP                         
0     0000cb3d  ULL$$CMP                        
0     0000cb49  I$$TOFD                         
0     0000cb66  _memcpy                         
0     0000cb83  FS$$TOFD                        
0     0000cb9f  L$$TOFD                         
0     0000cbbb  _unlink                         
0     0000cbd4  _write                          
0     0000cbed  LL$$AND                         
0     0000cbf5  LL$$OR                          
0     0000cbfd  LL$$XOR                         
0     0000cc05  _lseek                          
0     0000cc1d  _strncpy                        
0     0000cc32  __args_main                     
0     0000cc44  _memccpy                        
0     0000cc54  _BSP_RAM_StartHere              
0     0000cc63  FD$$SUB                         
0     0000cc71  _memchr                         
0     0000cc7e  _strchr                         
0     0000cc8a  _strcmp                         
0     0000cc94  __register_unlock               
0     0000cc98  __register_lock                 
0     0000cc9c  __nop                           
0     0000cc9d  FD$$NEG                         
0     0000cca6  _wcslen                         
0     0000ccaf  _strlen                         
0     0000ccb7  _memset                         
0     0000ccbe  _strcpy                         
0     0000ccc3  _remove                         
0     0000ccc6  __system_pre_init               
0     0000ccc8  ___cinit__                      
0     0000ccc8  ___etext__                      
0     0000ccc8  cinit                           
0     0000ccc8  etext                           
1     000000b0  __stack                         
1     00000800  __STACK_END                     
1     00000d00  ___BSP_VectorTable              
1     0000d000  _OSTCBTbl                       
1     0000d420  _hash                           
1     0000d430  _scirxBuf                       
1     0000d440  _OSTaskIdleStk                  
1     0000d540  _OSTaskStatStk                  
1     0000d640  _OSEventTbl                     
1     0000d6e0  _Mem_SegHeadPtr                 
1     0000d6e2  _Mem_SegHeap                    
1     0000d6ec  _OSRdyTbl                       
1     0000d6f4  _parmbuf                        
1     0000d6fc  _DEVICE_OUT                     
1     0000d700  ___TI_tmpnams                   
1     0000d7a0  _User_MAC_Address               
1     0000d7a6  ___TI_enable_exit_profile_output
1     0000d7a8  ___TI_cleanup_ptr               
1     0000d7aa  ___TI_dtors_ptr                 
1     0000d7ac  _User_ID                        
1     0000d7b1  _User_password                  
1     0000d7b6  _cnt0                           
1     0000d7b7  _cnt1                           
1     0000d7b8  _Time                           
1     0000d7b9  _Excute_Time                    
1     0000d7ba  _init_flag                      
1     0000d7bb  _Timer_flag                     
1     0000d7bf  ___TI_ft_end                    
1     0000d7c0  _Status_Sync_ExTime             
1     0000d7c1  _Init_Update_EXTime             
1     0000d7c2  _User_00_ExTime                 
1     0000d7c3  _User_01_ExTime                 
1     0000d7c4  _User_02_ExTime                 
1     0000d7c5  _User_03_ExTime                 
1     0000d7c6  _User_04_ExTime                 
1     0000d7c7  _User_05_ExTime                 
1     0000d7c8  _User_06_ExTime                 
1     0000d7c9  _User_07_ExTime                 
1     0000d7ca  _User_certification_ExTime      
1     0000d7cb  _UART_Reception_ExTime          
1     0000d7cc  _UART_Transmission_ExTime       
1     0000d7cd  _Diagnosis_ExTime               
1     0000d7ce  _Data_Sync_ExTime               
1     0000d7cf  _User_Task_Cnt                  
1     0000d7d0  _TaskID                         
1     0000d7d1  _nonce                          
1     0000d7d2  _start                          
1     0000d7d3  _UserCert_flag                  
1     0000d7d4  _certification_flag1            
1     0000d7d5  _certification_flag2            
1     0000d7d6  _Reply_flag                     
1     0000d800  _context                        
1     0000d860  __lock                          
1     0000d862  __unlock                        
1     0000d864  _Math_RandSeedCur               
1     0000d866  _errno                          
1     0000d880  _OSTCBPrioTbl                   
1     0000d900  __ftable                        
1     0000d980  _Data_SyncStk                   
1     0000da00  _DiagnosisStk                   
1     0000da80  _Init_UpdateStk                 
1     0000db00  _Status_SyncStk                 
1     0000db80  _UART_ReceptionStk              
1     0000dc00  _UART_TransmissionStk           
1     0000dc80  _User_certificationStk          
1     0000dd00  __device                        
1     0000dd48  _OSQTbl                         
1     0000ddc0  _OSMemTbl                       
1     0000de00  _OSFlagTbl                      
1     0000de40  __stream                        
1     0000de80  _OSCPUUsage                     
1     0000de81  _OSStatRdy                      
1     0000de82  _OSIntNesting                   
1     0000de83  _OSLockNesting                  
1     0000de84  _OSPrioCur                      
1     0000de85  _OSPrioHighRdy                  
1     0000de86  _OSRdyGrp                       
1     0000de87  _OSRunning                      
1     0000de88  _OSTaskCtr                      
1     0000de89  _OSTickStepState                
1     0000de8a  _OSTaskRegNextAvailID           
1     0000de8c  _OSCtxSwCtr                     
1     0000de8e  _OSEventFreeList                
1     0000de90  _OSFlagFreeList                 
1     0000de92  _OSIdleCtrMax                   
1     0000de94  _OSIdleCtrRun                   
1     0000de96  _OSIdleCtr                      
1     0000de98  _OSTCBCur                       
1     0000de9a  _OSTCBFreeList                  
1     0000de9c  _OSTCBHighRdy                   
1     0000de9e  _OSTCBList                      
1     0000dea0  _OSMemFreeList                  
1     0000dea2  _OSQFreeList                    
1     0000dea4  _OSTime                         
1     0000dea6  __ctypes_                       
1     0000e0a7  _OSUnMapTbl                     
1     0000e1e4  _OSDebugEn                      
1     0000e1e5  _OSEventEn                      
1     0000e1e6  _OSEventMax                     
1     0000e1e7  _OSEventNameEn                  
1     0000e1e8  _OSEventSize                    
1     0000e1e9  _OSEventTblSize                 
1     0000e1ea  _OSEventMultiEn                 
1     0000e1eb  _OSFlagEn                       
1     0000e1ec  _OSFlagGrpSize                  
1     0000e1ed  _OSFlagNodeSize                 
1     0000e1ee  _OSFlagWidth                    
1     0000e1ef  _OSFlagMax                      
1     0000e1f0  _OSFlagNameEn                   
1     0000e1f1  _OSLowestPrio                   
1     0000e1f2  _OSMboxEn                       
1     0000e1f3  _OSMemEn                        
1     0000e1f4  _OSMemMax                       
1     0000e1f5  _OSMemNameEn                    
1     0000e1f6  _OSMemSize                      
1     0000e1f7  _OSMemTblSize                   
1     0000e1f8  _OSMutexEn                      
1     0000e1f9  _OSPtrSize                      
1     0000e1fa  _OSQEn                          
1     0000e1fb  _OSQMax                         
1     0000e1fc  _OSQSize                        
1     0000e1fd  _OSRdyTblSize                   
1     0000e1fe  _OSSemEn                        
1     0000e1ff  _OSStkWidth                     
1     0000e200  _OSTaskCreateEn                 
1     0000e201  _OSTaskCreateExtEn              
1     0000e202  _OSTaskDelEn                    
1     0000e203  _OSTaskIdleStkSize              
1     0000e204  _OSTaskProfileEn                
1     0000e205  _OSTaskMax                      
1     0000e206  _OSTaskNameEn                   
1     0000e207  _OSTaskStatEn                   
1     0000e208  _OSTaskStatStkSize              
1     0000e209  _OSTaskStatStkChkEn             
1     0000e20a  _OSTaskSwHookEn                 
1     0000e20b  _OSTaskRegTblSize               
1     0000e20c  _OSTCBPrioTblMax                
1     0000e20d  _OSTCBSize                      
1     0000e20e  _OSTicksPerSec                  
1     0000e20f  _OSTimeTickHookEn               
1     0000e210  _OSVersionNbr                   
1     0000e211  _OSTmrEn                        
1     0000e212  _OSTmrCfgMax                    
1     0000e213  _OSTmrCfgNameEn                 
1     0000e214  _OSTmrCfgWheelSize              
1     0000e215  _OSTmrCfgTicksPerSec            
1     0000e216  _OSTmrSize                      
1     0000e217  _OSTmrTblSize                   
1     0000e218  _OSTmrWheelSize                 
1     0000e219  _OSTmrWheelTblSize              
1     0000e21a  _OSDataSize                     
1     0000e21c  _OSEndiannessTest               
1     0000e2ba  _CPU_EndiannessTest             
1     0000e2bc  __sys_memory                    
1     0000e6c0  __CIOBUF_                       
abs   00000400  __SYSMEM_SIZE                   
abs   00000750  __STACK_SIZE                    
abs   ffffffff  ___TI_pprof_out_hndl            
abs   ffffffff  ___TI_prof_data_size            
abs   ffffffff  ___TI_prof_data_start           
abs   ffffffff  ___binit__                      
abs   ffffffff  ___c_args__                     
abs   ffffffff  ___pinit__                      
abs   ffffffff  binit                           
abs   ffffffff  pinit                           

[414 symbols]
