******************************************************************************
             TMS320C2000 Linker PC v20.2.1                     
******************************************************************************
>> Linked Wed Feb 17 17:05:47 2021

OUTPUT FILE NAME:   <PLC_certificate.out>
ENTRY POINT SYMBOL: "_BSP_RAM_StartHere"  address: 00303c34


MEMORY CONFIGURATION

         name            origin    length      used     unused   attr    fill
----------------------  --------  ---------  --------  --------  ----  --------
PAGE 0:
  BEGIN                 00000000   00000002  00000002  00000000  RWIX
  RAMM0                 00000050   000000b0  00000000  000000b0  RWIX
  RAMLP                 00008000   00005000  00000120  00004ee0  RWIX
  FLASH                 00300000   0003ff80  00004336  0003bc4a  RWIX
  CSM_RSVD              0033ff80   00000076  00000000  00000076  RWIX
  CSM_PWL               0033fff8   00000008  00000000  00000008  RWIX
  ADC_CAL               00380080   00000009  00000000  00000009  RWIX
  BOOTROM               003ff27c   00000d44  00000000  00000d44  RWIX
  VECTORS               003fffc0   00000040  00000000  00000040  RWIX

PAGE 1:
  BOOT_RSVD             00000002   0000004e  00000000  0000004e  RWIX
  RAMM1                 000000b0   00000750  00000750  00000000  RWIX
  PIE_VRAM              00000d00   00000100  00000100  00000000  RWIX
  RAMLD                 0000d000   00003000  000012bc  00001d44  RWIX


SECTION ALLOCATION MAP

 output                                  attributes/
section   page    origin      length       input sections
--------  ----  ----------  ----------   ----------------
ram_start 
*          0    00000000    00000002     
                  00000000    00000002     bsp_start.obj (ram_start)

.cio       0    00008000    00000120     UNINITIALIZED
                  00008000    00000120     rts2800_ml.lib : trgmsg.c.obj (.cio)

.text      0    00300000    00003ca0     
                  00300000    000007b9     os_core.obj (.text)
                  003007b9    000005ca     os_task.obj (.text)
                  00300d83    000004f3     os_flag.obj (.text)
                  00301276    000003f9     os_q.obj (.text)
                  0030166f    000003dc     sha1.obj (.text)
                  00301a4b    00000390     app.obj (.text)
                  00301ddb    00000289     rts2800_ml.lib : memory.c.obj (.text)
                  00302064    00000282     aes.obj (.text)
                  003022e6    0000021f     os_sem.obj (.text)
                  00302505    000001fa     prng.obj (.text)
                  003026ff    00000194     os_mem.obj (.text)
                  00302893    00000187     rts2800_ml.lib : e_logf.c.obj (.text)
                  00302a1a    0000013b     os_cpu_c.obj (.text)
                  00302b55    0000011f     rts2800_ml.lib : fopen.c.obj (.text)
                  00302c74    0000010e     os_time.obj (.text)
                  00302d82    000000fa     bsp.obj (.text)
                  00302e7c    000000cb     cpu_core.obj (.text)
                  00302f47    000000b3     bsp_os.obj (.text:retain)
                  00302ffa    000000ae     bsp_int.obj (.text)
                  003030a8    000000a3     rts2800_ml.lib : fputs.c.obj (.text)
                  0030314b    00000094                    : trgmsg.c.obj (.text)
                  003031df    0000008d     os_dbg.obj (.text)
                  0030326c    00000083     rts2800_ml.lib : fs_div28.asm.obj (.text)
                  003032ef    00000079                    : setvbuf.c.obj (.text)
                  00303368    00000078                    : fs_add28.asm.obj (.text)
                  003033e0    00000078                    : hosttime.c.obj (.text)
                  00303458    00000075                    : e_sqrtf.c.obj (.text)
                  003034cd    00000073     cpu_c.obj (.text)
                  00303540    0000006f     rts2800_ml.lib : open.c.obj (.text)
                  003035af    0000006b                    : fflush.c.obj (.text)
                  0030361a    00000067                    : _io_perm.c.obj (.text)
                  00303681    0000005e     os_cpu_a.obj (.text)
                  003036df    0000005d     bsp_led.obj (.text)
                  0030373c    0000005d     rts2800_ml.lib : hostlseek.c.obj (.text)
                  00303799    0000005b                    : fclose.c.obj (.text)
                  003037f4    0000005a                    : fs_mpy28.asm.obj (.text)
                  0030384e    00000054                    : boot28.asm.obj (.text)
                  003038a2    00000050                    : getdevice.c.obj (.text)
                  003038f2    0000003f                    : hostrename.c.obj (.text)
                  00303931    0000003d                    : fseek.c.obj (.text)
                  0030396e    00000039                    : hostopen.c.obj (.text)
                  003039a7    00000038                    : hostread.c.obj (.text)
                  003039df    00000038                    : hostwrite.c.obj (.text)
                  00303a17    00000033                    : close.c.obj (.text)
                  00303a4a    00000031     bsp_os.obj (.text)
                  00303a7b    00000031     bsp_int.obj (.text:retain)
                  00303aac    00000029     rts2800_ml.lib : exit.c.obj (.text)
                  00303ad5    00000027                    : hostclose.c.obj (.text)
                  00303afc    00000025                    : hostunlink.c.obj (.text)
                  00303b21    00000024                    : cpy_tbl.c.obj (.text)
                  00303b45    0000001f     cpu_a.obj (.text)
                  00303b64    0000001d     rts2800_ml.lib : memcpy.c.obj (.text)
                  00303b81    0000001a                    : l_tofs28.asm.obj (.text)
                  00303b9b    00000019                    : unlink.c.obj (.text)
                  00303bb4    00000018                    : lseek.c.obj (.text)
                  00303bcc    00000018                    : write.c.obj (.text)
                  00303be4    00000017                    : fs_cmp28.asm.obj (.text)
                  00303bfb    00000015                    : strncpy.c.obj (.text)
                  00303c10    00000013                    : ul_tofs28.asm.obj (.text)
                  00303c23    00000011                    : args_main.c.obj (.text)
                  00303c34    0000000f     bsp_start.obj (.text)
                  00303c43    0000000d     rts2800_ml.lib : assert.c.obj (.text)
                  00303c50    0000000d                    : memchr.c.obj (.text)
                  00303c5d    0000000b                    : strchr.c.obj (.text)
                  00303c68    0000000b                    : time.c.obj (.text)
                  00303c73    0000000a                    : strcmp.c.obj (.text)
                  00303c7d    00000009                    : _lock.c.obj (.text)
                  00303c86    00000008                    : strlen.c.obj (.text)
                  00303c8e    00000007                    : memset.c.obj (.text)
                  00303c95    00000005                    : strcpy.c.obj (.text)
                  00303c9a    00000003                    : remove.c.obj (.text)
                  00303c9d    00000002                    : pre_init.c.obj (.text)
                  00303c9f    00000001                    : startup.c.obj (.text)

.cinit     0    0030421c    000000fa     
                  0030421c    00000040     app.obj (.cinit)
                  0030425c    00000026     rts2800_ml.lib : defs.c.obj (.cinit:__ftable)
                  00304282    0000001b                    : host_device.c.obj (.cinit:__device)
                  0030429d    0000000e                    : host_device.c.obj (.cinit:__stream)
                  003042ab    0000000e                    : exit.c.obj (.cinit)
                  003042b9    0000000c     os_cpu_c.obj (.cinit)
                  003042c5    00000009     app.obj (.cinit:_User_MAC_Address)
                  003042ce    00000008     app.obj (.cinit:_User_ID)
                  003042d6    00000008     app.obj (.cinit:_User_password)
                  003042de    00000005     rts2800_ml.lib : _lock.c.obj (.cinit:__lock)
                  003042e3    00000005                    : _lock.c.obj (.cinit:__unlock)
                  003042e8    00000004     app.obj (.cinit:_R_PLC)
                  003042ec    00000004     app.obj (.cinit:_R_PLC_NoneCrypt)
                  003042f0    00000004     app.obj (.cinit:_Reply_flag)
                  003042f4    00000004     app.obj (.cinit:_hash)
                  003042f8    00000004     bsp_os.obj (.cinit:_scirxBuf)
                  003042fc    00000004     prng.obj (.cinit)
                  00304300    00000004     rts2800_ml.lib : defs.c.obj (.cinit)
                  00304304    00000004                    : errno.c.obj (.cinit)
                  00304308    00000004                    : fopen.c.obj (.cinit)
                  0030430c    00000004                    : memory.c.obj (.cinit)
                  00304310    00000004                    : open.c.obj (.cinit)
                  00304314    00000002     --HOLE-- [fill = 0]

.pinit     0    00300000    00000000     UNINITIALIZED

.switch    0    00304316    00000020     
                  00304316    00000020     cpu_c.obj (.switch:_CPU_IntSrcPendClr)

.reset     0    003fffc0    00000002     DSECT
                  003fffc0    00000002     rts2800_ml.lib : boot28.asm.obj (.reset)

.econst    0    00303ca0    0000057c     
                  00303ca0    00000100     cpu_core.obj (.econst:.string:_CPU_CntLeadZerosTbl)
                  00303da0    00000100     os_core.obj (.econst:.string:_OSUnMapTbl)
                  00303ea0    00000100     aes.obj (.econst:.string:_rsbox)
                  00303fa0    00000100     aes.obj (.econst:.string:_sbox)
                  003040a0    0000007f     prng.obj (.econst:.string)
                  0030411f    00000001     --HOLE-- [fill = 0]
                  00304120    0000003b     lib_mem.obj (.econst:.string)
                  0030415b    00000001     --HOLE-- [fill = 0]
                  0030415c    0000003a     os_dbg.obj (.econst)
                  00304196    0000001e     os_core.obj (.econst:.string)
                  003041b4    00000010     app.obj (.econst:.string:_$P$T0$1)
                  003041c4    00000010     app.obj (.econst:.string:_$P$T1$2)
                  003041d4    00000010     app.obj (.econst:.string:_$P$T2$3)
                  003041e4    00000010     rts2800_ml.lib : e_logf.c.obj (.econst)
                  003041f4    0000000a     aes.obj (.econst:.string:_Rcon)
                  003041fe    00000008     sha1.obj (.econst:_$P$T0$1)
                  00304206    00000004     rts2800_ml.lib : e_sqrtf.c.obj (.econst)
                  0030420a    00000002     os_flag.obj (.econst:.string)
                  0030420c    00000002     os_mbox.obj (.econst:.string)
                  0030420e    00000002     os_mem.obj (.econst:.string)
                  00304210    00000002     os_mutex.obj (.econst:.string)
                  00304212    00000002     os_q.obj (.econst:.string)
                  00304214    00000002     os_sem.obj (.econst:.string)
                  00304216    00000002     os_task.obj (.econst:.string)
                  00304218    00000002     rts2800_ml.lib : fputs.c.obj (.econst:.string)
                  0030421a    00000002     cpu_core.obj (.econst)

.stack     1    000000b0    00000750     UNINITIALIZED
                  000000b0    00000750     --HOLE--

pie_vram   1    00000d00    00000100     UNINITIALIZED
                  00000d00    00000100     bsp_int.obj (pie_vram)

.ebss      1    0000d000    00000ebc     UNINITIALIZED
                  0000d000    00000420     os_core.obj (.ebss:_OSTCBTbl)
                  0000d420    00000014     app.obj (.ebss:_hash)
                  0000d434    0000000c     lib_mem.obj (.ebss)
                  0000d440    00000100     os_core.obj (.ebss:_OSTaskIdleStk)
                  0000d540    00000100     os_core.obj (.ebss:_OSTaskStatStk)
                  0000d640    00000100     prng.obj (.ebss:_s)
                  0000d740    000000a0     os_core.obj (.ebss:_OSEventTbl)
                  0000d7e0    00000010     app.obj (.ebss:_R_PLC)
                  0000d7f0    00000010     app.obj (.ebss:_Reply_flag)
                  0000d800    000000a0     rts2800_ml.lib : defs.c.obj (.ebss:___TI_tmpnams)
                  0000d8a0    00000010     bsp_os.obj (.ebss:_scirxBuf)
                  0000d8b0    0000000a     prng.obj (.ebss)
                  0000d8ba    00000006     app.obj (.ebss:_User_MAC_Address)
                  0000d8c0    00000090     app.obj (.ebss)
                  0000d950    00000030     os_core.obj (.ebss:_OSQTbl)
                  0000d980    00000080     os_core.obj (.ebss:_OSTCBPrioTbl)
                  0000da00    00000078     rts2800_ml.lib : defs.c.obj (.ebss:__ftable)
                  0000da78    00000008     os_core.obj (.ebss:_OSRdyTbl)
                  0000da80    00000050     app.obj (.ebss:_Data_SyncStk)
                  0000dad0    00000028     os_core.obj (.ebss:_OSFlagTbl)
                  0000daf8    00000008     rts2800_ml.lib : hostopen.c.obj (.ebss:_parmbuf)
                  0000db00    00000050     app.obj (.ebss:_DiagnosisStk)
                  0000db50    00000028     rts2800_ml.lib : host_device.c.obj (.ebss:__stream)
                  0000db78    00000006                    : exit.c.obj (.ebss)
                  0000db7e    00000002     app.obj (.ebss:_R_PLC_NoneCrypt)
                  0000db80    00000050     app.obj (.ebss:_Init_UpdateStk)
                  0000dbd0    00000026     os_core.obj (.ebss)
                  0000dbf6    00000005     app.obj (.ebss:_User_ID)
                  0000dbfb    00000005     app.obj (.ebss:_User_password)
                  0000dc00    00000050     app.obj (.ebss:_Status_SyncStk)
                  0000dc50    00000005     os_cpu_c.obj (.ebss)
                  0000dc55    00000004     app.obj (.ebss:_DEVICE_OUT)
                  0000dc59    00000001     rts2800_ml.lib : defs.c.obj (.ebss)
                  0000dc5a    00000004                    : memory.c.obj (.ebss)
                  0000dc5e    00000002                    : _lock.c.obj (.ebss:__lock)
                  0000dc60    00000002                    : _lock.c.obj (.ebss:__unlock)
                  0000dc62    00000002     lib_math.obj (.ebss)
                  0000dc64    00000001     rts2800_ml.lib : errno.c.obj (.ebss)
                  0000dc65    00000001                    : fopen.c.obj (.ebss)
                  0000dc66    00000001                    : open.c.obj (.ebss)
                  0000dc67    00000019     --HOLE--
                  0000dc80    00000050     app.obj (.ebss:_UART_ReceptionStk)
                  0000dcd0    00000030     --HOLE--
                  0000dd00    00000050     app.obj (.ebss:_UART_TransmissionStk)
                  0000dd50    00000030     --HOLE--
                  0000dd80    00000050     app.obj (.ebss:_User_certificationStk)
                  0000ddd0    00000030     --HOLE--
                  0000de00    00000048     rts2800_ml.lib : host_device.c.obj (.ebss:__device)
                  0000de48    00000038     --HOLE--
                  0000de80    0000003c     os_core.obj (.ebss:_OSMemTbl)

.esysmem   1    0000debc    00000400     UNINITIALIZED
                  0000debc    00000004     rts2800_ml.lib : memory.c.obj (.esysmem)
                  0000dec0    000003fc     --HOLE--

csm_rsvd   0    0033ff80    00000000     DSECT

csmpasswds 
*          0    0033fff8    00000000     DSECT

MODULE SUMMARY

       Module              code    initialized data   uninitialized data
       ------              ----    ----------------   ------------------
    .\APP\
       app.obj             912     153                778               
       aes.obj             642     522                0                 
       sha1.obj            988     8                  0                 
       prng.obj            506     131                266               
    +--+-------------------+-------+------------------+--------------------+
       Total:              3048    814                1044              
                                                                        
    .\BSP\
       bsp_int.obj         223     0                  256               
       bsp.obj             250     0                  0                 
       bsp_led.obj         93      0                  0                 
    +--+-------------------+-------+------------------+--------------------+
       Total:              566     0                  256               
                                                                        
    .\BSP\CCS\
       bsp_start.obj       17      0                  0                 
    +--+-------------------+-------+------------------+--------------------+
       Total:              17      0                  0                 
                                                                        
    .\BSP\OS\uCOS-II\
       bsp_os.obj          228     4                  16                
    +--+-------------------+-------+------------------+--------------------+
       Total:              228     4                  16                
                                                                        
    .\uC-CPU\
       cpu_core.obj        203     258                0                 
    +--+-------------------+-------+------------------+--------------------+
       Total:              203     258                0                 
                                                                        
    .\uC-CPU\C28x\CCS\
       cpu_c.obj           115     32                 0                 
       cpu_a.obj           31      0                  0                 
    +--+-------------------+-------+------------------+--------------------+
       Total:              146     32                 0                 
                                                                        
    .\uC-LIB\
       lib_mem.obj         0       59                 12                
       lib_math.obj        0       0                  2                 
    +--+-------------------+-------+------------------+--------------------+
       Total:              0       59                 14                
                                                                        
    .\uCOS-II\Ports\C28x\Generic\CCS\
       os_cpu_c.obj        315     12                 5                 
       os_dbg.obj          141     58                 0                 
       os_cpu_a.obj        94      0                  0                 
    +--+-------------------+-------+------------------+--------------------+
       Total:              550     70                 5                 
                                                                        
    .\uCOS-II\Source\
       os_core.obj         1977    286                2050              
       os_task.obj         1482    2                  0                 
       os_flag.obj         1267    2                  0                 
       os_q.obj            1017    2                  0                 
       os_sem.obj          543     2                  0                 
       os_mem.obj          404     2                  0                 
       os_time.obj         270     0                  0                 
       os_mbox.obj         0       2                  0                 
       os_mutex.obj        0       2                  0                 
    +--+-------------------+-------+------------------+--------------------+
       Total:              6960    300                2050              
                                                                        
    C:\ti\ccs1011\ccs\tools\compiler\ti-cgt-c2000_20.2.1.LTS\lib\rts2800_ml.lib
       memory.c.obj        649     4                  4                 
       trgmsg.c.obj        148     0                  288               
       e_logf.c.obj        391     16                 0                 
       defs.c.obj          0       42                 281               
       fopen.c.obj         287     4                  1                 
       fputs.c.obj         163     2                  0                 
       host_device.c.obj   0       41                 112               
       fs_div28.asm.obj    131     0                  0                 
       e_sqrtf.c.obj       117     4                  0                 
       setvbuf.c.obj       121     0                  0                 
       fs_add28.asm.obj    120     0                  0                 
       hosttime.c.obj      120     0                  0                 
       open.c.obj          111     4                  1                 
       fflush.c.obj        107     0                  0                 
       _io_perm.c.obj      103     0                  0                 
       hostlseek.c.obj     93      0                  0                 
       fclose.c.obj        91      0                  0                 
       fs_mpy28.asm.obj    90      0                  0                 
       boot28.asm.obj      84      0                  0                 
       getdevice.c.obj     80      0                  0                 
       hostopen.c.obj      57      0                  8                 
       hostrename.c.obj    63      0                  0                 
       exit.c.obj          41      14                 6                 
       fseek.c.obj         61      0                  0                 
       hostread.c.obj      56      0                  0                 
       hostwrite.c.obj     56      0                  0                 
       close.c.obj         51      0                  0                 
       hostclose.c.obj     39      0                  0                 
       hostunlink.c.obj    37      0                  0                 
       cpy_tbl.c.obj       36      0                  0                 
       memcpy.c.obj        29      0                  0                 
       l_tofs28.asm.obj    26      0                  0                 
       unlink.c.obj        25      0                  0                 
       lseek.c.obj         24      0                  0                 
       write.c.obj         24      0                  0                 
       _lock.c.obj         9       10                 4                 
       fs_cmp28.asm.obj    23      0                  0                 
       strncpy.c.obj       21      0                  0                 
       ul_tofs28.asm.obj   19      0                  0                 
       args_main.c.obj     17      0                  0                 
       assert.c.obj        13      0                  0                 
       memchr.c.obj        13      0                  0                 
       strchr.c.obj        11      0                  0                 
       time.c.obj          11      0                  0                 
       strcmp.c.obj        10      0                  0                 
       strlen.c.obj        8       0                  0                 
       memset.c.obj        7       0                  0                 
       errno.c.obj         0       4                  1                 
       strcpy.c.obj        5       0                  0                 
       remove.c.obj        3       0                  0                 
       pre_init.c.obj      2       0                  0                 
       startup.c.obj       1       0                  0                 
    +--+-------------------+-------+------------------+--------------------+
       Total:              3804    145                706               
                                                                        
       Heap:               0       0                  1024              
       Stack:              0       0                  1872              
    +--+-------------------+-------+------------------+--------------------+
       Grand Total:        15522   1682               6987              


GLOBAL DATA SYMBOLS: SORTED BY DATA PAGE

address     data page           name
--------    ----------------    ----
000000b0       2 (00000080)     __stack

00000d00      34 (00000d00)     ___BSP_VectorTable

00008000     200 (00008000)     __CIOBUF_

0000d000     340 (0000d000)     _OSTCBTbl

0000d420     350 (0000d400)     _hash
0000d434     350 (0000d400)     _Mem_SegHeadPtr
0000d436     350 (0000d400)     _Mem_SegHeap

0000d440     351 (0000d440)     _OSTaskIdleStk

0000d540     355 (0000d540)     _OSTaskStatStk

0000d740     35d (0000d740)     _OSEventTbl

0000d7e0     35f (0000d7c0)     _R_PLC
0000d7f0     35f (0000d7c0)     _Reply_flag

0000d800     360 (0000d800)     ___TI_tmpnams

0000d8a0     362 (0000d880)     _scirxBuf
0000d8ba     362 (0000d880)     _User_MAC_Address

0000d8c0     363 (0000d8c0)     _Status_Sync_ExTime
0000d8c1     363 (0000d8c0)     _Init_Update_EXTime
0000d8c2     363 (0000d8c0)     _User_00_ExTime
0000d8c3     363 (0000d8c0)     _User_01_ExTime
0000d8c4     363 (0000d8c0)     _User_02_ExTime
0000d8c5     363 (0000d8c0)     _User_03_ExTime
0000d8c6     363 (0000d8c0)     _User_04_ExTime
0000d8c7     363 (0000d8c0)     _User_05_ExTime
0000d8c8     363 (0000d8c0)     _User_06_ExTime
0000d8c9     363 (0000d8c0)     _User_07_ExTime
0000d8ca     363 (0000d8c0)     _User_certification_ExTime
0000d8cb     363 (0000d8c0)     _UART_Reception_ExTime
0000d8cc     363 (0000d8c0)     _UART_Transmission_ExTime
0000d8cd     363 (0000d8c0)     _Diagnosis_ExTime
0000d8ce     363 (0000d8c0)     _Data_Sync_ExTime
0000d8cf     363 (0000d8c0)     _User_Task_Cnt
0000d8d0     363 (0000d8c0)     _TaskID
0000d8d1     363 (0000d8c0)     _nonce
0000d8d2     363 (0000d8c0)     _start
0000d8d3     363 (0000d8c0)     _UserCert_flag
0000d8d4     363 (0000d8c0)     _certification_flag1
0000d8d5     363 (0000d8c0)     _certification_flag1_1
0000d8d6     363 (0000d8c0)     _certification_flag2
0000d8d7     363 (0000d8c0)     _aes_flag
0000d8d8     363 (0000d8c0)     _seq1_flag
0000d8d9     363 (0000d8c0)     _psh_flag

0000d900     364 (0000d900)     _context

0000d950     365 (0000d940)     _OSQTbl

0000d980     366 (0000d980)     _OSTCBPrioTbl

0000da00     368 (0000da00)     __ftable

0000da78     369 (0000da40)     _OSRdyTbl

0000da80     36a (0000da80)     _Data_SyncStk

0000dad0     36b (0000dac0)     _OSFlagTbl
0000daf8     36b (0000dac0)     _parmbuf

0000db00     36c (0000db00)     _DiagnosisStk

0000db50     36d (0000db40)     __stream
0000db78     36d (0000db40)     ___TI_enable_exit_profile_output
0000db7a     36d (0000db40)     ___TI_cleanup_ptr
0000db7c     36d (0000db40)     ___TI_dtors_ptr
0000db7e     36d (0000db40)     _R_PLC_NoneCrypt

0000db80     36e (0000db80)     _Init_UpdateStk

0000dbd0     36f (0000dbc0)     _OSCPUUsage
0000dbd1     36f (0000dbc0)     _OSStatRdy
0000dbd2     36f (0000dbc0)     _OSIntNesting
0000dbd3     36f (0000dbc0)     _OSLockNesting
0000dbd4     36f (0000dbc0)     _OSPrioCur
0000dbd5     36f (0000dbc0)     _OSPrioHighRdy
0000dbd6     36f (0000dbc0)     _OSRdyGrp
0000dbd7     36f (0000dbc0)     _OSRunning
0000dbd8     36f (0000dbc0)     _OSTaskCtr
0000dbd9     36f (0000dbc0)     _OSTickStepState
0000dbda     36f (0000dbc0)     _OSTaskRegNextAvailID
0000dbdc     36f (0000dbc0)     _OSCtxSwCtr
0000dbde     36f (0000dbc0)     _OSEventFreeList
0000dbe0     36f (0000dbc0)     _OSFlagFreeList
0000dbe2     36f (0000dbc0)     _OSIdleCtrMax
0000dbe4     36f (0000dbc0)     _OSIdleCtrRun
0000dbe6     36f (0000dbc0)     _OSIdleCtr
0000dbe8     36f (0000dbc0)     _OSTCBCur
0000dbea     36f (0000dbc0)     _OSTCBFreeList
0000dbec     36f (0000dbc0)     _OSTCBHighRdy
0000dbee     36f (0000dbc0)     _OSTCBList
0000dbf0     36f (0000dbc0)     _OSMemFreeList
0000dbf2     36f (0000dbc0)     _OSQFreeList
0000dbf4     36f (0000dbc0)     _OSTime
0000dbf6     36f (0000dbc0)     _User_ID
0000dbfb     36f (0000dbc0)     _User_password

0000dc00     370 (0000dc00)     _Status_SyncStk

0000dc50     371 (0000dc40)     _cnt0
0000dc51     371 (0000dc40)     _cnt1
0000dc52     371 (0000dc40)     _Time
0000dc53     371 (0000dc40)     _Excute_Time
0000dc54     371 (0000dc40)     _init_flag
0000dc55     371 (0000dc40)     _DEVICE_OUT
0000dc59     371 (0000dc40)     ___TI_ft_end
0000dc5e     371 (0000dc40)     __lock
0000dc60     371 (0000dc40)     __unlock
0000dc62     371 (0000dc40)     _Math_RandSeedCur
0000dc64     371 (0000dc40)     _errno

0000dc80     372 (0000dc80)     _UART_ReceptionStk

0000dd00     374 (0000dd00)     _UART_TransmissionStk

0000dd80     376 (0000dd80)     _User_certificationStk

0000de00     378 (0000de00)     __device

0000de80     37a (0000de80)     _OSMemTbl
0000debc     37a (0000de80)     __sys_memory

00303da0    c0f6 (00303d80)     _OSUnMapTbl

00303ea0    c0fa (00303e80)     _rsbox

00303fa0    c0fe (00303f80)     _sbox

0030415c    c105 (00304140)     _OSDebugEn
0030415d    c105 (00304140)     _OSEventEn
0030415e    c105 (00304140)     _OSEventMax
0030415f    c105 (00304140)     _OSEventNameEn
00304160    c105 (00304140)     _OSEventSize
00304161    c105 (00304140)     _OSEventTblSize
00304162    c105 (00304140)     _OSEventMultiEn
00304163    c105 (00304140)     _OSFlagEn
00304164    c105 (00304140)     _OSFlagGrpSize
00304165    c105 (00304140)     _OSFlagNodeSize
00304166    c105 (00304140)     _OSFlagWidth
00304167    c105 (00304140)     _OSFlagMax
00304168    c105 (00304140)     _OSFlagNameEn
00304169    c105 (00304140)     _OSLowestPrio
0030416a    c105 (00304140)     _OSMboxEn
0030416b    c105 (00304140)     _OSMemEn
0030416c    c105 (00304140)     _OSMemMax
0030416d    c105 (00304140)     _OSMemNameEn
0030416e    c105 (00304140)     _OSMemSize
0030416f    c105 (00304140)     _OSMemTblSize
00304170    c105 (00304140)     _OSMutexEn
00304171    c105 (00304140)     _OSPtrSize
00304172    c105 (00304140)     _OSQEn
00304173    c105 (00304140)     _OSQMax
00304174    c105 (00304140)     _OSQSize
00304175    c105 (00304140)     _OSRdyTblSize
00304176    c105 (00304140)     _OSSemEn
00304177    c105 (00304140)     _OSStkWidth
00304178    c105 (00304140)     _OSTaskCreateEn
00304179    c105 (00304140)     _OSTaskCreateExtEn
0030417a    c105 (00304140)     _OSTaskDelEn
0030417b    c105 (00304140)     _OSTaskIdleStkSize
0030417c    c105 (00304140)     _OSTaskProfileEn
0030417d    c105 (00304140)     _OSTaskMax
0030417e    c105 (00304140)     _OSTaskNameEn
0030417f    c105 (00304140)     _OSTaskStatEn

00304180    c106 (00304180)     _OSTaskStatStkSize
00304181    c106 (00304180)     _OSTaskStatStkChkEn
00304182    c106 (00304180)     _OSTaskSwHookEn
00304183    c106 (00304180)     _OSTaskRegTblSize
00304184    c106 (00304180)     _OSTCBPrioTblMax
00304185    c106 (00304180)     _OSTCBSize
00304186    c106 (00304180)     _OSTicksPerSec
00304187    c106 (00304180)     _OSTimeTickHookEn
00304188    c106 (00304180)     _OSVersionNbr
00304189    c106 (00304180)     _OSTmrEn
0030418a    c106 (00304180)     _OSTmrCfgMax
0030418b    c106 (00304180)     _OSTmrCfgNameEn
0030418c    c106 (00304180)     _OSTmrCfgWheelSize
0030418d    c106 (00304180)     _OSTmrCfgTicksPerSec
0030418e    c106 (00304180)     _OSTmrSize
0030418f    c106 (00304180)     _OSTmrTblSize
00304190    c106 (00304180)     _OSTmrWheelSize
00304191    c106 (00304180)     _OSTmrWheelTblSize
00304192    c106 (00304180)     _OSDataSize
00304194    c106 (00304180)     _OSEndiannessTest

003041f4    c107 (003041c0)     _Rcon

0030421a    c108 (00304200)     _CPU_EndiannessTest


GLOBAL SYMBOLS: SORTED ALPHABETICALLY BY Name 

page  address   name                            
----  -------   ----                            
0     00300000  .text                           
0     00303aac  C$$EXIT                         
0     0030319e  C$$IO$$                         
0     0030336d  FS$$ADD                         
0     00303be4  FS$$CMP                         
0     0030326c  FS$$DIV                         
0     003037f4  FS$$MPY                         
0     00303368  FS$$SUB                         
0     00303b81  L$$TOFS                         
0     00303c10  UL$$TOFS                        
0     00302da6  _BSP_CPU_ClkFreq                
0     0030307b  _BSP_ExtIntDis                  
0     00303067  _BSP_ExtIntEn                   
0     00302d82  _BSP_Init                       
0     00302ffa  _BSP_IntAck                     
0     0030303f  _BSP_IntDis                     
0     00303018  _BSP_IntEn                      
0     00303a7b  _BSP_IntHandlerDummy            
0     0030308f  _BSP_IntVectSet                 
0     003036fe  _BSP_LED_Off                    
0     003036df  _BSP_LED_On                     
0     0030371d  _BSP_LED_Toggle                 
0     00302f47  _BSP_OS_TIMER2_TickHandler      
0     00303a4a  _BSP_OS_TIMER2_TickInit         
0     00303c34  _BSP_RAM_StartHere              
0     00302e1a  _BSP_SCIA_Init                  
0     00302f71  _BSP_SCIA_RX                    
0     00302f99  _BSP_SCIA_TX                    
0     00302d95  _BSP_Tick_Init                  
0     00303b56  _CPU_CntLeadZeros               
0     00302e7e  _CPU_CntLeadZeros08             
0     00302e88  _CPU_CntLeadZeros16             
0     00302e8f  _CPU_CntLeadZeros32             
0     00302ec7  _CPU_CntTrailZeros              
0     00302ed9  _CPU_CntTrailZeros08            
0     00302eeb  _CPU_CntTrailZeros16            
0     00302efd  _CPU_CntTrailZeros32            
0     0030421a  _CPU_EndiannessTest             
0     00302e7c  _CPU_Init                       
0     00303b45  _CPU_IntDis                     
0     00303b47  _CPU_IntEn                      
0     003034cd  _CPU_IntSrcDis                  
0     003034e3  _CPU_IntSrcEn                   
0     003034f8  _CPU_IntSrcPendClr              
0     00302f11  _CPU_PopCnt32                   
0     00303b62  _CPU_RevBits                    
0     00303b4e  _CPU_SR_Restore                 
0     00303b49  _CPU_SR_Save                    
0     00302e7d  _CPU_SW_Exception               
1     0000dc55  _DEVICE_OUT                     
1     0000da80  _Data_SyncStk                   
1     0000d8ce  _Data_Sync_ExTime               
1     0000db00  _DiagnosisStk                   
1     0000d8cd  _Diagnosis_ExTime               
1     0000dc53  _Excute_Time                    
0     00303ad5  _HOSTclose                      
0     0030373c  _HOSTlseek                      
0     0030396e  _HOSTopen                       
0     003039a7  _HOSTread                       
0     003038f2  _HOSTrename                     
0     00303424  _HOSTtime                       
0     003033e0  _HOSTtime64                     
0     00303afc  _HOSTunlink                     
0     003039df  _HOSTwrite                      
1     0000db80  _Init_UpdateStk                 
1     0000d8c1  _Init_Update_EXTime             
1     0000dc62  _Math_RandSeedCur               
1     0000d434  _Mem_SegHeadPtr                 
1     0000d436  _Mem_SegHeap                    
1     0000dbd0  _OSCPUUsage                     
1     0000dbdc  _OSCtxSwCtr                     
0     00304192  _OSDataSize                     
0     0030415c  _OSDebugEn                      
0     003031df  _OSDebugInit                    
0     00304194  _OSEndiannessTest               
0     0030415d  _OSEventEn                      
1     0000dbde  _OSEventFreeList                
0     0030415e  _OSEventMax                     
0     00304162  _OSEventMultiEn                 
0     0030415f  _OSEventNameEn                  
0     00300000  _OSEventNameGet                 
0     0030003f  _OSEventNameSet                 
0     00300073  _OSEventPendMulti               
0     00304160  _OSEventSize                    
1     0000d740  _OSEventTbl                     
0     00304161  _OSEventTblSize                 
0     00300d83  _OSFlagAccept                   
0     00300e0e  _OSFlagCreate                   
0     00300e41  _OSFlagDel                      
0     00304163  _OSFlagEn                       
1     0000dbe0  _OSFlagFreeList                 
0     00304164  _OSFlagGrpSize                  
0     00304167  _OSFlagMax                      
0     00304168  _OSFlagNameEn                   
0     00300ec6  _OSFlagNameGet                  
0     00300f00  _OSFlagNameSet                  
0     00304165  _OSFlagNodeSize                 
0     00300f2f  _OSFlagPend                     
0     00301088  _OSFlagPendGetFlagsRdy          
0     0030109a  _OSFlagPost                     
0     0030115a  _OSFlagQuery                    
1     0000dad0  _OSFlagTbl                      
0     00304166  _OSFlagWidth                    
1     0000dbe6  _OSIdleCtr                      
1     0000dbe2  _OSIdleCtrMax                   
1     0000dbe4  _OSIdleCtrRun                   
0     0030022d  _OSInit                         
0     00302a1a  _OSInitHookBegin                
0     00302a64  _OSInitHookEnd                  
0     00300246  _OSIntEnter                     
0     00300250  _OSIntExit                      
1     0000dbd2  _OSIntNesting                   
1     0000dbd3  _OSLockNesting                  
0     00304169  _OSLowestPrio                   
0     0030416a  _OSMboxEn                       
0     003026ff  _OSMemCreate                    
0     0030416b  _OSMemEn                        
1     0000dbf0  _OSMemFreeList                  
0     00302768  _OSMemGet                       
0     0030416c  _OSMemMax                       
0     0030416d  _OSMemNameEn                    
0     00302798  _OSMemNameGet                   
0     003027c9  _OSMemNameSet                   
0     003027f0  _OSMemPut                       
0     0030281f  _OSMemQuery                     
0     0030416e  _OSMemSize                      
1     0000de80  _OSMemTbl                       
0     0030416f  _OSMemTblSize                   
0     00304170  _OSMutexEn                      
1     0000dbd4  _OSPrioCur                      
1     0000dbd5  _OSPrioHighRdy                  
0     00304171  _OSPtrSize                      
0     00301276  _OSQAccept                      
0     003012be  _OSQCreate                      
0     00301323  _OSQDel                         
0     00304172  _OSQEn                          
0     003013bc  _OSQFlush                       
1     0000dbf2  _OSQFreeList                    
0     00304173  _OSQMax                         
0     003013e1  _OSQPend                        
0     00301496  _OSQPendAbort                   
0     003014da  _OSQPost                        
0     00301521  _OSQPostFront                   
0     00301575  _OSQPostOpt                     
0     003015e8  _OSQQuery                       
0     00304174  _OSQSize                        
1     0000d950  _OSQTbl                         
1     0000dbd6  _OSRdyGrp                       
1     0000da78  _OSRdyTbl                       
0     00304175  _OSRdyTblSize                   
1     0000dbd7  _OSRunning                      
0     00300283  _OSSchedLock                    
0     0030029a  _OSSchedUnlock                  
0     003022e6  _OSSemAccept                    
0     00302300  _OSSemCreate                    
0     0030232f  _OSSemDel                       
0     00304176  _OSSemEn                        
0     003023b2  _OSSemPend                      
0     00302430  _OSSemPendAbort                 
0     00302474  _OSSemPost                      
0     003024a1  _OSSemQuery                     
0     003024db  _OSSemSet                       
0     003002c0  _OSStart                        
0     00303694  _OSStartHighRdy                 
0     003002d7  _OSStatInit                     
1     0000dbd1  _OSStatRdy                      
0     00304177  _OSStkWidth                     
1     0000dbe8  _OSTCBCur                       
1     0000dbea  _OSTCBFreeList                  
1     0000dbec  _OSTCBHighRdy                   
0     00302b50  _OSTCBInitHook                  
1     0000dbee  _OSTCBList                      
1     0000d980  _OSTCBPrioTbl                   
0     00304184  _OSTCBPrioTblMax                
0     00304185  _OSTCBSize                      
1     0000d000  _OSTCBTbl                       
0     003007b9  _OSTaskChangePrio               
0     003008c2  _OSTaskCreate                   
0     00304178  _OSTaskCreateEn                 
0     0030091f  _OSTaskCreateExt                
0     00304179  _OSTaskCreateExtEn              
0     00302a65  _OSTaskCreateHook               
1     0000dbd8  _OSTaskCtr                      
0     00300985  _OSTaskDel                      
0     0030417a  _OSTaskDelEn                    
0     00302a69  _OSTaskDelHook                  
0     00300a7b  _OSTaskDelReq                   
0     00302a6d  _OSTaskIdleHook                 
1     0000d440  _OSTaskIdleStk                  
0     0030417b  _OSTaskIdleStkSize              
0     0030417d  _OSTaskMax                      
0     0030417e  _OSTaskNameEn                   
0     00300abf  _OSTaskNameGet                  
0     00300b1b  _OSTaskNameSet                  
0     0030417c  _OSTaskProfileEn                
0     00300c9e  _OSTaskQuery                    
0     00300cdc  _OSTaskRegGet                   
0     00300d13  _OSTaskRegGetID                 
1     0000dbda  _OSTaskRegNextAvailID           
0     00300d2f  _OSTaskRegSet                   
0     00304183  _OSTaskRegTblSize               
0     00300b6b  _OSTaskResume                   
0     00302a6e  _OSTaskReturnHook               
0     0030417f  _OSTaskStatEn                   
0     00302a72  _OSTaskStatHook                 
1     0000d540  _OSTaskStatStk                  
0     00304181  _OSTaskStatStkChkEn             
0     00304180  _OSTaskStatStkSize              
0     00300bd0  _OSTaskStkChk                   
0     00302a73  _OSTaskStkInit                  
0     00300c2f  _OSTaskSuspend                  
0     00302b03  _OSTaskSwHook                   
0     00304182  _OSTaskSwHookEn                 
1     0000dbd9  _OSTickStepState                
0     00304186  _OSTicksPerSec                  
1     0000dbf4  _OSTime                         
0     00302c74  _OSTimeDly                      
0     00302cb1  _OSTimeDlyHMSM                  
0     00302cf9  _OSTimeDlyResume                
0     00302d64  _OSTimeGet                      
0     00302d73  _OSTimeSet                      
0     003002f7  _OSTimeTick                     
0     00302b54  _OSTimeTickHook                 
0     00304187  _OSTimeTickHookEn               
0     0030418a  _OSTmrCfgMax                    
0     0030418b  _OSTmrCfgNameEn                 
0     0030418d  _OSTmrCfgTicksPerSec            
0     0030418c  _OSTmrCfgWheelSize              
0     00304189  _OSTmrEn                        
0     0030418e  _OSTmrSize                      
0     0030418f  _OSTmrTblSize                   
0     00304190  _OSTmrWheelSize                 
0     00304191  _OSTmrWheelTblSize              
0     00303da0  _OSUnMapTbl                     
0     00300377  _OSVersion                      
0     00304188  _OSVersionNbr                   
0     00303681  _OS_CPU_GetST0                  
0     00303684  _OS_CPU_GetST1                  
0     003036af  _OS_CPU_RTOSINT_Handler         
0     0030368c  _OS_CPU_SR_Restore              
0     00303687  _OS_CPU_SR_Save                 
0     0030037a  _OS_Dummy                       
0     0030037b  _OS_EventTaskRdy                
0     00300462  _OS_EventTaskRemove             
0     00300488  _OS_EventTaskRemoveMulti        
0     003003de  _OS_EventTaskWait               
0     00300416  _OS_EventTaskWaitMulti          
0     003004bc  _OS_EventWaitListInit           
0     003011d5  _OS_FlagInit                    
0     00301251  _OS_FlagUnlink                  
0     003005c6  _OS_MemClr                      
0     003005d5  _OS_MemCopy                     
0     00302857  _OS_MemInit                     
0     0030163d  _OS_QInit                       
0     003005e8  _OS_Sched                       
0     00300627  _OS_StrLen                      
0     003006d1  _OS_TCBInit                     
0     00300639  _OS_TaskIdle                    
0     00300d64  _OS_TaskReturn                  
0     0030064e  _OS_TaskStat                    
0     003006a2  _OS_TaskStatStkChk              
0     00300d6d  _OS_TaskStkClr                  
1     0000d7e0  _R_PLC                          
1     0000db7e  _R_PLC_NoneCrypt                
0     003041f4  _Rcon                           
1     0000d7f0  _Reply_flag                     
0     003016da  _SHA1_Final                     
0     0030166f  _SHA1_Init                      
0     003016a0  _SHA1_Update                    
1     0000dc00  _Status_SyncStk                 
1     0000d8c0  _Status_Sync_ExTime             
1     0000d8d0  _TaskID                         
1     0000dc52  _Time                           
1     0000dc80  _UART_ReceptionStk              
1     0000d8cb  _UART_Reception_ExTime          
1     0000dd00  _UART_TransmissionStk           
1     0000d8cc  _UART_Transmission_ExTime       
1     0000d8d3  _UserCert_flag                  
1     0000d8c2  _User_00_ExTime                 
1     0000d8c3  _User_01_ExTime                 
1     0000d8c4  _User_02_ExTime                 
1     0000d8c5  _User_03_ExTime                 
1     0000d8c6  _User_04_ExTime                 
1     0000d8c7  _User_05_ExTime                 
1     0000d8c8  _User_06_ExTime                 
1     0000d8c9  _User_07_ExTime                 
1     0000dbf6  _User_ID                        
1     0000d8ba  _User_MAC_Address               
1     0000d8cf  _User_Task_Cnt                  
1     0000dd80  _User_certificationStk          
1     0000d8ca  _User_certification_ExTime      
1     0000dbfb  _User_password                  
0     00008000  __CIOBUF_                       
1     00000800  __STACK_END                     
abs   00000750  __STACK_SIZE                    
abs   00000400  __SYSMEM_SIZE                   
1     00000d00  ___BSP_VectorTable              
0     00302bf3  ___TI_cleanup                   
1     0000db7a  ___TI_cleanup_ptr               
0     00303799  ___TI_closefile                 
0     003035af  ___TI_doflush                   
1     0000db7c  ___TI_dtors_ptr                 
1     0000db78  ___TI_enable_exit_profile_output
1     0000dc59  ___TI_ft_end                    
0     00302062  ___TI_heap_check                
0     00302045  ___TI_heap_largest_available    
0     00302028  ___TI_heap_total_available      
abs   ffffffff  ___TI_pprof_out_hndl            
abs   ffffffff  ___TI_prof_data_size            
abs   ffffffff  ___TI_prof_data_start           
0     00303655  ___TI_rd_ok                     
0     003031a3  ___TI_readmsg                   
1     0000d800  ___TI_tmpnams                   
0     0030314b  ___TI_writemsg                  
0     0030361a  ___TI_wrt_ok                    
abs   ffffffff  ___binit__                      
abs   ffffffff  ___c_args__                     
0     0030421c  ___cinit__                      
0     00303ca0  ___etext__                      
abs   ffffffff  ___pinit__                      
0     00300000  ___text__                       
0     00303c68  ___time32                       
0     00303c43  __abort_msg                     
0     00303c23  __args_main                     
1     0000de00  __device                        
1     0000da00  __ftable                        
1     0000dc5e  __lock                          
0     00303c85  __nop                           
0     00303c81  __register_lock                 
0     00303c7d  __register_unlock               
1     000000b0  __stack                         
1     0000db50  __stream                        
1     0000debc  __sys_memory                    
0     00303c9f  __system_post_cinit             
0     00303c9d  __system_pre_init               
1     0000dc60  __unlock                        
0     00303aac  _abort                          
0     00302072  _aes_enc_dec                    
1     0000d8d7  _aes_flag                       
0     00301f82  _aligned_alloc                  
0     0030384e  _c_int00                        
0     00301f55  _calloc                         
1     0000d8d4  _certification_flag1            
1     0000d8d5  _certification_flag1_1          
1     0000d8d6  _certification_flag2            
0     00303a17  _close                          
1     0000dc50  _cnt0                           
1     0000dc51  _cnt1                           
1     0000d900  _context                        
0     00303b21  _copy_in                        
1     0000dc64  _errno                          
0     00303aae  _exit                           
0     003037db  _fclose                         
0     003035de  _fflush                         
0     003038a2  _finddevice                     
0     00302c2e  _fopen                          
0     003030a8  _fputs                          
0     00301e06  _free                           
0     00302c10  _freopen                        
0     00303931  _fseek                          
0     00302064  _galois_mul2                    
0     003038bd  _getdevice                      
1     0000d420  _hash                           
1     0000dc54  _init_flag                      
0     00302893  _log                            
0     00302893  _logf                           
0     00303bb4  _lseek                          
0     00301a4b  _main                           
0     00301ddb  _malloc                         
0     00301f82  _memalign                       
0     00303c50  _memchr                         
0     00303b64  _memcpy                         
0     00303c8e  _memset                         
0     00301f51  _minit                          
1     0000d8d1  _nonce                          
0     00303540  _open                           
1     0000daf8  _parmbuf                        
0     003025d6  _prng_get_byte                  
0     003025ee  _prng_get_bytes                 
0     00302643  _prng_get_double                
0     00302665  _prng_get_double_normal         
0     0030263e  _prng_get_int                   
0     00302620  _prng_get_long                  
0     00302598  _prng_get_octet                 
0     00302625  _prng_get_uint                  
0     00302606  _prng_get_ulong                 
0     0030253e  _prng_seed_bytes                
0     00302505  _prng_seed_time                 
1     0000d8d9  _psh_flag                       
0     00303138  _puts                           
0     00301ece  _realloc                        
0     00303c9a  _remove                         
0     00303ea0  _rsbox                          
0     00303fa0  _sbox                           
1     0000d8a0  _scirxBuf                       
1     0000d8d8  _seq1_flag                      
0     003032ef  _setvbuf                        
0     00303458  _sqrt                           
0     00303458  _sqrtf                          
1     0000d8d2  _start                          
0     00303c5d  _strchr                         
0     00303c73  _strcmp                         
0     00303c95  _strcpy                         
0     00303c86  _strlen                         
0     00303bfb  _strncpy                        
0     00303c68  _time                           
0     00303b9b  _unlink                         
0     00303bcc  _write                          
abs   ffffffff  binit                           
0     0030421c  cinit                           
0     00303ca0  etext                           
abs   ffffffff  pinit                           


GLOBAL SYMBOLS: SORTED BY Symbol Address 

page  address   name                            
----  -------   ----                            
0     00008000  __CIOBUF_                       
0     00300000  .text                           
0     00300000  _OSEventNameGet                 
0     00300000  ___text__                       
0     0030003f  _OSEventNameSet                 
0     00300073  _OSEventPendMulti               
0     0030022d  _OSInit                         
0     00300246  _OSIntEnter                     
0     00300250  _OSIntExit                      
0     00300283  _OSSchedLock                    
0     0030029a  _OSSchedUnlock                  
0     003002c0  _OSStart                        
0     003002d7  _OSStatInit                     
0     003002f7  _OSTimeTick                     
0     00300377  _OSVersion                      
0     0030037a  _OS_Dummy                       
0     0030037b  _OS_EventTaskRdy                
0     003003de  _OS_EventTaskWait               
0     00300416  _OS_EventTaskWaitMulti          
0     00300462  _OS_EventTaskRemove             
0     00300488  _OS_EventTaskRemoveMulti        
0     003004bc  _OS_EventWaitListInit           
0     003005c6  _OS_MemClr                      
0     003005d5  _OS_MemCopy                     
0     003005e8  _OS_Sched                       
0     00300627  _OS_StrLen                      
0     00300639  _OS_TaskIdle                    
0     0030064e  _OS_TaskStat                    
0     003006a2  _OS_TaskStatStkChk              
0     003006d1  _OS_TCBInit                     
0     003007b9  _OSTaskChangePrio               
0     003008c2  _OSTaskCreate                   
0     0030091f  _OSTaskCreateExt                
0     00300985  _OSTaskDel                      
0     00300a7b  _OSTaskDelReq                   
0     00300abf  _OSTaskNameGet                  
0     00300b1b  _OSTaskNameSet                  
0     00300b6b  _OSTaskResume                   
0     00300bd0  _OSTaskStkChk                   
0     00300c2f  _OSTaskSuspend                  
0     00300c9e  _OSTaskQuery                    
0     00300cdc  _OSTaskRegGet                   
0     00300d13  _OSTaskRegGetID                 
0     00300d2f  _OSTaskRegSet                   
0     00300d64  _OS_TaskReturn                  
0     00300d6d  _OS_TaskStkClr                  
0     00300d83  _OSFlagAccept                   
0     00300e0e  _OSFlagCreate                   
0     00300e41  _OSFlagDel                      
0     00300ec6  _OSFlagNameGet                  
0     00300f00  _OSFlagNameSet                  
0     00300f2f  _OSFlagPend                     
0     00301088  _OSFlagPendGetFlagsRdy          
0     0030109a  _OSFlagPost                     
0     0030115a  _OSFlagQuery                    
0     003011d5  _OS_FlagInit                    
0     00301251  _OS_FlagUnlink                  
0     00301276  _OSQAccept                      
0     003012be  _OSQCreate                      
0     00301323  _OSQDel                         
0     003013bc  _OSQFlush                       
0     003013e1  _OSQPend                        
0     00301496  _OSQPendAbort                   
0     003014da  _OSQPost                        
0     00301521  _OSQPostFront                   
0     00301575  _OSQPostOpt                     
0     003015e8  _OSQQuery                       
0     0030163d  _OS_QInit                       
0     0030166f  _SHA1_Init                      
0     003016a0  _SHA1_Update                    
0     003016da  _SHA1_Final                     
0     00301a4b  _main                           
0     00301ddb  _malloc                         
0     00301e06  _free                           
0     00301ece  _realloc                        
0     00301f51  _minit                          
0     00301f55  _calloc                         
0     00301f82  _aligned_alloc                  
0     00301f82  _memalign                       
0     00302028  ___TI_heap_total_available      
0     00302045  ___TI_heap_largest_available    
0     00302062  ___TI_heap_check                
0     00302064  _galois_mul2                    
0     00302072  _aes_enc_dec                    
0     003022e6  _OSSemAccept                    
0     00302300  _OSSemCreate                    
0     0030232f  _OSSemDel                       
0     003023b2  _OSSemPend                      
0     00302430  _OSSemPendAbort                 
0     00302474  _OSSemPost                      
0     003024a1  _OSSemQuery                     
0     003024db  _OSSemSet                       
0     00302505  _prng_seed_time                 
0     0030253e  _prng_seed_bytes                
0     00302598  _prng_get_octet                 
0     003025d6  _prng_get_byte                  
0     003025ee  _prng_get_bytes                 
0     00302606  _prng_get_ulong                 
0     00302620  _prng_get_long                  
0     00302625  _prng_get_uint                  
0     0030263e  _prng_get_int                   
0     00302643  _prng_get_double                
0     00302665  _prng_get_double_normal         
0     003026ff  _OSMemCreate                    
0     00302768  _OSMemGet                       
0     00302798  _OSMemNameGet                   
0     003027c9  _OSMemNameSet                   
0     003027f0  _OSMemPut                       
0     0030281f  _OSMemQuery                     
0     00302857  _OS_MemInit                     
0     00302893  _log                            
0     00302893  _logf                           
0     00302a1a  _OSInitHookBegin                
0     00302a64  _OSInitHookEnd                  
0     00302a65  _OSTaskCreateHook               
0     00302a69  _OSTaskDelHook                  
0     00302a6d  _OSTaskIdleHook                 
0     00302a6e  _OSTaskReturnHook               
0     00302a72  _OSTaskStatHook                 
0     00302a73  _OSTaskStkInit                  
0     00302b03  _OSTaskSwHook                   
0     00302b50  _OSTCBInitHook                  
0     00302b54  _OSTimeTickHook                 
0     00302bf3  ___TI_cleanup                   
0     00302c10  _freopen                        
0     00302c2e  _fopen                          
0     00302c74  _OSTimeDly                      
0     00302cb1  _OSTimeDlyHMSM                  
0     00302cf9  _OSTimeDlyResume                
0     00302d64  _OSTimeGet                      
0     00302d73  _OSTimeSet                      
0     00302d82  _BSP_Init                       
0     00302d95  _BSP_Tick_Init                  
0     00302da6  _BSP_CPU_ClkFreq                
0     00302e1a  _BSP_SCIA_Init                  
0     00302e7c  _CPU_Init                       
0     00302e7d  _CPU_SW_Exception               
0     00302e7e  _CPU_CntLeadZeros08             
0     00302e88  _CPU_CntLeadZeros16             
0     00302e8f  _CPU_CntLeadZeros32             
0     00302ec7  _CPU_CntTrailZeros              
0     00302ed9  _CPU_CntTrailZeros08            
0     00302eeb  _CPU_CntTrailZeros16            
0     00302efd  _CPU_CntTrailZeros32            
0     00302f11  _CPU_PopCnt32                   
0     00302f47  _BSP_OS_TIMER2_TickHandler      
0     00302f71  _BSP_SCIA_RX                    
0     00302f99  _BSP_SCIA_TX                    
0     00302ffa  _BSP_IntAck                     
0     00303018  _BSP_IntEn                      
0     0030303f  _BSP_IntDis                     
0     00303067  _BSP_ExtIntEn                   
0     0030307b  _BSP_ExtIntDis                  
0     0030308f  _BSP_IntVectSet                 
0     003030a8  _fputs                          
0     00303138  _puts                           
0     0030314b  ___TI_writemsg                  
0     0030319e  C$$IO$$                         
0     003031a3  ___TI_readmsg                   
0     003031df  _OSDebugInit                    
0     0030326c  FS$$DIV                         
0     003032ef  _setvbuf                        
0     00303368  FS$$SUB                         
0     0030336d  FS$$ADD                         
0     003033e0  _HOSTtime64                     
0     00303424  _HOSTtime                       
0     00303458  _sqrt                           
0     00303458  _sqrtf                          
0     003034cd  _CPU_IntSrcDis                  
0     003034e3  _CPU_IntSrcEn                   
0     003034f8  _CPU_IntSrcPendClr              
0     00303540  _open                           
0     003035af  ___TI_doflush                   
0     003035de  _fflush                         
0     0030361a  ___TI_wrt_ok                    
0     00303655  ___TI_rd_ok                     
0     00303681  _OS_CPU_GetST0                  
0     00303684  _OS_CPU_GetST1                  
0     00303687  _OS_CPU_SR_Save                 
0     0030368c  _OS_CPU_SR_Restore              
0     00303694  _OSStartHighRdy                 
0     003036af  _OS_CPU_RTOSINT_Handler         
0     003036df  _BSP_LED_On                     
0     003036fe  _BSP_LED_Off                    
0     0030371d  _BSP_LED_Toggle                 
0     0030373c  _HOSTlseek                      
0     00303799  ___TI_closefile                 
0     003037db  _fclose                         
0     003037f4  FS$$MPY                         
0     0030384e  _c_int00                        
0     003038a2  _finddevice                     
0     003038bd  _getdevice                      
0     003038f2  _HOSTrename                     
0     00303931  _fseek                          
0     0030396e  _HOSTopen                       
0     003039a7  _HOSTread                       
0     003039df  _HOSTwrite                      
0     00303a17  _close                          
0     00303a4a  _BSP_OS_TIMER2_TickInit         
0     00303a7b  _BSP_IntHandlerDummy            
0     00303aac  C$$EXIT                         
0     00303aac  _abort                          
0     00303aae  _exit                           
0     00303ad5  _HOSTclose                      
0     00303afc  _HOSTunlink                     
0     00303b21  _copy_in                        
0     00303b45  _CPU_IntDis                     
0     00303b47  _CPU_IntEn                      
0     00303b49  _CPU_SR_Save                    
0     00303b4e  _CPU_SR_Restore                 
0     00303b56  _CPU_CntLeadZeros               
0     00303b62  _CPU_RevBits                    
0     00303b64  _memcpy                         
0     00303b81  L$$TOFS                         
0     00303b9b  _unlink                         
0     00303bb4  _lseek                          
0     00303bcc  _write                          
0     00303be4  FS$$CMP                         
0     00303bfb  _strncpy                        
0     00303c10  UL$$TOFS                        
0     00303c23  __args_main                     
0     00303c34  _BSP_RAM_StartHere              
0     00303c43  __abort_msg                     
0     00303c50  _memchr                         
0     00303c5d  _strchr                         
0     00303c68  ___time32                       
0     00303c68  _time                           
0     00303c73  _strcmp                         
0     00303c7d  __register_unlock               
0     00303c81  __register_lock                 
0     00303c85  __nop                           
0     00303c86  _strlen                         
0     00303c8e  _memset                         
0     00303c95  _strcpy                         
0     00303c9a  _remove                         
0     00303c9d  __system_pre_init               
0     00303c9f  __system_post_cinit             
0     00303ca0  ___etext__                      
0     00303ca0  etext                           
0     00303da0  _OSUnMapTbl                     
0     00303ea0  _rsbox                          
0     00303fa0  _sbox                           
0     0030415c  _OSDebugEn                      
0     0030415d  _OSEventEn                      
0     0030415e  _OSEventMax                     
0     0030415f  _OSEventNameEn                  
0     00304160  _OSEventSize                    
0     00304161  _OSEventTblSize                 
0     00304162  _OSEventMultiEn                 
0     00304163  _OSFlagEn                       
0     00304164  _OSFlagGrpSize                  
0     00304165  _OSFlagNodeSize                 
0     00304166  _OSFlagWidth                    
0     00304167  _OSFlagMax                      
0     00304168  _OSFlagNameEn                   
0     00304169  _OSLowestPrio                   
0     0030416a  _OSMboxEn                       
0     0030416b  _OSMemEn                        
0     0030416c  _OSMemMax                       
0     0030416d  _OSMemNameEn                    
0     0030416e  _OSMemSize                      
0     0030416f  _OSMemTblSize                   
0     00304170  _OSMutexEn                      
0     00304171  _OSPtrSize                      
0     00304172  _OSQEn                          
0     00304173  _OSQMax                         
0     00304174  _OSQSize                        
0     00304175  _OSRdyTblSize                   
0     00304176  _OSSemEn                        
0     00304177  _OSStkWidth                     
0     00304178  _OSTaskCreateEn                 
0     00304179  _OSTaskCreateExtEn              
0     0030417a  _OSTaskDelEn                    
0     0030417b  _OSTaskIdleStkSize              
0     0030417c  _OSTaskProfileEn                
0     0030417d  _OSTaskMax                      
0     0030417e  _OSTaskNameEn                   
0     0030417f  _OSTaskStatEn                   
0     00304180  _OSTaskStatStkSize              
0     00304181  _OSTaskStatStkChkEn             
0     00304182  _OSTaskSwHookEn                 
0     00304183  _OSTaskRegTblSize               
0     00304184  _OSTCBPrioTblMax                
0     00304185  _OSTCBSize                      
0     00304186  _OSTicksPerSec                  
0     00304187  _OSTimeTickHookEn               
0     00304188  _OSVersionNbr                   
0     00304189  _OSTmrEn                        
0     0030418a  _OSTmrCfgMax                    
0     0030418b  _OSTmrCfgNameEn                 
0     0030418c  _OSTmrCfgWheelSize              
0     0030418d  _OSTmrCfgTicksPerSec            
0     0030418e  _OSTmrSize                      
0     0030418f  _OSTmrTblSize                   
0     00304190  _OSTmrWheelSize                 
0     00304191  _OSTmrWheelTblSize              
0     00304192  _OSDataSize                     
0     00304194  _OSEndiannessTest               
0     003041f4  _Rcon                           
0     0030421a  _CPU_EndiannessTest             
0     0030421c  ___cinit__                      
0     0030421c  cinit                           
1     000000b0  __stack                         
1     00000800  __STACK_END                     
1     00000d00  ___BSP_VectorTable              
1     0000d000  _OSTCBTbl                       
1     0000d420  _hash                           
1     0000d434  _Mem_SegHeadPtr                 
1     0000d436  _Mem_SegHeap                    
1     0000d440  _OSTaskIdleStk                  
1     0000d540  _OSTaskStatStk                  
1     0000d740  _OSEventTbl                     
1     0000d7e0  _R_PLC                          
1     0000d7f0  _Reply_flag                     
1     0000d800  ___TI_tmpnams                   
1     0000d8a0  _scirxBuf                       
1     0000d8ba  _User_MAC_Address               
1     0000d8c0  _Status_Sync_ExTime             
1     0000d8c1  _Init_Update_EXTime             
1     0000d8c2  _User_00_ExTime                 
1     0000d8c3  _User_01_ExTime                 
1     0000d8c4  _User_02_ExTime                 
1     0000d8c5  _User_03_ExTime                 
1     0000d8c6  _User_04_ExTime                 
1     0000d8c7  _User_05_ExTime                 
1     0000d8c8  _User_06_ExTime                 
1     0000d8c9  _User_07_ExTime                 
1     0000d8ca  _User_certification_ExTime      
1     0000d8cb  _UART_Reception_ExTime          
1     0000d8cc  _UART_Transmission_ExTime       
1     0000d8cd  _Diagnosis_ExTime               
1     0000d8ce  _Data_Sync_ExTime               
1     0000d8cf  _User_Task_Cnt                  
1     0000d8d0  _TaskID                         
1     0000d8d1  _nonce                          
1     0000d8d2  _start                          
1     0000d8d3  _UserCert_flag                  
1     0000d8d4  _certification_flag1            
1     0000d8d5  _certification_flag1_1          
1     0000d8d6  _certification_flag2            
1     0000d8d7  _aes_flag                       
1     0000d8d8  _seq1_flag                      
1     0000d8d9  _psh_flag                       
1     0000d900  _context                        
1     0000d950  _OSQTbl                         
1     0000d980  _OSTCBPrioTbl                   
1     0000da00  __ftable                        
1     0000da78  _OSRdyTbl                       
1     0000da80  _Data_SyncStk                   
1     0000dad0  _OSFlagTbl                      
1     0000daf8  _parmbuf                        
1     0000db00  _DiagnosisStk                   
1     0000db50  __stream                        
1     0000db78  ___TI_enable_exit_profile_output
1     0000db7a  ___TI_cleanup_ptr               
1     0000db7c  ___TI_dtors_ptr                 
1     0000db7e  _R_PLC_NoneCrypt                
1     0000db80  _Init_UpdateStk                 
1     0000dbd0  _OSCPUUsage                     
1     0000dbd1  _OSStatRdy                      
1     0000dbd2  _OSIntNesting                   
1     0000dbd3  _OSLockNesting                  
1     0000dbd4  _OSPrioCur                      
1     0000dbd5  _OSPrioHighRdy                  
1     0000dbd6  _OSRdyGrp                       
1     0000dbd7  _OSRunning                      
1     0000dbd8  _OSTaskCtr                      
1     0000dbd9  _OSTickStepState                
1     0000dbda  _OSTaskRegNextAvailID           
1     0000dbdc  _OSCtxSwCtr                     
1     0000dbde  _OSEventFreeList                
1     0000dbe0  _OSFlagFreeList                 
1     0000dbe2  _OSIdleCtrMax                   
1     0000dbe4  _OSIdleCtrRun                   
1     0000dbe6  _OSIdleCtr                      
1     0000dbe8  _OSTCBCur                       
1     0000dbea  _OSTCBFreeList                  
1     0000dbec  _OSTCBHighRdy                   
1     0000dbee  _OSTCBList                      
1     0000dbf0  _OSMemFreeList                  
1     0000dbf2  _OSQFreeList                    
1     0000dbf4  _OSTime                         
1     0000dbf6  _User_ID                        
1     0000dbfb  _User_password                  
1     0000dc00  _Status_SyncStk                 
1     0000dc50  _cnt0                           
1     0000dc51  _cnt1                           
1     0000dc52  _Time                           
1     0000dc53  _Excute_Time                    
1     0000dc54  _init_flag                      
1     0000dc55  _DEVICE_OUT                     
1     0000dc59  ___TI_ft_end                    
1     0000dc5e  __lock                          
1     0000dc60  __unlock                        
1     0000dc62  _Math_RandSeedCur               
1     0000dc64  _errno                          
1     0000dc80  _UART_ReceptionStk              
1     0000dd00  _UART_TransmissionStk           
1     0000dd80  _User_certificationStk          
1     0000de00  __device                        
1     0000de80  _OSMemTbl                       
1     0000debc  __sys_memory                    
abs   00000400  __SYSMEM_SIZE                   
abs   00000750  __STACK_SIZE                    
abs   ffffffff  ___TI_pprof_out_hndl            
abs   ffffffff  ___TI_prof_data_size            
abs   ffffffff  ___TI_prof_data_start           
abs   ffffffff  ___binit__                      
abs   ffffffff  ___c_args__                     
abs   ffffffff  ___pinit__                      
abs   ffffffff  binit                           
abs   ffffffff  pinit                           

[412 symbols]
