<?xml version="1.0" encoding="ISO-8859-1" ?>
<link_info>
   <banner>TMS320C2000 Linker PC v20.2.1.LTS</banner>
   <copyright>Copyright (c) 1996-2018 Texas Instruments Incorporated</copyright>
   <link_time>0x5fe9574d</link_time>
   <link_errors>0x0</link_errors>
   <output_file>Remote_Attestation.out</output_file>
   <entry_point>
      <name>_BSP_RAM_StartHere</name>
      <address>0x304ee7</address>
   </entry_point>
   <input_file_list>
      <input_file id="fl-2">
         <path>.\APP\</path>
         <kind>object</kind>
         <file>app.obj</file>
         <name>app.obj</name>
      </input_file>
      <input_file id="fl-3">
         <path>.\APP\</path>
         <kind>object</kind>
         <file>md5.obj</file>
         <name>md5.obj</name>
      </input_file>
      <input_file id="fl-4">
         <path>.\APP\</path>
         <kind>object</kind>
         <file>prng.obj</file>
         <name>prng.obj</name>
      </input_file>
      <input_file id="fl-5">
         <path>.\BSP\CCS\</path>
         <kind>object</kind>
         <file>bsp_start.obj</file>
         <name>bsp_start.obj</name>
      </input_file>
      <input_file id="fl-6">
         <path>.\BSP\OS\uCOS-II\</path>
         <kind>object</kind>
         <file>bsp_os.obj</file>
         <name>bsp_os.obj</name>
      </input_file>
      <input_file id="fl-7">
         <path>.\BSP\</path>
         <kind>object</kind>
         <file>bsp.obj</file>
         <name>bsp.obj</name>
      </input_file>
      <input_file id="fl-8">
         <path>.\BSP\</path>
         <kind>object</kind>
         <file>bsp_int.obj</file>
         <name>bsp_int.obj</name>
      </input_file>
      <input_file id="fl-9">
         <path>.\BSP\</path>
         <kind>object</kind>
         <file>bsp_led.obj</file>
         <name>bsp_led.obj</name>
      </input_file>
      <input_file id="fl-a">
         <path>.\BSP\</path>
         <kind>object</kind>
         <file>cpu_bsp.obj</file>
         <name>cpu_bsp.obj</name>
      </input_file>
      <input_file id="fl-b">
         <path>.\uC-CPU\C28x\CCS\</path>
         <kind>object</kind>
         <file>cpu_a.obj</file>
         <name>cpu_a.obj</name>
      </input_file>
      <input_file id="fl-c">
         <path>.\uC-CPU\C28x\CCS\</path>
         <kind>object</kind>
         <file>cpu_c.obj</file>
         <name>cpu_c.obj</name>
      </input_file>
      <input_file id="fl-d">
         <path>.\uC-CPU\</path>
         <kind>object</kind>
         <file>cpu_core.obj</file>
         <name>cpu_core.obj</name>
      </input_file>
      <input_file id="fl-e">
         <path>.\uC-LIB\</path>
         <kind>object</kind>
         <file>lib_ascii.obj</file>
         <name>lib_ascii.obj</name>
      </input_file>
      <input_file id="fl-f">
         <path>.\uC-LIB\</path>
         <kind>object</kind>
         <file>lib_math.obj</file>
         <name>lib_math.obj</name>
      </input_file>
      <input_file id="fl-10">
         <path>.\uC-LIB\</path>
         <kind>object</kind>
         <file>lib_mem.obj</file>
         <name>lib_mem.obj</name>
      </input_file>
      <input_file id="fl-11">
         <path>.\uC-LIB\</path>
         <kind>object</kind>
         <file>lib_str.obj</file>
         <name>lib_str.obj</name>
      </input_file>
      <input_file id="fl-12">
         <path>.\uCOS-II\Ports\C28x\Generic\CCS\</path>
         <kind>object</kind>
         <file>os_cpu_a.obj</file>
         <name>os_cpu_a.obj</name>
      </input_file>
      <input_file id="fl-13">
         <path>.\uCOS-II\Ports\C28x\Generic\CCS\</path>
         <kind>object</kind>
         <file>os_cpu_c.obj</file>
         <name>os_cpu_c.obj</name>
      </input_file>
      <input_file id="fl-14">
         <path>.\uCOS-II\Ports\C28x\Generic\CCS\</path>
         <kind>object</kind>
         <file>os_cpu_i.obj</file>
         <name>os_cpu_i.obj</name>
      </input_file>
      <input_file id="fl-15">
         <path>.\uCOS-II\Ports\C28x\Generic\CCS\</path>
         <kind>object</kind>
         <file>os_dbg.obj</file>
         <name>os_dbg.obj</name>
      </input_file>
      <input_file id="fl-16">
         <path>.\uCOS-II\Source\</path>
         <kind>object</kind>
         <file>os_core.obj</file>
         <name>os_core.obj</name>
      </input_file>
      <input_file id="fl-17">
         <path>.\uCOS-II\Source\</path>
         <kind>object</kind>
         <file>os_flag.obj</file>
         <name>os_flag.obj</name>
      </input_file>
      <input_file id="fl-18">
         <path>.\uCOS-II\Source\</path>
         <kind>object</kind>
         <file>os_mbox.obj</file>
         <name>os_mbox.obj</name>
      </input_file>
      <input_file id="fl-19">
         <path>.\uCOS-II\Source\</path>
         <kind>object</kind>
         <file>os_mem.obj</file>
         <name>os_mem.obj</name>
      </input_file>
      <input_file id="fl-1a">
         <path>.\uCOS-II\Source\</path>
         <kind>object</kind>
         <file>os_mutex.obj</file>
         <name>os_mutex.obj</name>
      </input_file>
      <input_file id="fl-1b">
         <path>.\uCOS-II\Source\</path>
         <kind>object</kind>
         <file>os_q.obj</file>
         <name>os_q.obj</name>
      </input_file>
      <input_file id="fl-1c">
         <path>.\uCOS-II\Source\</path>
         <kind>object</kind>
         <file>os_sem.obj</file>
         <name>os_sem.obj</name>
      </input_file>
      <input_file id="fl-1d">
         <path>.\uCOS-II\Source\</path>
         <kind>object</kind>
         <file>os_task.obj</file>
         <name>os_task.obj</name>
      </input_file>
      <input_file id="fl-1e">
         <path>.\uCOS-II\Source\</path>
         <kind>object</kind>
         <file>os_time.obj</file>
         <name>os_time.obj</name>
      </input_file>
      <input_file id="fl-1f">
         <path>.\uCOS-II\Source\</path>
         <kind>object</kind>
         <file>os_tmr.obj</file>
         <name>os_tmr.obj</name>
      </input_file>
      <input_file id="fl-23">
         <kind>object</kind>
         <file>&lt;internal&gt;</file>
         <name>&lt;internal&gt;</name>
      </input_file>
      <input_file id="fl-2f">
         <path>C:\ti\ccs1011\ccs\tools\compiler\ti-cgt-c2000_20.2.1.LTS\lib\</path>
         <kind>archive</kind>
         <file>rts2800_ml.lib</file>
         <name>printf.c.obj</name>
      </input_file>
      <input_file id="fl-30">
         <path>C:\ti\ccs1011\ccs\tools\compiler\ti-cgt-c2000_20.2.1.LTS\lib\</path>
         <kind>archive</kind>
         <file>rts2800_ml.lib</file>
         <name>_printfi.c.obj</name>
      </input_file>
      <input_file id="fl-31">
         <path>C:\ti\ccs1011\ccs\tools\compiler\ti-cgt-c2000_20.2.1.LTS\lib\</path>
         <kind>archive</kind>
         <file>rts2800_ml.lib</file>
         <name>fputc.c.obj</name>
      </input_file>
      <input_file id="fl-32">
         <path>C:\ti\ccs1011\ccs\tools\compiler\ti-cgt-c2000_20.2.1.LTS\lib\</path>
         <kind>archive</kind>
         <file>rts2800_ml.lib</file>
         <name>fputs.c.obj</name>
      </input_file>
      <input_file id="fl-33">
         <path>C:\ti\ccs1011\ccs\tools\compiler\ti-cgt-c2000_20.2.1.LTS\lib\</path>
         <kind>archive</kind>
         <file>rts2800_ml.lib</file>
         <name>_io_perm.c.obj</name>
      </input_file>
      <input_file id="fl-34">
         <path>C:\ti\ccs1011\ccs\tools\compiler\ti-cgt-c2000_20.2.1.LTS\lib\</path>
         <kind>archive</kind>
         <file>rts2800_ml.lib</file>
         <name>setvbuf.c.obj</name>
      </input_file>
      <input_file id="fl-35">
         <path>C:\ti\ccs1011\ccs\tools\compiler\ti-cgt-c2000_20.2.1.LTS\lib\</path>
         <kind>archive</kind>
         <file>rts2800_ml.lib</file>
         <name>e_logf.c.obj</name>
      </input_file>
      <input_file id="fl-36">
         <path>C:\ti\ccs1011\ccs\tools\compiler\ti-cgt-c2000_20.2.1.LTS\lib\</path>
         <kind>archive</kind>
         <file>rts2800_ml.lib</file>
         <name>e_sqrtf.c.obj</name>
      </input_file>
      <input_file id="fl-37">
         <path>C:\ti\ccs1011\ccs\tools\compiler\ti-cgt-c2000_20.2.1.LTS\lib\</path>
         <kind>archive</kind>
         <file>rts2800_ml.lib</file>
         <name>boot28.asm.obj</name>
      </input_file>
      <input_file id="fl-38">
         <path>C:\ti\ccs1011\ccs\tools\compiler\ti-cgt-c2000_20.2.1.LTS\lib\</path>
         <kind>archive</kind>
         <file>rts2800_ml.lib</file>
         <name>fd_cmp28.asm.obj</name>
      </input_file>
      <input_file id="fl-39">
         <path>C:\ti\ccs1011\ccs\tools\compiler\ti-cgt-c2000_20.2.1.LTS\lib\</path>
         <kind>archive</kind>
         <file>rts2800_ml.lib</file>
         <name>fd_mpy28.asm.obj</name>
      </input_file>
      <input_file id="fl-3a">
         <path>C:\ti\ccs1011\ccs\tools\compiler\ti-cgt-c2000_20.2.1.LTS\lib\</path>
         <kind>archive</kind>
         <file>rts2800_ml.lib</file>
         <name>fd_neg28.asm.obj</name>
      </input_file>
      <input_file id="fl-3b">
         <path>C:\ti\ccs1011\ccs\tools\compiler\ti-cgt-c2000_20.2.1.LTS\lib\</path>
         <kind>archive</kind>
         <file>rts2800_ml.lib</file>
         <name>fd_sub28.asm.obj</name>
      </input_file>
      <input_file id="fl-3c">
         <path>C:\ti\ccs1011\ccs\tools\compiler\ti-cgt-c2000_20.2.1.LTS\lib\</path>
         <kind>archive</kind>
         <file>rts2800_ml.lib</file>
         <name>fd_toi28.asm.obj</name>
      </input_file>
      <input_file id="fl-3d">
         <path>C:\ti\ccs1011\ccs\tools\compiler\ti-cgt-c2000_20.2.1.LTS\lib\</path>
         <kind>archive</kind>
         <file>rts2800_ml.lib</file>
         <name>fd_tol28.asm.obj</name>
      </input_file>
      <input_file id="fl-3e">
         <path>C:\ti\ccs1011\ccs\tools\compiler\ti-cgt-c2000_20.2.1.LTS\lib\</path>
         <kind>archive</kind>
         <file>rts2800_ml.lib</file>
         <name>fs_add28.asm.obj</name>
      </input_file>
      <input_file id="fl-3f">
         <path>C:\ti\ccs1011\ccs\tools\compiler\ti-cgt-c2000_20.2.1.LTS\lib\</path>
         <kind>archive</kind>
         <file>rts2800_ml.lib</file>
         <name>fs_cmp28.asm.obj</name>
      </input_file>
      <input_file id="fl-40">
         <path>C:\ti\ccs1011\ccs\tools\compiler\ti-cgt-c2000_20.2.1.LTS\lib\</path>
         <kind>archive</kind>
         <file>rts2800_ml.lib</file>
         <name>fs_div28.asm.obj</name>
      </input_file>
      <input_file id="fl-41">
         <path>C:\ti\ccs1011\ccs\tools\compiler\ti-cgt-c2000_20.2.1.LTS\lib\</path>
         <kind>archive</kind>
         <file>rts2800_ml.lib</file>
         <name>fs_mpy28.asm.obj</name>
      </input_file>
      <input_file id="fl-42">
         <path>C:\ti\ccs1011\ccs\tools\compiler\ti-cgt-c2000_20.2.1.LTS\lib\</path>
         <kind>archive</kind>
         <file>rts2800_ml.lib</file>
         <name>ll_aox28.asm.obj</name>
      </input_file>
      <input_file id="fl-43">
         <path>C:\ti\ccs1011\ccs\tools\compiler\ti-cgt-c2000_20.2.1.LTS\lib\</path>
         <kind>archive</kind>
         <file>rts2800_ml.lib</file>
         <name>ll_cmp28.asm.obj</name>
      </input_file>
      <input_file id="fl-44">
         <path>C:\ti\ccs1011\ccs\tools\compiler\ti-cgt-c2000_20.2.1.LTS\lib\</path>
         <kind>archive</kind>
         <file>rts2800_ml.lib</file>
         <name>ll_div28.asm.obj</name>
      </input_file>
      <input_file id="fl-45">
         <path>C:\ti\ccs1011\ccs\tools\compiler\ti-cgt-c2000_20.2.1.LTS\lib\</path>
         <kind>archive</kind>
         <file>rts2800_ml.lib</file>
         <name>i_tofd28.asm.obj</name>
      </input_file>
      <input_file id="fl-46">
         <path>C:\ti\ccs1011\ccs\tools\compiler\ti-cgt-c2000_20.2.1.LTS\lib\</path>
         <kind>archive</kind>
         <file>rts2800_ml.lib</file>
         <name>l_tofd28.asm.obj</name>
      </input_file>
      <input_file id="fl-47">
         <path>C:\ti\ccs1011\ccs\tools\compiler\ti-cgt-c2000_20.2.1.LTS\lib\</path>
         <kind>archive</kind>
         <file>rts2800_ml.lib</file>
         <name>l_tofs28.asm.obj</name>
      </input_file>
      <input_file id="fl-48">
         <path>C:\ti\ccs1011\ccs\tools\compiler\ti-cgt-c2000_20.2.1.LTS\lib\</path>
         <kind>archive</kind>
         <file>rts2800_ml.lib</file>
         <name>ul_tofs28.asm.obj</name>
      </input_file>
      <input_file id="fl-49">
         <path>C:\ti\ccs1011\ccs\tools\compiler\ti-cgt-c2000_20.2.1.LTS\lib\</path>
         <kind>archive</kind>
         <file>rts2800_ml.lib</file>
         <name>fs_tofd28.asm.obj</name>
      </input_file>
      <input_file id="fl-4a">
         <path>C:\ti\ccs1011\ccs\tools\compiler\ti-cgt-c2000_20.2.1.LTS\lib\</path>
         <kind>archive</kind>
         <file>rts2800_ml.lib</file>
         <name>fd_div28.asm.obj</name>
      </input_file>
      <input_file id="fl-4b">
         <path>C:\ti\ccs1011\ccs\tools\compiler\ti-cgt-c2000_20.2.1.LTS\lib\</path>
         <kind>archive</kind>
         <file>rts2800_ml.lib</file>
         <name>cpy_tbl.c.obj</name>
      </input_file>
      <input_file id="fl-4c">
         <path>C:\ti\ccs1011\ccs\tools\compiler\ti-cgt-c2000_20.2.1.LTS\lib\</path>
         <kind>archive</kind>
         <file>rts2800_ml.lib</file>
         <name>memcpy.c.obj</name>
      </input_file>
      <input_file id="fl-4d">
         <path>C:\ti\ccs1011\ccs\tools\compiler\ti-cgt-c2000_20.2.1.LTS\lib\</path>
         <kind>archive</kind>
         <file>rts2800_ml.lib</file>
         <name>pre_init.c.obj</name>
      </input_file>
      <input_file id="fl-4e">
         <path>C:\ti\ccs1011\ccs\tools\compiler\ti-cgt-c2000_20.2.1.LTS\lib\</path>
         <kind>archive</kind>
         <file>rts2800_ml.lib</file>
         <name>startup.c.obj</name>
      </input_file>
      <input_file id="fl-4f">
         <path>C:\ti\ccs1011\ccs\tools\compiler\ti-cgt-c2000_20.2.1.LTS\lib\</path>
         <kind>archive</kind>
         <file>rts2800_ml.lib</file>
         <name>exit.c.obj</name>
      </input_file>
      <input_file id="fl-50">
         <path>C:\ti\ccs1011\ccs\tools\compiler\ti-cgt-c2000_20.2.1.LTS\lib\</path>
         <kind>archive</kind>
         <file>rts2800_ml.lib</file>
         <name>_lock.c.obj</name>
      </input_file>
      <input_file id="fl-51">
         <path>C:\ti\ccs1011\ccs\tools\compiler\ti-cgt-c2000_20.2.1.LTS\lib\</path>
         <kind>archive</kind>
         <file>rts2800_ml.lib</file>
         <name>_ltoa.c.obj</name>
      </input_file>
      <input_file id="fl-52">
         <path>C:\ti\ccs1011\ccs\tools\compiler\ti-cgt-c2000_20.2.1.LTS\lib\</path>
         <kind>archive</kind>
         <file>rts2800_ml.lib</file>
         <name>args_main.c.obj</name>
      </input_file>
      <input_file id="fl-53">
         <path>C:\ti\ccs1011\ccs\tools\compiler\ti-cgt-c2000_20.2.1.LTS\lib\</path>
         <kind>archive</kind>
         <file>rts2800_ml.lib</file>
         <name>assert.c.obj</name>
      </input_file>
      <input_file id="fl-54">
         <path>C:\ti\ccs1011\ccs\tools\compiler\ti-cgt-c2000_20.2.1.LTS\lib\</path>
         <kind>archive</kind>
         <file>rts2800_ml.lib</file>
         <name>atoi.c.obj</name>
      </input_file>
      <input_file id="fl-55">
         <path>C:\ti\ccs1011\ccs\tools\compiler\ti-cgt-c2000_20.2.1.LTS\lib\</path>
         <kind>archive</kind>
         <file>rts2800_ml.lib</file>
         <name>ctype.c.obj</name>
      </input_file>
      <input_file id="fl-56">
         <path>C:\ti\ccs1011\ccs\tools\compiler\ti-cgt-c2000_20.2.1.LTS\lib\</path>
         <kind>archive</kind>
         <file>rts2800_ml.lib</file>
         <name>defs.c.obj</name>
      </input_file>
      <input_file id="fl-57">
         <path>C:\ti\ccs1011\ccs\tools\compiler\ti-cgt-c2000_20.2.1.LTS\lib\</path>
         <kind>archive</kind>
         <file>rts2800_ml.lib</file>
         <name>memccpy.c.obj</name>
      </input_file>
      <input_file id="fl-58">
         <path>C:\ti\ccs1011\ccs\tools\compiler\ti-cgt-c2000_20.2.1.LTS\lib\</path>
         <kind>archive</kind>
         <file>rts2800_ml.lib</file>
         <name>memchr.c.obj</name>
      </input_file>
      <input_file id="fl-59">
         <path>C:\ti\ccs1011\ccs\tools\compiler\ti-cgt-c2000_20.2.1.LTS\lib\</path>
         <kind>archive</kind>
         <file>rts2800_ml.lib</file>
         <name>memory.c.obj</name>
      </input_file>
      <input_file id="fl-5a">
         <path>C:\ti\ccs1011\ccs\tools\compiler\ti-cgt-c2000_20.2.1.LTS\lib\</path>
         <kind>archive</kind>
         <file>rts2800_ml.lib</file>
         <name>memset.c.obj</name>
      </input_file>
      <input_file id="fl-5b">
         <path>C:\ti\ccs1011\ccs\tools\compiler\ti-cgt-c2000_20.2.1.LTS\lib\</path>
         <kind>archive</kind>
         <file>rts2800_ml.lib</file>
         <name>strchr.c.obj</name>
      </input_file>
      <input_file id="fl-5c">
         <path>C:\ti\ccs1011\ccs\tools\compiler\ti-cgt-c2000_20.2.1.LTS\lib\</path>
         <kind>archive</kind>
         <file>rts2800_ml.lib</file>
         <name>strcpy.c.obj</name>
      </input_file>
      <input_file id="fl-5d">
         <path>C:\ti\ccs1011\ccs\tools\compiler\ti-cgt-c2000_20.2.1.LTS\lib\</path>
         <kind>archive</kind>
         <file>rts2800_ml.lib</file>
         <name>strlen.c.obj</name>
      </input_file>
      <input_file id="fl-5e">
         <path>C:\ti\ccs1011\ccs\tools\compiler\ti-cgt-c2000_20.2.1.LTS\lib\</path>
         <kind>archive</kind>
         <file>rts2800_ml.lib</file>
         <name>write.c.obj</name>
      </input_file>
      <input_file id="fl-5f">
         <path>C:\ti\ccs1011\ccs\tools\compiler\ti-cgt-c2000_20.2.1.LTS\lib\</path>
         <kind>archive</kind>
         <file>rts2800_ml.lib</file>
         <name>host_device.c.obj</name>
      </input_file>
      <input_file id="fl-60">
         <path>C:\ti\ccs1011\ccs\tools\compiler\ti-cgt-c2000_20.2.1.LTS\lib\</path>
         <kind>archive</kind>
         <file>rts2800_ml.lib</file>
         <name>time.c.obj</name>
      </input_file>
      <input_file id="fl-61">
         <path>C:\ti\ccs1011\ccs\tools\compiler\ti-cgt-c2000_20.2.1.LTS\lib\</path>
         <kind>archive</kind>
         <file>rts2800_ml.lib</file>
         <name>errno.c.obj</name>
      </input_file>
      <input_file id="fl-62">
         <path>C:\ti\ccs1011\ccs\tools\compiler\ti-cgt-c2000_20.2.1.LTS\lib\</path>
         <kind>archive</kind>
         <file>rts2800_ml.lib</file>
         <name>s_frexp.c.obj</name>
      </input_file>
      <input_file id="fl-63">
         <path>C:\ti\ccs1011\ccs\tools\compiler\ti-cgt-c2000_20.2.1.LTS\lib\</path>
         <kind>archive</kind>
         <file>rts2800_ml.lib</file>
         <name>s_scalbn.c.obj</name>
      </input_file>
      <input_file id="fl-64">
         <path>C:\ti\ccs1011\ccs\tools\compiler\ti-cgt-c2000_20.2.1.LTS\lib\</path>
         <kind>archive</kind>
         <file>rts2800_ml.lib</file>
         <name>wcslen.c.obj</name>
      </input_file>
      <input_file id="fl-65">
         <path>C:\ti\ccs1011\ccs\tools\compiler\ti-cgt-c2000_20.2.1.LTS\lib\</path>
         <kind>archive</kind>
         <file>rts2800_ml.lib</file>
         <name>fflush.c.obj</name>
      </input_file>
      <input_file id="fl-66">
         <path>C:\ti\ccs1011\ccs\tools\compiler\ti-cgt-c2000_20.2.1.LTS\lib\</path>
         <kind>archive</kind>
         <file>rts2800_ml.lib</file>
         <name>fopen.c.obj</name>
      </input_file>
      <input_file id="fl-67">
         <path>C:\ti\ccs1011\ccs\tools\compiler\ti-cgt-c2000_20.2.1.LTS\lib\</path>
         <kind>archive</kind>
         <file>rts2800_ml.lib</file>
         <name>fseek.c.obj</name>
      </input_file>
      <input_file id="fl-68">
         <path>C:\ti\ccs1011\ccs\tools\compiler\ti-cgt-c2000_20.2.1.LTS\lib\</path>
         <kind>archive</kind>
         <file>rts2800_ml.lib</file>
         <name>fd_add28.asm.obj</name>
      </input_file>
      <input_file id="fl-69">
         <path>C:\ti\ccs1011\ccs\tools\compiler\ti-cgt-c2000_20.2.1.LTS\lib\</path>
         <kind>archive</kind>
         <file>rts2800_ml.lib</file>
         <name>l_div28.asm.obj</name>
      </input_file>
      <input_file id="fl-6a">
         <path>C:\ti\ccs1011\ccs\tools\compiler\ti-cgt-c2000_20.2.1.LTS\lib\</path>
         <kind>archive</kind>
         <file>rts2800_ml.lib</file>
         <name>hostclose.c.obj</name>
      </input_file>
      <input_file id="fl-6b">
         <path>C:\ti\ccs1011\ccs\tools\compiler\ti-cgt-c2000_20.2.1.LTS\lib\</path>
         <kind>archive</kind>
         <file>rts2800_ml.lib</file>
         <name>hostlseek.c.obj</name>
      </input_file>
      <input_file id="fl-6c">
         <path>C:\ti\ccs1011\ccs\tools\compiler\ti-cgt-c2000_20.2.1.LTS\lib\</path>
         <kind>archive</kind>
         <file>rts2800_ml.lib</file>
         <name>hostopen.c.obj</name>
      </input_file>
      <input_file id="fl-6d">
         <path>C:\ti\ccs1011\ccs\tools\compiler\ti-cgt-c2000_20.2.1.LTS\lib\</path>
         <kind>archive</kind>
         <file>rts2800_ml.lib</file>
         <name>hostread.c.obj</name>
      </input_file>
      <input_file id="fl-6e">
         <path>C:\ti\ccs1011\ccs\tools\compiler\ti-cgt-c2000_20.2.1.LTS\lib\</path>
         <kind>archive</kind>
         <file>rts2800_ml.lib</file>
         <name>hostrename.c.obj</name>
      </input_file>
      <input_file id="fl-6f">
         <path>C:\ti\ccs1011\ccs\tools\compiler\ti-cgt-c2000_20.2.1.LTS\lib\</path>
         <kind>archive</kind>
         <file>rts2800_ml.lib</file>
         <name>hosttime.c.obj</name>
      </input_file>
      <input_file id="fl-70">
         <path>C:\ti\ccs1011\ccs\tools\compiler\ti-cgt-c2000_20.2.1.LTS\lib\</path>
         <kind>archive</kind>
         <file>rts2800_ml.lib</file>
         <name>hostunlink.c.obj</name>
      </input_file>
      <input_file id="fl-71">
         <path>C:\ti\ccs1011\ccs\tools\compiler\ti-cgt-c2000_20.2.1.LTS\lib\</path>
         <kind>archive</kind>
         <file>rts2800_ml.lib</file>
         <name>hostwrite.c.obj</name>
      </input_file>
      <input_file id="fl-72">
         <path>C:\ti\ccs1011\ccs\tools\compiler\ti-cgt-c2000_20.2.1.LTS\lib\</path>
         <kind>archive</kind>
         <file>rts2800_ml.lib</file>
         <name>trgmsg.c.obj</name>
      </input_file>
      <input_file id="fl-73">
         <path>C:\ti\ccs1011\ccs\tools\compiler\ti-cgt-c2000_20.2.1.LTS\lib\</path>
         <kind>archive</kind>
         <file>rts2800_ml.lib</file>
         <name>open.c.obj</name>
      </input_file>
      <input_file id="fl-74">
         <path>C:\ti\ccs1011\ccs\tools\compiler\ti-cgt-c2000_20.2.1.LTS\lib\</path>
         <kind>archive</kind>
         <file>rts2800_ml.lib</file>
         <name>lseek.c.obj</name>
      </input_file>
      <input_file id="fl-75">
         <path>C:\ti\ccs1011\ccs\tools\compiler\ti-cgt-c2000_20.2.1.LTS\lib\</path>
         <kind>archive</kind>
         <file>rts2800_ml.lib</file>
         <name>s_copysign.c.obj</name>
      </input_file>
      <input_file id="fl-76">
         <path>C:\ti\ccs1011\ccs\tools\compiler\ti-cgt-c2000_20.2.1.LTS\lib\</path>
         <kind>archive</kind>
         <file>rts2800_ml.lib</file>
         <name>fclose.c.obj</name>
      </input_file>
      <input_file id="fl-77">
         <path>C:\ti\ccs1011\ccs\tools\compiler\ti-cgt-c2000_20.2.1.LTS\lib\</path>
         <kind>archive</kind>
         <file>rts2800_ml.lib</file>
         <name>getdevice.c.obj</name>
      </input_file>
      <input_file id="fl-78">
         <path>C:\ti\ccs1011\ccs\tools\compiler\ti-cgt-c2000_20.2.1.LTS\lib\</path>
         <kind>archive</kind>
         <file>rts2800_ml.lib</file>
         <name>strcmp.c.obj</name>
      </input_file>
      <input_file id="fl-79">
         <path>C:\ti\ccs1011\ccs\tools\compiler\ti-cgt-c2000_20.2.1.LTS\lib\</path>
         <kind>archive</kind>
         <file>rts2800_ml.lib</file>
         <name>strncpy.c.obj</name>
      </input_file>
      <input_file id="fl-7a">
         <path>C:\ti\ccs1011\ccs\tools\compiler\ti-cgt-c2000_20.2.1.LTS\lib\</path>
         <kind>archive</kind>
         <file>rts2800_ml.lib</file>
         <name>remove.c.obj</name>
      </input_file>
      <input_file id="fl-7b">
         <path>C:\ti\ccs1011\ccs\tools\compiler\ti-cgt-c2000_20.2.1.LTS\lib\</path>
         <kind>archive</kind>
         <file>rts2800_ml.lib</file>
         <name>close.c.obj</name>
      </input_file>
      <input_file id="fl-7c">
         <path>C:\ti\ccs1011\ccs\tools\compiler\ti-cgt-c2000_20.2.1.LTS\lib\</path>
         <kind>archive</kind>
         <file>rts2800_ml.lib</file>
         <name>unlink.c.obj</name>
      </input_file>
   </input_file_list>
   <object_component_list>
      <object_component id="oc-28">
         <name>ram_start</name>
         <load_address>0x33fff6</load_address>
         <run_address>0x33fff6</run_address>
         <size>0x2</size>
         <input_file_ref idref="fl-5"/>
      </object_component>
      <object_component id="oc-20d">
         <name>.cio</name>
         <uninitialized>true</uninitialized>
         <run_address>0x8000</run_address>
         <size>0x120</size>
         <input_file_ref idref="fl-72"/>
      </object_component>
      <object_component id="oc-27f">
         <name>.text</name>
         <load_address>0x300000</load_address>
         <run_address>0x300000</run_address>
         <size>0xc98</size>
         <input_file_ref idref="fl-30"/>
      </object_component>
      <object_component id="oc-26c">
         <name>.text</name>
         <load_address>0x300c98</load_address>
         <run_address>0x300c98</run_address>
         <size>0x9c2</size>
         <input_file_ref idref="fl-3"/>
      </object_component>
      <object_component id="oc-246">
         <name>.text</name>
         <load_address>0x30165a</load_address>
         <run_address>0x30165a</run_address>
         <size>0x7a8</size>
         <input_file_ref idref="fl-16"/>
      </object_component>
      <object_component id="oc-25a">
         <name>.text</name>
         <load_address>0x301e02</load_address>
         <run_address>0x301e02</run_address>
         <size>0x5ca</size>
         <input_file_ref idref="fl-1d"/>
      </object_component>
      <object_component id="oc-250">
         <name>.text</name>
         <load_address>0x3023cc</load_address>
         <run_address>0x3023cc</run_address>
         <size>0x4f3</size>
         <input_file_ref idref="fl-17"/>
      </object_component>
      <object_component id="oc-252">
         <name>.text</name>
         <load_address>0x3028bf</load_address>
         <run_address>0x3028bf</run_address>
         <size>0x3f9</size>
         <input_file_ref idref="fl-1b"/>
      </object_component>
      <object_component id="oc-298">
         <name>.text</name>
         <load_address>0x302cb8</load_address>
         <run_address>0x302cb8</run_address>
         <size>0x289</size>
         <input_file_ref idref="fl-59"/>
      </object_component>
      <object_component id="oc-26a">
         <name>.text</name>
         <load_address>0x302f41</load_address>
         <run_address>0x302f41</run_address>
         <size>0x21f</size>
         <input_file_ref idref="fl-1c"/>
      </object_component>
      <object_component id="oc-26d">
         <name>.text</name>
         <load_address>0x303160</load_address>
         <run_address>0x303160</run_address>
         <size>0x1fa</size>
         <input_file_ref idref="fl-4"/>
      </object_component>
      <object_component id="oc-251">
         <name>.text</name>
         <load_address>0x30335a</load_address>
         <run_address>0x30335a</run_address>
         <size>0x194</size>
         <input_file_ref idref="fl-19"/>
      </object_component>
      <object_component id="oc-278">
         <name>.text</name>
         <load_address>0x3034ee</load_address>
         <run_address>0x3034ee</run_address>
         <size>0x187</size>
         <input_file_ref idref="fl-35"/>
      </object_component>
      <object_component id="oc-299">
         <name>.text</name>
         <load_address>0x303675</load_address>
         <run_address>0x303675</run_address>
         <size>0x11f</size>
         <input_file_ref idref="fl-66"/>
      </object_component>
      <object_component id="oc-255">
         <name>.text</name>
         <load_address>0x303794</load_address>
         <run_address>0x303794</run_address>
         <size>0x10e</size>
         <input_file_ref idref="fl-1e"/>
      </object_component>
      <object_component id="oc-125">
         <name>.text</name>
         <load_address>0x3038a2</load_address>
         <run_address>0x3038a2</run_address>
         <size>0x107</size>
         <input_file_ref idref="fl-44"/>
      </object_component>
      <object_component id="oc-267">
         <name>.text</name>
         <load_address>0x3039a9</load_address>
         <run_address>0x3039a9</run_address>
         <size>0xfa</size>
         <input_file_ref idref="fl-7"/>
      </object_component>
      <object_component id="oc-25f">
         <name>.text</name>
         <load_address>0x303aa3</load_address>
         <run_address>0x303aa3</run_address>
         <size>0xf4</size>
         <input_file_ref idref="fl-2"/>
      </object_component>
      <object_component id="oc-24a">
         <name>.text</name>
         <load_address>0x303b97</load_address>
         <run_address>0x303b97</run_address>
         <size>0xef</size>
         <input_file_ref idref="fl-13"/>
      </object_component>
      <object_component id="oc-266">
         <name>.text</name>
         <load_address>0x303c86</load_address>
         <run_address>0x303c86</run_address>
         <size>0xcb</size>
         <input_file_ref idref="fl-d"/>
      </object_component>
      <object_component id="oc-247">
         <name>.text</name>
         <load_address>0x303d51</load_address>
         <run_address>0x303d51</run_address>
         <size>0xae</size>
         <input_file_ref idref="fl-8"/>
      </object_component>
      <object_component id="oc-289">
         <name>.text</name>
         <load_address>0x303dff</load_address>
         <run_address>0x303dff</run_address>
         <size>0xac</size>
         <input_file_ref idref="fl-63"/>
      </object_component>
      <object_component id="oc-27c">
         <name>.text</name>
         <load_address>0x303eab</load_address>
         <run_address>0x303eab</run_address>
         <size>0xa3</size>
         <input_file_ref idref="fl-32"/>
      </object_component>
      <object_component id="oc-1da">
         <name>.text</name>
         <load_address>0x303f4e</load_address>
         <run_address>0x303f4e</run_address>
         <size>0x9c</size>
         <input_file_ref idref="fl-68"/>
      </object_component>
      <object_component id="oc-290">
         <name>.text</name>
         <load_address>0x303fea</load_address>
         <run_address>0x303fea</run_address>
         <size>0x94</size>
         <input_file_ref idref="fl-72"/>
      </object_component>
      <object_component id="oc-253">
         <name>.text</name>
         <load_address>0x30407e</load_address>
         <run_address>0x30407e</run_address>
         <size>0x8d</size>
         <input_file_ref idref="fl-15"/>
      </object_component>
      <object_component id="oc-143">
         <name>.text</name>
         <load_address>0x30410b</load_address>
         <run_address>0x30410b</run_address>
         <size>0x8b</size>
         <input_file_ref idref="fl-4a"/>
      </object_component>
      <object_component id="oc-ee">
         <name>.text</name>
         <load_address>0x304196</load_address>
         <run_address>0x304196</run_address>
         <size>0x83</size>
         <input_file_ref idref="fl-39"/>
      </object_component>
      <object_component id="oc-111">
         <name>.text</name>
         <load_address>0x304219</load_address>
         <run_address>0x304219</run_address>
         <size>0x83</size>
         <input_file_ref idref="fl-40"/>
      </object_component>
      <object_component id="oc-292">
         <name>.text</name>
         <load_address>0x30429c</load_address>
         <run_address>0x30429c</run_address>
         <size>0x79</size>
         <input_file_ref idref="fl-34"/>
      </object_component>
      <object_component id="oc-107">
         <name>.text</name>
         <load_address>0x304315</load_address>
         <run_address>0x304315</run_address>
         <size>0x78</size>
         <input_file_ref idref="fl-3e"/>
      </object_component>
      <object_component id="oc-280">
         <name>.text</name>
         <load_address>0x30438d</load_address>
         <run_address>0x30438d</run_address>
         <size>0x78</size>
         <input_file_ref idref="fl-6f"/>
      </object_component>
      <object_component id="oc-279">
         <name>.text</name>
         <load_address>0x304405</load_address>
         <run_address>0x304405</run_address>
         <size>0x75</size>
         <input_file_ref idref="fl-36"/>
      </object_component>
      <object_component id="oc-25d">
         <name>.text</name>
         <load_address>0x30447a</load_address>
         <run_address>0x30447a</run_address>
         <size>0x73</size>
         <input_file_ref idref="fl-c"/>
      </object_component>
      <object_component id="oc-2e">
         <name>.text:retain</name>
         <load_address>0x3044ed</load_address>
         <run_address>0x3044ed</run_address>
         <size>0x72</size>
         <input_file_ref idref="fl-6"/>
      </object_component>
      <object_component id="oc-29c">
         <name>.text</name>
         <load_address>0x30455f</load_address>
         <run_address>0x30455f</run_address>
         <size>0x6f</size>
         <input_file_ref idref="fl-73"/>
      </object_component>
      <object_component id="oc-281">
         <name>.text</name>
         <load_address>0x3045ce</load_address>
         <run_address>0x3045ce</run_address>
         <size>0x6b</size>
         <input_file_ref idref="fl-65"/>
      </object_component>
      <object_component id="oc-282">
         <name>.text</name>
         <load_address>0x304639</load_address>
         <run_address>0x304639</run_address>
         <size>0x67</size>
         <input_file_ref idref="fl-33"/>
      </object_component>
      <object_component id="oc-6d">
         <name>.text</name>
         <load_address>0x3046a0</load_address>
         <run_address>0x3046a0</run_address>
         <size>0x62</size>
         <input_file_ref idref="fl-12"/>
      </object_component>
      <object_component id="oc-269">
         <name>.text</name>
         <load_address>0x304702</load_address>
         <run_address>0x304702</run_address>
         <size>0x5d</size>
         <input_file_ref idref="fl-9"/>
      </object_component>
      <object_component id="oc-2a2">
         <name>.text</name>
         <load_address>0x30475f</load_address>
         <run_address>0x30475f</run_address>
         <size>0x5d</size>
         <input_file_ref idref="fl-6b"/>
      </object_component>
      <object_component id="oc-288">
         <name>.text</name>
         <load_address>0x3047bc</load_address>
         <run_address>0x3047bc</run_address>
         <size>0x5c</size>
         <input_file_ref idref="fl-62"/>
      </object_component>
      <object_component id="oc-29d">
         <name>.text</name>
         <load_address>0x304818</load_address>
         <run_address>0x304818</run_address>
         <size>0x5b</size>
         <input_file_ref idref="fl-76"/>
      </object_component>
      <object_component id="oc-116">
         <name>.text</name>
         <load_address>0x304873</load_address>
         <run_address>0x304873</run_address>
         <size>0x5a</size>
         <input_file_ref idref="fl-41"/>
      </object_component>
      <object_component id="oc-e2">
         <name>.text</name>
         <load_address>0x3048cd</load_address>
         <run_address>0x3048cd</run_address>
         <size>0x54</size>
         <input_file_ref idref="fl-37"/>
      </object_component>
      <object_component id="oc-2a5">
         <name>.text</name>
         <load_address>0x304921</load_address>
         <run_address>0x304921</run_address>
         <size>0x50</size>
         <input_file_ref idref="fl-77"/>
      </object_component>
      <object_component id="oc-27b">
         <name>.text</name>
         <load_address>0x304971</load_address>
         <run_address>0x304971</run_address>
         <size>0x4f</size>
         <input_file_ref idref="fl-31"/>
      </object_component>
      <object_component id="oc-2a4">
         <name>.text</name>
         <load_address>0x3049c0</load_address>
         <run_address>0x3049c0</run_address>
         <size>0x3f</size>
         <input_file_ref idref="fl-6e"/>
      </object_component>
      <object_component id="oc-291">
         <name>.text</name>
         <load_address>0x3049ff</load_address>
         <run_address>0x3049ff</run_address>
         <size>0x3d</size>
         <input_file_ref idref="fl-67"/>
      </object_component>
      <object_component id="oc-29e">
         <name>.text</name>
         <load_address>0x304a3c</load_address>
         <run_address>0x304a3c</run_address>
         <size>0x39</size>
         <input_file_ref idref="fl-6c"/>
      </object_component>
      <object_component id="oc-2a0">
         <name>.text</name>
         <load_address>0x304a75</load_address>
         <run_address>0x304a75</run_address>
         <size>0x38</size>
         <input_file_ref idref="fl-6d"/>
      </object_component>
      <object_component id="oc-2a1">
         <name>.text</name>
         <load_address>0x304aad</load_address>
         <run_address>0x304aad</run_address>
         <size>0x38</size>
         <input_file_ref idref="fl-71"/>
      </object_component>
      <object_component id="oc-274">
         <name>.text</name>
         <load_address>0x304ae5</load_address>
         <run_address>0x304ae5</run_address>
         <size>0x34</size>
         <input_file_ref idref="fl-2f"/>
      </object_component>
      <object_component id="oc-2a6">
         <name>.text</name>
         <load_address>0x304b19</load_address>
         <run_address>0x304b19</run_address>
         <size>0x33</size>
         <input_file_ref idref="fl-7b"/>
      </object_component>
      <object_component id="oc-271">
         <name>.text</name>
         <load_address>0x304b4c</load_address>
         <run_address>0x304b4c</run_address>
         <size>0x31</size>
         <input_file_ref idref="fl-6"/>
      </object_component>
      <object_component id="oc-3a">
         <name>.text:retain</name>
         <load_address>0x304b7d</load_address>
         <run_address>0x304b7d</run_address>
         <size>0x31</size>
         <input_file_ref idref="fl-8"/>
      </object_component>
      <object_component id="oc-286">
         <name>.text</name>
         <load_address>0x304bae</load_address>
         <run_address>0x304bae</run_address>
         <size>0x31</size>
         <input_file_ref idref="fl-54"/>
      </object_component>
      <object_component id="oc-287">
         <name>.text</name>
         <load_address>0x304bdf</load_address>
         <run_address>0x304bdf</run_address>
         <size>0x2e</size>
         <input_file_ref idref="fl-51"/>
      </object_component>
      <object_component id="oc-e9">
         <name>.text</name>
         <load_address>0x304c0d</load_address>
         <run_address>0x304c0d</run_address>
         <size>0x2a</size>
         <input_file_ref idref="fl-38"/>
      </object_component>
      <object_component id="oc-1df">
         <name>.text</name>
         <load_address>0x304c37</load_address>
         <run_address>0x304c37</run_address>
         <size>0x2a</size>
         <input_file_ref idref="fl-69"/>
      </object_component>
      <object_component id="oc-24f">
         <name>.text</name>
         <load_address>0x304c61</load_address>
         <run_address>0x304c61</run_address>
         <size>0x29</size>
         <input_file_ref idref="fl-4f"/>
      </object_component>
      <object_component id="oc-29f">
         <name>.text</name>
         <load_address>0x304c8a</load_address>
         <run_address>0x304c8a</run_address>
         <size>0x27</size>
         <input_file_ref idref="fl-6a"/>
      </object_component>
      <object_component id="oc-2a3">
         <name>.text</name>
         <load_address>0x304cb1</load_address>
         <run_address>0x304cb1</run_address>
         <size>0x25</size>
         <input_file_ref idref="fl-70"/>
      </object_component>
      <object_component id="oc-24c">
         <name>.text</name>
         <load_address>0x304cd6</load_address>
         <run_address>0x304cd6</run_address>
         <size>0x24</size>
         <input_file_ref idref="fl-4b"/>
      </object_component>
      <object_component id="oc-296">
         <name>.text</name>
         <load_address>0x304cfa</load_address>
         <run_address>0x304cfa</run_address>
         <size>0x23</size>
         <input_file_ref idref="fl-75"/>
      </object_component>
      <object_component id="oc-fd">
         <name>.text</name>
         <load_address>0x304d1d</load_address>
         <run_address>0x304d1d</run_address>
         <size>0x21</size>
         <input_file_ref idref="fl-3c"/>
      </object_component>
      <object_component id="oc-46">
         <name>.text</name>
         <load_address>0x304d3e</load_address>
         <run_address>0x304d3e</run_address>
         <size>0x1f</size>
         <input_file_ref idref="fl-b"/>
      </object_component>
      <object_component id="oc-102">
         <name>.text</name>
         <load_address>0x304d5d</load_address>
         <run_address>0x304d5d</run_address>
         <size>0x1f</size>
         <input_file_ref idref="fl-3d"/>
      </object_component>
      <object_component id="oc-120">
         <name>.text</name>
         <load_address>0x304d7c</load_address>
         <run_address>0x304d7c</run_address>
         <size>0x1e</size>
         <input_file_ref idref="fl-43"/>
      </object_component>
      <object_component id="oc-12a">
         <name>.text</name>
         <load_address>0x304d9a</load_address>
         <run_address>0x304d9a</run_address>
         <size>0x1d</size>
         <input_file_ref idref="fl-45"/>
      </object_component>
      <object_component id="oc-25e">
         <name>.text</name>
         <load_address>0x304db7</load_address>
         <run_address>0x304db7</run_address>
         <size>0x1d</size>
         <input_file_ref idref="fl-4c"/>
      </object_component>
      <object_component id="oc-13e">
         <name>.text</name>
         <load_address>0x304dd4</load_address>
         <run_address>0x304dd4</run_address>
         <size>0x1c</size>
         <input_file_ref idref="fl-49"/>
      </object_component>
      <object_component id="oc-12f">
         <name>.text</name>
         <load_address>0x304df0</load_address>
         <run_address>0x304df0</run_address>
         <size>0x1c</size>
         <input_file_ref idref="fl-46"/>
      </object_component>
      <object_component id="oc-134">
         <name>.text</name>
         <load_address>0x304e0c</load_address>
         <run_address>0x304e0c</run_address>
         <size>0x1a</size>
         <input_file_ref idref="fl-47"/>
      </object_component>
      <object_component id="oc-2ab">
         <name>.text</name>
         <load_address>0x304e26</load_address>
         <run_address>0x304e26</run_address>
         <size>0x19</size>
         <input_file_ref idref="fl-7c"/>
      </object_component>
      <object_component id="oc-11b">
         <name>.text</name>
         <load_address>0x304e3f</load_address>
         <run_address>0x304e3f</run_address>
         <size>0x18</size>
         <input_file_ref idref="fl-42"/>
      </object_component>
      <object_component id="oc-297">
         <name>.text</name>
         <load_address>0x304e57</load_address>
         <run_address>0x304e57</run_address>
         <size>0x18</size>
         <input_file_ref idref="fl-74"/>
      </object_component>
      <object_component id="oc-283">
         <name>.text</name>
         <load_address>0x304e6f</load_address>
         <run_address>0x304e6f</run_address>
         <size>0x18</size>
         <input_file_ref idref="fl-5e"/>
      </object_component>
      <object_component id="oc-10c">
         <name>.text</name>
         <load_address>0x304e87</load_address>
         <run_address>0x304e87</run_address>
         <size>0x17</size>
         <input_file_ref idref="fl-3f"/>
      </object_component>
      <object_component id="oc-2aa">
         <name>.text</name>
         <load_address>0x304e9e</load_address>
         <run_address>0x304e9e</run_address>
         <size>0x15</size>
         <input_file_ref idref="fl-79"/>
      </object_component>
      <object_component id="oc-139">
         <name>.text</name>
         <load_address>0x304eb3</load_address>
         <run_address>0x304eb3</run_address>
         <size>0x13</size>
         <input_file_ref idref="fl-48"/>
      </object_component>
      <object_component id="oc-24e">
         <name>.text</name>
         <load_address>0x304ec6</load_address>
         <run_address>0x304ec6</run_address>
         <size>0x11</size>
         <input_file_ref idref="fl-52"/>
      </object_component>
      <object_component id="oc-28d">
         <name>.text</name>
         <load_address>0x304ed7</load_address>
         <run_address>0x304ed7</run_address>
         <size>0x10</size>
         <input_file_ref idref="fl-57"/>
      </object_component>
      <object_component id="oc-13">
         <name>.text</name>
         <load_address>0x304ee7</load_address>
         <run_address>0x304ee7</run_address>
         <size>0xf</size>
         <input_file_ref idref="fl-5"/>
      </object_component>
      <object_component id="oc-f8">
         <name>.text</name>
         <load_address>0x304ef6</load_address>
         <run_address>0x304ef6</run_address>
         <size>0xe</size>
         <input_file_ref idref="fl-3b"/>
      </object_component>
      <object_component id="oc-276">
         <name>.text</name>
         <load_address>0x304f04</load_address>
         <run_address>0x304f04</run_address>
         <size>0xd</size>
         <input_file_ref idref="fl-53"/>
      </object_component>
      <object_component id="oc-285">
         <name>.text</name>
         <load_address>0x304f11</load_address>
         <run_address>0x304f11</run_address>
         <size>0xd</size>
         <input_file_ref idref="fl-58"/>
      </object_component>
      <object_component id="oc-28a">
         <name>.text</name>
         <load_address>0x304f1e</load_address>
         <run_address>0x304f1e</run_address>
         <size>0xb</size>
         <input_file_ref idref="fl-5b"/>
      </object_component>
      <object_component id="oc-275">
         <name>.text</name>
         <load_address>0x304f29</load_address>
         <run_address>0x304f29</run_address>
         <size>0xb</size>
         <input_file_ref idref="fl-60"/>
      </object_component>
      <object_component id="oc-2a9">
         <name>.text</name>
         <load_address>0x304f34</load_address>
         <run_address>0x304f34</run_address>
         <size>0xa</size>
         <input_file_ref idref="fl-78"/>
      </object_component>
      <object_component id="oc-26e">
         <name>.text</name>
         <load_address>0x304f3e</load_address>
         <run_address>0x304f3e</run_address>
         <size>0x9</size>
         <input_file_ref idref="fl-50"/>
      </object_component>
      <object_component id="oc-f3">
         <name>.text</name>
         <load_address>0x304f47</load_address>
         <run_address>0x304f47</run_address>
         <size>0x9</size>
         <input_file_ref idref="fl-3a"/>
      </object_component>
      <object_component id="oc-284">
         <name>.text</name>
         <load_address>0x304f50</load_address>
         <run_address>0x304f50</run_address>
         <size>0x8</size>
         <input_file_ref idref="fl-5d"/>
      </object_component>
      <object_component id="oc-28e">
         <name>.text</name>
         <load_address>0x304f58</load_address>
         <run_address>0x304f58</run_address>
         <size>0x8</size>
         <input_file_ref idref="fl-64"/>
      </object_component>
      <object_component id="oc-28b">
         <name>.text</name>
         <load_address>0x304f60</load_address>
         <run_address>0x304f60</run_address>
         <size>0x7</size>
         <input_file_ref idref="fl-5a"/>
      </object_component>
      <object_component id="oc-28c">
         <name>.text</name>
         <load_address>0x304f67</load_address>
         <run_address>0x304f67</run_address>
         <size>0x5</size>
         <input_file_ref idref="fl-5c"/>
      </object_component>
      <object_component id="oc-2a8">
         <name>.text</name>
         <load_address>0x304f6c</load_address>
         <run_address>0x304f6c</run_address>
         <size>0x3</size>
         <input_file_ref idref="fl-7a"/>
      </object_component>
      <object_component id="oc-24b">
         <name>.text</name>
         <load_address>0x304f6f</load_address>
         <run_address>0x304f6f</run_address>
         <size>0x2</size>
         <input_file_ref idref="fl-4d"/>
      </object_component>
      <object_component id="oc-24d">
         <name>.text</name>
         <load_address>0x304f71</load_address>
         <run_address>0x304f71</run_address>
         <size>0x1</size>
         <input_file_ref idref="fl-4e"/>
      </object_component>
      <object_component id="oc-273">
         <name>.cinit:_PADDING</name>
         <load_address>0x305412</load_address>
         <run_address>0x305412</run_address>
         <size>0x43</size>
         <input_file_ref idref="fl-3"/>
      </object_component>
      <object_component id="oc-27e">
         <name>.cinit:__ftable</name>
         <load_address>0x305455</load_address>
         <run_address>0x305455</run_address>
         <size>0x26</size>
         <input_file_ref idref="fl-56"/>
      </object_component>
      <object_component id="oc-29b">
         <name>.cinit:__device</name>
         <load_address>0x30547b</load_address>
         <run_address>0x30547b</run_address>
         <size>0x1b</size>
         <input_file_ref idref="fl-5f"/>
      </object_component>
      <object_component id="oc-294">
         <name>.cinit:__stream</name>
         <load_address>0x305496</load_address>
         <run_address>0x305496</run_address>
         <size>0xe</size>
         <input_file_ref idref="fl-5f"/>
      </object_component>
      <object_component id="oc-15d">
         <name>.cinit</name>
         <load_address>0x3054a4</load_address>
         <run_address>0x3054a4</run_address>
         <size>0xe</size>
         <input_file_ref idref="fl-4f"/>
      </object_component>
      <object_component id="oc-261">
         <name>.cinit:__lock</name>
         <load_address>0x3054b2</load_address>
         <run_address>0x3054b2</run_address>
         <size>0x5</size>
         <input_file_ref idref="fl-50"/>
      </object_component>
      <object_component id="oc-26f">
         <name>.cinit:__unlock</name>
         <load_address>0x3054b7</load_address>
         <run_address>0x3054b7</run_address>
         <size>0x5</size>
         <input_file_ref idref="fl-50"/>
      </object_component>
      <object_component id="oc-249">
         <name>.cinit:_DEVICE_OUT</name>
         <load_address>0x3054bc</load_address>
         <run_address>0x3054bc</run_address>
         <size>0x4</size>
         <input_file_ref idref="fl-2"/>
      </object_component>
      <object_component id="oc-21">
         <name>.cinit</name>
         <load_address>0x3054c0</load_address>
         <run_address>0x3054c0</run_address>
         <size>0x4</size>
         <input_file_ref idref="fl-4"/>
      </object_component>
      <object_component id="oc-17f">
         <name>.cinit</name>
         <load_address>0x3054c4</load_address>
         <run_address>0x3054c4</run_address>
         <size>0x4</size>
         <input_file_ref idref="fl-56"/>
      </object_component>
      <object_component id="oc-1b5">
         <name>.cinit</name>
         <load_address>0x3054c8</load_address>
         <run_address>0x3054c8</run_address>
         <size>0x4</size>
         <input_file_ref idref="fl-61"/>
      </object_component>
      <object_component id="oc-1cf">
         <name>.cinit</name>
         <load_address>0x3054cc</load_address>
         <run_address>0x3054cc</run_address>
         <size>0x4</size>
         <input_file_ref idref="fl-66"/>
      </object_component>
      <object_component id="oc-18d">
         <name>.cinit</name>
         <load_address>0x3054d0</load_address>
         <run_address>0x3054d0</run_address>
         <size>0x4</size>
         <input_file_ref idref="fl-59"/>
      </object_component>
      <object_component id="oc-213">
         <name>.cinit</name>
         <load_address>0x3054d4</load_address>
         <run_address>0x3054d4</run_address>
         <size>0x4</size>
         <input_file_ref idref="fl-73"/>
      </object_component>
      <object_component id="oc-265">
         <name>.switch:_CPU_IntSrcPendClr</name>
         <load_address>0x3054da</load_address>
         <run_address>0x3054da</run_address>
         <size>0x20</size>
         <input_file_ref idref="fl-c"/>
      </object_component>
      <object_component id="oc-e4">
         <name>.reset</name>
         <load_address>0x3fffc0</load_address>
         <run_address>0x3fffc0</run_address>
         <size>0x2</size>
         <input_file_ref idref="fl-37"/>
      </object_component>
      <object_component id="oc-e3">
         <name>.stack</name>
         <uninitialized>true</uninitialized>
         <run_address>0xa000</run_address>
         <size>0x0</size>
         <input_file_ref idref="fl-37"/>
      </object_component>
      <object_component id="oc-2c8">
         <name>.stack</name>
         <uninitialized>true</uninitialized>
         <run_address>0xa000</run_address>
         <size>0x0</size>
      </object_component>
      <object_component id="oc-39">
         <name>pie_vram</name>
         <uninitialized>true</uninitialized>
         <run_address>0xd00</run_address>
         <size>0x100</size>
         <input_file_ref idref="fl-8"/>
      </object_component>
      <object_component id="oc-15">
         <name>.ebss</name>
         <uninitialized>true</uninitialized>
         <run_address>0xec3c</run_address>
         <size>0x4</size>
         <input_file_ref idref="fl-2"/>
      </object_component>
      <object_component id="oc-248">
         <name>.ebss:_DEVICE_OUT</name>
         <uninitialized>true</uninitialized>
         <run_address>0xec20</run_address>
         <size>0x10</size>
         <input_file_ref idref="fl-2"/>
      </object_component>
      <object_component id="oc-268">
         <name>.ebss:_App_TaskStartStk</name>
         <uninitialized>true</uninitialized>
         <run_address>0xec40</run_address>
         <size>0x100</size>
         <input_file_ref idref="fl-2"/>
      </object_component>
      <object_component id="oc-26b">
         <name>.ebss:_App_TaskAttestationStk</name>
         <uninitialized>true</uninitialized>
         <run_address>0xe000</run_address>
         <size>0x800</size>
         <input_file_ref idref="fl-2"/>
      </object_component>
      <object_component id="oc-272">
         <name>.ebss:_PADDING</name>
         <uninitialized>true</uninitialized>
         <run_address>0xf340</run_address>
         <size>0x40</size>
         <input_file_ref idref="fl-3"/>
      </object_component>
      <object_component id="oc-22">
         <name>.ebss</name>
         <uninitialized>true</uninitialized>
         <run_address>0xf0e0</run_address>
         <size>0xa</size>
         <input_file_ref idref="fl-4"/>
      </object_component>
      <object_component id="oc-277">
         <name>.ebss:_s</name>
         <uninitialized>true</uninitialized>
         <run_address>0xef40</run_address>
         <size>0x100</size>
         <input_file_ref idref="fl-4"/>
      </object_component>
      <object_component id="oc-5c">
         <name>.ebss</name>
         <uninitialized>true</uninitialized>
         <run_address>0xf1a8</run_address>
         <size>0x2</size>
         <input_file_ref idref="fl-f"/>
      </object_component>
      <object_component id="oc-62">
         <name>.ebss</name>
         <uninitialized>true</uninitialized>
         <run_address>0xec30</run_address>
         <size>0xc</size>
         <input_file_ref idref="fl-10"/>
      </object_component>
      <object_component id="oc-7e">
         <name>.ebss</name>
         <uninitialized>true</uninitialized>
         <run_address>0xf440</run_address>
         <size>0x26</size>
         <input_file_ref idref="fl-16"/>
      </object_component>
      <object_component id="oc-256">
         <name>.ebss:_OSRdyTbl</name>
         <uninitialized>true</uninitialized>
         <run_address>0xf0ea</run_address>
         <size>0x8</size>
         <input_file_ref idref="fl-16"/>
      </object_component>
      <object_component id="oc-262">
         <name>.ebss:_OSFlagTbl</name>
         <uninitialized>true</uninitialized>
         <run_address>0xf3c0</run_address>
         <size>0x28</size>
         <input_file_ref idref="fl-16"/>
      </object_component>
      <object_component id="oc-264">
         <name>.ebss:_OSQTbl</name>
         <uninitialized>true</uninitialized>
         <run_address>0xf308</run_address>
         <size>0x30</size>
         <input_file_ref idref="fl-16"/>
      </object_component>
      <object_component id="oc-263">
         <name>.ebss:_OSMemTbl</name>
         <uninitialized>true</uninitialized>
         <run_address>0xf380</run_address>
         <size>0x3c</size>
         <input_file_ref idref="fl-16"/>
      </object_component>
      <object_component id="oc-254">
         <name>.ebss:_OSTCBPrioTbl</name>
         <uninitialized>true</uninitialized>
         <run_address>0xf1c0</run_address>
         <size>0x80</size>
         <input_file_ref idref="fl-16"/>
      </object_component>
      <object_component id="oc-258">
         <name>.ebss:_OSEventTbl</name>
         <uninitialized>true</uninitialized>
         <run_address>0xf040</run_address>
         <size>0xa0</size>
         <input_file_ref idref="fl-16"/>
      </object_component>
      <object_component id="oc-25b">
         <name>.ebss:_OSTaskStatStk</name>
         <uninitialized>true</uninitialized>
         <run_address>0xee40</run_address>
         <size>0x100</size>
         <input_file_ref idref="fl-16"/>
      </object_component>
      <object_component id="oc-259">
         <name>.ebss:_OSTaskIdleStk</name>
         <uninitialized>true</uninitialized>
         <run_address>0xed40</run_address>
         <size>0x100</size>
         <input_file_ref idref="fl-16"/>
      </object_component>
      <object_component id="oc-25c">
         <name>.ebss:_OSTCBTbl</name>
         <uninitialized>true</uninitialized>
         <run_address>0xe800</run_address>
         <size>0x420</size>
         <input_file_ref idref="fl-16"/>
      </object_component>
      <object_component id="oc-15e">
         <name>.ebss</name>
         <uninitialized>true</uninitialized>
         <run_address>0xf0fa</run_address>
         <size>0x6</size>
         <input_file_ref idref="fl-4f"/>
      </object_component>
      <object_component id="oc-260">
         <name>.ebss:__lock</name>
         <uninitialized>true</uninitialized>
         <run_address>0xf1a4</run_address>
         <size>0x2</size>
         <input_file_ref idref="fl-50"/>
      </object_component>
      <object_component id="oc-27a">
         <name>.ebss:__unlock</name>
         <uninitialized>true</uninitialized>
         <run_address>0xf1a6</run_address>
         <size>0x2</size>
         <input_file_ref idref="fl-50"/>
      </object_component>
      <object_component id="oc-180">
         <name>.ebss</name>
         <uninitialized>true</uninitialized>
         <run_address>0xf1aa</run_address>
         <size>0x1</size>
         <input_file_ref idref="fl-56"/>
      </object_component>
      <object_component id="oc-27d">
         <name>.ebss:__ftable</name>
         <uninitialized>true</uninitialized>
         <run_address>0xf240</run_address>
         <size>0x78</size>
         <input_file_ref idref="fl-56"/>
      </object_component>
      <object_component id="oc-2a7">
         <name>.ebss:___TI_tmpnams</name>
         <uninitialized>true</uninitialized>
         <run_address>0xf100</run_address>
         <size>0xa0</size>
         <input_file_ref idref="fl-56"/>
      </object_component>
      <object_component id="oc-18e">
         <name>.ebss</name>
         <uninitialized>true</uninitialized>
         <run_address>0xf1a0</run_address>
         <size>0x4</size>
         <input_file_ref idref="fl-59"/>
      </object_component>
      <object_component id="oc-293">
         <name>.ebss:__stream</name>
         <uninitialized>true</uninitialized>
         <run_address>0xf400</run_address>
         <size>0x28</size>
         <input_file_ref idref="fl-5f"/>
      </object_component>
      <object_component id="oc-29a">
         <name>.ebss:__device</name>
         <uninitialized>true</uninitialized>
         <run_address>0xf2c0</run_address>
         <size>0x48</size>
         <input_file_ref idref="fl-5f"/>
      </object_component>
      <object_component id="oc-1b6">
         <name>.ebss</name>
         <uninitialized>true</uninitialized>
         <run_address>0xf1ab</run_address>
         <size>0x1</size>
         <input_file_ref idref="fl-61"/>
      </object_component>
      <object_component id="oc-1d0">
         <name>.ebss</name>
         <uninitialized>true</uninitialized>
         <run_address>0xf1ac</run_address>
         <size>0x1</size>
         <input_file_ref idref="fl-66"/>
      </object_component>
      <object_component id="oc-28f">
         <name>.ebss:_parmbuf</name>
         <uninitialized>true</uninitialized>
         <run_address>0xf0f2</run_address>
         <size>0x8</size>
         <input_file_ref idref="fl-6c"/>
      </object_component>
      <object_component id="oc-214">
         <name>.ebss</name>
         <uninitialized>true</uninitialized>
         <run_address>0xf1ad</run_address>
         <size>0x1</size>
         <input_file_ref idref="fl-73"/>
      </object_component>
      <object_component id="oc-295">
         <name>.econst:.string:__ctypes_</name>
         <load_address>0x304f72</load_address>
         <run_address>0x304f72</run_address>
         <size>0x101</size>
         <input_file_ref idref="fl-55"/>
      </object_component>
      <object_component id="oc-270">
         <name>.econst:.string:_CPU_CntLeadZerosTbl</name>
         <load_address>0x305073</load_address>
         <run_address>0x305073</run_address>
         <size>0x100</size>
         <input_file_ref idref="fl-d"/>
      </object_component>
      <object_component id="oc-257">
         <name>.econst:.string:_OSUnMapTbl</name>
         <load_address>0x305173</load_address>
         <run_address>0x305173</run_address>
         <size>0x100</size>
         <input_file_ref idref="fl-16"/>
      </object_component>
      <object_component id="oc-23">
         <name>.econst:.string</name>
         <load_address>0x305274</load_address>
         <run_address>0x305274</run_address>
         <size>0x76</size>
         <input_file_ref idref="fl-4"/>
      </object_component>
      <object_component id="oc-63">
         <name>.econst:.string</name>
         <load_address>0x3052ea</load_address>
         <run_address>0x3052ea</run_address>
         <size>0x3b</size>
         <input_file_ref idref="fl-10"/>
      </object_component>
      <object_component id="oc-78">
         <name>.econst</name>
         <load_address>0x305326</load_address>
         <run_address>0x305326</run_address>
         <size>0x3a</size>
         <input_file_ref idref="fl-15"/>
      </object_component>
      <object_component id="oc-bc">
         <name>.econst:.string</name>
         <load_address>0x305360</load_address>
         <run_address>0x305360</run_address>
         <size>0x26</size>
         <input_file_ref idref="fl-30"/>
      </object_component>
      <object_component id="oc-7f">
         <name>.econst:.string</name>
         <load_address>0x305386</load_address>
         <run_address>0x305386</run_address>
         <size>0x1e</size>
         <input_file_ref idref="fl-16"/>
      </object_component>
      <object_component id="oc-bb">
         <name>.econst</name>
         <load_address>0x3053a4</load_address>
         <run_address>0x3053a4</run_address>
         <size>0x1c</size>
         <input_file_ref idref="fl-30"/>
      </object_component>
      <object_component id="oc-1bf">
         <name>.econst</name>
         <load_address>0x3053c0</load_address>
         <run_address>0x3053c0</run_address>
         <size>0x1c</size>
         <input_file_ref idref="fl-63"/>
      </object_component>
      <object_component id="oc-d7">
         <name>.econst</name>
         <load_address>0x3053dc</load_address>
         <run_address>0x3053dc</run_address>
         <size>0x10</size>
         <input_file_ref idref="fl-35"/>
      </object_component>
      <object_component id="oc-1b">
         <name>.econst:.string</name>
         <load_address>0x3053ec</load_address>
         <run_address>0x3053ec</run_address>
         <size>0x8</size>
         <input_file_ref idref="fl-3"/>
      </object_component>
      <object_component id="oc-1b9">
         <name>.econst</name>
         <load_address>0x3053f4</load_address>
         <run_address>0x3053f4</run_address>
         <size>0x8</size>
         <input_file_ref idref="fl-62"/>
      </object_component>
      <object_component id="oc-dd">
         <name>.econst</name>
         <load_address>0x3053fc</load_address>
         <run_address>0x3053fc</run_address>
         <size>0x4</size>
         <input_file_ref idref="fl-36"/>
      </object_component>
      <object_component id="oc-85">
         <name>.econst:.string</name>
         <load_address>0x305400</load_address>
         <run_address>0x305400</run_address>
         <size>0x2</size>
         <input_file_ref idref="fl-17"/>
      </object_component>
      <object_component id="oc-8b">
         <name>.econst:.string</name>
         <load_address>0x305402</load_address>
         <run_address>0x305402</run_address>
         <size>0x2</size>
         <input_file_ref idref="fl-18"/>
      </object_component>
      <object_component id="oc-91">
         <name>.econst:.string</name>
         <load_address>0x305404</load_address>
         <run_address>0x305404</run_address>
         <size>0x2</size>
         <input_file_ref idref="fl-19"/>
      </object_component>
      <object_component id="oc-97">
         <name>.econst:.string</name>
         <load_address>0x305406</load_address>
         <run_address>0x305406</run_address>
         <size>0x2</size>
         <input_file_ref idref="fl-1a"/>
      </object_component>
      <object_component id="oc-9d">
         <name>.econst:.string</name>
         <load_address>0x305408</load_address>
         <run_address>0x305408</run_address>
         <size>0x2</size>
         <input_file_ref idref="fl-1b"/>
      </object_component>
      <object_component id="oc-a3">
         <name>.econst:.string</name>
         <load_address>0x30540a</load_address>
         <run_address>0x30540a</run_address>
         <size>0x2</size>
         <input_file_ref idref="fl-1c"/>
      </object_component>
      <object_component id="oc-a9">
         <name>.econst:.string</name>
         <load_address>0x30540c</load_address>
         <run_address>0x30540c</run_address>
         <size>0x2</size>
         <input_file_ref idref="fl-1d"/>
      </object_component>
      <object_component id="oc-c7">
         <name>.econst:.string</name>
         <load_address>0x30540e</load_address>
         <run_address>0x30540e</run_address>
         <size>0x2</size>
         <input_file_ref idref="fl-32"/>
      </object_component>
      <object_component id="oc-51">
         <name>.econst</name>
         <load_address>0x305410</load_address>
         <run_address>0x305410</run_address>
         <size>0x2</size>
         <input_file_ref idref="fl-d"/>
      </object_component>
      <object_component id="oc-18f">
         <name>.esysmem</name>
         <uninitialized>true</uninitialized>
         <run_address>0xc000</run_address>
         <size>0x4</size>
         <input_file_ref idref="fl-59"/>
      </object_component>
      <object_component id="oc-2c9">
         <name>.esysmem</name>
         <uninitialized>true</uninitialized>
         <run_address>0xc000</run_address>
         <size>0x0</size>
      </object_component>
      <object_component id="oc-14">
         <name>.debug_info</name>
         <load_address>0x0</load_address>
         <run_address>0x0</run_address>
         <size>0xd0c</size>
         <input_file_ref idref="fl-2"/>
      </object_component>
      <object_component id="oc-1a">
         <name>.debug_info</name>
         <load_address>0xd0c</load_address>
         <run_address>0xd0c</run_address>
         <size>0x9c8</size>
         <input_file_ref idref="fl-3"/>
      </object_component>
      <object_component id="oc-20">
         <name>.debug_info</name>
         <load_address>0x16d4</load_address>
         <run_address>0x16d4</run_address>
         <size>0x1362</size>
         <input_file_ref idref="fl-4"/>
      </object_component>
      <object_component id="oc-2a">
         <name>.debug_info</name>
         <load_address>0x2a36</load_address>
         <run_address>0x2a36</run_address>
         <size>0x1ba</size>
         <input_file_ref idref="fl-5"/>
      </object_component>
      <object_component id="oc-2d">
         <name>.debug_info</name>
         <load_address>0x2bf0</load_address>
         <run_address>0x2bf0</run_address>
         <size>0x863</size>
         <input_file_ref idref="fl-6"/>
      </object_component>
      <object_component id="oc-33">
         <name>.debug_info</name>
         <load_address>0x3453</load_address>
         <run_address>0x3453</run_address>
         <size>0xb02</size>
         <input_file_ref idref="fl-7"/>
      </object_component>
      <object_component id="oc-38">
         <name>.debug_info</name>
         <load_address>0x3f55</load_address>
         <run_address>0x3f55</run_address>
         <size>0xcfc</size>
         <input_file_ref idref="fl-8"/>
      </object_component>
      <object_component id="oc-3f">
         <name>.debug_info</name>
         <load_address>0x4c51</load_address>
         <run_address>0x4c51</run_address>
         <size>0x59a</size>
         <input_file_ref idref="fl-9"/>
      </object_component>
      <object_component id="oc-44">
         <name>.debug_info</name>
         <load_address>0x51eb</load_address>
         <run_address>0x51eb</run_address>
         <size>0x1bb</size>
         <input_file_ref idref="fl-a"/>
      </object_component>
      <object_component id="oc-47">
         <name>.debug_info</name>
         <load_address>0x53a6</load_address>
         <run_address>0x53a6</run_address>
         <size>0x304</size>
         <input_file_ref idref="fl-b"/>
      </object_component>
      <object_component id="oc-4b">
         <name>.debug_info</name>
         <load_address>0x56aa</load_address>
         <run_address>0x56aa</run_address>
         <size>0x640</size>
         <input_file_ref idref="fl-c"/>
      </object_component>
      <object_component id="oc-50">
         <name>.debug_info</name>
         <load_address>0x5cea</load_address>
         <run_address>0x5cea</run_address>
         <size>0xe9a</size>
         <input_file_ref idref="fl-d"/>
      </object_component>
      <object_component id="oc-56">
         <name>.debug_info</name>
         <load_address>0x6b84</load_address>
         <run_address>0x6b84</run_address>
         <size>0x315</size>
         <input_file_ref idref="fl-e"/>
      </object_component>
      <object_component id="oc-5b">
         <name>.debug_info</name>
         <load_address>0x6e99</load_address>
         <run_address>0x6e99</run_address>
         <size>0x39b</size>
         <input_file_ref idref="fl-f"/>
      </object_component>
      <object_component id="oc-61">
         <name>.debug_info</name>
         <load_address>0x7234</load_address>
         <run_address>0x7234</run_address>
         <size>0xadc</size>
         <input_file_ref idref="fl-10"/>
      </object_component>
      <object_component id="oc-68">
         <name>.debug_info</name>
         <load_address>0x7d10</load_address>
         <run_address>0x7d10</run_address>
         <size>0x506</size>
         <input_file_ref idref="fl-11"/>
      </object_component>
      <object_component id="oc-6e">
         <name>.debug_info</name>
         <load_address>0x8216</load_address>
         <run_address>0x8216</run_address>
         <size>0x3f9</size>
         <input_file_ref idref="fl-12"/>
      </object_component>
      <object_component id="oc-72">
         <name>.debug_info</name>
         <load_address>0x860f</load_address>
         <run_address>0x860f</run_address>
         <size>0x19f8</size>
         <input_file_ref idref="fl-13"/>
      </object_component>
      <object_component id="oc-77">
         <name>.debug_info</name>
         <load_address>0xa007</load_address>
         <run_address>0xa007</run_address>
         <size>0xc83</size>
         <input_file_ref idref="fl-15"/>
      </object_component>
      <object_component id="oc-7d">
         <name>.debug_info</name>
         <load_address>0xac8a</load_address>
         <run_address>0xac8a</run_address>
         <size>0x3d31</size>
         <input_file_ref idref="fl-16"/>
      </object_component>
      <object_component id="oc-84">
         <name>.debug_info</name>
         <load_address>0xe9bb</load_address>
         <run_address>0xe9bb</run_address>
         <size>0x2301</size>
         <input_file_ref idref="fl-17"/>
      </object_component>
      <object_component id="oc-8a">
         <name>.debug_info</name>
         <load_address>0x10cbc</load_address>
         <run_address>0x10cbc</run_address>
         <size>0xbfd</size>
         <input_file_ref idref="fl-18"/>
      </object_component>
      <object_component id="oc-90">
         <name>.debug_info</name>
         <load_address>0x118b9</load_address>
         <run_address>0x118b9</run_address>
         <size>0xf61</size>
         <input_file_ref idref="fl-19"/>
      </object_component>
      <object_component id="oc-96">
         <name>.debug_info</name>
         <load_address>0x1281a</load_address>
         <run_address>0x1281a</run_address>
         <size>0xcc6</size>
         <input_file_ref idref="fl-1a"/>
      </object_component>
      <object_component id="oc-9c">
         <name>.debug_info</name>
         <load_address>0x134e0</load_address>
         <run_address>0x134e0</run_address>
         <size>0x1f4b</size>
         <input_file_ref idref="fl-1b"/>
      </object_component>
      <object_component id="oc-a2">
         <name>.debug_info</name>
         <load_address>0x1542b</load_address>
         <run_address>0x1542b</run_address>
         <size>0x18a2</size>
         <input_file_ref idref="fl-1c"/>
      </object_component>
      <object_component id="oc-a8">
         <name>.debug_info</name>
         <load_address>0x16ccd</load_address>
         <run_address>0x16ccd</run_address>
         <size>0x29b1</size>
         <input_file_ref idref="fl-1d"/>
      </object_component>
      <object_component id="oc-ae">
         <name>.debug_info</name>
         <load_address>0x1967e</load_address>
         <run_address>0x1967e</run_address>
         <size>0x113c</size>
         <input_file_ref idref="fl-1e"/>
      </object_component>
      <object_component id="oc-b3">
         <name>.debug_info</name>
         <load_address>0x1a7ba</load_address>
         <run_address>0x1a7ba</run_address>
         <size>0x1b4</size>
         <input_file_ref idref="fl-1f"/>
      </object_component>
      <object_component id="oc-b5">
         <name>.debug_info</name>
         <load_address>0x1a96e</load_address>
         <run_address>0x1a96e</run_address>
         <size>0x6ad</size>
         <input_file_ref idref="fl-2f"/>
      </object_component>
      <object_component id="oc-ba">
         <name>.debug_info</name>
         <load_address>0x1b01b</load_address>
         <run_address>0x1b01b</run_address>
         <size>0x2652</size>
         <input_file_ref idref="fl-30"/>
      </object_component>
      <object_component id="oc-c1">
         <name>.debug_info</name>
         <load_address>0x1d66d</load_address>
         <run_address>0x1d66d</run_address>
         <size>0x5da</size>
         <input_file_ref idref="fl-31"/>
      </object_component>
      <object_component id="oc-c6">
         <name>.debug_info</name>
         <load_address>0x1dc47</load_address>
         <run_address>0x1dc47</run_address>
         <size>0x790</size>
         <input_file_ref idref="fl-32"/>
      </object_component>
      <object_component id="oc-cc">
         <name>.debug_info</name>
         <load_address>0x1e3d7</load_address>
         <run_address>0x1e3d7</run_address>
         <size>0x559</size>
         <input_file_ref idref="fl-33"/>
      </object_component>
      <object_component id="oc-d1">
         <name>.debug_info</name>
         <load_address>0x1e930</load_address>
         <run_address>0x1e930</run_address>
         <size>0x5a2</size>
         <input_file_ref idref="fl-34"/>
      </object_component>
      <object_component id="oc-d6">
         <name>.debug_info</name>
         <load_address>0x1eed2</load_address>
         <run_address>0x1eed2</run_address>
         <size>0x73a</size>
         <input_file_ref idref="fl-35"/>
      </object_component>
      <object_component id="oc-dc">
         <name>.debug_info</name>
         <load_address>0x1f60c</load_address>
         <run_address>0x1f60c</run_address>
         <size>0x43e</size>
         <input_file_ref idref="fl-36"/>
      </object_component>
      <object_component id="oc-e5">
         <name>.debug_info</name>
         <load_address>0x1fa4a</load_address>
         <run_address>0x1fa4a</run_address>
         <size>0x173</size>
         <input_file_ref idref="fl-37"/>
      </object_component>
      <object_component id="oc-ea">
         <name>.debug_info</name>
         <load_address>0x1fbbd</load_address>
         <run_address>0x1fbbd</run_address>
         <size>0x120</size>
         <input_file_ref idref="fl-38"/>
      </object_component>
      <object_component id="oc-ef">
         <name>.debug_info</name>
         <load_address>0x1fcdd</load_address>
         <run_address>0x1fcdd</run_address>
         <size>0x114</size>
         <input_file_ref idref="fl-39"/>
      </object_component>
      <object_component id="oc-f4">
         <name>.debug_info</name>
         <load_address>0x1fdf1</load_address>
         <run_address>0x1fdf1</run_address>
         <size>0x114</size>
         <input_file_ref idref="fl-3a"/>
      </object_component>
      <object_component id="oc-f9">
         <name>.debug_info</name>
         <load_address>0x1ff05</load_address>
         <run_address>0x1ff05</run_address>
         <size>0x122</size>
         <input_file_ref idref="fl-3b"/>
      </object_component>
      <object_component id="oc-fe">
         <name>.debug_info</name>
         <load_address>0x20027</load_address>
         <run_address>0x20027</run_address>
         <size>0x114</size>
         <input_file_ref idref="fl-3c"/>
      </object_component>
      <object_component id="oc-103">
         <name>.debug_info</name>
         <load_address>0x2013b</load_address>
         <run_address>0x2013b</run_address>
         <size>0x114</size>
         <input_file_ref idref="fl-3d"/>
[...]
      </symbol>
      <symbol id="sm-6d2">
         <name>___TI_printfi</name>
         <value>0x300b12</value>
         <object_component_ref idref="oc-27f"/>
      </symbol>
      <symbol id="sm-6e4">
         <name>_putchar</name>
         <value>0x3049bb</value>
         <object_component_ref idref="oc-27b"/>
      </symbol>
      <symbol id="sm-6e5">
         <name>_putc</name>
         <value>0x304971</value>
         <object_component_ref idref="oc-27b"/>
      </symbol>
      <symbol id="sm-6e6">
         <name>_fputc</name>
         <value>0x304971</value>
         <object_component_ref idref="oc-27b"/>
      </symbol>
      <symbol id="sm-702">
         <name>_puts</name>
         <value>0x303f3b</value>
         <object_component_ref idref="oc-27c"/>
      </symbol>
      <symbol id="sm-703">
         <name>_fputs</name>
         <value>0x303eab</value>
         <object_component_ref idref="oc-27c"/>
      </symbol>
      <symbol id="sm-71a">
         <name>___TI_rd_ok</name>
         <value>0x304674</value>
         <object_component_ref idref="oc-282"/>
      </symbol>
      <symbol id="sm-71b">
         <name>___TI_wrt_ok</name>
         <value>0x304639</value>
         <object_component_ref idref="oc-282"/>
      </symbol>
      <symbol id="sm-732">
         <name>_setvbuf</name>
         <value>0x30429c</value>
         <object_component_ref idref="oc-292"/>
      </symbol>
      <symbol id="sm-75a">
         <name>_logf</name>
         <value>0x3034ee</value>
         <object_component_ref idref="oc-278"/>
      </symbol>
      <symbol id="sm-75b">
         <name>_log</name>
         <value>0x3034ee</value>
         <object_component_ref idref="oc-278"/>
      </symbol>
      <symbol id="sm-776">
         <name>_sqrtf</name>
         <value>0x304405</value>
         <object_component_ref idref="oc-279"/>
      </symbol>
      <symbol id="sm-777">
         <name>_sqrt</name>
         <value>0x304405</value>
         <object_component_ref idref="oc-279"/>
      </symbol>
      <symbol id="sm-792">
         <name>_c_int00</name>
         <value>0x3048cd</value>
         <object_component_ref idref="oc-e2"/>
      </symbol>
      <symbol id="sm-793">
         <name>__stack</name>
         <value>0xa000</value>
         <object_component_ref idref="oc-e3"/>
      </symbol>
      <symbol id="sm-7a3">
         <name>FD$$CMP</name>
         <value>0x304c0d</value>
         <object_component_ref idref="oc-e9"/>
      </symbol>
      <symbol id="sm-7b5">
         <name>FD$$MPY</name>
         <value>0x304196</value>
         <object_component_ref idref="oc-ee"/>
      </symbol>
      <symbol id="sm-7c2">
         <name>FD$$NEG</name>
         <value>0x304f47</value>
         <object_component_ref idref="oc-f3"/>
      </symbol>
      <symbol id="sm-7ce">
         <name>FD$$SUB</name>
         <value>0x304ef6</value>
         <object_component_ref idref="oc-f8"/>
      </symbol>
      <symbol id="sm-7dd">
         <name>FD$$TOI</name>
         <value>0x304d1d</value>
         <object_component_ref idref="oc-fd"/>
      </symbol>
      <symbol id="sm-7ec">
         <name>FD$$TOL</name>
         <value>0x304d5d</value>
         <object_component_ref idref="oc-102"/>
      </symbol>
      <symbol id="sm-806">
         <name>FS$$ADD</name>
         <value>0x30431a</value>
         <object_component_ref idref="oc-107"/>
      </symbol>
      <symbol id="sm-807">
         <name>FS$$SUB</name>
         <value>0x304315</value>
         <object_component_ref idref="oc-107"/>
      </symbol>
      <symbol id="sm-819">
         <name>FS$$CMP</name>
         <value>0x304e87</value>
         <object_component_ref idref="oc-10c"/>
      </symbol>
      <symbol id="sm-82a">
         <name>FS$$DIV</name>
         <value>0x304219</value>
         <object_component_ref idref="oc-111"/>
      </symbol>
      <symbol id="sm-83b">
         <name>FS$$MPY</name>
         <value>0x304873</value>
         <object_component_ref idref="oc-116"/>
      </symbol>
      <symbol id="sm-847">
         <name>LL$$AND</name>
         <value>0x304e3f</value>
         <object_component_ref idref="oc-11b"/>
      </symbol>
      <symbol id="sm-848">
         <name>LL$$OR</name>
         <value>0x304e47</value>
         <object_component_ref idref="oc-11b"/>
      </symbol>
      <symbol id="sm-849">
         <name>LL$$XOR</name>
         <value>0x304e4f</value>
         <object_component_ref idref="oc-11b"/>
      </symbol>
      <symbol id="sm-857">
         <name>ULL$$CMP</name>
         <value>0x304d8e</value>
         <object_component_ref idref="oc-120"/>
      </symbol>
      <symbol id="sm-858">
         <name>LL$$CMP</name>
         <value>0x304d7c</value>
         <object_component_ref idref="oc-120"/>
      </symbol>
      <symbol id="sm-884">
         <name>ULL$$MOD</name>
         <value>0x303947</value>
         <object_component_ref idref="oc-125"/>
      </symbol>
      <symbol id="sm-885">
         <name>ULL$$DIV</name>
         <value>0x303918</value>
         <object_component_ref idref="oc-125"/>
      </symbol>
      <symbol id="sm-886">
         <name>LL$$MOD</name>
         <value>0x3038de</value>
         <object_component_ref idref="oc-125"/>
      </symbol>
      <symbol id="sm-887">
         <name>LL$$DIV</name>
         <value>0x3038a2</value>
         <object_component_ref idref="oc-125"/>
      </symbol>
      <symbol id="sm-897">
         <name>I$$TOFD</name>
         <value>0x304d9a</value>
         <object_component_ref idref="oc-12a"/>
      </symbol>
      <symbol id="sm-8a7">
         <name>L$$TOFD</name>
         <value>0x304df0</value>
         <object_component_ref idref="oc-12f"/>
      </symbol>
      <symbol id="sm-8b6">
         <name>L$$TOFS</name>
         <value>0x304e0c</value>
         <object_component_ref idref="oc-134"/>
      </symbol>
      <symbol id="sm-8c6">
         <name>UL$$TOFS</name>
         <value>0x304eb3</value>
         <object_component_ref idref="oc-139"/>
      </symbol>
      <symbol id="sm-8d6">
         <name>FS$$TOFD</name>
         <value>0x304dd4</value>
         <object_component_ref idref="oc-13e"/>
      </symbol>
      <symbol id="sm-8ed">
         <name>FD$$DIV</name>
         <value>0x30410b</value>
         <object_component_ref idref="oc-143"/>
      </symbol>
      <symbol id="sm-8fc">
         <name>_copy_in</name>
         <value>0x304cd6</value>
         <object_component_ref idref="oc-24c"/>
      </symbol>
      <symbol id="sm-90d">
         <name>_memcpy</name>
         <value>0x304db7</value>
         <object_component_ref idref="oc-25e"/>
      </symbol>
      <symbol id="sm-919">
         <name>__system_pre_init</name>
         <value>0x304f6f</value>
         <object_component_ref idref="oc-24b"/>
      </symbol>
      <symbol id="sm-926">
         <name>__system_post_cinit</name>
         <value>0x304f71</value>
         <object_component_ref idref="oc-24d"/>
      </symbol>
      <symbol id="sm-93a">
         <name>C$$EXIT</name>
         <value>0x304c61</value>
         <object_component_ref idref="oc-24f"/>
      </symbol>
      <symbol id="sm-93b">
         <name>_exit</name>
         <value>0x304c63</value>
         <object_component_ref idref="oc-24f"/>
      </symbol>
      <symbol id="sm-93c">
         <name>___TI_cleanup_ptr</name>
         <value>0xf0fc</value>
         <object_component_ref idref="oc-15e"/>
      </symbol>
      <symbol id="sm-93d">
         <name>___TI_enable_exit_profile_output</name>
         <value>0xf0fa</value>
         <object_component_ref idref="oc-15e"/>
      </symbol>
      <symbol id="sm-93e">
         <name>_abort</name>
         <value>0x304c61</value>
         <object_component_ref idref="oc-24f"/>
      </symbol>
      <symbol id="sm-93f">
         <name>___TI_dtors_ptr</name>
         <value>0xf0fe</value>
         <object_component_ref idref="oc-15e"/>
      </symbol>
      <symbol id="sm-953">
         <name>__unlock</name>
         <value>0xf1a6</value>
         <object_component_ref idref="oc-27a"/>
      </symbol>
      <symbol id="sm-954">
         <name>__lock</name>
         <value>0xf1a4</value>
         <object_component_ref idref="oc-260"/>
      </symbol>
      <symbol id="sm-955">
         <name>__register_lock</name>
         <value>0x304f42</value>
         <object_component_ref idref="oc-26e"/>
      </symbol>
      <symbol id="sm-956">
         <name>__nop</name>
         <value>0x304f46</value>
         <object_component_ref idref="oc-26e"/>
      </symbol>
      <symbol id="sm-957">
         <name>__register_unlock</name>
         <value>0x304f3e</value>
         <object_component_ref idref="oc-26e"/>
      </symbol>
      <symbol id="sm-965">
         <name>___TI_ltoa</name>
         <value>0x304bdf</value>
         <object_component_ref idref="oc-287"/>
      </symbol>
      <symbol id="sm-974">
         <name>__args_main</name>
         <value>0x304ec6</value>
         <object_component_ref idref="oc-24e"/>
      </symbol>
      <symbol id="sm-980">
         <name>__abort_msg</name>
         <value>0x304f04</value>
         <object_component_ref idref="oc-276"/>
      </symbol>
      <symbol id="sm-994">
         <name>_atoi</name>
         <value>0x304bae</value>
         <object_component_ref idref="oc-286"/>
      </symbol>
      <symbol id="sm-99c">
         <name>__ctypes_</name>
         <value>0x304f72</value>
         <object_component_ref idref="oc-295"/>
      </symbol>
      <symbol id="sm-9ad">
         <name>___TI_ft_end</name>
         <value>0xf1aa</value>
         <object_component_ref idref="oc-180"/>
      </symbol>
      <symbol id="sm-9ae">
         <name>___TI_tmpnams</name>
         <value>0xf100</value>
         <object_component_ref idref="oc-2a7"/>
      </symbol>
      <symbol id="sm-9af">
         <name>__ftable</name>
         <value>0xf240</value>
         <object_component_ref idref="oc-27d"/>
      </symbol>
      <symbol id="sm-9be">
         <name>_memccpy</name>
         <value>0x304ed7</value>
         <object_component_ref idref="oc-28d"/>
      </symbol>
      <symbol id="sm-9cd">
         <name>_memchr</name>
         <value>0x304f11</value>
         <object_component_ref idref="oc-285"/>
      </symbol>
      <symbol id="sm-a2b">
         <name>__sys_memory</name>
         <value>0xc000</value>
         <object_component_ref idref="oc-18f"/>
      </symbol>
      <symbol id="sm-a2c">
         <name>___TI_heap_total_available</name>
         <value>0x302f05</value>
         <object_component_ref idref="oc-298"/>
      </symbol>
      <symbol id="sm-a2d">
         <name>_realloc</name>
         <value>0x302dab</value>
         <object_component_ref idref="oc-298"/>
      </symbol>
      <symbol id="sm-a2e">
         <name>___TI_heap_check</name>
         <value>0x302f3f</value>
         <object_component_ref idref="oc-298"/>
      </symbol>
      <symbol id="sm-a2f">
         <name>_free</name>
         <value>0x302ce3</value>
         <object_component_ref idref="oc-298"/>
      </symbol>
      <symbol id="sm-a30">
         <name>_memalign</name>
         <value>0x302e5f</value>
         <object_component_ref idref="oc-298"/>
      </symbol>
      <symbol id="sm-a31">
         <name>_calloc</name>
         <value>0x302e32</value>
         <object_component_ref idref="oc-298"/>
      </symbol>
      <symbol id="sm-a32">
         <name>_malloc</name>
         <value>0x302cb8</value>
         <object_component_ref idref="oc-298"/>
      </symbol>
      <symbol id="sm-a33">
         <name>_aligned_alloc</name>
         <value>0x302e5f</value>
         <object_component_ref idref="oc-298"/>
      </symbol>
      <symbol id="sm-a34">
         <name>_minit</name>
         <value>0x302e2e</value>
         <object_component_ref idref="oc-298"/>
      </symbol>
      <symbol id="sm-a35">
         <name>___TI_heap_largest_available</name>
         <value>0x302f22</value>
         <object_component_ref idref="oc-298"/>
      </symbol>
      <symbol id="sm-a43">
         <name>_memset</name>
         <value>0x304f60</value>
         <object_component_ref idref="oc-28b"/>
      </symbol>
      <symbol id="sm-a52">
         <name>_strchr</name>
         <value>0x304f1e</value>
         <object_component_ref idref="oc-28a"/>
      </symbol>
      <symbol id="sm-a5f">
         <name>_strcpy</name>
         <value>0x304f67</value>
         <object_component_ref idref="oc-28c"/>
      </symbol>
      <symbol id="sm-a6c">
         <name>_strlen</name>
         <value>0x304f50</value>
         <object_component_ref idref="oc-284"/>
      </symbol>
      <symbol id="sm-a79">
         <name>_write</name>
         <value>0x304e6f</value>
         <object_component_ref idref="oc-283"/>
      </symbol>
      <symbol id="sm-a89">
         <name>__device</name>
         <value>0xf2c0</value>
         <object_component_ref idref="oc-29a"/>
      </symbol>
      <symbol id="sm-a8a">
         <name>__stream</name>
         <value>0xf400</value>
         <object_component_ref idref="oc-293"/>
      </symbol>
      <symbol id="sm-a97">
         <name>___time32</name>
         <value>0x304f29</value>
         <object_component_ref idref="oc-275"/>
      </symbol>
      <symbol id="sm-a98">
         <name>_time</name>
         <value>0x304f29</value>
         <object_component_ref idref="oc-275"/>
      </symbol>
      <symbol id="sm-aa2">
         <name>_errno</name>
         <value>0xf1ab</value>
         <object_component_ref idref="oc-1b6"/>
      </symbol>
      <symbol id="sm-ab5">
         <name>_frexpl</name>
         <value>0x3047bc</value>
         <object_component_ref idref="oc-288"/>
      </symbol>
      <symbol id="sm-ad3">
         <name>_scalbnl</name>
         <value>0x303dff</value>
         <object_component_ref idref="oc-289"/>
      </symbol>
      <symbol id="sm-ad4">
         <name>_ldexpl</name>
         <value>0x303dff</value>
         <object_component_ref idref="oc-289"/>
      </symbol>
      <symbol id="sm-ae2">
         <name>_wcslen</name>
         <value>0x304f58</value>
         <object_component_ref idref="oc-28e"/>
      </symbol>
      <symbol id="sm-af7">
         <name>___TI_doflush</name>
         <value>0x3045ce</value>
         <object_component_ref idref="oc-281"/>
      </symbol>
      <symbol id="sm-af8">
         <name>_fflush</name>
         <value>0x3045fd</value>
         <object_component_ref idref="oc-281"/>
      </symbol>
      <symbol id="sm-b34">
         <name>_fopen</name>
         <value>0x30374e</value>
         <object_component_ref idref="oc-299"/>
      </symbol>
      <symbol id="sm-b35">
         <name>___TI_cleanup</name>
         <value>0x303713</value>
         <object_component_ref idref="oc-299"/>
      </symbol>
      <symbol id="sm-b36">
         <name>_freopen</name>
         <value>0x303730</value>
         <object_component_ref idref="oc-299"/>
      </symbol>
      <symbol id="sm-b46">
         <name>_fseek</name>
         <value>0x3049ff</value>
         <object_component_ref idref="oc-291"/>
      </symbol>
      <symbol id="sm-b61">
         <name>FD$$ADD</name>
         <value>0x303f4e</value>
         <object_component_ref idref="oc-1da"/>
      </symbol>
      <symbol id="sm-b6d">
         <name>UL$$MOD</name>
         <value>0x304c5b</value>
         <object_component_ref idref="oc-1df"/>
      </symbol>
      <symbol id="sm-b6e">
         <name>L$$MOD</name>
         <value>0x304c46</value>
         <object_component_ref idref="oc-1df"/>
      </symbol>
      <symbol id="sm-b6f">
         <name>L$$DIV</name>
         <value>0x304c37</value>
         <object_component_ref idref="oc-1df"/>
      </symbol>
      <symbol id="sm-b70">
         <name>UL$$DIV</name>
         <value>0x304c54</value>
         <object_component_ref idref="oc-1df"/>
      </symbol>
      <symbol id="sm-b7c">
         <name>_HOSTclose</name>
         <value>0x304c8a</value>
         <object_component_ref idref="oc-29f"/>
      </symbol>
      <symbol id="sm-b88">
         <name>_HOSTlseek</name>
         <value>0x30475f</value>
         <object_component_ref idref="oc-2a2"/>
      </symbol>
      <symbol id="sm-b97">
         <name>_parmbuf</name>
         <value>0xf0f2</value>
         <object_component_ref idref="oc-28f"/>
      </symbol>
      <symbol id="sm-b98">
         <name>_HOSTopen</name>
         <value>0x304a3c</value>
         <object_component_ref idref="oc-29e"/>
      </symbol>
      <symbol id="sm-ba5">
         <name>_HOSTread</name>
         <value>0x304a75</value>
         <object_component_ref idref="oc-2a0"/>
      </symbol>
      <symbol id="sm-bb1">
         <name>_HOSTrename</name>
         <value>0x3049c0</value>
         <object_component_ref idref="oc-2a4"/>
      </symbol>
      <symbol id="sm-bbd">
         <name>_HOSTtime</name>
         <value>0x3043d1</value>
         <object_component_ref idref="oc-280"/>
      </symbol>
      <symbol id="sm-bbe">
         <name>_HOSTtime64</name>
         <value>0x30438d</value>
         <object_component_ref idref="oc-280"/>
      </symbol>
      <symbol id="sm-bca">
         <name>_HOSTunlink</name>
         <value>0x304cb1</value>
         <object_component_ref idref="oc-2a3"/>
      </symbol>
      <symbol id="sm-bd7">
         <name>_HOSTwrite</name>
         <value>0x304aad</value>
         <object_component_ref idref="oc-2a1"/>
      </symbol>
      <symbol id="sm-bef">
         <name>___TI_readmsg</name>
         <value>0x304042</value>
         <object_component_ref idref="oc-290"/>
      </symbol>
      <symbol id="sm-bf0">
         <name>C$$IO$$</name>
         <value>0x30403d</value>
         <object_component_ref idref="oc-290"/>
      </symbol>
      <symbol id="sm-bf1">
         <name>__CIOBUF_</name>
         <value>0x8000</value>
         <object_component_ref idref="oc-20d"/>
      </symbol>
      <symbol id="sm-bf2">
         <name>___TI_writemsg</name>
         <value>0x303fea</value>
         <object_component_ref idref="oc-290"/>
      </symbol>
      <symbol id="sm-c0d">
         <name>_open</name>
         <value>0x30455f</value>
         <object_component_ref idref="oc-29c"/>
      </symbol>
      <symbol id="sm-c1a">
         <name>_lseek</name>
         <value>0x304e57</value>
         <object_component_ref idref="oc-297"/>
      </symbol>
      <symbol id="sm-c27">
         <name>_copysignl</name>
         <value>0x304cfa</value>
         <object_component_ref idref="oc-296"/>
      </symbol>
      <symbol id="sm-c38">
         <name>___TI_closefile</name>
         <value>0x304818</value>
         <object_component_ref idref="oc-29d"/>
      </symbol>
      <symbol id="sm-c39">
         <name>_fclose</name>
         <value>0x30485a</value>
         <object_component_ref idref="oc-29d"/>
      </symbol>
      <symbol id="sm-c4a">
         <name>_finddevice</name>
         <value>0x304921</value>
         <object_component_ref idref="oc-2a5"/>
      </symbol>
      <symbol id="sm-c4b">
         <name>_getdevice</name>
         <value>0x30493c</value>
         <object_component_ref idref="oc-2a5"/>
      </symbol>
      <symbol id="sm-c59">
         <name>_strcmp</name>
         <value>0x304f34</value>
         <object_component_ref idref="oc-2a9"/>
      </symbol>
      <symbol id="sm-c69">
         <name>_strncpy</name>
         <value>0x304e9e</value>
         <object_component_ref idref="oc-2aa"/>
      </symbol>
      <symbol id="sm-c75">
         <name>_remove</name>
         <value>0x304f6c</value>
         <object_component_ref idref="oc-2a8"/>
      </symbol>
      <symbol id="sm-c85">
         <name>_close</name>
         <value>0x304b19</value>
         <object_component_ref idref="oc-2a6"/>
      </symbol>
      <symbol id="sm-c91">
         <name>_unlink</name>
         <value>0x304e26</value>
         <object_component_ref idref="oc-2ab"/>
      </symbol>
   </symbol_table>
   <title>Link successful</title>
</link_info>
